{
  "logs": 16,
  "cases": 42,
  "timing": {
    "e1": {
      "cpu_ns": {
        "all_samples": [
          7153140958,
          5001264282,
          5130512099,
          5501187063,
          5431355411,
          5320470416
        ],
        "warm_mean": 5345881247.25,
        "warm_min": 5130512099,
        "warm_max": 5501187063
      },
      "wall_ns": {
        "all_samples": [
          7315069072,
          5099162946,
          5228226507,
          5613388781,
          5561195665,
          5438785182
        ],
        "warm_mean": 5460399033.75,
        "warm_min": 5228226507,
        "warm_max": 5613388781
      },
      "allocation_bytes": {
        "all_samples": [
          4839324680,
          4728503120,
          4728082768,
          4727595904,
          4727351168,
          4727344624
        ],
        "warm_mean": 4727593616,
        "warm_min": 4727344624,
        "warm_max": 4728082768
      }
    },
    "f1": {
      "cpu_ns": {
        "all_samples": [
          7450534254,
          5489867848,
          5317987962,
          5093987358,
          5059502393,
          5190628348
        ],
        "warm_mean": 5165526515.25,
        "warm_min": 5059502393,
        "warm_max": 5317987962
      },
      "wall_ns": {
        "all_samples": [
          7723999813,
          5686053227,
          5500324448,
          5283593744,
          5271308177,
          5429844899
        ],
        "warm_mean": 5371267817,
        "warm_min": 5271308177,
        "warm_max": 5500324448
      },
      "allocation_bytes": {
        "all_samples": [
          5136124088,
          4996314288,
          4993620544,
          4989644872,
          4989594896,
          4989196496
        ],
        "warm_mean": 4990514202,
        "warm_min": 4989196496,
        "warm_max": 4993620544
      }
    },
    "f2": {
      "cpu_ns": {
        "all_samples": [
          7167535747,
          5769721095,
          5360504946,
          5223793377,
          5800809227,
          5602834248
        ],
        "warm_mean": 5496985449.5,
        "warm_min": 5223793377,
        "warm_max": 5800809227
      },
      "wall_ns": {
        "all_samples": [
          7438449961,
          5954106013,
          5539972408,
          5401970836,
          6077747166,
          5892251105
        ],
        "warm_mean": 5727985378.75,
        "warm_min": 5401970836,
        "warm_max": 6077747166
      },
      "allocation_bytes": {
        "all_samples": [
          5262376768,
          5125777064,
          5123926960,
          5123402696,
          5123353992,
          5122955592
        ],
        "warm_mean": 5123409810,
        "warm_min": 5122955592,
        "warm_max": 5123926960
      }
    },
    "e2": {
      "cpu_ns": {
        "all_samples": [
          7538788354,
          5351021242,
          5277932513,
          4951418436,
          5148669618,
          5192182817
        ],
        "warm_mean": 5142550846,
        "warm_min": 4951418436,
        "warm_max": 5277932513
      },
      "wall_ns": {
        "all_samples": [
          7753593049,
          5448199553,
          5380697556,
          5044992473,
          5256185618,
          5305912900
        ],
        "warm_mean": 5246947136.75,
        "warm_min": 5044992473,
        "warm_max": 5380697556
      },
      "allocation_bytes": {
        "all_samples": [
          4742575240,
          4689349392,
          4688744144,
          4688253600,
          4688008728,
          4688002240
        ],
        "warm_mean": 4688252178,
        "warm_min": 4688002240,
        "warm_max": 4688744144
      }
    }
  },
  "ratios": {
    "e1-f1": {
      "cpu_ns": 0.966262862256288,
      "wall_ns": 0.9836767942783866,
      "allocation_bytes": 1.055614041171004
    },
    "e2-f2": {
      "cpu_ns": 1.0689219444034643,
      "wall_ns": 1.091679643316925,
      "allocation_bytes": 1.0928187340352578
    }
  }
}
