BENCH_COMPILE natives-values -3
LINK_INVOCATION completed=true pass=ACCEPT stages=[24213049, 113396761, 1879262, 78399208, 47747502, 20318307, 327018690, 3887772, 118088, 2653206, 269979821, 219237245, 38665569, 23715564] resolved=[0, 0, 0, 0, 0, 0, 0, 0, 0, 0, 0, 0]
BENCH_QUERY natives-values -3
LINK_INVOCATION completed=true pass=CHECKFALSE stages=[5101297, 29047356, 609223, 18366087, 622222, 4237266, 68784436, 1542572, 60142, 764121, 65416587, 53455543, 9151218, 6871107] resolved=[0, 0, 0, 0, 0, 0, 0, 0, 0, 0, 0, 0]
LINK_INVOCATION completed=true pass=CHECKTRUE stages=[11900601, 49497714, 1473301, 65261620, 4686580, 9622400, 166575108, 2979314, 107652, 1873479, 156082740, 129047694, 20643190, 13438865] resolved=[0, 0, 0, 0, 0, 0, 0, 0, 0, 0, 0, 0]
BENCH_END natives-values -3
BENCH_COMPILE natives-values -2
LINK_INVOCATION completed=true pass=ACCEPT stages=[7882121, 37061387, 780901, 35512580, 19433052, 6512229, 142043166, 1443602, 309296, 1532948, 118139544, 81920834, 31632963, 18512334] resolved=[0, 0, 0, 0, 0, 0, 0, 0, 0, 0, 0, 0]
BENCH_QUERY natives-values -2
LINK_INVOCATION completed=true pass=CHECKFALSE stages=[3044384, 12692817, 249117, 12419505, 283201, 2520298, 42330029, 857751, 33520, 623802, 40241775, 28731811, 9826510, 5333219] resolved=[0, 0, 0, 0, 0, 0, 0, 0, 0, 0, 0, 0]
LINK_INVOCATION completed=true pass=CHECKTRUE stages=[10223326, 47481880, 911327, 42532008, 2571279, 8329142, 142772434, 2043546, 93461, 1862320, 135327151, 102306420, 27307368, 17069997] resolved=[0, 0, 0, 0, 0, 0, 0, 0, 0, 0, 0, 0]
BENCH_END natives-values -2
BENCH_COMPILE natives-values -1
LINK_INVOCATION completed=true pass=ACCEPT stages=[8647524, 42843298, 772573, 36780162, 14222145, 7104630, 130846364, 1070791, 87171, 1608255, 112501426, 89798029, 17620558, 12961066] resolved=[0, 0, 0, 0, 0, 0, 0, 0, 0, 0, 0, 0]
BENCH_QUERY natives-values -1
LINK_INVOCATION completed=true pass=CHECKFALSE stages=[4358315, 18749618, 420941, 15986223, 402855, 3709765, 52702351, 849448, 45588, 695928, 50278324, 39890582, 8068022, 6165618] resolved=[0, 0, 0, 0, 0, 0, 0, 0, 0, 0, 0, 0]
LINK_INVOCATION completed=true pass=CHECKTRUE stages=[8835262, 35501104, 835661, 28190530, 2131213, 7348197, 101406024, 1816033, 97975, 1609226, 94753803, 74213039, 15408860, 11505185] resolved=[0, 0, 0, 0, 0, 0, 0, 0, 0, 0, 0, 0]
BENCH_END natives-values -1
BENCH_COMPILE natives-values 0
LINK_INVOCATION completed=true pass=ACCEPT stages=[8673089, 41908178, 372301, 34639945, 17405071, 7224511, 131203160, 1107507, 151029, 1025020, 110243540, 86353705, 18684196, 14190412] resolved=[0, 0, 0, 0, 0, 0, 0, 0, 0, 0, 0, 0]
BENCH_QUERY natives-values 0
LINK_INVOCATION completed=true pass=CHECKFALSE stages=[2564732, 10570645, 117441, 8112734, 248342, 2130465, 29833082, 867726, 10665, 188718, 28342130, 21709654, 5019902, 3976935] resolved=[0, 0, 0, 0, 0, 0, 0, 0, 0, 0, 0, 0]
LINK_INVOCATION completed=true pass=CHECKTRUE stages=[7742111, 40458125, 328982, 23727933, 1970933, 6491425, 97911935, 1796982, 25448, 558219, 93244633, 73201547, 16215619, 12892570] resolved=[0, 0, 0, 0, 0, 0, 0, 0, 0, 0, 0, 0]
BENCH_END natives-values 0
BENCH_COMPILE natives-values 1
LINK_INVOCATION completed=true pass=ACCEPT stages=[5400826, 23762214, 247646, 20125501, 9305368, 4398280, 80367389, 824681, 22160, 506085, 69070132, 50225197, 12695450, 9736482] resolved=[0, 0, 0, 0, 0, 0, 0, 0, 0, 0, 0, 0]
BENCH_QUERY natives-values 1
LINK_INVOCATION completed=true pass=CHECKFALSE stages=[2101753, 9739151, 115470, 7915907, 241791, 1798277, 27717327, 691531, 10296, 183613, 26453873, 20213489, 4930917, 3978908] resolved=[0, 0, 0, 0, 0, 0, 0, 0, 0, 0, 0, 0]
LINK_INVOCATION completed=true pass=CHECKTRUE stages=[5977579, 30041025, 289083, 20514505, 1817522, 5065738, 78396944, 1941903, 23787, 510934, 73788459, 57682713, 13787203, 10816971] resolved=[0, 0, 0, 0, 0, 0, 0, 0, 0, 0, 0, 0]
BENCH_END natives-values 1
BENCH_COMPILE natives-values 2
LINK_INVOCATION completed=true pass=ACCEPT stages=[4501156, 25995188, 359808, 20125934, 9343742, 3916611, 78378104, 947807, 22877, 460640, 66916460, 51567529, 12370671, 10034130] resolved=[0, 0, 0, 0, 0, 0, 0, 0, 0, 0, 0, 0]
BENCH_QUERY natives-values 2
LINK_INVOCATION completed=true pass=CHECKFALSE stages=[2040883, 9156381, 109577, 8009846, 218869, 1768416, 27155491, 681396, 9645, 180352, 25932259, 19610593, 5129998, 4315107] resolved=[0, 0, 0, 0, 0, 0, 0, 0, 0, 0, 0, 0]
LINK_INVOCATION completed=true pass=CHECKTRUE stages=[6757836, 34261269, 473372, 22650114, 1682768, 5867955, 90397093, 1774902, 29466, 583493, 85944959, 64930677, 16124127, 12898566] resolved=[0, 0, 0, 0, 0, 0, 0, 0, 0, 0, 0, 0]
BENCH_END natives-values 2
BENCH_COMPILE natives-values 3
LINK_INVOCATION completed=true pass=ACCEPT stages=[4532780, 24057231, 307285, 21051920, 10198838, 4003424, 79005790, 974847, 46219, 546417, 66351230, 50576650, 13467448, 11176509] resolved=[0, 0, 0, 0, 0, 0, 0, 0, 0, 0, 0, 0]
BENCH_QUERY natives-values 3
LINK_INVOCATION completed=true pass=CHECKFALSE stages=[1959415, 8433516, 122874, 7775427, 208541, 1718025, 25081319, 557659, 9734, 182171, 23982380, 18584644, 4622365, 3863907] resolved=[0, 0, 0, 0, 0, 0, 0, 0, 0, 0, 0, 0]
LINK_INVOCATION completed=true pass=CHECKTRUE stages=[5057519, 25177010, 285063, 19446158, 1460917, 4342421, 69369596, 1377684, 19928, 422252, 65772085, 50749074, 12897101, 10364295] resolved=[0, 0, 0, 0, 0, 0, 0, 0, 0, 0, 0, 0]
BENCH_END natives-values 3
BENCH_COMPILE natives-values 4
LINK_INVOCATION completed=true pass=ACCEPT stages=[3911009, 18379695, 245082, 18398432, 8074890, 3382794, 67928036, 569988, 45452, 305808, 58349790, 41535593, 14993955, 12913231] resolved=[0, 0, 0, 0, 0, 0, 0, 0, 0, 0, 0, 0]
BENCH_QUERY natives-values 4
LINK_INVOCATION completed=true pass=CHECKFALSE stages=[1585177, 8079887, 107488, 7537246, 315796, 1354492, 24050427, 399422, 10346, 146618, 23072050, 17602546, 4677025, 3802836] resolved=[0, 0, 0, 0, 0, 0, 0, 0, 0, 0, 0, 0]
LINK_INVOCATION completed=true pass=CHECKTRUE stages=[4563126, 22612491, 280205, 19573388, 1415486, 3889856, 67215384, 1210583, 42122, 486664, 63648744, 47832137, 13674323, 11142289] resolved=[0, 0, 0, 0, 0, 0, 0, 0, 0, 0, 0, 0]
BENCH_END natives-values 4
BENCH_COMPILE natives-values 5
LINK_INVOCATION completed=true pass=ACCEPT stages=[3401914, 17925995, 221648, 17868908, 8972043, 2916071, 63071458, 523508, 28683, 327943, 52690714, 40006185, 10956821, 8990387] resolved=[0, 0, 0, 0, 0, 0, 0, 0, 0, 0, 0, 0]
BENCH_QUERY natives-values 5
LINK_INVOCATION completed=true pass=CHECKFALSE stages=[1562564, 8262317, 111644, 7586867, 173119, 1331865, 24191210, 445170, 4447, 156510, 23290511, 17817793, 4638516, 3870780] resolved=[0, 0, 0, 0, 0, 0, 0, 0, 0, 0, 0, 0]
LINK_INVOCATION completed=true pass=CHECKTRUE stages=[4380230, 23700499, 279505, 19404831, 1406375, 3681815, 66973260, 1245474, 10806, 394070, 63610007, 48546042, 12971913, 10502499] resolved=[0, 0, 0, 0, 0, 0, 0, 0, 0, 0, 0, 0]
BENCH_END natives-values 5
BENCH_COMPILE natives-values 6
LINK_INVOCATION completed=true pass=ACCEPT stages=[3849705, 19089252, 272321, 18079707, 6635417, 3346623, 63677880, 536846, 11016, 382596, 55558016, 42034709, 11714989, 9460525] resolved=[0, 0, 0, 0, 0, 0, 0, 0, 0, 0, 0, 0]
BENCH_QUERY natives-values 6
LINK_INVOCATION completed=true pass=CHECKFALSE stages=[1704187, 9866066, 116509, 7658061, 149169, 1472799, 25789094, 449707, 4817, 162025, 24875637, 19639440, 4500605, 3727259] resolved=[0, 0, 0, 0, 0, 0, 0, 0, 0, 0, 0, 0]
LINK_INVOCATION completed=true pass=CHECKTRUE stages=[4623830, 23776044, 295003, 21837548, 1416789, 3916151, 70673108, 1178794, 11681, 474001, 67237655, 51335253, 13700013, 11081398] resolved=[0, 0, 0, 0, 0, 0, 0, 0, 0, 0, 0, 0]
BENCH_END natives-values 6
BENCH_COMPILE singleton-values -3
LINK_INVOCATION completed=true pass=ACCEPT stages=[6321, 7856, 5862, 222974, 5607, 0, 510248, 61733, 1733, 25117, 279587, 266873, 0, 0] resolved=[0, 0, 0, 0, 0, 0, 0, 0, 0, 0, 0, 0]
BENCH_QUERY singleton-values -3
LINK_INVOCATION completed=true pass=CHECKFALSE stages=[180, 410, 110, 4687, 181, 0, 58578, 36235, 841, 1313, 6109, 5658, 0, 0] resolved=[0, 0, 0, 0, 0, 0, 0, 0, 0, 0, 0, 0]
LINK_INVOCATION completed=true pass=CHECKTRUE stages=[4584165, 3799016, 30083, 3728657, 3969725, 3965844, 18359943, 325820, 3275, 136830, 13811109, 12250488, 80306, 58737] resolved=[0, 0, 0, 0, 0, 0, 0, 0, 0, 0, 0, 0]
BENCH_END singleton-values -3
BENCH_COMPILE singleton-values -2
LINK_INVOCATION completed=true pass=ACCEPT stages=[18468, 7334, 5664, 240013, 5634, 0, 501295, 54152, 1251, 25967, 308267, 295492, 0, 0] resolved=[0, 0, 0, 0, 0, 0, 0, 0, 0, 0, 0, 0]
BENCH_QUERY singleton-values -2
LINK_INVOCATION completed=true pass=CHECKFALSE stages=[371, 440, 91, 3665, 160, 0, 54422, 34482, 892, 761, 5118, 4818, 0, 0] resolved=[0, 0, 0, 0, 0, 0, 0, 0, 0, 0, 0, 0]
LINK_INVOCATION completed=true pass=CHECKTRUE stages=[4165078, 3699274, 29535, 3096347, 3452737, 3854690, 16620735, 341243, 3475, 128860, 12578348, 11098519, 75409, 54338] resolved=[0, 0, 0, 0, 0, 0, 0, 0, 0, 0, 0, 0]
BENCH_END singleton-values -2
BENCH_COMPILE singleton-values -1
LINK_INVOCATION completed=true pass=ACCEPT stages=[10593, 7512, 27670, 217848, 5667, 0, 506733, 61753, 1513, 25262, 300454, 287447, 0, 0] resolved=[0, 0, 0, 0, 0, 0, 0, 0, 0, 0, 0, 0]
BENCH_QUERY singleton-values -1
LINK_INVOCATION completed=true pass=CHECKFALSE stages=[470, 331, 100, 3645, 141, 0, 56515, 36425, 751, 711, 5108, 4817, 0, 0] resolved=[0, 0, 0, 0, 0, 0, 0, 0, 0, 0, 0, 0]
LINK_INVOCATION completed=true pass=CHECKTRUE stages=[4066816, 3721176, 30519, 3243408, 3428221, 3778548, 16710681, 312310, 3175, 133367, 12721022, 11169916, 78433, 57478] resolved=[0, 0, 0, 0, 0, 0, 0, 0, 0, 0, 0, 0]
BENCH_END singleton-values -1
BENCH_COMPILE singleton-values 0
LINK_INVOCATION completed=true pass=ACCEPT stages=[10064, 8052, 5811, 246742, 5837, 0, 535206, 58888, 1413, 26715, 307414, 294664, 0, 0] resolved=[0, 0, 0, 0, 0, 0, 0, 0, 0, 0, 0, 0]
BENCH_QUERY singleton-values 0
LINK_INVOCATION completed=true pass=CHECKFALSE stages=[421, 320, 90, 3686, 180, 0, 57236, 36895, 881, 682, 5097, 4757, 0, 0] resolved=[0, 0, 0, 0, 0, 0, 0, 0, 0, 0, 0, 0]
LINK_INVOCATION completed=true pass=CHECKTRUE stages=[4350718, 3973420, 34915, 3118492, 3411482, 3895498, 17170743, 385450, 3396, 143966, 13100604, 11585732, 94285, 72780] resolved=[0, 0, 0, 0, 0, 0, 0, 0, 0, 0, 0, 0]
BENCH_END singleton-values 0
BENCH_COMPILE singleton-values 1
LINK_INVOCATION completed=true pass=ACCEPT stages=[11928, 7697, 5524, 220339, 5636, 0, 504409, 73190, 1333, 24691, 282014, 269364, 0, 0] resolved=[0, 0, 0, 0, 0, 0, 0, 0, 0, 0, 0, 0]
BENCH_QUERY singleton-values 1
LINK_INVOCATION completed=true pass=CHECKFALSE stages=[751, 320, 120, 3445, 190, 0, 56585, 36635, 842, 681, 5258, 4918, 0, 0] resolved=[0, 0, 0, 0, 0, 0, 0, 0, 0, 0, 0, 0]
LINK_INVOCATION completed=true pass=CHECKTRUE stages=[4104189, 3933204, 50467, 3221082, 3445240, 3816240, 17051194, 353853, 3405, 140602, 12992124, 11417677, 78444, 56611] resolved=[0, 0, 0, 0, 0, 0, 0, 0, 0, 0, 0, 0]
BENCH_END singleton-values 1
BENCH_COMPILE singleton-values 2
LINK_INVOCATION completed=true pass=ACCEPT stages=[11066, 7513, 5686, 189419, 5812, 0, 453462, 54452, 1322, 22667, 250908, 237828, 0, 0] resolved=[0, 0, 0, 0, 0, 0, 0, 0, 0, 0, 0, 0]
BENCH_QUERY singleton-values 2
LINK_INVOCATION completed=true pass=CHECKFALSE stages=[370, 300, 110, 4046, 170, 0, 79690, 60491, 731, 751, 5418, 5047, 0, 0] resolved=[0, 0, 0, 0, 0, 0, 0, 0, 0, 0, 0, 0]
LINK_INVOCATION completed=true pass=CHECKTRUE stages=[4023372, 3581225, 28550, 3097766, 3275146, 3715218, 16215246, 345731, 2575, 117357, 12366883, 10838896, 74627, 53738] resolved=[0, 0, 0, 0, 0, 0, 0, 0, 0, 0, 0, 0]
BENCH_END singleton-values 2
BENCH_COMPILE singleton-values 3
LINK_INVOCATION completed=true pass=ACCEPT stages=[12222, 7602, 5720, 251384, 5410, 0, 544299, 56315, 1273, 26179, 313848, 301184, 0, 0] resolved=[0, 0, 0, 0, 0, 0, 0, 0, 0, 0, 0, 0]
BENCH_QUERY singleton-values 3
LINK_INVOCATION completed=true pass=CHECKFALSE stages=[551, 291, 130, 3625, 171, 0, 56806, 36625, 1101, 691, 5168, 4837, 0, 0] resolved=[0, 0, 0, 0, 0, 0, 0, 0, 0, 0, 0, 0]
LINK_INVOCATION completed=true pass=CHECKTRUE stages=[4060987, 3700012, 35282, 3054193, 3138448, 3769803, 16127434, 303887, 3204, 150713, 12411397, 10958124, 73354, 52872] resolved=[0, 0, 0, 0, 0, 0, 0, 0, 0, 0, 0, 0]
BENCH_END singleton-values 3
BENCH_COMPILE singleton-values 4
LINK_INVOCATION completed=true pass=ACCEPT stages=[9907, 7480, 5606, 218484, 5670, 0, 490348, 58888, 1352, 23740, 278078, 265564, 0, 0] resolved=[0, 0, 0, 0, 0, 0, 0, 0, 0, 0, 0, 0]
BENCH_QUERY singleton-values 4
LINK_INVOCATION completed=true pass=CHECKFALSE stages=[470, 320, 100, 3726, 301, 0, 56265, 36585, 861, 722, 5398, 4837, 0, 0] resolved=[0, 0, 0, 0, 0, 0, 0, 0, 0, 0, 0, 0]
LINK_INVOCATION completed=true pass=CHECKTRUE stages=[5633960, 6972368, 31282, 3508016, 2927997, 5160712, 21588102, 339651, 3236, 158741, 18023843, 16253441, 80719, 58293] resolved=[0, 0, 0, 0, 0, 0, 0, 0, 0, 0, 0, 0]
BENCH_END singleton-values 4
BENCH_COMPILE singleton-values 5
LINK_INVOCATION completed=true pass=ACCEPT stages=[10356, 7410, 5459, 218832, 5444, 0, 504169, 62484, 1322, 24967, 278990, 266683, 0, 0] resolved=[0, 0, 0, 0, 0, 0, 0, 0, 0, 0, 0, 0]
BENCH_QUERY singleton-values 5
LINK_INVOCATION completed=true pass=CHECKFALSE stages=[381, 301, 100, 4737, 150, 0, 85138, 63656, 831, 670, 6129, 5759, 0, 0] resolved=[0, 0, 0, 0, 0, 0, 0, 0, 0, 0, 0, 0]
LINK_INVOCATION completed=true pass=CHECKTRUE stages=[4008023, 3607499, 49156, 3059660, 2843423, 3723136, 15830986, 395336, 2725, 126240, 12345093, 10832842, 73769, 54127] resolved=[0, 0, 0, 0, 0, 0, 0, 0, 0, 0, 0, 0]
BENCH_END singleton-values 5
BENCH_COMPILE singleton-values 6
LINK_INVOCATION completed=true pass=ACCEPT stages=[10296, 7616, 5676, 235108, 5607, 0, 587754, 89655, 1713, 29055, 295690, 282902, 0, 0] resolved=[0, 0, 0, 0, 0, 0, 0, 0, 0, 0, 0, 0]
BENCH_QUERY singleton-values 6
LINK_INVOCATION completed=true pass=CHECKFALSE stages=[430, 311, 111, 4927, 170, 0, 121213, 96916, 1012, 771, 6370, 6009, 0, 0] resolved=[0, 0, 0, 0, 0, 0, 0, 0, 0, 0, 0, 0]
LINK_INVOCATION completed=true pass=CHECKTRUE stages=[4385511, 4349151, 30207, 3254592, 3016487, 4109223, 19071764, 416977, 3474, 158625, 15353974, 12127489, 77721, 56812] resolved=[0, 0, 0, 0, 0, 0, 0, 0, 0, 0, 0, 0]
BENCH_END singleton-values 6
