BENCH_COMPILE natives-values -3
LINK_INVOCATION completed=true pass=ACCEPT stages=[22885797, 118530148, 9495375, 81642873, 49300863, 16953948, 343178611, 4260813, 173279, 3008360, 283473955, 233962489] resolved=[0, 0, 0, 0, 0, 0, 0, 0, 0, 0, 0, 0]
BENCH_QUERY natives-values -3
LINK_INVOCATION completed=true pass=CHECKFALSE stages=[6121355, 46285592, 1917762, 25116089, 789729, 5024971, 97928835, 1435811, 61652, 937731, 94284862, 79815292] resolved=[0, 0, 0, 0, 0, 0, 0, 0, 0, 0, 0, 0]
LINK_INVOCATION completed=true pass=CHECKTRUE stages=[11770217, 61824179, 1387537, 62503659, 4857221, 9692628, 176678655, 3266736, 131119, 1978958, 165297295, 138377132] resolved=[0, 0, 0, 0, 0, 0, 0, 0, 0, 0, 0, 0]
BENCH_END natives-values -3
BENCH_COMPILE natives-values -2
LINK_INVOCATION completed=true pass=ACCEPT stages=[7886001, 34937395, 573174, 32474583, 18197224, 6747978, 134507258, 1236171, 92901, 1404277, 112463248, 76596272] resolved=[0, 0, 0, 0, 0, 0, 0, 0, 0, 0, 0, 0]
BENCH_QUERY natives-values -2
LINK_INVOCATION completed=true pass=CHECKFALSE stages=[3153789, 13468625, 381880, 13007436, 297041, 2661417, 42748169, 734265, 27272, 545639, 40856116, 30388411] resolved=[0, 0, 0, 0, 0, 0, 0, 0, 0, 0, 0, 0]
LINK_INVOCATION completed=true pass=CHECKTRUE stages=[9714783, 49398377, 1064556, 34219196, 2753415, 7988141, 133127127, 1904587, 96154, 1774874, 125812657, 95275816] resolved=[0, 0, 0, 0, 0, 0, 0, 0, 0, 0, 0, 0]
BENCH_END natives-values -2
BENCH_COMPILE natives-values -1
LINK_INVOCATION completed=true pass=ACCEPT stages=[8794715, 47770519, 834686, 37899266, 14915322, 7329243, 139524725, 1095729, 98646, 1877612, 119968142, 96010057] resolved=[0, 0, 0, 0, 0, 0, 0, 0, 0, 0, 0, 0]
BENCH_QUERY natives-values -1
LINK_INVOCATION completed=true pass=CHECKFALSE stages=[3949638, 17863164, 371195, 13737725, 425678, 3309374, 48238603, 875467, 44298, 683596, 45812371, 36278667] resolved=[0, 0, 0, 0, 0, 0, 0, 0, 0, 0, 0, 0]
LINK_INVOCATION completed=true pass=CHECKTRUE stages=[12362065, 54860056, 713134, 36347005, 2662299, 10075955, 141305896, 2779573, 105310, 2115705, 132533426, 105222188] resolved=[0, 0, 0, 0, 0, 0, 0, 0, 0, 0, 0, 0]
BENCH_END natives-values -1
BENCH_COMPILE natives-values 0
LINK_INVOCATION completed=true pass=ACCEPT stages=[5808679, 26817362, 251847, 26117000, 9445494, 4840007, 87524391, 887407, 107151, 756488, 75282024, 59624543] resolved=[0, 0, 0, 0, 0, 0, 0, 0, 0, 0, 0, 0]
BENCH_QUERY natives-values 0
LINK_INVOCATION completed=true pass=CHECKFALSE stages=[2501255, 11568420, 117614, 7949080, 221546, 2109177, 29598667, 649478, 12038, 185942, 28369246, 22449635] resolved=[0, 0, 0, 0, 0, 0, 0, 0, 0, 0, 0, 0]
LINK_INVOCATION completed=true pass=CHECKTRUE stages=[9163692, 45674810, 351561, 24605984, 2727946, 7889367, 106580472, 1852729, 40382, 681585, 100902736, 80650965] resolved=[0, 0, 0, 0, 0, 0, 0, 0, 0, 0, 0, 0]
BENCH_END natives-values 0
BENCH_COMPILE natives-values 1
LINK_INVOCATION completed=true pass=ACCEPT stages=[4583590, 33996144, 487691, 21392473, 9173714, 4037334, 87776380, 1012654, 35603, 493577, 76148870, 61111828] resolved=[0, 0, 0, 0, 0, 0, 0, 0, 0, 0, 0, 0]
BENCH_QUERY natives-values 1
LINK_INVOCATION completed=true pass=CHECKFALSE stages=[2135077, 11706786, 116867, 8738275, 212089, 1859795, 30620315, 582986, 11520, 258482, 29401251, 23013628] resolved=[0, 0, 0, 0, 0, 0, 0, 0, 0, 0, 0, 0]
LINK_INVOCATION completed=true pass=CHECKTRUE stages=[6277456, 34694874, 299897, 22192768, 2501917, 5298902, 87151970, 1647759, 31628, 733699, 81911179, 65184559] resolved=[0, 0, 0, 0, 0, 0, 0, 0, 0, 0, 0, 0]
BENCH_END natives-values 1
BENCH_COMPILE natives-values 2
LINK_INVOCATION completed=true pass=ACCEPT stages=[8707251, 28549840, 5102120, 24106183, 11026821, 4920527, 104640131, 1376372, 37473, 717873, 90222651, 67081439] resolved=[0, 0, 0, 0, 0, 0, 0, 0, 0, 0, 0, 0]
BENCH_QUERY natives-values 2
LINK_INVOCATION completed=true pass=CHECKFALSE stages=[3556792, 15226026, 163789, 13883331, 459230, 3044945, 43734775, 965695, 15182, 342724, 41767168, 33166222] resolved=[0, 0, 0, 0, 0, 0, 0, 0, 0, 0, 0, 0]
LINK_INVOCATION completed=true pass=CHECKTRUE stages=[9640571, 51165486, 485376, 40677498, 2667543, 8378913, 138325340, 2417248, 44627, 970913, 131737833, 102821364] resolved=[0, 0, 0, 0, 0, 0, 0, 0, 0, 0, 0, 0]
BENCH_END natives-values 2
BENCH_COMPILE natives-values 3
LINK_INVOCATION completed=true pass=ACCEPT stages=[7366064, 38804635, 458656, 35725085, 16328179, 6520337, 126839923, 1414277, 74313, 911144, 106785553, 82987392] resolved=[0, 0, 0, 0, 0, 0, 0, 0, 0, 0, 0, 0]
BENCH_QUERY natives-values 3
LINK_INVOCATION completed=true pass=CHECKFALSE stages=[3197634, 13442597, 194712, 12934260, 340539, 2843608, 40211651, 749256, 29103, 310952, 38591075, 30082586] resolved=[0, 0, 0, 0, 0, 0, 0, 0, 0, 0, 0, 0]
LINK_INVOCATION completed=true pass=CHECKTRUE stages=[5890505, 32954408, 305857, 23098535, 2064604, 5078111, 84469308, 1554970, 35914, 465316, 79988218, 63090255] resolved=[0, 0, 0, 0, 0, 0, 0, 0, 0, 0, 0, 0]
BENCH_END natives-values 3
BENCH_COMPILE natives-values 4
LINK_INVOCATION completed=true pass=ACCEPT stages=[6416484, 36982543, 645541, 32024852, 14857433, 5550087, 115353521, 1116691, 78248, 692684, 97639087, 76693788] resolved=[0, 0, 0, 0, 0, 0, 0, 0, 0, 0, 0, 0]
BENCH_QUERY natives-values 4
LINK_INVOCATION completed=true pass=CHECKFALSE stages=[1953524, 9194455, 111729, 8646410, 291393, 1706486, 27852390, 450838, 6601, 138606, 26767751, 20203443] resolved=[0, 0, 0, 0, 0, 0, 0, 0, 0, 0, 0, 0]
LINK_INVOCATION completed=true pass=CHECKTRUE stages=[7390400, 38519437, 444653, 34262281, 2393156, 6392665, 113169039, 1929273, 120330, 890877, 107182580, 81455688] resolved=[0, 0, 0, 0, 0, 0, 0, 0, 0, 0, 0, 0]
BENCH_END natives-values 4
BENCH_COMPILE natives-values 5
LINK_INVOCATION completed=true pass=ACCEPT stages=[3678749, 22553029, 236291, 19395605, 9127051, 3133774, 71227913, 727667, 18526, 435354, 60168968, 46496633] resolved=[0, 0, 0, 0, 0, 0, 0, 0, 0, 0, 0, 0]
BENCH_QUERY natives-values 5
LINK_INVOCATION completed=true pass=CHECKFALSE stages=[3110472, 9782448, 159597, 9267661, 1011652, 2800010, 31061850, 604630, 10045, 205051, 29068419, 22744981] resolved=[0, 0, 0, 0, 0, 0, 0, 0, 0, 0, 0, 0]
LINK_INVOCATION completed=true pass=CHECKTRUE stages=[4752715, 29100146, 321758, 20857963, 1776606, 4062727, 75109756, 1363993, 14220, 467987, 71162063, 55837408] resolved=[0, 0, 0, 0, 0, 0, 0, 0, 0, 0, 0, 0]
BENCH_END natives-values 5
BENCH_COMPILE natives-values 6
LINK_INVOCATION completed=true pass=ACCEPT stages=[5666279, 27827978, 344106, 29995816, 9175490, 4978826, 96357987, 806704, 20900, 748829, 84767165, 64541151] resolved=[0, 0, 0, 0, 0, 0, 0, 0, 0, 0, 0, 0]
BENCH_QUERY natives-values 6
LINK_INVOCATION completed=true pass=CHECKFALSE stages=[3442683, 24502264, 187796, 14690468, 265214, 3007923, 54428228, 706974, 12420, 333999, 52885901, 43208832] resolved=[0, 0, 0, 0, 0, 0, 0, 0, 0, 0, 0, 0]
LINK_INVOCATION completed=true pass=CHECKTRUE stages=[12433909, 124534951, 1024507, 45369199, 2419798, 10432831, 235197401, 2417468, 21851, 1082525, 228803300, 184197934] resolved=[0, 0, 0, 0, 0, 0, 0, 0, 0, 0, 0, 0]
BENCH_END natives-values 6
BENCH_COMPILE singleton-values -3
LINK_INVOCATION completed=true pass=ACCEPT stages=[8879, 11232, 7574, 338133, 7437, 0, 720455, 85509, 2533, 42932, 410215, 391531] resolved=[0, 0, 0, 0, 0, 0, 0, 0, 0, 0, 0, 0]
BENCH_QUERY singleton-values -3
LINK_INVOCATION completed=true pass=CHECKFALSE stages=[200, 532, 110, 5988, 161, 0, 79780, 51046, 1202, 1021, 7511, 7070] resolved=[0, 0, 0, 0, 0, 0, 0, 0, 0, 0, 0, 0]
LINK_INVOCATION completed=true pass=CHECKTRUE stages=[8012443, 5957628, 40297, 5463537, 6660930, 7018239, 29781133, 586132, 5559, 224744, 22112740, 19589767] resolved=[0, 0, 0, 0, 0, 0, 0, 0, 0, 0, 0, 0]
BENCH_END singleton-values -3
BENCH_COMPILE singleton-values -2
LINK_INVOCATION completed=true pass=ACCEPT stages=[29872, 12391, 7633, 348320, 7822, 0, 800425, 120090, 2855, 48185, 442628, 423695] resolved=[0, 0, 0, 0, 0, 0, 0, 0, 0, 0, 0, 0]
BENCH_QUERY singleton-values -2
LINK_INVOCATION completed=true pass=CHECKFALSE stages=[771, 421, 150, 5899, 160, 0, 77517, 50305, 1092, 1282, 7903, 7471] resolved=[0, 0, 0, 0, 0, 0, 0, 0, 0, 0, 0, 0]
LINK_INVOCATION completed=true pass=CHECKTRUE stages=[6401356, 5826493, 37272, 5215130, 6057154, 5880637, 28869220, 565601, 18167, 187495, 21791804, 17594739] resolved=[0, 0, 0, 0, 0, 0, 0, 0, 0, 0, 0, 0]
BENCH_END singleton-values -2
BENCH_COMPILE singleton-values -1
LINK_INVOCATION completed=true pass=ACCEPT stages=[9906, 7569, 5659, 249305, 5408, 0, 517790, 56615, 1763, 28495, 308886, 296309] resolved=[0, 0, 0, 0, 0, 0, 0, 0, 0, 0, 0, 0]
BENCH_QUERY singleton-values -1
LINK_INVOCATION completed=true pass=CHECKFALSE stages=[631, 470, 110, 7111, 190, 0, 110507, 80952, 1152, 1271, 8995, 8582] resolved=[0, 0, 0, 0, 0, 0, 0, 0, 0, 0, 0, 0]
LINK_INVOCATION completed=true pass=CHECKTRUE stages=[5243805, 5290305, 33910, 4221605, 4791209, 4867802, 22848889, 512271, 4398, 388912, 17014658, 14900782] resolved=[0, 0, 0, 0, 0, 0, 0, 0, 0, 0, 0, 0]
BENCH_END singleton-values -1
BENCH_COMPILE singleton-values 0
LINK_INVOCATION completed=true pass=ACCEPT stages=[11157, 7354, 5608, 405339, 5430, 0, 702357, 58127, 1743, 28612, 471279, 458177] resolved=[0, 0, 0, 0, 0, 0, 0, 0, 0, 0, 0, 0]
BENCH_QUERY singleton-values 0
LINK_INVOCATION completed=true pass=CHECKFALSE stages=[351, 350, 90, 3686, 121, 0, 57777, 36625, 841, 722, 5087, 4707] resolved=[0, 0, 0, 0, 0, 0, 0, 0, 0, 0, 0, 0]
LINK_INVOCATION completed=true pass=CHECKTRUE stages=[4229489, 4086711, 67029, 3010579, 3206257, 3965889, 17118765, 321434, 3213, 162410, 13303807, 11502286] resolved=[0, 0, 0, 0, 0, 0, 0, 0, 0, 0, 0, 0]
BENCH_END singleton-values 0
BENCH_COMPILE singleton-values 1
LINK_INVOCATION completed=true pass=ACCEPT stages=[10506, 7322, 5418, 229086, 5524, 0, 522626, 59089, 1612, 26380, 289024, 276574] resolved=[0, 0, 0, 0, 0, 0, 0, 0, 0, 0, 0, 0]
BENCH_QUERY singleton-values 1
LINK_INVOCATION completed=true pass=CHECKFALSE stages=[521, 561, 90, 3375, 160, 0, 59810, 36775, 1162, 1052, 5178, 4788] resolved=[0, 0, 0, 0, 0, 0, 0, 0, 0, 0, 0, 0]
LINK_INVOCATION completed=true pass=CHECKTRUE stages=[4301410, 4165584, 30633, 3417134, 3174641, 3959707, 17399077, 370998, 3966, 155028, 13559976, 12022648] resolved=[0, 0, 0, 0, 0, 0, 0, 0, 0, 0, 0, 0]
BENCH_END singleton-values 1
BENCH_COMPILE singleton-values 2
LINK_INVOCATION completed=true pass=ACCEPT stages=[11095, 7720, 5511, 250516, 7452, 0, 709698, 122304, 2594, 33110, 393972, 298889] resolved=[0, 0, 0, 0, 0, 0, 0, 0, 0, 0, 0, 0]
BENCH_QUERY singleton-values 2
LINK_INVOCATION completed=true pass=CHECKFALSE stages=[441, 440, 80, 4057, 110, 0, 62484, 37707, 881, 801, 5870, 5278] resolved=[0, 0, 0, 0, 0, 0, 0, 0, 0, 0, 0, 0]
LINK_INVOCATION completed=true pass=CHECKTRUE stages=[5112382, 3986306, 78618, 3921759, 3255771, 4829982, 18890942, 402876, 4076, 239423, 14830020, 13206958] resolved=[0, 0, 0, 0, 0, 0, 0, 0, 0, 0, 0, 0]
BENCH_END singleton-values 2
BENCH_COMPILE singleton-values 3
LINK_INVOCATION completed=true pass=ACCEPT stages=[33684, 7762, 5856, 236046, 5898, 0, 584149, 63756, 1533, 27586, 319951, 307190] resolved=[0, 0, 0, 0, 0, 0, 0, 0, 0, 0, 0, 0]
BENCH_QUERY singleton-values 3
LINK_INVOCATION completed=true pass=CHECKFALSE stages=[691, 861, 91, 6589, 130, 0, 78999, 45268, 1173, 981, 8963, 8472] resolved=[0, 0, 0, 0, 0, 0, 0, 0, 0, 0, 0, 0]
LINK_INVOCATION completed=true pass=CHECKTRUE stages=[4412651, 4127805, 30347, 3360992, 3049854, 4148451, 17532207, 333912, 4927, 183508, 13830720, 12039559] resolved=[0, 0, 0, 0, 0, 0, 0, 0, 0, 0, 0, 0]
BENCH_END singleton-values 3
BENCH_COMPILE singleton-values 4
LINK_INVOCATION completed=true pass=ACCEPT stages=[11803, 7536, 5631, 231902, 5570, 0, 569287, 65989, 1613, 25325, 293403, 280842] resolved=[0, 0, 0, 0, 0, 0, 0, 0, 0, 0, 0, 0]
BENCH_QUERY singleton-values 4
LINK_INVOCATION completed=true pass=CHECKFALSE stages=[480, 561, 90, 5118, 131, 0, 131178, 73211, 1211, 972, 6880, 6509] resolved=[0, 0, 0, 0, 0, 0, 0, 0, 0, 0, 0, 0]
LINK_INVOCATION completed=true pass=CHECKTRUE stages=[4992417, 4067559, 29566, 3113105, 3361559, 4633036, 18247705, 526291, 4025, 174208, 14043968, 12311139] resolved=[0, 0, 0, 0, 0, 0, 0, 0, 0, 0, 0, 0]
BENCH_END singleton-values 4
BENCH_COMPILE singleton-values 5
LINK_INVOCATION completed=true pass=ACCEPT stages=[10434, 7709, 5411, 221970, 5385, 0, 546953, 99249, 1842, 26123, 282128, 269476] resolved=[0, 0, 0, 0, 0, 0, 0, 0, 0, 0, 0, 0]
BENCH_QUERY singleton-values 5
LINK_INVOCATION completed=true pass=CHECKFALSE stages=[560, 411, 100, 3876, 140, 0, 57056, 35614, 931, 891, 5558, 5177] resolved=[0, 0, 0, 0, 0, 0, 0, 0, 0, 0, 0, 0]
LINK_INVOCATION completed=true pass=CHECKTRUE stages=[4564178, 3990784, 29556, 3453291, 3322068, 4208873, 17865629, 509176, 4295, 160338, 13736434, 12148388] resolved=[0, 0, 0, 0, 0, 0, 0, 0, 0, 0, 0, 0]
BENCH_END singleton-values 5
BENCH_COMPILE singleton-values 6
LINK_INVOCATION completed=true pass=ACCEPT stages=[6393, 7870, 5623, 257212, 5927, 0, 577770, 66089, 1772, 27520, 314614, 301262] resolved=[0, 0, 0, 0, 0, 0, 0, 0, 0, 0, 0, 0]
BENCH_QUERY singleton-values 6
LINK_INVOCATION completed=true pass=CHECKFALSE stages=[150, 410, 101, 7611, 150, 0, 170968, 143847, 1252, 1532, 9214, 8542] resolved=[0, 0, 0, 0, 0, 0, 0, 0, 0, 0, 0, 0]
LINK_INVOCATION completed=true pass=CHECKTRUE stages=[4200501, 3869705, 29481, 3306165, 4195644, 4022121, 18046051, 426141, 3826, 132756, 13156796, 11513325] resolved=[0, 0, 0, 0, 0, 0, 0, 0, 0, 0, 0, 0]
BENCH_END singleton-values 6
