BENCH_COMPILE natives-values -3
LINK_INVOCATION completed=true pass=ACCEPT stages=[19678914, 104765450, 2127275, 70897205, 47743362, 15843926, 301099984] resolved=[842, 1684, 842, 1435389, 6466900, 3786826, 3100098, 4485, 676, 98, 152427, 2053]
BENCH_QUERY natives-values -3
LINK_INVOCATION completed=true pass=CHECKFALSE stages=[4675977, 28129523, 617478, 18048562, 581326, 3855958, 66149416] resolved=[445, 890, 433, 161625, 1443918, 980566, 1053215, 2163, 400, 22, 32509, 987]
LINK_INVOCATION completed=true pass=CHECKTRUE stages=[8976535, 40413839, 1228669, 37465488, 3711798, 7320558, 119747110] resolved=[1271, 2542, 1177, 459106, 2836407, 1528435, 1929127, 6715, 1232, 44, 89288, 2895]
BENCH_END natives-values -3
BENCH_COMPILE natives-values -2
LINK_INVOCATION completed=true pass=ACCEPT stages=[8136610, 43502933, 1126477, 61634765, 21296206, 6854392, 169281459] resolved=[842, 1684, 842, 261781, 2039500, 2734058, 1468884, 4485, 676, 98, 56612, 2053]
BENCH_QUERY natives-values -2
LINK_INVOCATION completed=true pass=CHECKFALSE stages=[3151409, 12846040, 478241, 11092129, 295225, 2609930, 38855434] resolved=[445, 890, 433, 139340, 925621, 479914, 631275, 2163, 400, 22, 279813, 987]
LINK_INVOCATION completed=true pass=CHECKTRUE stages=[9350067, 46000255, 1438233, 32531347, 2467276, 7793335, 122846106] resolved=[1271, 2542, 1177, 440114, 3329488, 1289917, 2154338, 6715, 1232, 44, 95812, 2895]
BENCH_END natives-values -2
BENCH_COMPILE natives-values -1
LINK_INVOCATION completed=true pass=ACCEPT stages=[6158885, 32549453, 928461, 28530442, 10976382, 5129973, 101328337] resolved=[842, 1684, 842, 287314, 1906669, 1246982, 1337286, 4485, 676, 98, 56515, 2053]
BENCH_QUERY natives-values -1
LINK_INVOCATION completed=true pass=CHECKFALSE stages=[2982722, 12631361, 570100, 11808601, 284795, 2426976, 37907958] resolved=[445, 890, 433, 136166, 918135, 574303, 613849, 2163, 400, 22, 31356, 987]
LINK_INVOCATION completed=true pass=CHECKTRUE stages=[8287197, 33520509, 646793, 28384609, 1886847, 6898139, 95440846] resolved=[1271, 2542, 1177, 390667, 2853906, 1180862, 1967950, 6715, 1232, 44, 89746, 2895]
BENCH_END natives-values -1
BENCH_COMPILE natives-values 0
LINK_INVOCATION completed=true pass=ACCEPT stages=[5664692, 27111432, 539292, 29102202, 8511979, 4754056, 89158450] resolved=[842, 1684, 842, 232322, 1917358, 1051558, 1216082, 4485, 676, 98, 57287, 2053]
BENCH_QUERY natives-values 0
LINK_INVOCATION completed=true pass=CHECKFALSE stages=[2907753, 12011765, 329098, 8637497, 249295, 2490935, 31850772] resolved=[445, 890, 433, 182853, 966588, 558893, 615943, 2163, 400, 22, 29016, 987]
LINK_INVOCATION completed=true pass=CHECKTRUE stages=[8781694, 43406352, 455941, 24603195, 1815837, 7425388, 106079138] resolved=[1271, 2542, 1177, 396577, 3052219, 1370892, 2091563, 6715, 1232, 44, 93700, 2895]
BENCH_END natives-values 0
BENCH_COMPILE natives-values 1
LINK_INVOCATION completed=true pass=ACCEPT stages=[5844631, 29609616, 254700, 21475039, 9372492, 4917883, 83714075] resolved=[842, 1684, 842, 236281, 1794604, 1231535, 1337833, 4485, 676, 98, 54521, 2053]
BENCH_QUERY natives-values 1
LINK_INVOCATION completed=true pass=CHECKFALSE stages=[2721235, 11181500, 120490, 8282262, 225606, 2282143, 29829048] resolved=[445, 890, 433, 123120, 856389, 532605, 607377, 2163, 400, 22, 30635, 987]
LINK_INVOCATION completed=true pass=CHECKTRUE stages=[7867575, 32927995, 329558, 21650734, 1995063, 6546341, 85489817] resolved=[1271, 2542, 1177, 440623, 2548163, 1302654, 1769870, 6715, 1232, 44, 92051, 2895]
BENCH_END natives-values 1
BENCH_COMPILE natives-values 2
LINK_INVOCATION completed=true pass=ACCEPT stages=[6420081, 29936342, 270786, 22226892, 10886779, 5667216, 88866429] resolved=[842, 1684, 842, 243266, 1780433, 1300965, 2069994, 4485, 676, 98, 53760, 2053]
BENCH_QUERY natives-values 2
LINK_INVOCATION completed=true pass=CHECKFALSE stages=[2281385, 10073487, 114994, 10173256, 254058, 1985832, 30028678] resolved=[445, 890, 433, 118885, 671054, 516502, 547988, 2163, 400, 22, 28178, 987]
LINK_INVOCATION completed=true pass=CHECKTRUE stages=[6896308, 35762710, 307535, 22375562, 2078917, 6000588, 89297529] resolved=[1271, 2542, 1177, 369509, 2291094, 1097478, 1813039, 6715, 1232, 44, 82757, 2895]
BENCH_END natives-values 2
BENCH_COMPILE natives-values 3
LINK_INVOCATION completed=true pass=ACCEPT stages=[5448430, 27895629, 310204, 25371648, 12689188, 4807600, 92280369] resolved=[842, 1684, 842, 222516, 1768609, 1229182, 1305595, 4485, 676, 98, 52961, 2053]
BENCH_QUERY natives-values 3
LINK_INVOCATION completed=true pass=CHECKFALSE stages=[2477608, 10418856, 120898, 8086617, 281823, 2199068, 28241178] resolved=[445, 890, 433, 92297, 657576, 701447, 589024, 2163, 400, 22, 28026, 987]
LINK_INVOCATION completed=true pass=CHECKTRUE stages=[6298157, 28597312, 310443, 23111143, 1755719, 5530355, 79521564] resolved=[1271, 2542, 1177, 267437, 2141394, 1121037, 1600956, 6715, 1232, 44, 82849, 2895]
BENCH_END natives-values 3
BENCH_COMPILE natives-values 4
LINK_INVOCATION completed=true pass=ACCEPT stages=[4730019, 26331866, 560949, 21484496, 11110172, 4116290, 80729247] resolved=[842, 1684, 842, 65218, 1461550, 1140104, 1204926, 4485, 676, 98, 51642, 2053]
BENCH_QUERY natives-values 4
LINK_INVOCATION completed=true pass=CHECKFALSE stages=[1861250, 9081196, 110111, 8272142, 251100, 1596011, 26308028] resolved=[445, 890, 433, 34236, 500642, 386360, 543822, 2163, 400, 22, 29614, 987]
LINK_INVOCATION completed=true pass=CHECKTRUE stages=[5696492, 25778837, 285713, 21808545, 1615820, 4977760, 74986759] resolved=[1271, 2542, 1177, 103098, 1646722, 994441, 1798205, 6715, 1232, 44, 78326, 2895]
BENCH_END natives-values 4
BENCH_COMPILE natives-values 5
LINK_INVOCATION completed=true pass=ACCEPT stages=[4387178, 20765166, 225772, 22212193, 8970111, 3803436, 73684458] resolved=[842, 1684, 842, 66812, 1196091, 1169132, 1126466, 4485, 676, 98, 51657, 2053]
BENCH_QUERY natives-values 5
LINK_INVOCATION completed=true pass=CHECKFALSE stages=[2656405, 11873959, 135021, 11049003, 274846, 2349339, 34803009] resolved=[445, 890, 433, 46945, 924467, 498449, 739146, 2163, 400, 22, 30469, 987]
LINK_INVOCATION completed=true pass=CHECKTRUE stages=[8692556, 33565751, 370602, 30115921, 2466024, 7806914, 100455754] resolved=[1271, 2542, 1177, 160526, 2062962, 1147126, 4022564, 6715, 1232, 44, 92596, 2895]
BENCH_END natives-values 5
BENCH_COMPILE natives-values 6
LINK_INVOCATION completed=true pass=ACCEPT stages=[3876774, 19164015, 250799, 19040340, 6941783, 3383580, 64571732] resolved=[842, 1684, 842, 65177, 1016968, 926429, 1133532, 4485, 676, 98, 51248, 2053]
BENCH_QUERY natives-values 6
LINK_INVOCATION completed=true pass=CHECKFALSE stages=[1738582, 8136638, 107695, 9115448, 136869, 1509117, 25219941] resolved=[445, 890, 433, 32975, 458782, 298886, 591503, 2163, 400, 22, 27577, 987]
LINK_INVOCATION completed=true pass=CHECKTRUE stages=[5175126, 24559485, 337235, 21701161, 1538860, 4482400, 72252583] resolved=[1271, 2542, 1177, 107652, 1534963, 910739, 1559750, 6715, 1232, 44, 78202, 2895]
BENCH_END natives-values 6
BENCH_COMPILE singleton-values -3
LINK_INVOCATION completed=true pass=ACCEPT stages=[6000, 8065, 5624, 237410, 5804, 0, 487404] resolved=[0, 0, 0, 0, 0, 0, 0, 0, 0, 0, 0, 0]
BENCH_QUERY singleton-values -3
LINK_INVOCATION completed=true pass=CHECKFALSE stages=[160, 480, 221, 6489, 351, 0, 106059] resolved=[0, 0, 0, 0, 0, 0, 0, 0, 0, 0, 0, 0]
LINK_INVOCATION completed=true pass=CHECKTRUE stages=[7001230, 4305118, 28979, 3895910, 4403041, 6306161, 21917731] resolved=[901, 1802, 901, 75860, 4668397, 905505, 282503, 40800, 597, 3, 62169, 800]
BENCH_END singleton-values -3
BENCH_COMPILE singleton-values -2
LINK_INVOCATION completed=true pass=ACCEPT stages=[19830, 8182, 5459, 231939, 5722, 0, 484960] resolved=[0, 0, 0, 0, 0, 0, 0, 0, 0, 0, 0, 0]
BENCH_QUERY singleton-values -2
LINK_INVOCATION completed=true pass=CHECKFALSE stages=[481, 331, 80, 3816, 110, 0, 55874] resolved=[0, 0, 0, 0, 0, 0, 0, 0, 0, 0, 0, 0]
LINK_INVOCATION completed=true pass=CHECKTRUE stages=[4980701, 4187899, 29463, 3291300, 4643841, 4632090, 19514543] resolved=[901, 1802, 901, 81052, 2907541, 1070125, 267956, 40800, 597, 3, 57852, 800]
BENCH_END singleton-values -2
BENCH_COMPILE singleton-values -1
LINK_INVOCATION completed=true pass=ACCEPT stages=[13334, 8038, 5447, 229542, 6013, 0, 481485] resolved=[0, 0, 0, 0, 0, 0, 0, 0, 0, 0, 0, 0]
BENCH_QUERY singleton-values -1
LINK_INVOCATION completed=true pass=CHECKFALSE stages=[863, 611, 80, 3805, 110, 0, 61312] resolved=[0, 0, 0, 0, 0, 0, 0, 0, 0, 0, 0, 0]
LINK_INVOCATION completed=true pass=CHECKTRUE stages=[4650630, 4008795, 28644, 3106764, 3738669, 4299187, 17769707] resolved=[901, 1802, 901, 79042, 2939756, 781290, 219178, 40800, 597, 3, 52954, 800]
BENCH_END singleton-values -1
BENCH_COMPILE singleton-values 0
LINK_INVOCATION completed=true pass=ACCEPT stages=[12591, 7620, 5680, 251469, 6007, 0, 509457] resolved=[0, 0, 0, 0, 0, 0, 0, 0, 0, 0, 0, 0]
BENCH_QUERY singleton-values 0
LINK_INVOCATION completed=true pass=CHECKFALSE stages=[410, 351, 80, 3586, 130, 0, 55494] resolved=[0, 0, 0, 0, 0, 0, 0, 0, 0, 0, 0, 0]
LINK_INVOCATION completed=true pass=CHECKTRUE stages=[4474868, 3934682, 30584, 3072436, 3509391, 4192186, 17225339] resolved=[901, 1802, 901, 74596, 2871016, 769493, 217726, 40800, 597, 3, 52941, 800]
BENCH_END singleton-values 0
BENCH_COMPILE singleton-values 1
LINK_INVOCATION completed=true pass=ACCEPT stages=[20051, 12361, 7679, 388026, 37722, 0, 828246] resolved=[0, 0, 0, 0, 0, 0, 0, 0, 0, 0, 0, 0]
BENCH_QUERY singleton-values 1
LINK_INVOCATION completed=true pass=CHECKFALSE stages=[731, 31858, 100, 6018, 150, 0, 116756] resolved=[0, 0, 0, 0, 0, 0, 0, 0, 0, 0, 0, 0]
LINK_INVOCATION completed=true pass=CHECKTRUE stages=[7470802, 6516696, 40528, 5552797, 5943266, 6976093, 29265475] resolved=[901, 1802, 901, 125201, 4861069, 1345369, 319907, 40800, 597, 3, 67491, 800]
BENCH_END singleton-values 1
BENCH_COMPILE singleton-values 2
LINK_INVOCATION completed=true pass=ACCEPT stages=[11829, 8363, 5469, 250384, 5759, 0, 571410] resolved=[0, 0, 0, 0, 0, 0, 0, 0, 0, 0, 0, 0]
BENCH_QUERY singleton-values 2
LINK_INVOCATION completed=true pass=CHECKFALSE stages=[391, 461, 90, 4156, 120, 0, 94392] resolved=[0, 0, 0, 0, 0, 0, 0, 0, 0, 0, 0, 0]
LINK_INVOCATION completed=true pass=CHECKTRUE stages=[4502457, 3915019, 28630, 3231909, 3366092, 4186962, 17325561] resolved=[901, 1802, 901, 74027, 2829102, 821299, 203064, 40800, 597, 3, 52911, 800]
BENCH_END singleton-values 2
BENCH_COMPILE singleton-values 3
LINK_INVOCATION completed=true pass=ACCEPT stages=[11593, 8119, 5434, 239920, 5507, 0, 551330] resolved=[0, 0, 0, 0, 0, 0, 0, 0, 0, 0, 0, 0]
BENCH_QUERY singleton-values 3
LINK_INVOCATION completed=true pass=CHECKFALSE stages=[350, 611, 290, 3827, 110, 0, 65038] resolved=[0, 0, 0, 0, 0, 0, 0, 0, 0, 0, 0, 0]
LINK_INVOCATION completed=true pass=CHECKTRUE stages=[4500580, 3880472, 28589, 3114757, 3072173, 4172861, 16755343] resolved=[901, 1802, 901, 71434, 2825793, 817065, 198534, 40800, 597, 3, 53545, 800]
BENCH_END singleton-values 3
BENCH_COMPILE singleton-values 4
LINK_INVOCATION completed=true pass=ACCEPT stages=[11619, 7801, 5516, 246621, 5744, 0, 541966] resolved=[0, 0, 0, 0, 0, 0, 0, 0, 0, 0, 0, 0]
BENCH_QUERY singleton-values 4
LINK_INVOCATION completed=true pass=CHECKFALSE stages=[731, 421, 80, 4036, 111, 0, 87491] resolved=[0, 0, 0, 0, 0, 0, 0, 0, 0, 0, 0, 0]
LINK_INVOCATION completed=true pass=CHECKTRUE stages=[5286669, 4522108, 28975, 3552451, 3039513, 4925824, 18855344] resolved=[901, 1802, 901, 78533, 3400646, 946964, 216060, 40800, 597, 3, 53484, 800]
BENCH_END singleton-values 4
BENCH_COMPILE singleton-values 5
LINK_INVOCATION completed=true pass=ACCEPT stages=[11231, 7673, 5455, 247044, 6290, 0, 549758] resolved=[0, 0, 0, 0, 0, 0, 0, 0, 0, 0, 0, 0]
BENCH_QUERY singleton-values 5
LINK_INVOCATION completed=true pass=CHECKFALSE stages=[431, 471, 80, 4096, 251, 0, 67361] resolved=[0, 0, 0, 0, 0, 0, 0, 0, 0, 0, 0, 0]
LINK_INVOCATION completed=true pass=CHECKTRUE stages=[5064876, 3893998, 29235, 3426527, 4172714, 4705595, 19018310] resolved=[901, 1802, 901, 77581, 3181990, 974965, 205753, 40800, 597, 3, 52663, 800]
BENCH_END singleton-values 5
BENCH_COMPILE singleton-values 6
LINK_INVOCATION completed=true pass=ACCEPT stages=[13198, 8009, 5480, 211320, 5830, 0, 507394] resolved=[0, 0, 0, 0, 0, 0, 0, 0, 0, 0, 0, 0]
BENCH_QUERY singleton-values 6
LINK_INVOCATION completed=true pass=CHECKFALSE stages=[522, 971, 80, 4526, 150, 0, 95935] resolved=[0, 0, 0, 0, 0, 0, 0, 0, 0, 0, 0, 0]
LINK_INVOCATION completed=true pass=CHECKTRUE stages=[5689820, 3976811, 77338, 3147463, 3217543, 5415691, 18342132] resolved=[901, 1802, 901, 90155, 3359355, 1508786, 192775, 40800, 597, 3, 54043, 800]
BENCH_END singleton-values 6
