COMPILE_NS 385312822
SAMPLE 0 query_ns=226786664 optimize_ns=6488982741 optimize_cpu_ns=6359360689 optimize_allocated_bytes=4926467368 raw=18 optimized=6 solutions=0 values=0
RAW [!daughter(Tom,John);, !daughter(Tom,Mary);, !female(Tom);, !male(Tom);, !sibling(Sarah,Sarah);, !sibling(Tom,Tom);, !son(Tom,John);, !son(Tom,Mary);, ?daughter(Tom,John);, ?daughter(Tom,Mary);, ?divorced(John,Mary);, ?divorced(Mary,John);, ?female(Tom);, ?male(Tom);, ?son(Tom,John);, ?son(Tom,Mary);, ?spouse(John,Mary);, ?spouse(Mary,John);]
OPTIMIZED [!$x father(x,John);, !$x mother(x,John);, !$x parent(x,John);, !$y child(John,y);, ?$y child(John,y);, ?$y son(John,y);]
POST_OPTIMIZE_LAST_LINKER_STATS passes=6 rules=1292 rotations=6824 pairs=13281 unifications=3080
SAMPLE 1 query_ns=88116048 optimize_ns=4892353468 optimize_cpu_ns=4790574652 optimize_allocated_bytes=4843350912 raw=18 optimized=6 solutions=0 values=0
RAW [!daughter(Tom,John);, !daughter(Tom,Mary);, !female(Tom);, !male(Tom);, !sibling(Sarah,Sarah);, !sibling(Tom,Tom);, !son(Tom,John);, !son(Tom,Mary);, ?daughter(Tom,John);, ?daughter(Tom,Mary);, ?divorced(John,Mary);, ?divorced(Mary,John);, ?female(Tom);, ?male(Tom);, ?son(Tom,John);, ?son(Tom,Mary);, ?spouse(John,Mary);, ?spouse(Mary,John);]
OPTIMIZED [!$x father(x,John);, !$x mother(x,John);, !$x parent(x,John);, !$y child(John,y);, ?$y child(John,y);, ?$y son(John,y);]
POST_OPTIMIZE_LAST_LINKER_STATS passes=6 rules=1292 rotations=6824 pairs=13281 unifications=3080
SAMPLE 2 query_ns=73893334 optimize_ns=4687762351 optimize_cpu_ns=4594071304 optimize_allocated_bytes=4842943888 raw=18 optimized=6 solutions=0 values=0
RAW [!daughter(Tom,John);, !daughter(Tom,Mary);, !female(Tom);, !male(Tom);, !sibling(Sarah,Sarah);, !sibling(Tom,Tom);, !son(Tom,John);, !son(Tom,Mary);, ?daughter(Tom,John);, ?daughter(Tom,Mary);, ?divorced(John,Mary);, ?divorced(Mary,John);, ?female(Tom);, ?male(Tom);, ?son(Tom,John);, ?son(Tom,Mary);, ?spouse(John,Mary);, ?spouse(Mary,John);]
OPTIMIZED [!$x father(x,John);, !$x mother(x,John);, !$x parent(x,John);, !$y child(John,y);, ?$y child(John,y);, ?$y son(John,y);]
POST_OPTIMIZE_LAST_LINKER_STATS passes=6 rules=1292 rotations=6824 pairs=13281 unifications=3080
SAMPLE 3 query_ns=73508984 optimize_ns=4585297985 optimize_cpu_ns=4513963038 optimize_allocated_bytes=4842261952 raw=18 optimized=6 solutions=0 values=0
RAW [!daughter(Tom,John);, !daughter(Tom,Mary);, !female(Tom);, !male(Tom);, !sibling(Sarah,Sarah);, !sibling(Tom,Tom);, !son(Tom,John);, !son(Tom,Mary);, ?daughter(Tom,John);, ?daughter(Tom,Mary);, ?divorced(John,Mary);, ?divorced(Mary,John);, ?female(Tom);, ?male(Tom);, ?son(Tom,John);, ?son(Tom,Mary);, ?spouse(John,Mary);, ?spouse(Mary,John);]
OPTIMIZED [!$x father(x,John);, !$x mother(x,John);, !$x parent(x,John);, !$y child(John,y);, ?$y child(John,y);, ?$y son(John,y);]
POST_OPTIMIZE_LAST_LINKER_STATS passes=6 rules=1292 rotations=6824 pairs=13281 unifications=3080
SAMPLE 4 query_ns=74259346 optimize_ns=4659629878 optimize_cpu_ns=4574129343 optimize_allocated_bytes=4841975368 raw=18 optimized=6 solutions=0 values=0
RAW [!daughter(Tom,John);, !daughter(Tom,Mary);, !female(Tom);, !male(Tom);, !sibling(Sarah,Sarah);, !sibling(Tom,Tom);, !son(Tom,John);, !son(Tom,Mary);, ?daughter(Tom,John);, ?daughter(Tom,Mary);, ?divorced(John,Mary);, ?divorced(Mary,John);, ?female(Tom);, ?male(Tom);, ?son(Tom,John);, ?son(Tom,Mary);, ?spouse(John,Mary);, ?spouse(Mary,John);]
OPTIMIZED [!$x father(x,John);, !$x mother(x,John);, !$x parent(x,John);, !$y child(John,y);, ?$y child(John,y);, ?$y son(John,y);]
POST_OPTIMIZE_LAST_LINKER_STATS passes=6 rules=1292 rotations=6824 pairs=13281 unifications=3080
SAMPLE 5 query_ns=71346473 optimize_ns=4688711140 optimize_cpu_ns=4594741082 optimize_allocated_bytes=4841936296 raw=18 optimized=6 solutions=0 values=0
RAW [!daughter(Tom,John);, !daughter(Tom,Mary);, !female(Tom);, !male(Tom);, !sibling(Sarah,Sarah);, !sibling(Tom,Tom);, !son(Tom,John);, !son(Tom,Mary);, ?daughter(Tom,John);, ?daughter(Tom,Mary);, ?divorced(John,Mary);, ?divorced(Mary,John);, ?female(Tom);, ?male(Tom);, ?son(Tom,John);, ?son(Tom,Mary);, ?spouse(John,Mary);, ?spouse(Mary,John);]
OPTIMIZED [!$x father(x,John);, !$x mother(x,John);, !$x parent(x,John);, !$y child(John,y);, ?$y child(John,y);, ?$y son(John,y);]
POST_OPTIMIZE_LAST_LINKER_STATS passes=6 rules=1292 rotations=6824 pairs=13281 unifications=3080
