COMPILE_NS 425587480
SAMPLE 0 query_ns=316324764 optimize_ns=6107342864 optimize_cpu_ns=5982106754 optimize_allocated_bytes=4879366688 raw=18 optimized=6 solutions=0 values=0
RAW [!daughter(Tom,John);, !daughter(Tom,Mary);, !female(Tom);, !male(Tom);, !sibling(Sarah,Sarah);, !sibling(Tom,Tom);, !son(Tom,John);, !son(Tom,Mary);, ?daughter(Tom,John);, ?daughter(Tom,Mary);, ?divorced(John,Mary);, ?divorced(Mary,John);, ?female(Tom);, ?male(Tom);, ?son(Tom,John);, ?son(Tom,Mary);, ?spouse(John,Mary);, ?spouse(Mary,John);]
OPTIMIZED [!$x father(x,John);, !$x mother(x,John);, !$x parent(x,John);, !$y child(John,y);, ?$y child(John,y);, ?$y son(John,y);]
POST_OPTIMIZE_LAST_LINKER_STATS passes=6 rules=1292 rotations=6824 pairs=13281 unifications=3080
SAMPLE 1 query_ns=92769169 optimize_ns=4829922576 optimize_cpu_ns=4739011755 optimize_allocated_bytes=4805953008 raw=18 optimized=6 solutions=0 values=0
RAW [!daughter(Tom,John);, !daughter(Tom,Mary);, !female(Tom);, !male(Tom);, !sibling(Sarah,Sarah);, !sibling(Tom,Tom);, !son(Tom,John);, !son(Tom,Mary);, ?daughter(Tom,John);, ?daughter(Tom,Mary);, ?divorced(John,Mary);, ?divorced(Mary,John);, ?female(Tom);, ?male(Tom);, ?son(Tom,John);, ?son(Tom,Mary);, ?spouse(John,Mary);, ?spouse(Mary,John);]
OPTIMIZED [!$x father(x,John);, !$x mother(x,John);, !$x parent(x,John);, !$y child(John,y);, ?$y child(John,y);, ?$y son(John,y);]
POST_OPTIMIZE_LAST_LINKER_STATS passes=6 rules=1292 rotations=6824 pairs=13281 unifications=3080
SAMPLE 2 query_ns=74079568 optimize_ns=4638941708 optimize_cpu_ns=4556161083 optimize_allocated_bytes=4805713248 raw=18 optimized=6 solutions=0 values=0
RAW [!daughter(Tom,John);, !daughter(Tom,Mary);, !female(Tom);, !male(Tom);, !sibling(Sarah,Sarah);, !sibling(Tom,Tom);, !son(Tom,John);, !son(Tom,Mary);, ?daughter(Tom,John);, ?daughter(Tom,Mary);, ?divorced(John,Mary);, ?divorced(Mary,John);, ?female(Tom);, ?male(Tom);, ?son(Tom,John);, ?son(Tom,Mary);, ?spouse(John,Mary);, ?spouse(Mary,John);]
OPTIMIZED [!$x father(x,John);, !$x mother(x,John);, !$x parent(x,John);, !$y child(John,y);, ?$y child(John,y);, ?$y son(John,y);]
POST_OPTIMIZE_LAST_LINKER_STATS passes=6 rules=1292 rotations=6824 pairs=13281 unifications=3080
SAMPLE 3 query_ns=72509073 optimize_ns=4563324781 optimize_cpu_ns=4479327160 optimize_allocated_bytes=4805029864 raw=18 optimized=6 solutions=0 values=0
RAW [!daughter(Tom,John);, !daughter(Tom,Mary);, !female(Tom);, !male(Tom);, !sibling(Sarah,Sarah);, !sibling(Tom,Tom);, !son(Tom,John);, !son(Tom,Mary);, ?daughter(Tom,John);, ?daughter(Tom,Mary);, ?divorced(John,Mary);, ?divorced(Mary,John);, ?female(Tom);, ?male(Tom);, ?son(Tom,John);, ?son(Tom,Mary);, ?spouse(John,Mary);, ?spouse(Mary,John);]
OPTIMIZED [!$x father(x,John);, !$x mother(x,John);, !$x parent(x,John);, !$y child(John,y);, ?$y child(John,y);, ?$y son(John,y);]
POST_OPTIMIZE_LAST_LINKER_STATS passes=6 rules=1292 rotations=6824 pairs=13281 unifications=3080
SAMPLE 4 query_ns=75734490 optimize_ns=4697363911 optimize_cpu_ns=4612782621 optimize_allocated_bytes=4804744144 raw=18 optimized=6 solutions=0 values=0
RAW [!daughter(Tom,John);, !daughter(Tom,Mary);, !female(Tom);, !male(Tom);, !sibling(Sarah,Sarah);, !sibling(Tom,Tom);, !son(Tom,John);, !son(Tom,Mary);, ?daughter(Tom,John);, ?daughter(Tom,Mary);, ?divorced(John,Mary);, ?divorced(Mary,John);, ?female(Tom);, ?male(Tom);, ?son(Tom,John);, ?son(Tom,Mary);, ?spouse(John,Mary);, ?spouse(Mary,John);]
OPTIMIZED [!$x father(x,John);, !$x mother(x,John);, !$x parent(x,John);, !$y child(John,y);, ?$y child(John,y);, ?$y son(John,y);]
POST_OPTIMIZE_LAST_LINKER_STATS passes=6 rules=1292 rotations=6824 pairs=13281 unifications=3080
SAMPLE 5 query_ns=78115648 optimize_ns=4693530778 optimize_cpu_ns=4587293064 optimize_allocated_bytes=4804705040 raw=18 optimized=6 solutions=0 values=0
RAW [!daughter(Tom,John);, !daughter(Tom,Mary);, !female(Tom);, !male(Tom);, !sibling(Sarah,Sarah);, !sibling(Tom,Tom);, !son(Tom,John);, !son(Tom,Mary);, ?daughter(Tom,John);, ?daughter(Tom,Mary);, ?divorced(John,Mary);, ?divorced(Mary,John);, ?female(Tom);, ?male(Tom);, ?son(Tom,John);, ?son(Tom,Mary);, ?spouse(John,Mary);, ?spouse(Mary,John);]
OPTIMIZED [!$x father(x,John);, !$x mother(x,John);, !$x parent(x,John);, !$y child(John,y);, ?$y child(John,y);, ?$y son(John,y);]
POST_OPTIMIZE_LAST_LINKER_STATS passes=6 rules=1292 rotations=6824 pairs=13281 unifications=3080
