COMPILE_NS 461340226
SAMPLE 0 query_ns=350814510 optimize_ns=7752543105 optimize_cpu_ns=7551731445 optimize_allocated_bytes=4887886248 raw=18 optimized=6 solutions=0 values=0
RAW [!daughter(Tom,John);, !daughter(Tom,Mary);, !female(Tom);, !male(Tom);, !sibling(Sarah,Sarah);, !sibling(Tom,Tom);, !son(Tom,John);, !son(Tom,Mary);, ?daughter(Tom,John);, ?daughter(Tom,Mary);, ?divorced(John,Mary);, ?divorced(Mary,John);, ?female(Tom);, ?male(Tom);, ?son(Tom,John);, ?son(Tom,Mary);, ?spouse(John,Mary);, ?spouse(Mary,John);]
OPTIMIZED [!$x father(x,John);, !$x mother(x,John);, !$x parent(x,John);, !$y child(John,y);, ?$y child(John,y);, ?$y son(John,y);]
POST_OPTIMIZE_LAST_LINKER_STATS passes=6 rules=1292 rotations=6824 pairs=13281 unifications=3080
SAMPLE 1 query_ns=125118977 optimize_ns=4640026910 optimize_cpu_ns=4527641105 optimize_allocated_bytes=4805043024 raw=18 optimized=6 solutions=0 values=0
RAW [!daughter(Tom,John);, !daughter(Tom,Mary);, !female(Tom);, !male(Tom);, !sibling(Sarah,Sarah);, !sibling(Tom,Tom);, !son(Tom,John);, !son(Tom,Mary);, ?daughter(Tom,John);, ?daughter(Tom,Mary);, ?divorced(John,Mary);, ?divorced(Mary,John);, ?female(Tom);, ?male(Tom);, ?son(Tom,John);, ?son(Tom,Mary);, ?spouse(John,Mary);, ?spouse(Mary,John);]
OPTIMIZED [!$x father(x,John);, !$x mother(x,John);, !$x parent(x,John);, !$y child(John,y);, ?$y child(John,y);, ?$y son(John,y);]
POST_OPTIMIZE_LAST_LINKER_STATS passes=6 rules=1292 rotations=6824 pairs=13281 unifications=3080
SAMPLE 2 query_ns=82680368 optimize_ns=4607389204 optimize_cpu_ns=4509881057 optimize_allocated_bytes=4804795456 raw=18 optimized=6 solutions=0 values=0
RAW [!daughter(Tom,John);, !daughter(Tom,Mary);, !female(Tom);, !male(Tom);, !sibling(Sarah,Sarah);, !sibling(Tom,Tom);, !son(Tom,John);, !son(Tom,Mary);, ?daughter(Tom,John);, ?daughter(Tom,Mary);, ?divorced(John,Mary);, ?divorced(Mary,John);, ?female(Tom);, ?male(Tom);, ?son(Tom,John);, ?son(Tom,Mary);, ?spouse(John,Mary);, ?spouse(Mary,John);]
OPTIMIZED [!$x father(x,John);, !$x mother(x,John);, !$x parent(x,John);, !$y child(John,y);, ?$y child(John,y);, ?$y son(John,y);]
POST_OPTIMIZE_LAST_LINKER_STATS passes=6 rules=1292 rotations=6824 pairs=13281 unifications=3080
SAMPLE 3 query_ns=96123269 optimize_ns=4707879224 optimize_cpu_ns=4574900452 optimize_allocated_bytes=4804166456 raw=18 optimized=6 solutions=0 values=0
RAW [!daughter(Tom,John);, !daughter(Tom,Mary);, !female(Tom);, !male(Tom);, !sibling(Sarah,Sarah);, !sibling(Tom,Tom);, !son(Tom,John);, !son(Tom,Mary);, ?daughter(Tom,John);, ?daughter(Tom,Mary);, ?divorced(John,Mary);, ?divorced(Mary,John);, ?female(Tom);, ?male(Tom);, ?son(Tom,John);, ?son(Tom,Mary);, ?spouse(John,Mary);, ?spouse(Mary,John);]
OPTIMIZED [!$x father(x,John);, !$x mother(x,John);, !$x parent(x,John);, !$y child(John,y);, ?$y child(John,y);, ?$y son(John,y);]
POST_OPTIMIZE_LAST_LINKER_STATS passes=6 rules=1292 rotations=6824 pairs=13281 unifications=3080
SAMPLE 4 query_ns=69984569 optimize_ns=4501909106 optimize_cpu_ns=4409757045 optimize_allocated_bytes=4803780632 raw=18 optimized=6 solutions=0 values=0
RAW [!daughter(Tom,John);, !daughter(Tom,Mary);, !female(Tom);, !male(Tom);, !sibling(Sarah,Sarah);, !sibling(Tom,Tom);, !son(Tom,John);, !son(Tom,Mary);, ?daughter(Tom,John);, ?daughter(Tom,Mary);, ?divorced(John,Mary);, ?divorced(Mary,John);, ?female(Tom);, ?male(Tom);, ?son(Tom,John);, ?son(Tom,Mary);, ?spouse(John,Mary);, ?spouse(Mary,John);]
OPTIMIZED [!$x father(x,John);, !$x mother(x,John);, !$x parent(x,John);, !$y child(John,y);, ?$y child(John,y);, ?$y son(John,y);]
POST_OPTIMIZE_LAST_LINKER_STATS passes=6 rules=1292 rotations=6824 pairs=13281 unifications=3080
SAMPLE 5 query_ns=72974946 optimize_ns=4426370069 optimize_cpu_ns=4339171271 optimize_allocated_bytes=4803741560 raw=18 optimized=6 solutions=0 values=0
RAW [!daughter(Tom,John);, !daughter(Tom,Mary);, !female(Tom);, !male(Tom);, !sibling(Sarah,Sarah);, !sibling(Tom,Tom);, !son(Tom,John);, !son(Tom,Mary);, ?daughter(Tom,John);, ?daughter(Tom,Mary);, ?divorced(John,Mary);, ?divorced(Mary,John);, ?female(Tom);, ?male(Tom);, ?son(Tom,John);, ?son(Tom,Mary);, ?spouse(John,Mary);, ?spouse(Mary,John);]
OPTIMIZED [!$x father(x,John);, !$x mother(x,John);, !$x parent(x,John);, !$y child(John,y);, ?$y child(John,y);, ?$y son(John,y);]
POST_OPTIMIZE_LAST_LINKER_STATS passes=6 rules=1292 rotations=6824 pairs=13281 unifications=3080
