Init completed test system...
Done.
----------------------------------------------------
Testing: set_01_01
Query: ?a(nnn);
Result: true
Solutions (1):
	Solution 002: !a(nnn); 0 B
----------------------------------------------------
OK
====================================================
Timing: 0.083 sec
====================================================
Testing: set_01_02
Query: ?n(nnn);
Result: false
Solutions (1):
	Solution 005: ?n(nnn); 0 GB
----------------------------------------------------
OK
====================================================
Timing: 0.032 sec
====================================================
Testing: set_01_03
Query: ?a(xx);
Result: null
Hypothesis (4):
	  1:	?d(xx);
	  2:	?c(xx);
	  3:	?b(xx);
	  4:	!n(xx);
----------------------------------------------------
OK
====================================================
Timing: 0.091 sec
====================================================
Testing: set_01_04
Query: ?b(xx);
Result: null
Hypothesis (3):
	  1:	?d(xx);
	  2:	?c(xx);
	  3:	!a(xx);
----------------------------------------------------
OK
====================================================
Timing: 0.062 sec
====================================================
Testing: set_01_05
Query: ?c(xx);
Result: null
Hypothesis (3):
	  1:	?d(xx);
	  2:	!a(xx);
	  3:	!b(xx);
----------------------------------------------------
OK
====================================================
Timing: 0.046 sec
====================================================
Testing: set_01_06
Query: ?d(xx);
Result: null
Hypothesis (3):
	  1:	!a(xx);
	  2:	!b(xx);
	  3:	!c(xx);
----------------------------------------------------
OK
====================================================
Timing: 0.041 sec
====================================================
Testing: set_01_07
Query: ?n(xx);
Result: null
Hypothesis (1):
	  1:	!a(xx);
----------------------------------------------------
OK
====================================================
Timing: 0.021 sec
====================================================
Testing: set_01_08
Query: ?$x c(x);
Result: true
Solutions (2):
	Solution 006: !c(ooo); 0 GB
	Solution 008: !c(nnn); 0 GB
Values (2):
	Row 001: x=ooo
	Row 002: x=nnn
----------------------------------------------------
OK
====================================================
Timing: 0.02 sec
====================================================
Testing: set_01_09
Query: ?$x d(x);
Result: true
Solutions (3):
	Solution 004: !d(v); 0 B
	Solution 009: !d(ooo); 0 GB
	Solution 010: !d(nnn); 0 GB
Values (3):
	Row 001: x=v
	Row 002: x=ooo
	Row 003: x=nnn
----------------------------------------------------
OK
====================================================
Timing: 0.023 sec
====================================================
Testing: set_01_0A
Query: ?a(nn) -> b(nn);
Result: true
Solutions (2):
	Solution 017: !b(nn); 190 GBU
	Solution 016: ?a(nn); 190 GBU
----------------------------------------------------
OK
====================================================
Timing: 0.018 sec
====================================================
Testing: set_01_0B
Query: ?a(nn) -> c(nn);
Result: true
----------------------------------------------------
OK
====================================================
Timing: 0.014 sec
====================================================
Testing: set_01_0C
Query: ?a(nn) -> d(nn);
Result: true
----------------------------------------------------
OK
====================================================
Timing: 0.018 sec
====================================================
Testing: set_01_0D
Query: ?$x a(x) && d(x);
Result: true
Solutions (2):
	Solution 010: !d(nnn); 0 GB
	Solution 002: !a(nnn); 0 B
Values (1):
	Row 001: x=nnn
----------------------------------------------------
OK
====================================================
Timing: 0.018 sec
====================================================
Testing: set_01_0E
Query: ?$x a(x) || d(x);
Result: true
Solutions (4):
	Solution 004: !d(v); 0 B
	Solution 009: !d(ooo); 0 GB
	Solution 002: !a(nnn); 0 B
	Solution 010: !d(nnn); 0 GB
Values (3):
	Row 001: x=v
	Row 002: x=ooo
	Row 003: x=nnn
----------------------------------------------------
OK
====================================================
Timing: 0.022 sec
====================================================
Testing: set_02_01
Query: ? (a(z) && c(z)) -> d(z);
Result: true
Solutions (3):
	Solution 008: ?a(z); 236 GBU
	Solution 007: !d(z); 236 GBU
	Solution 006: ?c(z); 236 GBU
----------------------------------------------------
OK
====================================================
Timing: 0.007 sec
====================================================
Testing: set_02_02
Query: ?b(z) -> d(z);
Result: null
Hypothesis (1):
	  1:	!c(z);
----------------------------------------------------
OK
====================================================
Timing: 0.013 sec
====================================================
Testing: set_02_03
Query: ?$x f(x);
Result: null
Hypothesis (2):
	  1:	!b(z);
	  2:	!a(z);
----------------------------------------------------
OK
====================================================
Timing: 0.017 sec
====================================================
Testing: set_02_04
Query: ? b(z) -> d(z);
Result: null
Solutions (1):
	Solution 000: ?b(z); 0 B
----------------------------------------------------
OK
====================================================
Timing: 0.002 sec
====================================================
Testing: set_02_05
Query: ? b(z) -> d(z);
Result: null
Solutions (1):
	Solution 000: !d(z); 0 B
----------------------------------------------------
OK
====================================================
Timing: 0.003 sec
====================================================
Testing: set_02_06
Query: ?$x b(x) -> d(x);
Result: null
Solutions (1):
	Solution 000: ?b(z); 0 B
Values (1):
	Row 001: x=z
----------------------------------------------------
OK
====================================================
Timing: 0.003 sec
====================================================
Testing: set_02_07
Query: ?$x b(x) -> d(x);
Result: null
Solutions (1):
	Solution 000: !d(z); 0 B
Values (1):
	Row 001: x=z
----------------------------------------------------
OK
====================================================
Timing: 0.003 sec
====================================================
Testing: set_02_08
Query: ?$x $y x = y, (y = 4 || y = 5);
Result: true
Values (2):
	Row 001: x=5.0 y=5.0
	Row 002: x=4.0 y=4.0
----------------------------------------------------
OK
====================================================
Timing: 0.007 sec
====================================================
Testing: set_02_09
Query: ?$x $y x=y*2, (y=4 || y = 5);
Result: true
Values (2):
	Row 001: x=10.0 y=5.0
	Row 002: x=8.0 y=4.0
----------------------------------------------------
OK
====================================================
Timing: 0.011 sec
====================================================
Testing: set_02_0A
Query: ?$x $y 5=x + y, (y = 4 || y = 5);
Result: true
Values (2):
	Row 001: x=1.0 y=4.0
	Row 002: x=0.0 y=5.0
----------------------------------------------------
OK
====================================================
Timing: 0.007 sec
====================================================
Testing: set_02_0B
Query: ?$x $y 18=x + y, y : 1..3;
Result: true
Values (3):
	Row 001: x=15.0 y=3.0
	Row 002: x=16.0 y=2.0
	Row 003: x=17.0 y=1.0
----------------------------------------------------
OK
====================================================
Timing: 0.013 sec
====================================================
Testing: set_02_0C
Query: ?$x $y x=18 + y, y : 1..3;
Result: true
Values (3):
	Row 001: x=21.0 y=3.0
	Row 002: x=20.0 y=2.0
	Row 003: x=19.0 y=1.0
----------------------------------------------------
OK
====================================================
Timing: 0.011 sec
====================================================
Testing: set_02_0D
Query: ?$x x=18 + 2, x=18 + 3;
Result: null
----------------------------------------------------
OK
====================================================
Timing: 0.004 sec
====================================================
Testing: set_02_0E
Query: ?$x 18=x + 4, 19=x+5;
Result: true
Values (1):
	Row 001: x=14.0
----------------------------------------------------
OK
====================================================
Timing: 0.005 sec
====================================================
Testing: set_02_0F
Query: ?$x $y k(1, -37, 27) -> solve(x,y);
Result: true
Solutions (1):
	Solution 010: !solve(36.2552809045647,0.7447190954352969); 338 GBU
Values (1):
	Row 001: x=36.2552809045647 y=0.7447190954352969
----------------------------------------------------
OK
====================================================
Timing: 0.019 sec
====================================================
Testing: set_03_01
Query: ?$x @y a(x,y);
Result: false
----------------------------------------------------
OK
====================================================
Timing: 0.005 sec
====================================================
Testing: set_03_02
Query: ? ~($x @y a(x,y));
Result: true
----------------------------------------------------
OK
====================================================
Timing: 0.007 sec
====================================================
Testing: set_03_03
Query: ?@x $y a(y,x);
Result: true
----------------------------------------------------
OK
====================================================
Timing: 0.009 sec
====================================================
Testing: set_03_04
Query: ?~($x ~($y a(y,x)));
Result: true
----------------------------------------------------
OK
====================================================
Timing: 0.01 sec
====================================================
Testing: set_03_05
Query: ?@x a(G, x);
Result: false
Solutions (1):
	Solution 003: ?a(G,G); 369 GBU
Values (1):
	Row 001: x=G
----------------------------------------------------
OK
====================================================
Timing: 0.005 sec
====================================================
Testing: set_03_06
Query: ?$x a(x, A);
Result: true
----------------------------------------------------
OK
====================================================
Timing: 0.011 sec
====================================================
Testing: set_03_07
Query: ?~$x a(x, A);
Result: false
----------------------------------------------------
OK
====================================================
Timing: 0.011 sec
====================================================
Testing: set_03_08
Query: ?$x b(x, x);
Result: false
----------------------------------------------------
OK
====================================================
Timing: 0.005 sec
====================================================
Testing: set_03_09
Query: ?$x b(x, A);
Result: true
----------------------------------------------------
OK
====================================================
Timing: 0.006 sec
====================================================
Testing: set_04_01
Query: ?2 > 3;
Result: false
----------------------------------------------------
OK
====================================================
Timing: 0.001 sec
====================================================
Testing: set_04_02
Query: ?2 < 3;
Result: true
----------------------------------------------------
OK
====================================================
Timing: 0.001 sec
====================================================
Testing: set_04_03
Query: ?2 = 3;
Result: false
----------------------------------------------------
OK
====================================================
Timing: 0.001 sec
====================================================
Testing: set_04_04
Query: ?2 = 2;
Result: true
----------------------------------------------------
OK
====================================================
Timing: 0.001 sec
====================================================
Testing: set_04_05
Query: ?$x x=5;
Result: true
Values (1):
	Row 001: x=5.0
----------------------------------------------------
OK
====================================================
Timing: 0.002 sec
====================================================
Testing: set_04_06
Query: ?~$x x=5;
Result: false
Values (1):
	Row 001: x=5.0
----------------------------------------------------
OK
====================================================
Timing: 0.001 sec
====================================================
Testing: set_04_07
Query: ?$x x=5 / 2;
Result: true
Values (1):
	Row 001: x=2.5
----------------------------------------------------
OK
====================================================
Timing: 0.003 sec
====================================================
Testing: set_04_08
Query: ?$x ((x+3)*15)=965;
Result: true
Values (1):
	Row 001: x=61.33333333333333
----------------------------------------------------
OK
====================================================
Timing: 0.003 sec
====================================================
Testing: set_04_09
Query: ?$x $y (12+y)*2=256 && x=5*y;
Result: true
Values (1):
	Row 001: x=580.0 y=116.0
----------------------------------------------------
OK
====================================================
Timing: 0.003 sec
====================================================
Testing: set_04_0A
Query: ?$x $y x + y = 12;
Result: null
----------------------------------------------------
OK
====================================================
Timing: 0.002 sec
====================================================
Testing: set_04_0B
Query: ?$x num(x);
Result: true
Solutions (11):
	Solution 000: !num(0.0); 0 B
	Solution 002: !num(1.0); 0 GB
	Solution 003: !num(2.0); 0 GB
	Solution 004: !num(3.0); 0 GB
	Solution 005: !num(4.0); 0 GB
	Solution 006: !num(5.0); 0 GB
	Solution 007: !num(6.0); 0 GB
	Solution 008: !num(7.0); 0 GB
	Solution 009: !num(8.0); 0 GB
	Solution 010: !num(9.0); 0 GB
	Solution 011: !num(10.0); 0 GB
Values (11):
	Row 001: x=0.0
	Row 002: x=1.0
	Row 003: x=2.0
	Row 004: x=3.0
	Row 005: x=4.0
	Row 006: x=5.0
	Row 007: x=6.0
	Row 008: x=7.0
	Row 009: x=8.0
	Row 010: x=9.0
	Row 011: x=10.0
----------------------------------------------------
OK
====================================================
Timing: 0.035 sec
====================================================
Testing: set_04_0C
Query: ?$x num(x) && x > 5;
Result: true
Solutions (5):
	Solution 007: !num(6.0); 0 GB
	Solution 008: !num(7.0); 0 GB
	Solution 009: !num(8.0); 0 GB
	Solution 010: !num(9.0); 0 GB
	Solution 011: !num(10.0); 0 GB
Values (5):
	Row 001: x=6.0
	Row 002: x=7.0
	Row 003: x=8.0
	Row 004: x=9.0
	Row 005: x=10.0
----------------------------------------------------
OK
====================================================
Timing: 0.034 sec
====================================================
Testing: set_04_0D
Query: ?$x num(x) && x <= 3;
Result: true
Solutions (4):
	Solution 000: !num(0.0); 0 B
	Solution 002: !num(1.0); 0 GB
	Solution 003: !num(2.0); 0 GB
	Solution 004: !num(3.0); 0 GB
Values (4):
	Row 001: x=0.0
	Row 002: x=1.0
	Row 003: x=2.0
	Row 004: x=3.0
----------------------------------------------------
OK
====================================================
Timing: 0.029 sec
====================================================
Testing: set_04_0E
Query: ?$x $y num(x) && num(y) && x + y = 7;
Result: true
Solutions (8):
	Solution 008: !num(7.0); 0 GB
	Solution 007: !num(6.0); 0 GB
	Solution 006: !num(5.0); 0 GB
	Solution 005: !num(4.0); 0 GB
	Solution 004: !num(3.0); 0 GB
	Solution 003: !num(2.0); 0 GB
	Solution 002: !num(1.0); 0 GB
	Solution 000: !num(0.0); 0 B
Values (8):
	Row 001: x=7.0 y=0.0
	Row 002: x=0.0 y=7.0
	Row 003: x=1.0 y=6.0
	Row 004: x=2.0 y=5.0
	Row 005: x=3.0 y=4.0
	Row 006: x=4.0 y=3.0
	Row 007: x=5.0 y=2.0
	Row 008: x=6.0 y=1.0
----------------------------------------------------
OK
====================================================
Timing: 0.099 sec
====================================================
Testing: set_04_0F
Query: ?$x num(x);
Result: true
Solutions (11):
	Solution 001: !num(0.0); 0 GB
	Solution 002: !num(1.0); 0 GB
	Solution 003: !num(2.0); 0 GB
	Solution 004: !num(3.0); 0 GB
	Solution 005: !num(4.0); 0 GB
	Solution 006: !num(5.0); 0 GB
	Solution 007: !num(6.0); 0 GB
	Solution 008: !num(7.0); 0 GB
	Solution 009: !num(8.0); 0 GB
	Solution 010: !num(9.0); 0 GB
	Solution 011: !num(10.0); 0 GB
Values (11):
	Row 001: x=0.0
	Row 002: x=1.0
	Row 003: x=2.0
	Row 004: x=3.0
	Row 005: x=4.0
	Row 006: x=5.0
	Row 007: x=6.0
	Row 008: x=7.0
	Row 009: x=8.0
	Row 010: x=9.0
	Row 011: x=10.0
----------------------------------------------------
OK
====================================================
Timing: 0.02 sec
====================================================
Testing: set_04_10
Query: ?$x num(x) && x > 5;
Result: true
Solutions (5):
	Solution 007: !num(6.0); 0 GB
	Solution 008: !num(7.0); 0 GB
	Solution 009: !num(8.0); 0 GB
	Solution 010: !num(9.0); 0 GB
	Solution 011: !num(10.0); 0 GB
Values (5):
	Row 001: x=6.0
	Row 002: x=7.0
	Row 003: x=8.0
	Row 004: x=9.0
	Row 005: x=10.0
----------------------------------------------------
OK
====================================================
Timing: 0.013 sec
====================================================
Testing: set_04_11
Query: ?$x num(x) && x <= 3;
Result: true
Solutions (4):
	Solution 001: !num(0.0); 0 GB
	Solution 002: !num(1.0); 0 GB
	Solution 003: !num(2.0); 0 GB
	Solution 004: !num(3.0); 0 GB
Values (4):
	Row 001: x=0.0
	Row 002: x=1.0
	Row 003: x=2.0
	Row 004: x=3.0
----------------------------------------------------
OK
====================================================
Timing: 0.012 sec
====================================================
Testing: set_04_12
Query: ?$x $y num(x) && num(y) && x + y = 7;
Result: true
Solutions (8):
	Solution 008: !num(7.0); 0 GB
	Solution 007: !num(6.0); 0 GB
	Solution 006: !num(5.0); 0 GB
	Solution 005: !num(4.0); 0 GB
	Solution 004: !num(3.0); 0 GB
	Solution 003: !num(2.0); 0 GB
	Solution 002: !num(1.0); 0 GB
	Solution 001: !num(0.0); 0 GB
Values (8):
	Row 001: x=7.0 y=0.0
	Row 002: x=0.0 y=7.0
	Row 003: x=1.0 y=6.0
	Row 004: x=2.0 y=5.0
	Row 005: x=3.0 y=4.0
	Row 006: x=4.0 y=3.0
	Row 007: x=5.0 y=2.0
	Row 008: x=6.0 y=1.0
----------------------------------------------------
OK
====================================================
Timing: 0.077 sec
====================================================
Testing: set_04_13
Query: ?$x $y num(x) && num(y) && x * y = 12;
Result: true
Solutions (4):
	Solution 007: !num(6.0); 0 GB
	Solution 005: !num(4.0); 0 GB
	Solution 004: !num(3.0); 0 GB
	Solution 003: !num(2.0); 0 GB
Values (4):
	Row 001: x=6.0 y=2.0
	Row 002: x=2.0 y=6.0
	Row 003: x=3.0 y=4.0
	Row 004: x=4.0 y=3.0
----------------------------------------------------
OK
====================================================
Timing: 0.087 sec
====================================================
Testing: set_04_14
Query: ?$x $y num(x) && num(y) && x * y = 12;
Result: true
Solutions (4):
	Solution 007: !num(6.0); 0 GB
	Solution 005: !num(4.0); 0 GB
	Solution 004: !num(3.0); 0 GB
	Solution 003: !num(2.0); 0 GB
Values (4):
	Row 001: x=6.0 y=2.0
	Row 002: x=2.0 y=6.0
	Row 003: x=3.0 y=4.0
	Row 004: x=4.0 y=3.0
----------------------------------------------------
OK
====================================================
Timing: 0.072 sec
====================================================
Testing: set_05_01
Query: ?a(nnn);
Result: true
Solutions (1):
	Solution 001: !a(nnn); 0 B
----------------------------------------------------
OK
====================================================
Timing: 0.003 sec
====================================================
Testing: set_05_02
Query: ?b(nnn);
Result: false
Solutions (1):
	Solution 002: ?b(nnn); 0 GB
----------------------------------------------------
OK
====================================================
Timing: 0.001 sec
====================================================
Testing: set_05_03
Query: ?$x a(x);
Result: true
Solutions (1):
	Solution 001: !a(nnn); 0 B
Values (1):
	Row 001: x=nnn
----------------------------------------------------
OK
====================================================
Timing: 0.003 sec
====================================================
Testing: set_05_04
Query: ?$x b(x);
Result: null
----------------------------------------------------
OK
====================================================
Timing: 0.003 sec
====================================================
Testing: set_05_05
Query: ?a(xx) && b(xx);
Result: false
Solutions (2):
	Solution 007: ?a(xx); 523 GBU
	Solution 006: ?b(xx); 523 GBU
----------------------------------------------------
OK
====================================================
Timing: 0.002 sec
====================================================
Testing: set_05_06
Query: ?a(xx) || b(xx);
Result: true
Solutions (2):
	Solution 008: !b(xx); 530 GBU
	Solution 007: !a(xx); 530 GBU
----------------------------------------------------
OK
====================================================
Timing: 0.004 sec
====================================================
Testing: set_05_07
Query: ?$x a(x) && b(x);
Result: false
----------------------------------------------------
OK
====================================================
Timing: 0.003 sec
====================================================
Testing: set_05_08
Query: ?$x a(x) || b(x);
Result: true
Solutions (1):
	Solution 001: !a(nnn); 0 B
Values (1):
	Row 001: x=nnn
----------------------------------------------------
OK
====================================================
Timing: 0.003 sec
====================================================
Testing: set_06_01
Query: ?$x $y age(x, y) && y > 12;
Result: true
Solutions (1):
	Solution 011: !age(John,37.0); 0 B
Values (1):
	Row 001: x=John y=37.0
----------------------------------------------------
OK
====================================================
Timing: 0.04 sec
====================================================
Testing: set_06_02
Query: ?$x $y age(x, y) && y >= 12;
Result: true
Solutions (2):
	Solution 011: !age(John,37.0); 0 B
	Solution 012: !age(Tom,12.0); 0 B
Values (2):
	Row 001: x=John y=37.0
	Row 002: x=Tom y=12.0
----------------------------------------------------
OK
====================================================
Timing: 0.045 sec
====================================================
Testing: set_06_03
Query: ?$x $y $z father(x,y) && age(x, z) && z >= 30;
Result: true
Solutions (3):
	Solution 011: !age(John,37.0); 0 B
	Solution 009: !father(John,Tom); 0 B
	Solution 042: !father(John,Sarah); 0 GB
Values (2):
	Row 001: x=John y=Tom z=37.0
	Row 002: x=John y=Sarah z=37.0
----------------------------------------------------
OK
====================================================
Timing: 0.105 sec
====================================================
Testing: set_06_04
Query: ?$x male(x);
Result: true
Solutions (1):
	Solution 016: !male(John); 0 GB
Values (1):
	Row 001: x=John
----------------------------------------------------
OK
====================================================
Timing: 0.097 sec
====================================================
Testing: set_06_05
Query: ?$x female(x);
Result: true
Solutions (1):
	Solution 014: !female(Sarah); 0 GB
Values (1):
	Row 001: x=Sarah
----------------------------------------------------
OK
====================================================
Timing: 0.095 sec
====================================================
Testing: set_06_06
Query: ?$x child(x, John);
Result: true
Solutions (2):
	Solution 015: !child(Sarah,John); 0 GB
	Solution 031: !child(Tom,John); 0 GB
Values (2):
	Row 001: x=Sarah
	Row 002: x=Tom
----------------------------------------------------
OK
====================================================
Timing: 0.103 sec
====================================================
Testing: set_06_07
Query: ?male(Tom);
Result: null
Hypothesis (14):
	  1:	?son(Tom,John);
	  2:	!mother(Tom,Sarah);
	  3:	!mother(Tom,John);
	  4:	!daughter(Tom,Sarah);
	  5:	!daughter(Tom,John);
	  6:	!female(Tom);
	  7:	?daughter(Tom,John);
	  8:	?female(Tom);
	  9:	!father(Tom,Sarah);
	 10:	!father(Tom,John);
	 11:	!son(Tom,Sarah);
	 12:	!son(Tom,John);
	 13:	!$y mother(Tom,y);
	 14:	!$y father(Tom,y);
----------------------------------------------------
OK
====================================================
Completed hypothesis cardinality 14 OK
====================================================
Timing: 0.426 sec
====================================================
Testing: set_06_08
Query: ?$x $y age(x,y), y : [10..37];
Result: true
Solutions (2):
	Solution 011: !age(John,37.0); 0 B
	Solution 012: !age(Tom,12.0); 0 B
Values (2):
	Row 001: x=John y=37.0
	Row 002: x=Tom y=12.0
----------------------------------------------------
OK
====================================================
Timing: 0.036 sec
====================================================
Testing: set_06_09
Query: ?$x $y age(x,y), y : [10,37];
Result: true
Solutions (1):
	Solution 011: !age(John,37.0); 0 B
Values (1):
	Row 001: x=John y=37.0
----------------------------------------------------
OK
====================================================
Timing: 0.038 sec
====================================================
Testing: set_06_0A
Query: ?$x male(x) && age(x,12);
Result: null
Hypothesis (8):
	  1:	?daughter(Tom,John);
	  2:	!male(Tom);
	  3:	?female(Tom);
	  4:	!father(Tom,Sarah);
	  5:	!father(Tom,John);
	  6:	!son(Tom,Sarah);
	  7:	!son(Tom,John);
	  8:	!$y father(Tom,y);
----------------------------------------------------
OK
====================================================
Completed hypothesis cardinality 8 OK
====================================================
Timing: 0.638 sec
====================================================
Testing: set_06_0B
Query: ?$x native(x,A);
Result: null
Hypothesis (1):
	  1:	!parent(John,A);
----------------------------------------------------
Timing: 0.009 sec
====================================================
Testing: set_06_0C
Query: ?$x native(Tom,A);
Result: null
Hypothesis (1):
	  1:	!parent(John,A);
----------------------------------------------------
Timing: 0.008 sec
====================================================
Testing: set_06_0D
Query: ?$x father(Sarah,x);
Result: false
----------------------------------------------------
Timing: 0.008 sec
====================================================
Testing: set_06_0E
Query: ?$x mother(John,x);
Result: false
----------------------------------------------------
Timing: 0.009 sec
====================================================
Testing: set_06_0F
Query: ?$x son(John,x);
Result: null
Hypothesis RAW (18) -> optimized (6):
	  1:	?$y son(John,y);
	  2:	?$y child(John,y);
	  3:	!$x father(x,John);
	  4:	!$x mother(x,John);
	  5:	!$x parent(x,John);
	  6:	!$y child(John,y);
Hypothesis optimize timing: 10.177 sec
Completed hypothesis showcase: son(John,x) -> 6 OK
====================================================
Timing: 10.472 sec
====================================================
Testing: set_07_01
Query: ?$x x : '2018-03-01'..'2018-04-19' '38 hours 40 minutes', x > '2018-03-07';
Result: true
Values (27):
	Row 001: x=2018-04-18 09:00:00.000 -0700
	Row 002: x=2018-04-16 18:20:00.000 -0700
	Row 003: x=2018-04-15 03:40:00.000 -0700
	Row 004: x=2018-04-13 13:00:00.000 -0700
	Row 005: x=2018-04-11 22:20:00.000 -0700
	Row 006: x=2018-04-10 07:40:00.000 -0700
	Row 007: x=2018-04-08 17:00:00.000 -0700
	Row 008: x=2018-04-07 02:20:00.000 -0700
	Row 009: x=2018-04-05 11:40:00.000 -0700
	Row 010: x=2018-04-03 21:00:00.000 -0700
	Row 011: x=2018-04-02 06:20:00.000 -0700
	Row 012: x=2018-03-31 15:40:00.000 -0700
	Row 013: x=2018-03-30 01:00:00.000 -0700
	Row 014: x=2018-03-28 10:20:00.000 -0700
	Row 015: x=2018-03-26 19:40:00.000 -0700
	Row 016: x=2018-03-25 05:00:00.000 -0700
	Row 017: x=2018-03-23 14:20:00.000 -0700
	Row 018: x=2018-03-21 23:40:00.000 -0700
	Row 019: x=2018-03-20 09:00:00.000 -0700
	Row 020: x=2018-03-18 18:20:00.000 -0700
	Row 021: x=2018-03-17 03:40:00.000 -0700
	Row 022: x=2018-03-15 13:00:00.000 -0700
	Row 023: x=2018-03-13 22:20:00.000 -0700
	Row 024: x=2018-03-12 07:40:00.000 -0700
	Row 025: x=2018-03-10 16:00:00.000 -0800
	Row 026: x=2018-03-09 01:20:00.000 -0800
	Row 027: x=2018-03-07 10:40:00.000 -0800
----------------------------------------------------
OK
====================================================
Timing: 0.03 sec
====================================================
Testing: set_07_02
Query: ?'2018-03-07' : '2018-03-01'..'2018-04-19';
Result: true
----------------------------------------------------
OK
====================================================
Timing: 0.001 sec
====================================================
Testing: set_07_03
Query: ?er : qwerty;
Result: true
----------------------------------------------------
OK
====================================================
Timing: 0.001 sec
====================================================
Testing: set_07_04
Query: ?'(.*)er(.*)' : qwerty;
Result: true
----------------------------------------------------
OK
====================================================
Timing: 0.001 sec
====================================================
Testing: set_07_05
Query: ?$x x : qwerty;
Result: true
Values (6):
	Row 001: x=y
	Row 002: x=t
	Row 003: x=r
	Row 004: x=e
	Row 005: x=w
	Row 006: x=q
----------------------------------------------------
OK
====================================================
Timing: 0.002 sec
====================================================
Testing: set_07_06
Query: ?$x x : qwerty '(.*)er(.*)';
Result: true
Values (2):
	Row 001: x=ty
	Row 002: x=qw
----------------------------------------------------
OK
====================================================
Timing: 0.002 sec
====================================================
Testing: set_07_07
Query: ?$x x : qwerty '(.*)er(.*)', x=qw;
Result: true
Values (1):
	Row 001: x=qw
----------------------------------------------------
OK
====================================================
Timing: 0.001 sec
====================================================
Testing: set_07_08
Query: ?$x x : qwerty '(.*)er(.*)', x=ty;
Result: true
Values (1):
	Row 001: x=ty
----------------------------------------------------
OK
====================================================
Timing: 0.002 sec
====================================================
Testing: set_07_09
Query: ?$x x : qwerty '(.*)er(.*)', x != ty;
Result: true
Values (1):
	Row 001: x=qw
----------------------------------------------------
OK
====================================================
Timing: 0.001 sec
====================================================
Testing: set_07_0A
Query: ?$x $y index(qwerty) -> index(x), y : x;
Result: true
Solutions (1):
	Solution 002: !index(qwerty); 1247 GBUQ
Values (6):
	Row 001: x=qwerty y=y
	Row 002: x=qwerty y=t
	Row 003: x=qwerty y=r
	Row 004: x=qwerty y=e
	Row 005: x=qwerty y=w
	Row 006: x=qwerty y=q
----------------------------------------------------
OK
====================================================
Timing: 0.003 sec
====================================================
Testing: set_07_0B
Query: ?$x $y age(Tom,y) && x : (y-2)..20;
Result: true
Solutions (1):
	Solution 000: !age(Tom,12.0); 0 B
Values (11):
	Row 001: x=20.0 y=12.0
	Row 002: x=19.0 y=12.0
	Row 003: x=18.0 y=12.0
	Row 004: x=17.0 y=12.0
	Row 005: x=16.0 y=12.0
	Row 006: x=15.0 y=12.0
	Row 007: x=14.0 y=12.0
	Row 008: x=13.0 y=12.0
	Row 009: x=12.0 y=12.0
	Row 010: x=11.0 y=12.0
	Row 011: x=10.0 y=12.0
----------------------------------------------------
OK
====================================================
Timing: 0.004 sec
====================================================
Testing: set_07_0C
Query: ?$x x : 1..10  3;
Result: true
Values (4):
	Row 001: x=10.0
	Row 002: x=7.0
	Row 003: x=4.0
	Row 004: x=1.0
----------------------------------------------------
OK
====================================================
Timing: 0.002 sec
====================================================
Testing: set_08_01
PROCESS 1 STRT: 0/0
PROCESS 3 STRT: 0/0
PROCESS 2 STRT: 0/0
PROCESS 2 STOP: 13/13
PROCESS 3 STOP: 13/26
PROCESS 1 STOP: 13/39
PROCESSES STOP: 39
Query: ?$x $y value(1, x, y);
Result: true
Solutions (39):
	Solution 000: !value(1.0,0.0,1000.0); 0 B
	Solution 001: !value(1.0,0.0,2000.0); 0 B
	Solution 002: !value(1.0,0.0,3000.0); 0 B
	Solution 003: !value(1.0,1.0,1001.0); 0 B
	Solution 004: !value(1.0,2.0,1002.0); 0 B
	Solution 005: !value(1.0,1.0,3001.0); 0 B
	Solution 006: !value(1.0,1.0,2001.0); 0 B
	Solution 007: !value(1.0,2.0,3002.0); 0 B
	Solution 008: !value(1.0,2.0,2002.0); 0 B
	Solution 009: !value(1.0,3.0,1003.0); 0 B
	Solution 010: !value(1.0,3.0,3003.0); 0 B
	Solution 011: !value(1.0,4.0,1004.0); 0 B
	Solution 012: !value(1.0,3.0,2003.0); 0 B
	Solution 013: !value(1.0,4.0,3004.0); 0 B
	Solution 014: !value(1.0,4.0,2004.0); 0 B
	Solution 015: !value(1.0,5.0,1005.0); 0 B
	Solution 016: !value(1.0,5.0,3005.0); 0 B
	Solution 017: !value(1.0,5.0,2005.0); 0 B
	Solution 018: !value(1.0,6.0,1006.0); 0 B
	Solution 019: !value(1.0,6.0,3006.0); 0 B
	Solution 020: !value(1.0,6.0,2006.0); 0 B
	Solution 021: !value(1.0,7.0,1007.0); 0 B
	Solution 022: !value(1.0,7.0,3007.0); 0 B
	Solution 023: !value(1.0,7.0,2007.0); 0 B
	Solution 024: !value(1.0,8.0,1008.0); 0 B
	Solution 025: !value(1.0,8.0,3008.0); 0 B
	Solution 026: !value(1.0,8.0,2008.0); 0 B
	Solution 027: !value(1.0,9.0,1009.0); 0 B
	Solution 028: !value(1.0,9.0,3009.0); 0 B
	Solution 029: !value(1.0,9.0,2009.0); 0 B
	Solution 030: !value(1.0,10.0,1010.0); 0 B
	Solution 031: !value(1.0,10.0,3010.0); 0 B
	Solution 032: !value(1.0,10.0,2010.0); 0 B
	Solution 033: !value(1.0,11.0,3011.0); 0 B
	Solution 034: !value(1.0,11.0,2011.0); 0 B
	Solution 035: !value(1.0,11.0,1011.0); 0 B
	Solution 036: !value(1.0,12.0,3012.0); 0 B
	Solution 037: !value(1.0,12.0,2012.0); 0 B
	Solution 038: !value(1.0,12.0,1012.0); 0 B
Values (39):
	Row 001: x=0.0 y=1000.0
	Row 002: x=0.0 y=2000.0
	Row 003: x=0.0 y=3000.0
	Row 004: x=1.0 y=1001.0
	Row 005: x=2.0 y=1002.0
	Row 006: x=1.0 y=3001.0
	Row 007: x=1.0 y=2001.0
	Row 008: x=2.0 y=3002.0
	Row 009: x=2.0 y=2002.0
	Row 010: x=3.0 y=1003.0
	Row 011: x=3.0 y=3003.0
	Row 012: x=4.0 y=1004.0
	Row 013: x=3.0 y=2003.0
	Row 014: x=4.0 y=3004.0
	Row 015: x=4.0 y=2004.0
	Row 016: x=5.0 y=1005.0
	Row 017: x=5.0 y=3005.0
	Row 018: x=5.0 y=2005.0
	Row 019: x=6.0 y=1006.0
	Row 020: x=6.0 y=3006.0
	Row 021: x=6.0 y=2006.0
	Row 022: x=7.0 y=1007.0
	Row 023: x=7.0 y=3007.0
	Row 024: x=7.0 y=2007.0
	Row 025: x=8.0 y=1008.0
	Row 026: x=8.0 y=3008.0
	Row 027: x=8.0 y=2008.0
	Row 028: x=9.0 y=1009.0
	Row 029: x=9.0 y=3009.0
	Row 030: x=9.0 y=2009.0
	Row 031: x=10.0 y=1010.0
	Row 032: x=10.0 y=3010.0
	Row 033: x=10.0 y=2010.0
	Row 034: x=11.0 y=3011.0
	Row 035: x=11.0 y=2011.0
	Row 036: x=11.0 y=1011.0
	Row 037: x=12.0 y=3012.0
	Row 038: x=12.0 y=2012.0
	Row 039: x=12.0 y=1012.0
----------------------------------------------------
OK
====================================================
Timing: 0.027 sec
====================================================
Testing: set_08_02
PROCESS 3 STRT: 0/0
PROCESS 2 STRT: 0/0
PROCESS 4 STRT: 0/0
PROCESS 1 STRT: 0/0
PROCESS 3 STOP: 165/165
PROCESS 2 STOP: 165/330
PROCESS 4 STOP: 164/494
PROCESS 1 ROLLED BACK
PROCESS 1 STOP: 165/494
PROCESSES STOP: 494
Query: ?$x $y value(1, x, y);
Result: true
Solutions (493):
	Solution 000: !value(1.0,0.0,3000.0); 0 B
	Solution 001: !value(1.0,0.0,4000.0); 0 B
	Solution 002: !value(1.0,0.0,2000.0); 0 B
	Solution 004: !value(1.0,1.0,3001.0); 0 B
	Solution 006: !value(1.0,1.0,2001.0); 0 B
	Solution 007: !value(1.0,2.0,3002.0); 0 B
	Solution 008: !value(1.0,1.0,4001.0); 0 B
	Solution 009: !value(1.0,2.0,2002.0); 0 B
	Solution 011: !value(1.0,2.0,4002.0); 0 B
	Solution 013: !value(1.0,3.0,4003.0); 0 B
	Solution 014: !value(1.0,3.0,2003.0); 0 B
	Solution 015: !value(1.0,3.0,3003.0); 0 B
	Solution 016: !value(1.0,4.0,4004.0); 0 B
	Solution 017: !value(1.0,4.0,2004.0); 0 B
	Solution 019: !value(1.0,5.0,4005.0); 0 B
	Solution 020: !value(1.0,5.0,2005.0); 0 B
	Solution 021: !value(1.0,6.0,4006.0); 0 B
	Solution 022: !value(1.0,4.0,3004.0); 0 B
	Solution 023: !value(1.0,6.0,2006.0); 0 B
	Solution 025: !value(1.0,5.0,3005.0); 0 B
	Solution 026: !value(1.0,7.0,2007.0); 0 B
	Solution 027: !value(1.0,7.0,4007.0); 0 B
	Solution 028: !value(1.0,8.0,2008.0); 0 B
	Solution 029: !value(1.0,6.0,3006.0); 0 B
	Solution 030: !value(1.0,7.0,3007.0); 0 B
	Solution 032: !value(1.0,9.0,2009.0); 0 B
	Solution 033: !value(1.0,8.0,4008.0); 0 B
	Solution 034: !value(1.0,8.0,3008.0); 0 B
	Solution 035: !value(1.0,9.0,3009.0); 0 B
	Solution 036: !value(1.0,9.0,4009.0); 0 B
	Solution 037: !value(1.0,10.0,3010.0); 0 B
	Solution 039: !value(1.0,10.0,4010.0); 0 B
	Solution 040: !value(1.0,11.0,3011.0); 0 B
	Solution 041: !value(1.0,10.0,2010.0); 0 B
	Solution 042: !value(1.0,12.0,3012.0); 0 B
	Solution 043: !value(1.0,11.0,4011.0); 0 B
	Solution 044: !value(1.0,11.0,2011.0); 0 B
	Solution 046: !value(1.0,13.0,3013.0); 0 B
	Solution 047: !value(1.0,14.0,3014.0); 0 B
	Solution 048: !value(1.0,12.0,4012.0); 0 B
	Solution 049: !value(1.0,12.0,2012.0); 0 B
	Solution 050: !value(1.0,15.0,3015.0); 0 B
	Solution 051: !value(1.0,13.0,4013.0); 0 B
	Solution 052: !value(1.0,13.0,2013.0); 0 B
	Solution 054: !value(1.0,16.0,3016.0); 0 B
	Solution 055: !value(1.0,14.0,4014.0); 0 B
	Solution 056: !value(1.0,15.0,4015.0); 0 B
	Solution 058: !value(1.0,14.0,2014.0); 0 B
	Solution 059: !value(1.0,15.0,2015.0); 0 B
	Solution 060: !value(1.0,17.0,3017.0); 0 B
	Solution 061: !value(1.0,16.0,4016.0); 0 B
	Solution 063: !value(1.0,17.0,4017.0); 0 B
	Solution 064: !value(1.0,18.0,3018.0); 0 B
	Solution 065: !value(1.0,16.0,2016.0); 0 B
	Solution 067: !value(1.0,18.0,4018.0); 0 B
	Solution 068: !value(1.0,19.0,3019.0); 0 B
	Solution 069: !value(1.0,17.0,2017.0); 0 B
	Solution 070: !value(1.0,20.0,3020.0); 0 B
	Solution 072: !value(1.0,19.0,4019.0); 0 B
	Solution 073: !value(1.0,18.0,2018.0); 0 B
	Solution 074: !value(1.0,21.0,3021.0); 0 B
	Solution 076: !value(1.0,19.0,2019.0); 0 B
	Solution 077: !value(1.0,22.0,3022.0); 0 B
	Solution 079: !value(1.0,20.0,4020.0); 0 B
	Solution 080: !value(1.0,20.0,2020.0); 0 B
	Solution 081: !value(1.0,23.0,3023.0); 0 B
	Solution 082: !value(1.0,21.0,4021.0); 0 B
	Solution 084: !value(1.0,21.0,2021.0); 0 B
	Solution 085: !value(1.0,24.0,3024.0); 0 B
	Solution 086: !value(1.0,22.0,2022.0); 0 B
	Solution 088: !value(1.0,25.0,3025.0); 0 B
	Solution 089: !value(1.0,22.0,4022.0); 0 B
	Solution 090: !value(1.0,23.0,2023.0); 0 B
	Solution 091: !value(1.0,26.0,3026.0); 0 B
	Solution 092: !value(1.0,24.0,2024.0); 0 B
	Solution 094: !value(1.0,23.0,4023.0); 0 B
	Solution 095: !value(1.0,27.0,3027.0); 0 B
	Solution 096: !value(1.0,25.0,2025.0); 0 B
	Solution 099: !value(1.0,24.0,4024.0); 0 B
	Solution 100: !value(1.0,28.0,3028.0); 0 B
	Solution 101: !value(1.0,26.0,2026.0); 0 B
	Solution 102: !value(1.0,25.0,4025.0); 0 B
	Solution 103: !value(1.0,29.0,3029.0); 0 B
	Solution 105: !value(1.0,26.0,4026.0); 0 B
	Solution 106: !value(1.0,27.0,2027.0); 0 B
	Solution 107: !value(1.0,30.0,3030.0); 0 B
	Solution 108: !value(1.0,27.0,4027.0); 0 B
	Solution 110: !value(1.0,28.0,2028.0); 0 B
	Solution 111: !value(1.0,31.0,3031.0); 0 B
	Solution 112: !value(1.0,28.0,4028.0); 0 B
	Solution 113: !value(1.0,32.0,3032.0); 0 B
	Solution 114: !value(1.0,29.0,2029.0); 0 B
	Solution 115: !value(1.0,33.0,3033.0); 0 B
	Solution 117: !value(1.0,29.0,4029.0); 0 B
	Solution 118: !value(1.0,34.0,3034.0); 0 B
	Solution 119: !value(1.0,30.0,2030.0); 0 B
	Solution 120: !value(1.0,30.0,4030.0); 0 B
	Solution 121: !value(1.0,31.0,2031.0); 0 B
	Solution 123: !value(1.0,35.0,3035.0); 0 B
	Solution 124: !value(1.0,31.0,4031.0); 0 B
	Solution 125: !value(1.0,32.0,2032.0); 0 B
	Solution 126: !value(1.0,36.0,3036.0); 0 B
	Solution 127: !value(1.0,32.0,4032.0); 0 B
	Solution 129: !value(1.0,37.0,3037.0); 0 B
	Solution 130: !value(1.0,33.0,2033.0); 0 B
	Solution 131: !value(1.0,33.0,4033.0); 0 B
	Solution 132: !value(1.0,38.0,3038.0); 0 B
	Solution 134: !value(1.0,34.0,2034.0); 0 B
	Solution 135: !value(1.0,34.0,4034.0); 0 B
	Solution 136: !value(1.0,39.0,3039.0); 0 B
	Solution 137: !value(1.0,35.0,2035.0); 0 B
	Solution 139: !value(1.0,40.0,3040.0); 0 B
	Solution 140: !value(1.0,35.0,4035.0); 0 B
	Solution 141: !value(1.0,36.0,2036.0); 0 B
	Solution 142: !value(1.0,41.0,3041.0); 0 B
	Solution 143: !value(1.0,36.0,4036.0); 0 B
	Solution 144: !value(1.0,42.0,3042.0); 0 B
	Solution 146: !value(1.0,37.0,2037.0); 0 B
	Solution 147: !value(1.0,43.0,3043.0); 0 B
	Solution 148: !value(1.0,37.0,4037.0); 0 B
	Solution 150: !value(1.0,38.0,2038.0); 0 B
	Solution 151: !value(1.0,44.0,3044.0); 0 B
	Solution 153: !value(1.0,39.0,2039.0); 0 B
	Solution 154: !value(1.0,45.0,3045.0); 0 B
	Solution 155: !value(1.0,38.0,4038.0); 0 B
	Solution 156: !value(1.0,46.0,3046.0); 0 B
	Solution 157: !value(1.0,39.0,4039.0); 0 B
	Solution 158: !value(1.0,47.0,3047.0); 0 B
	Solution 160: !value(1.0,40.0,2040.0); 0 B
	Solution 161: !value(1.0,48.0,3048.0); 0 B
	Solution 162: !value(1.0,40.0,4040.0); 0 B
	Solution 164: !value(1.0,41.0,2041.0); 0 B
	Solution 165: !value(1.0,49.0,3049.0); 0 B
	Solution 167: !value(1.0,41.0,4041.0); 0 B
	Solution 168: !value(1.0,42.0,2042.0); 0 B
	Solution 169: !value(1.0,50.0,3050.0); 0 B
	Solution 170: !value(1.0,42.0,4042.0); 0 B
	Solution 171: !value(1.0,51.0,3051.0); 0 B
	Solution 173: !value(1.0,43.0,2043.0); 0 B
	Solution 174: !value(1.0,43.0,4043.0); 0 B
	Solution 175: !value(1.0,52.0,3052.0); 0 B
	Solution 176: !value(1.0,44.0,2044.0); 0 B
	Solution 178: !value(1.0,53.0,3053.0); 0 B
	Solution 179: !value(1.0,44.0,4044.0); 0 B
	Solution 180: !value(1.0,54.0,3054.0); 0 B
	Solution 182: !value(1.0,45.0,4045.0); 0 B
	Solution 183: !value(1.0,45.0,2045.0); 0 B
	Solution 184: !value(1.0,55.0,3055.0); 0 B
	Solution 186: !value(1.0,56.0,3056.0); 0 B
	Solution 187: !value(1.0,46.0,2046.0); 0 B
	Solution 188: !value(1.0,46.0,4046.0); 0 B
	Solution 190: !value(1.0,57.0,3057.0); 0 B
	Solution 191: !value(1.0,47.0,2047.0); 0 B
	Solution 192: !value(1.0,47.0,4047.0); 0 B
	Solution 193: !value(1.0,58.0,3058.0); 0 B
	Solution 195: !value(1.0,48.0,2048.0); 0 B
	Solution 196: !value(1.0,59.0,3059.0); 0 B
	Solution 197: !value(1.0,48.0,4048.0); 0 B
	Solution 198: !value(1.0,49.0,2049.0); 0 B
	Solution 199: !value(1.0,60.0,3060.0); 0 B
	Solution 201: !value(1.0,49.0,4049.0); 0 B
	Solution 202: !value(1.0,50.0,2050.0); 0 B
	Solution 204: !value(1.0,61.0,3061.0); 0 B
	Solution 205: !value(1.0,50.0,4050.0); 0 B
	Solution 206: !value(1.0,51.0,2051.0); 0 B
	Solution 208: !value(1.0,62.0,3062.0); 0 B
	Solution 209: !value(1.0,51.0,4051.0); 0 B
	Solution 210: !value(1.0,63.0,3063.0); 0 B
	Solution 212: !value(1.0,64.0,3064.0); 0 B
	Solution 213: !value(1.0,52.0,2052.0); 0 B
	Solution 215: !value(1.0,52.0,4052.0); 0 B
	Solution 216: !value(1.0,65.0,3065.0); 0 B
	Solution 217: !value(1.0,53.0,2053.0); 0 B
	Solution 219: !value(1.0,53.0,4053.0); 0 B
	Solution 220: !value(1.0,66.0,3066.0); 0 B
	Solution 221: !value(1.0,54.0,2054.0); 0 B
	Solution 222: !value(1.0,55.0,2055.0); 0 B
	Solution 224: !value(1.0,67.0,3067.0); 0 B
	Solution 225: !value(1.0,54.0,4054.0); 0 B
	Solution 226: !value(1.0,56.0,2056.0); 0 B
	Solution 227: !value(1.0,68.0,3068.0); 0 B
	Solution 228: !value(1.0,55.0,4055.0); 0 B
	Solution 229: !value(1.0,57.0,2057.0); 0 B
	Solution 231: !value(1.0,69.0,3069.0); 0 B
	Solution 232: !value(1.0,56.0,4056.0); 0 B
	Solution 233: !value(1.0,58.0,2058.0); 0 B
	Solution 234: !value(1.0,57.0,4057.0); 0 B
	Solution 236: !value(1.0,59.0,2059.0); 0 B
	Solution 237: !value(1.0,70.0,3070.0); 0 B
	Solution 238: !value(1.0,58.0,4058.0); 0 B
	Solution 239: !value(1.0,60.0,2060.0); 0 B
	Solution 241: !value(1.0,71.0,3071.0); 0 B
	Solution 242: !value(1.0,61.0,2061.0); 0 B
	Solution 244: !value(1.0,72.0,3072.0); 0 B
	Solution 245: !value(1.0,62.0,2062.0); 0 B
	Solution 247: !value(1.0,73.0,3073.0); 0 B
	Solution 248: !value(1.0,59.0,4059.0); 0 B
	Solution 249: !value(1.0,63.0,2063.0); 0 B
	Solution 250: !value(1.0,74.0,3074.0); 0 B
	Solution 251: !value(1.0,60.0,4060.0); 0 B
	Solution 252: !value(1.0,64.0,2064.0); 0 B
	Solution 254: !value(1.0,75.0,3075.0); 0 B
	Solution 255: !value(1.0,61.0,4061.0); 0 B
	Solution 256: !value(1.0,65.0,2065.0); 0 B
	Solution 258: !value(1.0,76.0,3076.0); 0 B
	Solution 259: !value(1.0,62.0,4062.0); 0 B
	Solution 260: !value(1.0,66.0,2066.0); 0 B
	Solution 261: !value(1.0,77.0,3077.0); 0 B
	Solution 263: !value(1.0,63.0,4063.0); 0 B
	Solution 264: !value(1.0,67.0,2067.0); 0 B
	Solution 265: !value(1.0,78.0,3078.0); 0 B
	Solution 266: !value(1.0,64.0,4064.0); 0 B
	Solution 268: !value(1.0,68.0,2068.0); 0 B
	Solution 269: !value(1.0,79.0,3079.0); 0 B
	Solution 270: !value(1.0,65.0,4065.0); 0 B
	Solution 272: !value(1.0,80.0,3080.0); 0 B
	Solution 273: !value(1.0,69.0,2069.0); 0 B
	Solution 274: !value(1.0,66.0,4066.0); 0 B
	Solution 275: !value(1.0,81.0,3081.0); 0 B
	Solution 277: !value(1.0,70.0,2070.0); 0 B
	Solution 278: !value(1.0,67.0,4067.0); 0 B
	Solution 279: !value(1.0,82.0,3082.0); 0 B
	Solution 281: !value(1.0,71.0,2071.0); 0 B
	Solution 282: !value(1.0,83.0,3083.0); 0 B
	Solution 284: !value(1.0,68.0,4068.0); 0 B
	Solution 285: !value(1.0,84.0,3084.0); 0 B
	Solution 286: !value(1.0,72.0,2072.0); 0 B
	Solution 287: !value(1.0,69.0,4069.0); 0 B
	Solution 289: !value(1.0,85.0,3085.0); 0 B
	Solution 290: !value(1.0,73.0,2073.0); 0 B
	Solution 291: !value(1.0,70.0,4070.0); 0 B
	Solution 292: !value(1.0,86.0,3086.0); 0 B
	Solution 294: !value(1.0,74.0,2074.0); 0 B
	Solution 295: !value(1.0,71.0,4071.0); 0 B
	Solution 296: !value(1.0,87.0,3087.0); 0 B
	Solution 298: !value(1.0,75.0,2075.0); 0 B
	Solution 299: !value(1.0,72.0,4072.0); 0 B
	Solution 300: !value(1.0,88.0,3088.0); 0 B
	Solution 301: !value(1.0,76.0,2076.0); 0 B
	Solution 302: !value(1.0,89.0,3089.0); 0 B
	Solution 304: !value(1.0,73.0,4073.0); 0 B
	Solution 305: !value(1.0,77.0,2077.0); 0 B
	Solution 306: !value(1.0,90.0,3090.0); 0 B
	Solution 307: !value(1.0,74.0,4074.0); 0 B
	Solution 308: !value(1.0,91.0,3091.0); 0 B
	Solution 310: !value(1.0,78.0,2078.0); 0 B
	Solution 311: !value(1.0,75.0,4075.0); 0 B
	Solution 312: !value(1.0,92.0,3092.0); 0 B
	Solution 314: !value(1.0,79.0,2079.0); 0 B
	Solution 315: !value(1.0,76.0,4076.0); 0 B
	Solution 317: !value(1.0,93.0,3093.0); 0 B
	Solution 318: !value(1.0,80.0,2080.0); 0 B
	Solution 319: !value(1.0,77.0,4077.0); 0 B
	Solution 320: !value(1.0,94.0,3094.0); 0 B
	Solution 322: !value(1.0,81.0,2081.0); 0 B
	Solution 323: !value(1.0,78.0,4078.0); 0 B
	Solution 324: !value(1.0,95.0,3095.0); 0 B
	Solution 325: !value(1.0,82.0,2082.0); 0 B
	Solution 327: !value(1.0,79.0,4079.0); 0 B
	Solution 328: !value(1.0,96.0,3096.0); 0 B
	Solution 329: !value(1.0,83.0,2083.0); 0 B
	Solution 331: !value(1.0,80.0,4080.0); 0 B
	Solution 332: !value(1.0,97.0,3097.0); 0 B
	Solution 334: !value(1.0,84.0,2084.0); 0 B
	Solution 335: !value(1.0,81.0,4081.0); 0 B
	Solution 336: !value(1.0,98.0,3098.0); 0 B
	Solution 338: !value(1.0,85.0,2085.0); 0 B
	Solution 339: !value(1.0,82.0,4082.0); 0 B
	Solution 340: !value(1.0,99.0,3099.0); 0 B
	Solution 341: !value(1.0,86.0,2086.0); 0 B
	Solution 343: !value(1.0,83.0,4083.0); 0 B
	Solution 344: !value(1.0,100.0,3100.0); 0 B
	Solution 345: !value(1.0,84.0,4084.0); 0 B
	Solution 346: !value(1.0,87.0,2087.0); 0 B
	Solution 347: !value(1.0,101.0,3101.0); 0 B
	Solution 349: !value(1.0,88.0,2088.0); 0 B
	Solution 350: !value(1.0,85.0,4085.0); 0 B
	Solution 351: !value(1.0,102.0,3102.0); 0 B
	Solution 353: !value(1.0,86.0,4086.0); 0 B
	Solution 354: !value(1.0,89.0,2089.0); 0 B
	Solution 355: !value(1.0,103.0,3103.0); 0 B
	Solution 356: !value(1.0,87.0,4087.0); 0 B
	Solution 358: !value(1.0,90.0,2090.0); 0 B
	Solution 359: !value(1.0,104.0,3104.0); 0 B
	Solution 360: !value(1.0,88.0,4088.0); 0 B
	Solution 362: !value(1.0,91.0,2091.0); 0 B
	Solution 363: !value(1.0,105.0,3105.0); 0 B
	Solution 364: !value(1.0,89.0,4089.0); 0 B
	Solution 366: !value(1.0,106.0,3106.0); 0 B
	Solution 367: !value(1.0,92.0,2092.0); 0 B
	Solution 368: !value(1.0,90.0,4090.0); 0 B
	Solution 369: !value(1.0,107.0,3107.0); 0 B
	Solution 371: !value(1.0,93.0,2093.0); 0 B
	Solution 372: !value(1.0,91.0,4091.0); 0 B
	Solution 374: !value(1.0,108.0,3108.0); 0 B
	Solution 375: !value(1.0,94.0,2094.0); 0 B
	Solution 376: !value(1.0,92.0,4092.0); 0 B
	Solution 377: !value(1.0,109.0,3109.0); 0 B
	Solution 379: !value(1.0,95.0,2095.0); 0 B
	Solution 380: !value(1.0,93.0,4093.0); 0 B
	Solution 381: !value(1.0,110.0,3110.0); 0 B
	Solution 383: !value(1.0,94.0,4094.0); 0 B
	Solution 384: !value(1.0,96.0,2096.0); 0 B
	Solution 385: !value(1.0,111.0,3111.0); 0 B
	Solution 387: !value(1.0,112.0,3112.0); 0 B
	Solution 388: !value(1.0,95.0,4095.0); 0 B
	Solution 389: !value(1.0,97.0,2097.0); 0 B
	Solution 390: !value(1.0,113.0,3113.0); 0 B
	Solution 392: !value(1.0,96.0,4096.0); 0 B
	Solution 393: !value(1.0,98.0,2098.0); 0 B
	Solution 394: !value(1.0,114.0,3114.0); 0 B
	Solution 395: !value(1.0,97.0,4097.0); 0 B
	Solution 397: !value(1.0,99.0,2099.0); 0 B
	Solution 398: !value(1.0,115.0,3115.0); 0 B
	Solution 399: !value(1.0,98.0,4098.0); 0 B
	Solution 401: !value(1.0,116.0,3116.0); 0 B
	Solution 402: !value(1.0,100.0,2100.0); 0 B
	Solution 403: !value(1.0,99.0,4099.0); 0 B
	Solution 404: !value(1.0,117.0,3117.0); 0 B
	Solution 406: !value(1.0,100.0,4100.0); 0 B
	Solution 407: !value(1.0,101.0,2101.0); 0 B
	Solution 408: !value(1.0,118.0,3118.0); 0 B
	Solution 410: !value(1.0,101.0,4101.0); 0 B
	Solution 411: !value(1.0,102.0,2102.0); 0 B
	Solution 413: !value(1.0,119.0,3119.0); 0 B
	Solution 414: !value(1.0,102.0,4102.0); 0 B
	Solution 415: !value(1.0,103.0,2103.0); 0 B
	Solution 416: !value(1.0,120.0,3120.0); 0 B
	Solution 418: !value(1.0,103.0,4103.0); 0 B
	Solution 419: !value(1.0,104.0,2104.0); 0 B
	Solution 420: !value(1.0,121.0,3121.0); 0 B
	Solution 422: !value(1.0,104.0,4104.0); 0 B
	Solution 423: !value(1.0,105.0,2105.0); 0 B
	Solution 424: !value(1.0,122.0,3122.0); 0 B
	Solution 426: !value(1.0,105.0,4105.0); 0 B
	Solution 427: !value(1.0,106.0,2106.0); 0 B
	Solution 428: !value(1.0,123.0,3123.0); 0 B
	Solution 430: !value(1.0,106.0,4106.0); 0 B
	Solution 431: !value(1.0,107.0,2107.0); 0 B
	Solution 433: !value(1.0,107.0,4107.0); 0 B
	Solution 434: !value(1.0,124.0,3124.0); 0 B
	Solution 435: !value(1.0,108.0,2108.0); 0 B
	Solution 437: !value(1.0,108.0,4108.0); 0 B
	Solution 438: !value(1.0,109.0,2109.0); 0 B
	Solution 440: !value(1.0,125.0,3125.0); 0 B
	Solution 441: !value(1.0,109.0,4109.0); 0 B
	Solution 443: !value(1.0,110.0,2110.0); 0 B
	Solution 445: !value(1.0,126.0,3126.0); 0 B
	Solution 446: !value(1.0,110.0,4110.0); 0 B
	Solution 447: !value(1.0,111.0,2111.0); 0 B
	Solution 449: !value(1.0,127.0,3127.0); 0 B
	Solution 450: !value(1.0,112.0,2112.0); 0 B
	Solution 451: !value(1.0,111.0,4111.0); 0 B
	Solution 453: !value(1.0,128.0,3128.0); 0 B
	Solution 454: !value(1.0,113.0,2113.0); 0 B
	Solution 456: !value(1.0,112.0,4112.0); 0 B
	Solution 457: !value(1.0,129.0,3129.0); 0 B
	Solution 459: !value(1.0,114.0,2114.0); 0 B
	Solution 460: !value(1.0,113.0,4113.0); 0 B
	Solution 461: !value(1.0,130.0,3130.0); 0 B
	Solution 463: !value(1.0,115.0,2115.0); 0 B
	Solution 464: !value(1.0,114.0,4114.0); 0 B
	Solution 465: !value(1.0,131.0,3131.0); 0 B
	Solution 467: !value(1.0,116.0,2116.0); 0 B
	Solution 468: !value(1.0,115.0,4115.0); 0 B
	Solution 469: !value(1.0,132.0,3132.0); 0 B
	Solution 471: !value(1.0,117.0,2117.0); 0 B
	Solution 472: !value(1.0,133.0,3133.0); 0 B
	Solution 474: !value(1.0,116.0,4116.0); 0 B
	Solution 475: !value(1.0,118.0,2118.0); 0 B
	Solution 476: !value(1.0,134.0,3134.0); 0 B
	Solution 478: !value(1.0,117.0,4117.0); 0 B
	Solution 479: !value(1.0,119.0,2119.0); 0 B
	Solution 480: !value(1.0,135.0,3135.0); 0 B
	Solution 482: !value(1.0,118.0,4118.0); 0 B
	Solution 483: !value(1.0,120.0,2120.0); 0 B
	Solution 484: !value(1.0,136.0,3136.0); 0 B
	Solution 486: !value(1.0,119.0,4119.0); 0 B
	Solution 487: !value(1.0,121.0,2121.0); 0 B
	Solution 488: !value(1.0,137.0,3137.0); 0 B
	Solution 490: !value(1.0,120.0,4120.0); 0 B
	Solution 491: !value(1.0,122.0,2122.0); 0 B
	Solution 492: !value(1.0,138.0,3138.0); 0 B
	Solution 494: !value(1.0,121.0,4121.0); 0 B
	Solution 495: !value(1.0,123.0,2123.0); 0 B
	Solution 496: !value(1.0,139.0,3139.0); 0 B
	Solution 498: !value(1.0,122.0,4122.0); 0 B
	Solution 499: !value(1.0,124.0,2124.0); 0 B
	Solution 500: !value(1.0,140.0,3140.0); 0 B
	Solution 501: !value(1.0,123.0,4123.0); 0 B
	Solution 503: !value(1.0,141.0,3141.0); 0 B
	Solution 504: !value(1.0,125.0,2125.0); 0 B
	Solution 505: !value(1.0,124.0,4124.0); 0 B
	Solution 506: !value(1.0,142.0,3142.0); 0 B
	Solution 508: !value(1.0,126.0,2126.0); 0 B
	Solution 509: !value(1.0,143.0,3143.0); 0 B
	Solution 510: !value(1.0,127.0,2127.0); 0 B
	Solution 511: !value(1.0,144.0,3144.0); 0 B
	Solution 512: !value(1.0,125.0,4125.0); 0 B
	Solution 514: !value(1.0,128.0,2128.0); 0 B
	Solution 515: !value(1.0,145.0,3145.0); 0 B
	Solution 516: !value(1.0,126.0,4126.0); 0 B
	Solution 518: !value(1.0,129.0,2129.0); 0 B
	Solution 519: !value(1.0,146.0,3146.0); 0 B
	Solution 520: !value(1.0,127.0,4127.0); 0 B
	Solution 521: !value(1.0,130.0,2130.0); 0 B
	Solution 523: !value(1.0,147.0,3147.0); 0 B
	Solution 525: !value(1.0,131.0,2131.0); 0 B
	Solution 526: !value(1.0,128.0,4128.0); 0 B
	Solution 527: !value(1.0,148.0,3148.0); 0 B
	Solution 529: !value(1.0,132.0,2132.0); 0 B
	Solution 530: !value(1.0,129.0,4129.0); 0 B
	Solution 531: !value(1.0,149.0,3149.0); 0 B
	Solution 533: !value(1.0,133.0,2133.0); 0 B
	Solution 534: !value(1.0,150.0,3150.0); 0 B
	Solution 535: !value(1.0,130.0,4130.0); 0 B
	Solution 536: !value(1.0,134.0,2134.0); 0 B
	Solution 538: !value(1.0,151.0,3151.0); 0 B
	Solution 539: !value(1.0,131.0,4131.0); 0 B
	Solution 541: !value(1.0,135.0,2135.0); 0 B
	Solution 542: !value(1.0,152.0,3152.0); 0 B
	Solution 544: !value(1.0,132.0,4132.0); 0 B
	Solution 545: !value(1.0,136.0,2136.0); 0 B
	Solution 546: !value(1.0,153.0,3153.0); 0 B
	Solution 548: !value(1.0,133.0,4133.0); 0 B
	Solution 549: !value(1.0,137.0,2137.0); 0 B
	Solution 550: !value(1.0,154.0,3154.0); 0 B
	Solution 552: !value(1.0,134.0,4134.0); 0 B
	Solution 553: !value(1.0,138.0,2138.0); 0 B
	Solution 554: !value(1.0,155.0,3155.0); 0 B
	Solution 556: !value(1.0,135.0,4135.0); 0 B
	Solution 557: !value(1.0,139.0,2139.0); 0 B
	Solution 558: !value(1.0,156.0,3156.0); 0 B
	Solution 560: !value(1.0,136.0,4136.0); 0 B
	Solution 561: !value(1.0,140.0,2140.0); 0 B
	Solution 562: !value(1.0,157.0,3157.0); 0 B
	Solution 564: !value(1.0,137.0,4137.0); 0 B
	Solution 565: !value(1.0,141.0,2141.0); 0 B
	Solution 566: !value(1.0,158.0,3158.0); 0 B
	Solution 568: !value(1.0,138.0,4138.0); 0 B
	Solution 569: !value(1.0,142.0,2142.0); 0 B
	Solution 570: !value(1.0,159.0,3159.0); 0 B
	Solution 572: !value(1.0,139.0,4139.0); 0 B
	Solution 573: !value(1.0,160.0,3160.0); 0 B
	Solution 574: !value(1.0,143.0,2143.0); 0 B
	Solution 576: !value(1.0,140.0,4140.0); 0 B
	Solution 577: !value(1.0,161.0,3161.0); 0 B
	Solution 579: !value(1.0,144.0,2144.0); 0 B
	Solution 580: !value(1.0,141.0,4141.0); 0 B
	Solution 581: !value(1.0,162.0,3162.0); 0 B
	Solution 583: !value(1.0,145.0,2145.0); 0 B
	Solution 584: !value(1.0,142.0,4142.0); 0 B
	Solution 585: !value(1.0,163.0,3163.0); 0 B
	Solution 587: !value(1.0,146.0,2146.0); 0 B
	Solution 588: !value(1.0,143.0,4143.0); 0 B
	Solution 589: !value(1.0,3.0,1003.0); 0 B
	Solution 590: !value(1.0,147.0,2147.0); 0 B
	Solution 592: !value(1.0,144.0,4144.0); 0 B
	Solution 594: !value(1.0,148.0,2148.0); 0 B
	Solution 595: !value(1.0,145.0,4145.0); 0 B
	Solution 597: !value(1.0,149.0,2149.0); 0 B
	Solution 598: !value(1.0,146.0,4146.0); 0 B
	Solution 600: !value(1.0,150.0,2150.0); 0 B
	Solution 601: !value(1.0,147.0,4147.0); 0 B
	Solution 604: !value(1.0,148.0,4148.0); 0 B
	Solution 605: !value(1.0,151.0,2151.0); 0 B
	Solution 607: !value(1.0,152.0,2152.0); 0 B
	Solution 608: !value(1.0,149.0,4149.0); 0 B
	Solution 610: !value(1.0,153.0,2153.0); 0 B
	Solution 612: !value(1.0,150.0,4150.0); 0 B
	Solution 614: !value(1.0,154.0,2154.0); 0 B
	Solution 615: !value(1.0,151.0,4151.0); 0 B
	Solution 617: !value(1.0,155.0,2155.0); 0 B
	Solution 619: !value(1.0,152.0,4152.0); 0 B
	Solution 621: !value(1.0,156.0,2156.0); 0 B
	Solution 622: !value(1.0,153.0,4153.0); 0 B
	Solution 624: !value(1.0,157.0,2157.0); 0 B
	Solution 626: !value(1.0,154.0,4154.0); 0 B
	Solution 627: !value(1.0,158.0,2158.0); 0 B
	Solution 629: !value(1.0,155.0,4155.0); 0 B
	Solution 631: !value(1.0,159.0,2159.0); 0 B
	Solution 633: !value(1.0,156.0,4156.0); 0 B
	Solution 634: !value(1.0,160.0,2160.0); 0 B
	Solution 636: !value(1.0,157.0,4157.0); 0 B
	Solution 637: !value(1.0,161.0,2161.0); 0 B
	Solution 639: !value(1.0,158.0,4158.0); 0 B
	Solution 641: !value(1.0,162.0,2162.0); 0 B
	Solution 643: !value(1.0,159.0,4159.0); 0 B
	Solution 644: !value(1.0,163.0,2163.0); 0 B
	Solution 646: !value(1.0,160.0,4160.0); 0 B
	Solution 650: !value(1.0,161.0,4161.0); 0 B
	Solution 652: !value(1.0,162.0,4162.0); 0 B
	Solution 654: !value(1.0,163.0,4163.0); 0 B
Values (493):
	Row 001: x=0.0 y=3000.0
	Row 002: x=0.0 y=4000.0
	Row 003: x=0.0 y=2000.0
	Row 004: x=1.0 y=3001.0
	Row 005: x=1.0 y=2001.0
	Row 006: x=2.0 y=3002.0
	Row 007: x=1.0 y=4001.0
	Row 008: x=2.0 y=2002.0
	Row 009: x=2.0 y=4002.0
	Row 010: x=3.0 y=4003.0
	Row 011: x=3.0 y=2003.0
	Row 012: x=3.0 y=3003.0
	Row 013: x=4.0 y=4004.0
	Row 014: x=4.0 y=2004.0
	Row 015: x=5.0 y=4005.0
	Row 016: x=5.0 y=2005.0
	Row 017: x=6.0 y=4006.0
	Row 018: x=4.0 y=3004.0
	Row 019: x=6.0 y=2006.0
	Row 020: x=5.0 y=3005.0
	Row 021: x=7.0 y=2007.0
	Row 022: x=7.0 y=4007.0
	Row 023: x=8.0 y=2008.0
	Row 024: x=6.0 y=3006.0
	Row 025: x=7.0 y=3007.0
	Row 026: x=9.0 y=2009.0
	Row 027: x=8.0 y=4008.0
	Row 028: x=8.0 y=3008.0
	Row 029: x=9.0 y=3009.0
	Row 030: x=9.0 y=4009.0
	Row 031: x=10.0 y=3010.0
	Row 032: x=10.0 y=4010.0
	Row 033: x=11.0 y=3011.0
	Row 034: x=10.0 y=2010.0
	Row 035: x=12.0 y=3012.0
	Row 036: x=11.0 y=4011.0
	Row 037: x=11.0 y=2011.0
	Row 038: x=13.0 y=3013.0
	Row 039: x=14.0 y=3014.0
	Row 040: x=12.0 y=4012.0
	Row 041: x=12.0 y=2012.0
	Row 042: x=15.0 y=3015.0
	Row 043: x=13.0 y=4013.0
	Row 044: x=13.0 y=2013.0
	Row 045: x=16.0 y=3016.0
	Row 046: x=14.0 y=4014.0
	Row 047: x=15.0 y=4015.0
	Row 048: x=14.0 y=2014.0
	Row 049: x=15.0 y=2015.0
	Row 050: x=17.0 y=3017.0
	Row 051: x=16.0 y=4016.0
	Row 052: x=17.0 y=4017.0
	Row 053: x=18.0 y=3018.0
	Row 054: x=16.0 y=2016.0
	Row 055: x=18.0 y=4018.0
	Row 056: x=19.0 y=3019.0
	Row 057: x=17.0 y=2017.0
	Row 058: x=20.0 y=3020.0
	Row 059: x=19.0 y=4019.0
	Row 060: x=18.0 y=2018.0
	Row 061: x=21.0 y=3021.0
	Row 062: x=19.0 y=2019.0
	Row 063: x=22.0 y=3022.0
	Row 064: x=20.0 y=4020.0
	Row 065: x=20.0 y=2020.0
	Row 066: x=23.0 y=3023.0
	Row 067: x=21.0 y=4021.0
	Row 068: x=21.0 y=2021.0
	Row 069: x=24.0 y=3024.0
	Row 070: x=22.0 y=2022.0
	Row 071: x=25.0 y=3025.0
	Row 072: x=22.0 y=4022.0
	Row 073: x=23.0 y=2023.0
	Row 074: x=26.0 y=3026.0
	Row 075: x=24.0 y=2024.0
	Row 076: x=23.0 y=4023.0
	Row 077: x=27.0 y=3027.0
	Row 078: x=25.0 y=2025.0
	Row 079: x=24.0 y=4024.0
	Row 080: x=28.0 y=3028.0
	Row 081: x=26.0 y=2026.0
	Row 082: x=25.0 y=4025.0
	Row 083: x=29.0 y=3029.0
	Row 084: x=26.0 y=4026.0
	Row 085: x=27.0 y=2027.0
	Row 086: x=30.0 y=3030.0
	Row 087: x=27.0 y=4027.0
	Row 088: x=28.0 y=2028.0
	Row 089: x=31.0 y=3031.0
	Row 090: x=28.0 y=4028.0
	Row 091: x=32.0 y=3032.0
	Row 092: x=29.0 y=2029.0
	Row 093: x=33.0 y=3033.0
	Row 094: x=29.0 y=4029.0
	Row 095: x=34.0 y=3034.0
	Row 096: x=30.0 y=2030.0
	Row 097: x=30.0 y=4030.0
	Row 098: x=31.0 y=2031.0
	Row 099: x=35.0 y=3035.0
	Row 100: x=31.0 y=4031.0
	Row 101: x=32.0 y=2032.0
	Row 102: x=36.0 y=3036.0
	Row 103: x=32.0 y=4032.0
	Row 104: x=37.0 y=3037.0
	Row 105: x=33.0 y=2033.0
	Row 106: x=33.0 y=4033.0
	Row 107: x=38.0 y=3038.0
	Row 108: x=34.0 y=2034.0
	Row 109: x=34.0 y=4034.0
	Row 110: x=39.0 y=3039.0
	Row 111: x=35.0 y=2035.0
	Row 112: x=40.0 y=3040.0
	Row 113: x=35.0 y=4035.0
	Row 114: x=36.0 y=2036.0
	Row 115: x=41.0 y=3041.0
	Row 116: x=36.0 y=4036.0
	Row 117: x=42.0 y=3042.0
	Row 118: x=37.0 y=2037.0
	Row 119: x=43.0 y=3043.0
	Row 120: x=37.0 y=4037.0
	Row 121: x=38.0 y=2038.0
	Row 122: x=44.0 y=3044.0
	Row 123: x=39.0 y=2039.0
	Row 124: x=45.0 y=3045.0
	Row 125: x=38.0 y=4038.0
	Row 126: x=46.0 y=3046.0
	Row 127: x=39.0 y=4039.0
	Row 128: x=47.0 y=3047.0
	Row 129: x=40.0 y=2040.0
	Row 130: x=48.0 y=3048.0
	Row 131: x=40.0 y=4040.0
	Row 132: x=41.0 y=2041.0
	Row 133: x=49.0 y=3049.0
	Row 134: x=41.0 y=4041.0
	Row 135: x=42.0 y=2042.0
	Row 136: x=50.0 y=3050.0
	Row 137: x=42.0 y=4042.0
	Row 138: x=51.0 y=3051.0
	Row 139: x=43.0 y=2043.0
	Row 140: x=43.0 y=4043.0
	Row 141: x=52.0 y=3052.0
	Row 142: x=44.0 y=2044.0
	Row 143: x=53.0 y=3053.0
	Row 144: x=44.0 y=4044.0
	Row 145: x=54.0 y=3054.0
	Row 146: x=45.0 y=4045.0
	Row 147: x=45.0 y=2045.0
	Row 148: x=55.0 y=3055.0
	Row 149: x=56.0 y=3056.0
	Row 150: x=46.0 y=2046.0
	Row 151: x=46.0 y=4046.0
	Row 152: x=57.0 y=3057.0
	Row 153: x=47.0 y=2047.0
	Row 154: x=47.0 y=4047.0
	Row 155: x=58.0 y=3058.0
	Row 156: x=48.0 y=2048.0
	Row 157: x=59.0 y=3059.0
	Row 158: x=48.0 y=4048.0
	Row 159: x=49.0 y=2049.0
	Row 160: x=60.0 y=3060.0
	Row 161: x=49.0 y=4049.0
	Row 162: x=50.0 y=2050.0
	Row 163: x=61.0 y=3061.0
	Row 164: x=50.0 y=4050.0
	Row 165: x=51.0 y=2051.0
	Row 166: x=62.0 y=3062.0
	Row 167: x=51.0 y=4051.0
	Row 168: x=63.0 y=3063.0
	Row 169: x=64.0 y=3064.0
	Row 170: x=52.0 y=2052.0
	Row 171: x=52.0 y=4052.0
	Row 172: x=65.0 y=3065.0
	Row 173: x=53.0 y=2053.0
	Row 174: x=53.0 y=4053.0
	Row 175: x=66.0 y=3066.0
	Row 176: x=54.0 y=2054.0
	Row 177: x=55.0 y=2055.0
	Row 178: x=67.0 y=3067.0
	Row 179: x=54.0 y=4054.0
	Row 180: x=56.0 y=2056.0
	Row 181: x=68.0 y=3068.0
	Row 182: x=55.0 y=4055.0
	Row 183: x=57.0 y=2057.0
	Row 184: x=69.0 y=3069.0
	Row 185: x=56.0 y=4056.0
	Row 186: x=58.0 y=2058.0
	Row 187: x=57.0 y=4057.0
	Row 188: x=59.0 y=2059.0
	Row 189: x=70.0 y=3070.0
	Row 190: x=58.0 y=4058.0
	Row 191: x=60.0 y=2060.0
	Row 192: x=71.0 y=3071.0
	Row 193: x=61.0 y=2061.0
	Row 194: x=72.0 y=3072.0
	Row 195: x=62.0 y=2062.0
	Row 196: x=73.0 y=3073.0
	Row 197: x=59.0 y=4059.0
	Row 198: x=63.0 y=2063.0
	Row 199: x=74.0 y=3074.0
	Row 200: x=60.0 y=4060.0
	Row 201: x=64.0 y=2064.0
	Row 202: x=75.0 y=3075.0
	Row 203: x=61.0 y=4061.0
	Row 204: x=65.0 y=2065.0
	Row 205: x=76.0 y=3076.0
	Row 206: x=62.0 y=4062.0
	Row 207: x=66.0 y=2066.0
	Row 208: x=77.0 y=3077.0
	Row 209: x=63.0 y=4063.0
	Row 210: x=67.0 y=2067.0
	Row 211: x=78.0 y=3078.0
	Row 212: x=64.0 y=4064.0
	Row 213: x=68.0 y=2068.0
	Row 214: x=79.0 y=3079.0
	Row 215: x=65.0 y=4065.0
	Row 216: x=80.0 y=3080.0
	Row 217: x=69.0 y=2069.0
	Row 218: x=66.0 y=4066.0
	Row 219: x=81.0 y=3081.0
	Row 220: x=70.0 y=2070.0
	Row 221: x=67.0 y=4067.0
	Row 222: x=82.0 y=3082.0
	Row 223: x=71.0 y=2071.0
	Row 224: x=83.0 y=3083.0
	Row 225: x=68.0 y=4068.0
	Row 226: x=84.0 y=3084.0
	Row 227: x=72.0 y=2072.0
	Row 228: x=69.0 y=4069.0
	Row 229: x=85.0 y=3085.0
	Row 230: x=73.0 y=2073.0
	Row 231: x=70.0 y=4070.0
	Row 232: x=86.0 y=3086.0
	Row 233: x=74.0 y=2074.0
	Row 234: x=71.0 y=4071.0
	Row 235: x=87.0 y=3087.0
	Row 236: x=75.0 y=2075.0
	Row 237: x=72.0 y=4072.0
	Row 238: x=88.0 y=3088.0
	Row 239: x=76.0 y=2076.0
	Row 240: x=89.0 y=3089.0
	Row 241: x=73.0 y=4073.0
	Row 242: x=77.0 y=2077.0
	Row 243: x=90.0 y=3090.0
	Row 244: x=74.0 y=4074.0
	Row 245: x=91.0 y=3091.0
	Row 246: x=78.0 y=2078.0
	Row 247: x=75.0 y=4075.0
	Row 248: x=92.0 y=3092.0
	Row 249: x=79.0 y=2079.0
	Row 250: x=76.0 y=4076.0
	Row 251: x=93.0 y=3093.0
	Row 252: x=80.0 y=2080.0
	Row 253: x=77.0 y=4077.0
	Row 254: x=94.0 y=3094.0
	Row 255: x=81.0 y=2081.0
	Row 256: x=78.0 y=4078.0
	Row 257: x=95.0 y=3095.0
	Row 258: x=82.0 y=2082.0
	Row 259: x=79.0 y=4079.0
	Row 260: x=96.0 y=3096.0
	Row 261: x=83.0 y=2083.0
	Row 262: x=80.0 y=4080.0
	Row 263: x=97.0 y=3097.0
	Row 264: x=84.0 y=2084.0
	Row 265: x=81.0 y=4081.0
	Row 266: x=98.0 y=3098.0
	Row 267: x=85.0 y=2085.0
	Row 268: x=82.0 y=4082.0
	Row 269: x=99.0 y=3099.0
	Row 270: x=86.0 y=2086.0
	Row 271: x=83.0 y=4083.0
	Row 272: x=100.0 y=3100.0
	Row 273: x=84.0 y=4084.0
	Row 274: x=87.0 y=2087.0
	Row 275: x=101.0 y=3101.0
	Row 276: x=88.0 y=2088.0
	Row 277: x=85.0 y=4085.0
	Row 278: x=102.0 y=3102.0
	Row 279: x=86.0 y=4086.0
	Row 280: x=89.0 y=2089.0
	Row 281: x=103.0 y=3103.0
	Row 282: x=87.0 y=4087.0
	Row 283: x=90.0 y=2090.0
	Row 284: x=104.0 y=3104.0
	Row 285: x=88.0 y=4088.0
	Row 286: x=91.0 y=2091.0
	Row 287: x=105.0 y=3105.0
	Row 288: x=89.0 y=4089.0
	Row 289: x=106.0 y=3106.0
	Row 290: x=92.0 y=2092.0
	Row 291: x=90.0 y=4090.0
	Row 292: x=107.0 y=3107.0
	Row 293: x=93.0 y=2093.0
	Row 294: x=91.0 y=4091.0
	Row 295: x=108.0 y=3108.0
	Row 296: x=94.0 y=2094.0
	Row 297: x=92.0 y=4092.0
	Row 298: x=109.0 y=3109.0
	Row 299: x=95.0 y=2095.0
	Row 300: x=93.0 y=4093.0
	Row 301: x=110.0 y=3110.0
	Row 302: x=94.0 y=4094.0
	Row 303: x=96.0 y=2096.0
	Row 304: x=111.0 y=3111.0
	Row 305: x=112.0 y=3112.0
	Row 306: x=95.0 y=4095.0
	Row 307: x=97.0 y=2097.0
	Row 308: x=113.0 y=3113.0
	Row 309: x=96.0 y=4096.0
	Row 310: x=98.0 y=2098.0
	Row 311: x=114.0 y=3114.0
	Row 312: x=97.0 y=4097.0
	Row 313: x=99.0 y=2099.0
	Row 314: x=115.0 y=3115.0
	Row 315: x=98.0 y=4098.0
	Row 316: x=116.0 y=3116.0
	Row 317: x=100.0 y=2100.0
	Row 318: x=99.0 y=4099.0
	Row 319: x=117.0 y=3117.0
	Row 320: x=100.0 y=4100.0
	Row 321: x=101.0 y=2101.0
	Row 322: x=118.0 y=3118.0
	Row 323: x=101.0 y=4101.0
	Row 324: x=102.0 y=2102.0
	Row 325: x=119.0 y=3119.0
	Row 326: x=102.0 y=4102.0
	Row 327: x=103.0 y=2103.0
	Row 328: x=120.0 y=3120.0
	Row 329: x=103.0 y=4103.0
	Row 330: x=104.0 y=2104.0
	Row 331: x=121.0 y=3121.0
	Row 332: x=104.0 y=4104.0
	Row 333: x=105.0 y=2105.0
	Row 334: x=122.0 y=3122.0
	Row 335: x=105.0 y=4105.0
	Row 336: x=106.0 y=2106.0
	Row 337: x=123.0 y=3123.0
	Row 338: x=106.0 y=4106.0
	Row 339: x=107.0 y=2107.0
	Row 340: x=107.0 y=4107.0
	Row 341: x=124.0 y=3124.0
	Row 342: x=108.0 y=2108.0
	Row 343: x=108.0 y=4108.0
	Row 344: x=109.0 y=2109.0
	Row 345: x=125.0 y=3125.0
	Row 346: x=109.0 y=4109.0
	Row 347: x=110.0 y=2110.0
	Row 348: x=126.0 y=3126.0
	Row 349: x=110.0 y=4110.0
	Row 350: x=111.0 y=2111.0
	Row 351: x=127.0 y=3127.0
	Row 352: x=112.0 y=2112.0
	Row 353: x=111.0 y=4111.0
	Row 354: x=128.0 y=3128.0
	Row 355: x=113.0 y=2113.0
	Row 356: x=112.0 y=4112.0
	Row 357: x=129.0 y=3129.0
	Row 358: x=114.0 y=2114.0
	Row 359: x=113.0 y=4113.0
	Row 360: x=130.0 y=3130.0
	Row 361: x=115.0 y=2115.0
	Row 362: x=114.0 y=4114.0
	Row 363: x=131.0 y=3131.0
	Row 364: x=116.0 y=2116.0
	Row 365: x=115.0 y=4115.0
	Row 366: x=132.0 y=3132.0
	Row 367: x=117.0 y=2117.0
	Row 368: x=133.0 y=3133.0
	Row 369: x=116.0 y=4116.0
	Row 370: x=118.0 y=2118.0
	Row 371: x=134.0 y=3134.0
	Row 372: x=117.0 y=4117.0
	Row 373: x=119.0 y=2119.0
	Row 374: x=135.0 y=3135.0
	Row 375: x=118.0 y=4118.0
	Row 376: x=120.0 y=2120.0
	Row 377: x=136.0 y=3136.0
	Row 378: x=119.0 y=4119.0
	Row 379: x=121.0 y=2121.0
	Row 380: x=137.0 y=3137.0
	Row 381: x=120.0 y=4120.0
	Row 382: x=122.0 y=2122.0
	Row 383: x=138.0 y=3138.0
	Row 384: x=121.0 y=4121.0
	Row 385: x=123.0 y=2123.0
	Row 386: x=139.0 y=3139.0
	Row 387: x=122.0 y=4122.0
	Row 388: x=124.0 y=2124.0
	Row 389: x=140.0 y=3140.0
	Row 390: x=123.0 y=4123.0
	Row 391: x=141.0 y=3141.0
	Row 392: x=125.0 y=2125.0
	Row 393: x=124.0 y=4124.0
	Row 394: x=142.0 y=3142.0
	Row 395: x=126.0 y=2126.0
	Row 396: x=143.0 y=3143.0
	Row 397: x=127.0 y=2127.0
	Row 398: x=144.0 y=3144.0
	Row 399: x=125.0 y=4125.0
	Row 400: x=128.0 y=2128.0
	Row 401: x=145.0 y=3145.0
	Row 402: x=126.0 y=4126.0
	Row 403: x=129.0 y=2129.0
	Row 404: x=146.0 y=3146.0
	Row 405: x=127.0 y=4127.0
	Row 406: x=130.0 y=2130.0
	Row 407: x=147.0 y=3147.0
	Row 408: x=131.0 y=2131.0
	Row 409: x=128.0 y=4128.0
	Row 410: x=148.0 y=3148.0
	Row 411: x=132.0 y=2132.0
	Row 412: x=129.0 y=4129.0
	Row 413: x=149.0 y=3149.0
	Row 414: x=133.0 y=2133.0
	Row 415: x=150.0 y=3150.0
	Row 416: x=130.0 y=4130.0
	Row 417: x=134.0 y=2134.0
	Row 418: x=151.0 y=3151.0
	Row 419: x=131.0 y=4131.0
	Row 420: x=135.0 y=2135.0
	Row 421: x=152.0 y=3152.0
	Row 422: x=132.0 y=4132.0
	Row 423: x=136.0 y=2136.0
	Row 424: x=153.0 y=3153.0
	Row 425: x=133.0 y=4133.0
	Row 426: x=137.0 y=2137.0
	Row 427: x=154.0 y=3154.0
	Row 428: x=134.0 y=4134.0
	Row 429: x=138.0 y=2138.0
	Row 430: x=155.0 y=3155.0
	Row 431: x=135.0 y=4135.0
	Row 432: x=139.0 y=2139.0
	Row 433: x=156.0 y=3156.0
	Row 434: x=136.0 y=4136.0
	Row 435: x=140.0 y=2140.0
	Row 436: x=157.0 y=3157.0
	Row 437: x=137.0 y=4137.0
	Row 438: x=141.0 y=2141.0
	Row 439: x=158.0 y=3158.0
	Row 440: x=138.0 y=4138.0
	Row 441: x=142.0 y=2142.0
	Row 442: x=159.0 y=3159.0
	Row 443: x=139.0 y=4139.0
	Row 444: x=160.0 y=3160.0
	Row 445: x=143.0 y=2143.0
	Row 446: x=140.0 y=4140.0
	Row 447: x=161.0 y=3161.0
	Row 448: x=144.0 y=2144.0
	Row 449: x=141.0 y=4141.0
	Row 450: x=162.0 y=3162.0
	Row 451: x=145.0 y=2145.0
	Row 452: x=142.0 y=4142.0
	Row 453: x=163.0 y=3163.0
	Row 454: x=146.0 y=2146.0
	Row 455: x=143.0 y=4143.0
	Row 456: x=3.0 y=1003.0
	Row 457: x=147.0 y=2147.0
	Row 458: x=144.0 y=4144.0
	Row 459: x=148.0 y=2148.0
	Row 460: x=145.0 y=4145.0
	Row 461: x=149.0 y=2149.0
	Row 462: x=146.0 y=4146.0
	Row 463: x=150.0 y=2150.0
	Row 464: x=147.0 y=4147.0
	Row 465: x=148.0 y=4148.0
	Row 466: x=151.0 y=2151.0
	Row 467: x=152.0 y=2152.0
	Row 468: x=149.0 y=4149.0
	Row 469: x=153.0 y=2153.0
	Row 470: x=150.0 y=4150.0
	Row 471: x=154.0 y=2154.0
	Row 472: x=151.0 y=4151.0
	Row 473: x=155.0 y=2155.0
	Row 474: x=152.0 y=4152.0
	Row 475: x=156.0 y=2156.0
	Row 476: x=153.0 y=4153.0
	Row 477: x=157.0 y=2157.0
	Row 478: x=154.0 y=4154.0
	Row 479: x=158.0 y=2158.0
	Row 480: x=155.0 y=4155.0
	Row 481: x=159.0 y=2159.0
	Row 482: x=156.0 y=4156.0
	Row 483: x=160.0 y=2160.0
	Row 484: x=157.0 y=4157.0
	Row 485: x=161.0 y=2161.0
	Row 486: x=158.0 y=4158.0
	Row 487: x=162.0 y=2162.0
	Row 488: x=159.0 y=4159.0
	Row 489: x=163.0 y=2163.0
	Row 490: x=160.0 y=4160.0
	Row 491: x=161.0 y=4161.0
	Row 492: x=162.0 y=4162.0
	Row 493: x=163.0 y=4163.0
----------------------------------------------------
OK
====================================================
Timing: 1.365 sec
====================================================
Testing: set_08_03
PROCESS 1 START: 0/0
PROCESS 3 START: 0/0
PROCESS 2 START: 0/0
PROCESS 3 STOP: 3/3
PROCESS 2 STOP: 4/7
PROCESS 1 ROLLED BACK
PROCESS 1 STOP: 4/7
PROCESSES STOP: 7
Query: ?$x $y value(1, x, y);
Result: true
Solutions (6):
	Solution 001: !value(1.0,0.0,3000.0); 0 B
	Solution 002: !value(1.0,0.0,2000.0); 0 B
	Solution 004: !value(1.0,1.0,3001.0); 0 B
	Solution 005: !value(1.0,1.0,2001.0); 0 B
	Solution 006: !value(1.0,2.0,3002.0); 0 B
	Solution 007: !value(1.0,2.0,2002.0); 0 B
Values (6):
	Row 001: x=0.0 y=3000.0
	Row 002: x=0.0 y=2000.0
	Row 003: x=1.0 y=3001.0
	Row 004: x=1.0 y=2001.0
	Row 005: x=2.0 y=3002.0
	Row 006: x=2.0 y=2002.0
----------------------------------------------------
OK
====================================================
Timing: 0.006 sec
====================================================
Testing: set_b7_1_damaged_pair
Timing: 0.001 sec
====================================================
Testing: set_b7_1_delete_child
Timing: 0.0 sec
====================================================
Testing: set_b7_1_delete_parent
Timing: 0.0 sec
====================================================
Testing: set_b7_1_keep_regular_tvalue
Timing: 0.001 sec
====================================================
Testing: set_b7_1_linker_pack_cycles
Timing: 0.008 sec
====================================================
Testing: set_b7_1_pack_drops_child_and_top
Timing: 0.001 sec
====================================================
set_01_01	0.083 sec
set_01_02	0.032 sec
set_01_03	0.091 sec
set_01_04	0.062 sec
set_01_05	0.046 sec
set_01_06	0.041 sec
set_01_07	0.021 sec
set_01_08	0.02 sec
set_01_09	0.023 sec
set_01_0A	0.018 sec
set_01_0B	0.014 sec
set_01_0C	0.018 sec
set_01_0D	0.018 sec
set_01_0E	0.022 sec
set_02_01	0.007 sec
set_02_02	0.013 sec
set_02_03	0.017 sec
set_02_04	0.002 sec
set_02_05	0.003 sec
set_02_06	0.003 sec
set_02_07	0.003 sec
set_02_08	0.007 sec
set_02_09	0.011 sec
set_02_0A	0.007 sec
set_02_0B	0.013 sec
set_02_0C	0.011 sec
set_02_0D	0.004 sec
set_02_0E	0.005 sec
set_02_0F	0.019 sec
set_03_01	0.005 sec
set_03_02	0.007 sec
set_03_03	0.009 sec
set_03_04	0.01 sec
set_03_05	0.005 sec
set_03_06	0.011 sec
set_03_07	0.011 sec
set_03_08	0.005 sec
set_03_09	0.006 sec
set_04_01	0.001 sec
set_04_02	0.001 sec
set_04_03	0.001 sec
set_04_04	0.001 sec
set_04_05	0.002 sec
set_04_06	0.001 sec
set_04_07	0.003 sec
set_04_08	0.003 sec
set_04_09	0.003 sec
set_04_0A	0.002 sec
set_04_0B	0.035 sec
set_04_0C	0.034 sec
set_04_0D	0.029 sec
set_04_0E	0.099 sec
set_04_0F	0.02 sec
set_04_10	0.013 sec
set_04_11	0.012 sec
set_04_12	0.077 sec
set_04_13	0.087 sec
set_04_14	0.072 sec
set_05_01	0.003 sec
set_05_02	0.001 sec
set_05_03	0.003 sec
set_05_04	0.003 sec
set_05_05	0.002 sec
set_05_06	0.004 sec
set_05_07	0.003 sec
set_05_08	0.003 sec
set_06_01	0.04 sec
set_06_02	0.045 sec
set_06_03	0.105 sec
set_06_04	0.097 sec
set_06_05	0.095 sec
set_06_06	0.103 sec
set_06_07	0.426 sec
set_06_08	0.036 sec
set_06_09	0.038 sec
set_06_0A	0.638 sec
set_06_0B	0.009 sec
set_06_0C	0.008 sec
set_06_0D	0.008 sec
set_06_0E	0.009 sec
set_06_0F	10.472 sec
set_07_01	0.03 sec
set_07_02	0.001 sec
set_07_03	0.001 sec
set_07_04	0.001 sec
set_07_05	0.002 sec
set_07_06	0.002 sec
set_07_07	0.001 sec
set_07_08	0.002 sec
set_07_09	0.001 sec
set_07_0A	0.003 sec
set_07_0B	0.004 sec
set_07_0C	0.002 sec
set_08_01	0.027 sec
set_08_02	1.365 sec
set_08_03	0.006 sec
set_b7_1_damaged_pair	0.001 sec
set_b7_1_delete_child	0.0 sec
set_b7_1_delete_parent	0.0 sec
set_b7_1_keep_regular_tvalue	0.001 sec
set_b7_1_linker_pack_cycles	0.008 sec
set_b7_1_pack_drops_child_and_top	0.001 sec
====================================================
 Timing: 14.811
Success: 102
  Fails: 0
====================================================
S5A stabilization characterization tests
Testing: set_s5a_01_exact_arithmetic_rows
OK
----------------------------------------------------
Testing: set_s5a_02_runtime_id_commit_release
OK
----------------------------------------------------
Testing: set_s5a_03_set_order_identity
OK
----------------------------------------------------
Testing: set_s5a_04_alpha_equivalent_rule_identity
OK
----------------------------------------------------
Testing: set_s5a_05_storage_id_reopen
OK
----------------------------------------------------
Testing: set_s5a_06_sibling_canonicalization
OK
----------------------------------------------------
Testing: set_s5a_07_nested_commit_release
OK
----------------------------------------------------
Stabilization Timing: 0.055
Stabilization Success: 7
Stabilization Fails: 0
====================================================
====================================================
C1 primary promotion regression tests
Testing: set_c1_01_direct_primary_promotion
OK
----------------------------------------------------
Testing: set_c1_02_plus_primary_promotion
OK
----------------------------------------------------
Testing: set_c1_03_child_commit_release_promotion
OK
----------------------------------------------------
Testing: set_c1_04_append_primary_promotion
Statement: !target_append(value);
	Solution 001:	!seed_append(value); 43 BU
	Produced 002:	!target_append(value); 43 GB
	Solution 002:	!target_append(value); 46 B
SUCCESS: New rule accepted
OK
----------------------------------------------------
Testing: set_c1_05_promotion_persistence_reopen
OK
----------------------------------------------------
C1 Timing: 0.052
C1 Success: 5
C1 Fails: 0
====================================================
====================================================
C4 interval regression tests
Testing: set_c4_01_zero_step_empty
OK
----------------------------------------------------
Testing: set_c4_02_ascending_interval_endpoints
OK
----------------------------------------------------
Testing: set_c4_03_descending_interval_endpoints
OK
----------------------------------------------------
C4 Timing: 0.007
C4 Success: 3
C4 Fails: 0
====================================================
====================================================
C3 function binding regression tests
Testing: set_c3_01_infrastructure_binding_precedence
OK
----------------------------------------------------
Testing: set_c3_02_dynamic_udf_redefinition
OK
----------------------------------------------------
Testing: set_c3_03_dynamic_udf_deletion
OK
----------------------------------------------------
Testing: set_c3_04_late_infrastructure_does_not_capture_dynamic
OK
----------------------------------------------------
Testing: set_c3_05_binding_persistence_reopen
OK
----------------------------------------------------
Testing: set_c3_06_legacy_packet_defaults_to_auto
OK
----------------------------------------------------
C3 Timing: 0.066
C3 Success: 6
C3 Fails: 0
====================================================
LATENT_CORPUS_PASS
