root-before sync=[90, 5, 85, 0] new-tsolves=6
child-before-nested sync=[180, 7, 173, 0] new-tsolves=12
parent-isolated sync=[88, 2, 86, 0] new-tsolves=10
nested-before-rollback sync=[300, 9, 291, 0] new-tsolves=18
child-after-nested-rollback sync=[158, 2, 156, 0] new-tsolves=14
child-repeat-after-rollback sync=[180, 7, 173, 0] new-tsolves=12
nested-before-commit sync=[300, 9, 291, 0] new-tsolves=18
child-after-nested-commit sync=[0, 0, 0, 0] new-tsolves=0
child-all-after-commit sync=[300, 9, 291, 0] new-tsolves=18
root-after-outer-rollback-C sync=[88, 2, 86, 0] new-tsolves=10
root-after-outer-rollback-E sync=[128, 2, 126, 0] new-tsolves=10
root-repeat-after-rollback sync=[90, 5, 85, 0] new-tsolves=6
child-before-outer-commit sync=[180, 7, 173, 0] new-tsolves=12
root-after-outer-commit sync=[0, 0, 0, 0] new-tsolves=0
root-all-after-commit sync=[180, 7, 173, 0] new-tsolves=12
rejected-collision sync=[0, 0, 0, 0] new-tsolves=0
root-after-rejection sync=[180, 7, 173, 0] new-tsolves=12
delete sync=[144, 3, 141, 0] new-tsolves=6
root-after-delete sync=[90, 5, 85, 0] new-tsolves=6
root-repeat-after-delete sync=[90, 5, 85, 0] new-tsolves=6
