START 0 journal-on-TValueJournalSafetyRunner
DONE 0 journal-on-TValueJournalSafetyRunner
START 1 journal-off-TValueJournalSafetyRunner
DONE 1 journal-off-TValueJournalSafetyRunner
START 2 journal-verify-TValueJournalSafetyRunner
DONE 2 journal-verify-TValueJournalSafetyRunner
START 3 clean-on-ExactCandidateReplayRunner
DONE 3 clean-on-ExactCandidateReplayRunner
START 4 clean-on-LatentSolveSyncTransactionRunner
DONE 4 clean-on-LatentSolveSyncTransactionRunner
START 5 clean-on-DependencyLifecycleWitness
DONE 5 clean-on-DependencyLifecycleWitness
START 6 clean-on-FrontierDependencyWitness
DONE 6 clean-on-FrontierDependencyWitness
START 7 clean-on-KangerLinkerDonorScopeSafetyRunner
DONE 7 clean-on-KangerLinkerDonorScopeSafetyRunner
START 8 clean-off-ExactCandidateReplayRunner
DONE 8 clean-off-ExactCandidateReplayRunner
START 9 clean-off-LatentSolveSyncTransactionRunner
DONE 9 clean-off-LatentSolveSyncTransactionRunner
START 10 clean-off-DependencyLifecycleWitness
DONE 10 clean-off-DependencyLifecycleWitness
START 11 clean-off-FrontierDependencyWitness
DONE 11 clean-off-FrontierDependencyWitness
START 12 clean-off-KangerLinkerDonorScopeSafetyRunner
DONE 12 clean-off-KangerLinkerDonorScopeSafetyRunner
START 13 clean-on-SonProfileRunner
DONE 13 clean-on-SonProfileRunner
START 14 clean-on-LatentSubstitutionCorpusRunner
DONE 14 clean-on-LatentSubstitutionCorpusRunner
START 15 journal-on-ExactCandidateReplayRunner
DONE 15 journal-on-ExactCandidateReplayRunner
START 16 journal-on-LatentSolveSyncTransactionRunner
DONE 16 journal-on-LatentSolveSyncTransactionRunner
START 17 journal-on-DependencyLifecycleWitness
DONE 17 journal-on-DependencyLifecycleWitness
START 18 journal-on-FrontierDependencyWitness
DONE 18 journal-on-FrontierDependencyWitness
START 19 journal-on-KangerLinkerDonorScopeSafetyRunner
DONE 19 journal-on-KangerLinkerDonorScopeSafetyRunner
START 20 journal-off-ExactCandidateReplayRunner
DONE 20 journal-off-ExactCandidateReplayRunner
START 21 journal-off-LatentSolveSyncTransactionRunner
DONE 21 journal-off-LatentSolveSyncTransactionRunner
START 22 journal-off-DependencyLifecycleWitness
DONE 22 journal-off-DependencyLifecycleWitness
START 23 journal-off-FrontierDependencyWitness
DONE 23 journal-off-FrontierDependencyWitness
START 24 journal-off-KangerLinkerDonorScopeSafetyRunner
DONE 24 journal-off-KangerLinkerDonorScopeSafetyRunner
START 25 journal-on-SonProfileRunner
DONE 25 journal-on-SonProfileRunner
START 26 journal-on-LatentSubstitutionCorpusRunner
DONE 26 journal-on-LatentSubstitutionCorpusRunner
START 27 journal-on-repeat-SonProfileRunner
DONE 27 journal-on-repeat-SonProfileRunner
