COMPILE_NS 619077514
COUNT sample=0 TVariable.diagValue=37493251
COUNT sample=0 TVariable.diagCurrent=5697532
COUNT sample=0 TVariable.diagActive=63470011
COUNT sample=0 TVariable.diagSet=3869968
COUNT sample=0 TVariable.diagSame=3861441
COUNT sample=0 TVariable.diagDifferent=8527
COUNT sample=0 TVariable.diagUnset=0
COUNT sample=0 TVariable.diagValueInBase=5394400
COUNT sample=0 TVariable.diagCurrentInBase=0
COUNT sample=0 Argument.diagValue=59927265
COUNT sample=0 Argument.diagEmpty=28222706
COUNT sample=0 Argument.diagValueInBase=10987379
COUNT sample=0 Argument.diagEmptyInBase=2834117
COUNT sample=0 ArgumentsList.diagCalls=14437010
COUNT sample=0 ArgumentsList.diagDepth=0
COUNT sample=0 ArgumentsList.diagIterations=18160054
COUNT sample=0 ArgumentsList.diagFastEqual=5815058
COUNT sample=0 ArgumentsList.diagFastMismatch=10906471
COUNT sample=0 ArgumentsList.diagParentFallback=858524
COUNT sample=0 Domain.diagSet=4898306
COUNT sample=0 TValueFactory.diagGet=62269435
COUNT sample=0 TValueFactory.diagGetInBase=19562972
SAMPLE 0 query_ns=322469583 optimize_ns=9899270803 optimize_cpu_ns=9705427278 optimize_allocated_bytes=-1 raw=18 optimized=6 solutions=0 values=0
RAW [!daughter(Tom,John);, !daughter(Tom,Mary);, !female(Tom);, !male(Tom);, !sibling(Sarah,Sarah);, !sibling(Tom,Tom);, !son(Tom,John);, !son(Tom,Mary);, ?daughter(Tom,John);, ?daughter(Tom,Mary);, ?divorced(John,Mary);, ?divorced(Mary,John);, ?female(Tom);, ?male(Tom);, ?son(Tom,John);, ?son(Tom,Mary);, ?spouse(John,Mary);, ?spouse(Mary,John);]
OPTIMIZED [!$x father(x,John);, !$x mother(x,John);, !$x parent(x,John);, !$y child(John,y);, ?$y child(John,y);, ?$y son(John,y);]
POST_OPTIMIZE_LAST_LINKER_STATS passes=6 rules=1292 rotations=6824 pairs=13281 unifications=3080
COUNT sample=1 TVariable.diagValue=37524502
COUNT sample=1 TVariable.diagCurrent=5697532
COUNT sample=1 TVariable.diagActive=63507799
COUNT sample=1 TVariable.diagSet=3869968
COUNT sample=1 TVariable.diagSame=3861441
COUNT sample=1 TVariable.diagDifferent=8527
COUNT sample=1 TVariable.diagUnset=0
COUNT sample=1 TVariable.diagValueInBase=5425667
COUNT sample=1 TVariable.diagCurrentInBase=0
COUNT sample=1 Argument.diagValue=59988091
COUNT sample=1 Argument.diagEmpty=28216206
COUNT sample=1 Argument.diagValueInBase=11048299
COUNT sample=1 Argument.diagEmptyInBase=2827663
COUNT sample=1 ArgumentsList.diagCalls=14427757
COUNT sample=1 ArgumentsList.diagDepth=0
COUNT sample=1 ArgumentsList.diagIterations=18158065
COUNT sample=1 ArgumentsList.diagFastEqual=5821508
COUNT sample=1 ArgumentsList.diagFastMismatch=10901259
COUNT sample=1 ArgumentsList.diagParentFallback=865589
COUNT sample=1 Domain.diagSet=4891518
COUNT sample=1 TValueFactory.diagGet=62307223
COUNT sample=1 TValueFactory.diagGetInBase=19600776
SAMPLE 1 query_ns=141597599 optimize_ns=8684959089 optimize_cpu_ns=8520279041 optimize_allocated_bytes=-1 raw=18 optimized=6 solutions=0 values=0
RAW [!daughter(Tom,John);, !daughter(Tom,Mary);, !female(Tom);, !male(Tom);, !sibling(Sarah,Sarah);, !sibling(Tom,Tom);, !son(Tom,John);, !son(Tom,Mary);, ?daughter(Tom,John);, ?daughter(Tom,Mary);, ?divorced(John,Mary);, ?divorced(Mary,John);, ?female(Tom);, ?male(Tom);, ?son(Tom,John);, ?son(Tom,Mary);, ?spouse(John,Mary);, ?spouse(Mary,John);]
OPTIMIZED [!$x father(x,John);, !$x mother(x,John);, !$x parent(x,John);, !$y child(John,y);, ?$y child(John,y);, ?$y son(John,y);]
POST_OPTIMIZE_LAST_LINKER_STATS passes=6 rules=1292 rotations=6824 pairs=13281 unifications=3080
