REBIND_OBSERVATION completed=true counts=[0, 0, 0]
REBIND_OBSERVATION completed=true counts=[0, 0, 0]
empty	?p(1);	0	0	57939912
REBIND_OBSERVATION completed=true counts=[0, 0, 0]
single-collision	?p(1);	0	0	4045957
single-collision	!~p(1);	0	0	2211532
single-collision	?p(1);	0	0	3654868
REBIND_OBSERVATION completed=true counts=[0, 0, 0]
REBIND_OBSERVATION completed=true counts=[0, 0, 0]
single-collision	?p(2);	0	0	4546066
REBIND_OBSERVATION completed=true counts=[8, 8, 28442]
REBIND_OBSERVATION completed=true counts=[0, 0, 0]
REBIND_OBSERVATION completed=true counts=[37, 37, 78110]
chain-symmetry	?$x $y path(x,y);	71	71	24517784
chain-symmetry	?path(B,A);	0	0	3358359
REBIND_OBSERVATION completed=true counts=[0, 0, 0]
REBIND_OBSERVATION completed=true counts=[16, 16, 31497]
chain-symmetry	?path(A,C);	42	42	17420414
REBIND_OBSERVATION completed=true counts=[4, 4, 6471]
REBIND_OBSERVATION completed=true counts=[0, 0, 0]
REBIND_OBSERVATION completed=true counts=[19, 19, 20532]
functions	?$x q(x);	37	37	9743094
functions	?q(3);	0	0	2743348
REBIND_OBSERVATION completed=true counts=[8, 8, 11175]
REBIND_OBSERVATION completed=true counts=[0, 0, 0]
REBIND_OBSERVATION completed=true counts=[72, 72, 64077]
many	?$x q(x);	110	110	14089246
REBIND_OBSERVATION completed=true counts=[0, 0, 0]
REBIND_OBSERVATION completed=true counts=[4, 4, 4216]
many	?q(4);	10	10	5506196
REBIND_OBSERVATION completed=true counts=[1514, 1776, 834044]
REBIND_OBSERVATION completed=true counts=[777, 887, 228728]
REBIND_OBSERVATION completed=true counts=[2265, 2557, 514670]
natives	?$x male(x);	3251	3251	248710258
REBIND_OBSERVATION completed=true counts=[1221, 1393, 374954]
REBIND_OBSERVATION completed=true counts=[1417, 1601, 295255]
natives	?male(Tom);	2015	2015	158084892
natives	?father(John,Tom);	0	0	3632855
natives	!~father(John,Tom);	0	0	2363947
