BENCH_COMPILE natives-values -3
LINK_INVOCATION completed=true pass=ACCEPT stages=[16482720, 88004201, 1806838, 64309975, 38306480, 13249071, 245784306, 3064631, 82063, 2065258, 200125694, 172017370, 17502656, 3811941] resolved=[0, 0, 0, 0, 0, 0, 0, 0, 0, 0, 0, 0] sync=[5596, 20, 5576, 0]
BENCH_QUERY natives-values -3
LINK_INVOCATION completed=true pass=CHECKFALSE stages=[4147151, 30905087, 683008, 16253991, 501732, 3374549, 60244366, 1114230, 24666, 629282, 57664940, 52307945, 3169494, 1112672] resolved=[0, 0, 0, 0, 0, 0, 0, 0, 0, 0, 0, 0] sync=[2548, 13, 2535, 0]
LINK_INVOCATION completed=true pass=CHECKTRUE stages=[8238490, 43088318, 1317830, 52390796, 3549516, 6816073, 127931195, 2387020, 67204, 1487554, 119713832, 107866500, 7014680, 1092246] resolved=[0, 0, 0, 0, 0, 0, 0, 0, 0, 0, 0, 0] sync=[6652, 18, 6634, 0]
BENCH_END natives-values -3
BENCH_COMPILE natives-values -2
LINK_INVOCATION completed=true pass=ACCEPT stages=[6090096, 29181650, 579508, 31351621, 14953218, 4994904, 104970828, 1101651, 55485, 1177734, 86682727, 67875787, 14879568, 2116748] resolved=[0, 0, 0, 0, 0, 0, 0, 0, 0, 0, 0, 0] sync=[5596, 20, 5576, 0]
BENCH_QUERY natives-values -2
LINK_INVOCATION completed=true pass=CHECKFALSE stages=[3283449, 17871633, 295281, 17003706, 313224, 2755380, 47839929, 787238, 27722, 589697, 45830000, 38791378, 5249347, 1106230] resolved=[0, 0, 0, 0, 0, 0, 0, 0, 0, 0, 0, 0] sync=[2548, 13, 2535, 0]
LINK_INVOCATION completed=true pass=CHECKTRUE stages=[7558308, 38382743, 702340, 30551633, 1800258, 6172409, 93637426, 1764351, 53741, 1412135, 87881653, 78041667, 5486767, 853159] resolved=[0, 0, 0, 0, 0, 0, 0, 0, 0, 0, 0, 0] sync=[6652, 18, 6634, 0]
BENCH_END natives-values -2
BENCH_COMPILE natives-values -1
LINK_INVOCATION completed=true pass=ACCEPT stages=[5785919, 28242261, 512145, 25552426, 10514569, 4745567, 82337414, 798975, 53550, 1132545, 68858672, 60761954, 4394408, 877723] resolved=[0, 0, 0, 0, 0, 0, 0, 0, 0, 0, 0, 0] sync=[5596, 20, 5576, 0]
BENCH_QUERY natives-values -1
LINK_INVOCATION completed=true pass=CHECKFALSE stages=[2655639, 15114497, 270027, 9215815, 265660, 2245032, 32189315, 619474, 24045, 535117, 30455591, 27572042, 1392230, 367913] resolved=[0, 0, 0, 0, 0, 0, 0, 0, 0, 0, 0, 0] sync=[2548, 13, 2535, 0]
LINK_INVOCATION completed=true pass=CHECKTRUE stages=[7248023, 32199467, 654887, 22306459, 1715242, 6119694, 76587813, 1524771, 58247, 1313994, 71274672, 63306704, 4116145, 692165] resolved=[0, 0, 0, 0, 0, 0, 0, 0, 0, 0, 0, 0] sync=[6652, 18, 6634, 0]
BENCH_END natives-values -1
BENCH_COMPILE natives-values 0
LINK_INVOCATION completed=true pass=ACCEPT stages=[5331054, 27115046, 367355, 21334268, 12076985, 4435767, 75581626, 750151, 66380, 609804, 61347647, 54777291, 3386347, 586866] resolved=[0, 0, 0, 0, 0, 0, 0, 0, 0, 0, 0, 0] sync=[5596, 20, 5576, 0]
BENCH_QUERY natives-values 0
LINK_INVOCATION completed=true pass=CHECKFALSE stages=[2643023, 12896682, 117662, 9533812, 232081, 2216460, 30010188, 706234, 11547, 193061, 28729100, 25506714, 1539051, 364499] resolved=[0, 0, 0, 0, 0, 0, 0, 0, 0, 0, 0, 0] sync=[2548, 13, 2535, 0]
LINK_INVOCATION completed=true pass=CHECKTRUE stages=[8011802, 44985891, 329426, 23440712, 1623171, 6817216, 90610572, 1764320, 23355, 508372, 86363482, 77644830, 4262680, 726916] resolved=[0, 0, 0, 0, 0, 0, 0, 0, 0, 0, 0, 0] sync=[6652, 18, 6634, 0]
BENCH_END natives-values 0
BENCH_COMPILE natives-values 1
LINK_INVOCATION completed=true pass=ACCEPT stages=[5272704, 27449926, 303046, 20896559, 9332667, 4380629, 71691049, 845756, 22607, 396564, 60381271, 54574515, 2946721, 639207] resolved=[0, 0, 0, 0, 0, 0, 0, 0, 0, 0, 0, 0] sync=[5596, 20, 5576, 0]
BENCH_QUERY natives-values 1
LINK_INVOCATION completed=true pass=CHECKFALSE stages=[4594075, 15246031, 178891, 10895982, 329329, 4061830, 36177730, 731022, 11558, 265448, 34642672, 31271572, 1718893, 411442] resolved=[0, 0, 0, 0, 0, 0, 0, 0, 0, 0, 0, 0] sync=[2548, 13, 2535, 0]
LINK_INVOCATION completed=true pass=CHECKTRUE stages=[6992901, 35346108, 340403, 24046407, 2058458, 5970336, 79863243, 2025634, 48334, 560508, 74792834, 67540729, 3960719, 823047] resolved=[0, 0, 0, 0, 0, 0, 0, 0, 0, 0, 0, 0] sync=[6652, 18, 6634, 0]
BENCH_END natives-values 1
BENCH_COMPILE natives-values 2
LINK_INVOCATION completed=true pass=ACCEPT stages=[5309329, 26097422, 244705, 21788400, 10439707, 4698477, 73283340, 1089873, 37828, 620099, 59902412, 54071098, 3130488, 640861] resolved=[0, 0, 0, 0, 0, 0, 0, 0, 0, 0, 0, 0] sync=[5596, 20, 5576, 0]
BENCH_QUERY natives-values 2
LINK_INVOCATION completed=true pass=CHECKFALSE stages=[2243808, 13387649, 118645, 8029224, 219514, 1982448, 27427354, 639164, 10344, 218868, 26176330, 24091541, 1181235, 355878] resolved=[0, 0, 0, 0, 0, 0, 0, 0, 0, 0, 0, 0] sync=[2548, 13, 2535, 0]
LINK_INVOCATION completed=true pass=CHECKTRUE stages=[6150216, 27399150, 270247, 21327168, 1813630, 5383702, 66341945, 1618861, 22565, 492036, 62099565, 55976921, 3406021, 635887] resolved=[0, 0, 0, 0, 0, 0, 0, 0, 0, 0, 0, 0] sync=[6652, 18, 6634, 0]
BENCH_END natives-values 2
BENCH_COMPILE natives-values 3
LINK_INVOCATION completed=true pass=ACCEPT stages=[5585240, 39459278, 255610, 24455315, 9910745, 4795883, 89230695, 1475163, 29814, 540352, 76376929, 70362043, 3403005, 659689] resolved=[0, 0, 0, 0, 0, 0, 0, 0, 0, 0, 0, 0] sync=[5596, 20, 5576, 0]
BENCH_QUERY natives-values 3
LINK_INVOCATION completed=true pass=CHECKFALSE stages=[4504814, 19017218, 108291, 8498722, 189068, 4217513, 37737596, 678933, 11669, 206513, 36496189, 34560523, 1115609, 318670] resolved=[0, 0, 0, 0, 0, 0, 0, 0, 0, 0, 0, 0] sync=[2548, 13, 2535, 0]
LINK_INVOCATION completed=true pass=CHECKTRUE stages=[8113891, 42127298, 425965, 33827459, 2304802, 7066186, 99476788, 1909969, 24737, 828186, 93983285, 85323300, 5164898, 949336] resolved=[0, 0, 0, 0, 0, 0, 0, 0, 0, 0, 0, 0] sync=[6652, 18, 6634, 0]
BENCH_END natives-values 3
BENCH_COMPILE natives-values 4
LINK_INVOCATION completed=true pass=ACCEPT stages=[6033799, 27283141, 315337, 40768126, 12746061, 5249828, 100312973, 1151265, 67282, 685245, 84225498, 75156806, 4325195, 990351] resolved=[0, 0, 0, 0, 0, 0, 0, 0, 0, 0, 0, 0] sync=[5596, 20, 5576, 0]
BENCH_QUERY natives-values 4
LINK_INVOCATION completed=true pass=CHECKFALSE stages=[2948590, 13356387, 163708, 12337851, 361071, 2580940, 33611508, 737900, 6208, 275929, 32047192, 29119496, 1691951, 510391] resolved=[0, 0, 0, 0, 0, 0, 0, 0, 0, 0, 0, 0] sync=[2548, 13, 2535, 0]
LINK_INVOCATION completed=true pass=CHECKTRUE stages=[7715992, 44286962, 454074, 33964387, 2410979, 6691429, 101559907, 2046685, 65490, 856776, 95504313, 87251988, 4929611, 917573] resolved=[0, 0, 0, 0, 0, 0, 0, 0, 0, 0, 0, 0] sync=[6652, 18, 6634, 0]
BENCH_END natives-values 4
BENCH_COMPILE natives-values 5
LINK_INVOCATION completed=true pass=ACCEPT stages=[3979620, 20800868, 262021, 21480685, 11198623, 3477131, 65381570, 654296, 15653, 543417, 52261526, 47193499, 3106062, 651338] resolved=[0, 0, 0, 0, 0, 0, 0, 0, 0, 0, 0, 0] sync=[5596, 20, 5576, 0]
BENCH_QUERY natives-values 5
LINK_INVOCATION completed=true pass=CHECKFALSE stages=[1597669, 8266167, 112212, 7427862, 175456, 1385868, 20461649, 537380, 6770, 164704, 19443050, 17696915, 1018765, 325845] resolved=[0, 0, 0, 0, 0, 0, 0, 0, 0, 0, 0, 0] sync=[2548, 13, 2535, 0]
LINK_INVOCATION completed=true pass=CHECKTRUE stages=[8161874, 36928867, 351469, 29889678, 1915087, 7300471, 88083531, 1721555, 18727, 587198, 83443718, 76168139, 4321081, 710515] resolved=[0, 0, 0, 0, 0, 0, 0, 0, 0, 0, 0, 0] sync=[6652, 18, 6634, 0]
BENCH_END natives-values 5
BENCH_COMPILE natives-values 6
LINK_INVOCATION completed=true pass=ACCEPT stages=[5625536, 32183306, 334497, 29057412, 11201214, 4945240, 88154773, 817744, 20871, 615290, 74462888, 67904892, 3935964, 793821] resolved=[0, 0, 0, 0, 0, 0, 0, 0, 0, 0, 0, 0] sync=[5596, 20, 5576, 0]
BENCH_QUERY natives-values 6
LINK_INVOCATION completed=true pass=CHECKFALSE stages=[3427207, 25216919, 187048, 16705474, 264119, 2968450, 51017201, 805473, 11116, 338669, 49393652, 45850534, 1841203, 519542] resolved=[0, 0, 0, 0, 0, 0, 0, 0, 0, 0, 0, 0] sync=[2548, 13, 2535, 0]
LINK_INVOCATION completed=true pass=CHECKTRUE stages=[6385887, 44220950, 511509, 31454026, 1763347, 5655412, 96851997, 1282132, 16417, 642634, 92781261, 83354587, 5030601, 904070] resolved=[0, 0, 0, 0, 0, 0, 0, 0, 0, 0, 0, 0] sync=[6652, 18, 6634, 0]
BENCH_END natives-values 6
BENCH_COMPILE singleton-values -3
LINK_INVOCATION completed=true pass=ACCEPT stages=[8851, 11683, 7435, 398278, 7827, 0, 853797, 84497, 2393, 76605, 470370, 451737, 0, 0] resolved=[0, 0, 0, 0, 0, 0, 0, 0, 0, 0, 0, 0] sync=[0, 0, 0, 0]
BENCH_QUERY singleton-values -3
LINK_INVOCATION completed=true pass=CHECKFALSE stages=[150, 311, 80, 4146, 160, 0, 60521, 36015, 1062, 1291, 5368, 4927, 0, 0] resolved=[0, 0, 0, 0, 0, 0, 0, 0, 0, 0, 0, 0] sync=[0, 0, 0, 0]
LINK_INVOCATION completed=true pass=CHECKTRUE stages=[6210365, 4076866, 31929, 3878247, 4835295, 5406297, 21740867, 409348, 4337, 197319, 16149245, 14307010, 91915, 66924] resolved=[0, 0, 0, 0, 0, 0, 0, 0, 0, 0, 0, 0] sync=[300, 1, 299, 0]
BENCH_END singleton-values -3
BENCH_COMPILE singleton-values -2
LINK_INVOCATION completed=true pass=ACCEPT stages=[19311, 7616, 5610, 250066, 5699, 0, 580975, 66310, 35113, 28628, 320212, 306610, 0, 0] resolved=[0, 0, 0, 0, 0, 0, 0, 0, 0, 0, 0, 0] sync=[0, 0, 0, 0]
BENCH_QUERY singleton-values -2
LINK_INVOCATION completed=true pass=CHECKFALSE stages=[501, 410, 120, 6088, 310, 0, 80612, 50947, 1431, 1083, 7902, 7381, 0, 0] resolved=[0, 0, 0, 0, 0, 0, 0, 0, 0, 0, 0, 0] sync=[0, 0, 0, 0]
LINK_INVOCATION completed=true pass=CHECKTRUE stages=[4766838, 3931661, 29046, 3547663, 4522110, 4411717, 21756881, 400133, 3376, 185469, 16523091, 12383559, 149114, 124301] resolved=[0, 0, 0, 0, 0, 0, 0, 0, 0, 0, 0, 0] sync=[300, 1, 299, 0]
BENCH_END singleton-values -2
BENCH_COMPILE singleton-values -1
LINK_INVOCATION completed=true pass=ACCEPT stages=[13045, 7749, 5789, 274553, 5652, 0, 606454, 93190, 1773, 30272, 343969, 325107, 0, 0] resolved=[0, 0, 0, 0, 0, 0, 0, 0, 0, 0, 0, 0] sync=[0, 0, 0, 0]
BENCH_QUERY singleton-values -1
LINK_INVOCATION completed=true pass=CHECKFALSE stages=[791, 451, 110, 6009, 191, 0, 82484, 51378, 1272, 1062, 8002, 7611, 0, 0] resolved=[0, 0, 0, 0, 0, 0, 0, 0, 0, 0, 0, 0] sync=[0, 0, 0, 0]
LINK_INVOCATION completed=true pass=CHECKTRUE stages=[4770403, 4172765, 30970, 3251446, 5073888, 4445994, 19790578, 518140, 5327, 197824, 13858918, 12334045, 92714, 69578] resolved=[0, 0, 0, 0, 0, 0, 0, 0, 0, 0, 0, 0] sync=[300, 1, 299, 0]
BENCH_END singleton-values -1
BENCH_COMPILE singleton-values 0
LINK_INVOCATION completed=true pass=ACCEPT stages=[20666, 13410, 8138, 366141, 38329, 0, 820807, 77337, 2505, 49332, 452627, 433460, 0, 0] resolved=[0, 0, 0, 0, 0, 0, 0, 0, 0, 0, 0, 0] sync=[0, 0, 0, 0]
BENCH_QUERY singleton-values 0
LINK_INVOCATION completed=true pass=CHECKFALSE stages=[531, 411, 120, 5888, 181, 0, 77627, 50326, 1242, 1001, 7641, 7221, 0, 0] resolved=[0, 0, 0, 0, 0, 0, 0, 0, 0, 0, 0, 0] sync=[0, 0, 0, 0]
LINK_INVOCATION completed=true pass=CHECKTRUE stages=[7093306, 6173628, 41187, 5250146, 5479153, 6564793, 27594629, 462877, 5327, 225194, 21243316, 18674125, 135086, 104096] resolved=[0, 0, 0, 0, 0, 0, 0, 0, 0, 0, 0, 0] sync=[300, 1, 299, 0]
BENCH_END singleton-values 0
BENCH_COMPILE singleton-values 1
LINK_INVOCATION completed=true pass=ACCEPT stages=[18780, 11769, 7528, 345602, 7465, 0, 781658, 128744, 2453, 47905, 428321, 409288, 0, 0] resolved=[0, 0, 0, 0, 0, 0, 0, 0, 0, 0, 0, 0] sync=[0, 0, 0, 0]
BENCH_QUERY singleton-values 1
LINK_INVOCATION completed=true pass=CHECKFALSE stages=[530, 382, 110, 5838, 190, 0, 80051, 52509, 1121, 981, 7492, 7110, 0, 0] resolved=[0, 0, 0, 0, 0, 0, 0, 0, 0, 0, 0, 0] sync=[0, 0, 0, 0]
LINK_INVOCATION completed=true pass=CHECKTRUE stages=[6930429, 6079488, 70132, 5211728, 5658590, 6457756, 27470202, 510260, 4957, 290247, 20832001, 18407382, 131228, 100926] resolved=[0, 0, 0, 0, 0, 0, 0, 0, 0, 0, 0, 0] sync=[300, 1, 299, 0]
BENCH_END singleton-values 1
BENCH_COMPILE singleton-values 2
LINK_INVOCATION completed=true pass=ACCEPT stages=[21075, 11717, 7528, 362589, 7438, 0, 788158, 96305, 2883, 46831, 446664, 428515, 0, 0] resolved=[0, 0, 0, 0, 0, 0, 0, 0, 0, 0, 0, 0] sync=[0, 0, 0, 0]
BENCH_QUERY singleton-values 2
LINK_INVOCATION completed=true pass=CHECKFALSE stages=[741, 500, 130, 5559, 320, 0, 85258, 53541, 1423, 1022, 7582, 7191, 0, 0] resolved=[0, 0, 0, 0, 0, 0, 0, 0, 0, 0, 0, 0] sync=[0, 0, 0, 0]
LINK_INVOCATION completed=true pass=CHECKTRUE stages=[7109808, 6257188, 41950, 4936748, 3174264, 6614444, 24971466, 480624, 5377, 245926, 20887799, 18484141, 111974, 80979] resolved=[0, 0, 0, 0, 0, 0, 0, 0, 0, 0, 0, 0] sync=[300, 1, 299, 0]
BENCH_END singleton-values 2
BENCH_COMPILE singleton-values 3
LINK_INVOCATION completed=true pass=ACCEPT stages=[53262, 12500, 8268, 419723, 8281, 0, 893988, 91498, 2774, 47353, 540651, 520698, 0, 0] resolved=[0, 0, 0, 0, 0, 0, 0, 0, 0, 0, 0, 0] sync=[0, 0, 0, 0]
BENCH_QUERY singleton-values 3
LINK_INVOCATION completed=true pass=CHECKFALSE stages=[761, 400, 130, 5790, 200, 0, 74913, 48634, 1152, 1222, 7712, 7352, 0, 0] resolved=[0, 0, 0, 0, 0, 0, 0, 0, 0, 0, 0, 0] sync=[0, 0, 0, 0]
LINK_INVOCATION completed=true pass=CHECKTRUE stages=[7101964, 8611720, 39132, 4883819, 4875654, 6557711, 28893697, 450048, 5128, 212598, 23177663, 20752884, 110003, 79796] resolved=[0, 0, 0, 0, 0, 0, 0, 0, 0, 0, 0, 0] sync=[300, 1, 299, 0]
BENCH_END singleton-values 3
BENCH_COMPILE singleton-values 4
LINK_INVOCATION completed=true pass=ACCEPT stages=[12138, 7673, 5851, 231649, 5620, 0, 589739, 67061, 1632, 26299, 294774, 281135, 0, 0] resolved=[0, 0, 0, 0, 0, 0, 0, 0, 0, 0, 0, 0] sync=[0, 0, 0, 0]
BENCH_QUERY singleton-values 4
LINK_INVOCATION completed=true pass=CHECKFALSE stages=[441, 310, 110, 4496, 161, 0, 92460, 66660, 1182, 731, 5899, 5599, 0, 0] resolved=[0, 0, 0, 0, 0, 0, 0, 0, 0, 0, 0, 0] sync=[0, 0, 0, 0]
LINK_INVOCATION completed=true pass=CHECKTRUE stages=[4569392, 4076821, 45683, 3469650, 3816573, 4247494, 18311398, 356887, 3475, 189530, 13816185, 12269768, 79712, 57420] resolved=[0, 0, 0, 0, 0, 0, 0, 0, 0, 0, 0, 0] sync=[300, 1, 299, 0]
BENCH_END singleton-values 4
BENCH_COMPILE singleton-values 5
LINK_INVOCATION completed=true pass=ACCEPT stages=[19424, 11897, 7963, 410752, 7922, 0, 894348, 145670, 2535, 56061, 495812, 476160, 0, 0] resolved=[0, 0, 0, 0, 0, 0, 0, 0, 0, 0, 0, 0] sync=[0, 0, 0, 0]
BENCH_QUERY singleton-values 5
LINK_INVOCATION completed=true pass=CHECKFALSE stages=[592, 410, 120, 5287, 181, 0, 85018, 52289, 1202, 1322, 7251, 6710, 0, 0] resolved=[0, 0, 0, 0, 0, 0, 0, 0, 0, 0, 0, 0] sync=[0, 0, 0, 0]
LINK_INVOCATION completed=true pass=CHECKTRUE stages=[6948049, 6241974, 40349, 4871016, 4394410, 6462356, 26033697, 481506, 7311, 246595, 20681061, 18217806, 110512, 80761] resolved=[0, 0, 0, 0, 0, 0, 0, 0, 0, 0, 0, 0] sync=[300, 1, 299, 0]
BENCH_END singleton-values 5
BENCH_COMPILE singleton-values 6
LINK_INVOCATION completed=true pass=ACCEPT stages=[19345, 13516, 7911, 424830, 7690, 0, 905495, 106741, 3385, 51961, 510899, 491022, 0, 0] resolved=[0, 0, 0, 0, 0, 0, 0, 0, 0, 0, 0, 0] sync=[0, 0, 0, 0]
BENCH_QUERY singleton-values 6
LINK_INVOCATION completed=true pass=CHECKFALSE stages=[170, 661, 100, 6761, 190, 0, 142815, 112069, 1233, 971, 8343, 7952, 0, 0] resolved=[0, 0, 0, 0, 0, 0, 0, 0, 0, 0, 0, 0] sync=[0, 0, 0, 0]
LINK_INVOCATION completed=true pass=CHECKTRUE stages=[6776241, 6034037, 40659, 4986973, 4488847, 6465225, 25778242, 472263, 5096, 307545, 20329326, 17953743, 108151, 78119] resolved=[0, 0, 0, 0, 0, 0, 0, 0, 0, 0, 0, 0] sync=[300, 1, 299, 0]
BENCH_END singleton-values 6
