BENCH_COMPILE natives-values -3
LINK_INVOCATION completed=true pass=ACCEPT stages=[17680263, 98514919, 2121796, 67104416, 40340984, 14118110, 285368524, 3558556, 141113, 2845008, 235864671, 186773932, 37602905, 22154728] resolved=[0, 0, 0, 0, 0, 0, 0, 0, 0, 0, 0, 0] sync=[5596, 5596, 0, 0]
BENCH_QUERY natives-values -3
LINK_INVOCATION completed=true pass=CHECKFALSE stages=[4259394, 22786731, 584583, 19161726, 688632, 3470541, 61095809, 1272427, 38435, 662069, 58107358, 47116361, 8650174, 6544423] resolved=[0, 0, 0, 0, 0, 0, 0, 0, 0, 0, 0, 0] sync=[2548, 2548, 0, 0]
LINK_INVOCATION completed=true pass=CHECKTRUE stages=[8852919, 40390996, 1173069, 40102740, 3402392, 7326902, 121703042, 2283935, 86187, 1540818, 113637059, 91372935, 17368825, 11674569] resolved=[0, 0, 0, 0, 0, 0, 0, 0, 0, 0, 0, 0] sync=[6652, 6652, 0, 0]
BENCH_END natives-values -3
BENCH_COMPILE natives-values -2
LINK_INVOCATION completed=true pass=ACCEPT stages=[10809159, 36193677, 606236, 30989914, 16236965, 9523235, 135667652, 1253159, 71496, 2190252, 114800857, 79317440, 30962469, 17390978] resolved=[0, 0, 0, 0, 0, 0, 0, 0, 0, 0, 0, 0] sync=[5596, 5596, 0, 0]
BENCH_QUERY natives-values -2
LINK_INVOCATION completed=true pass=CHECKFALSE stages=[3046907, 14446701, 310853, 11616232, 317486, 2549885, 43124697, 908020, 33982, 561436, 41031979, 29749527, 9445961, 5137813] resolved=[0, 0, 0, 0, 0, 0, 0, 0, 0, 0, 0, 0] sync=[2548, 2548, 0, 0]
LINK_INVOCATION completed=true pass=CHECKTRUE stages=[8133852, 38699500, 645032, 28238380, 2347450, 6645141, 105839728, 1862690, 79112, 1481966, 99331096, 76572336, 17804252, 11415768] resolved=[0, 0, 0, 0, 0, 0, 0, 0, 0, 0, 0, 0] sync=[6652, 6652, 0, 0]
BENCH_END natives-values -2
BENCH_COMPILE natives-values -1
LINK_INVOCATION completed=true pass=ACCEPT stages=[6058822, 32022242, 513040, 25679731, 10229700, 5086650, 94265714, 873658, 57875, 1164627, 80923505, 64919728, 12375221, 9966368] resolved=[0, 0, 0, 0, 0, 0, 0, 0, 0, 0, 0, 0] sync=[5596, 5596, 0, 0]
BENCH_QUERY natives-values -1
LINK_INVOCATION completed=true pass=CHECKFALSE stages=[2977181, 13066300, 248259, 9010225, 260745, 2509375, 34409163, 572613, 26950, 554104, 32701830, 25621611, 5380492, 4372040] resolved=[0, 0, 0, 0, 0, 0, 0, 0, 0, 0, 0, 0] sync=[2548, 2548, 0, 0]
LINK_INVOCATION completed=true pass=CHECKTRUE stages=[9263080, 40481156, 2219907, 26485039, 2049611, 7588621, 107898073, 1808668, 84682, 1643098, 101464124, 79381695, 17262459, 12833420] resolved=[0, 0, 0, 0, 0, 0, 0, 0, 0, 0, 0, 0] sync=[6652, 6652, 0, 0]
BENCH_END natives-values -1
BENCH_COMPILE natives-values 0
LINK_INVOCATION completed=true pass=ACCEPT stages=[6585517, 41891439, 410717, 27610381, 9866873, 5515285, 109451666, 920717, 85148, 862955, 96816079, 77165731, 15074243, 12345403] resolved=[0, 0, 0, 0, 0, 0, 0, 0, 0, 0, 0, 0] sync=[5596, 5596, 0, 0]
BENCH_QUERY natives-values 0
LINK_INVOCATION completed=true pass=CHECKFALSE stages=[2581357, 10806388, 119976, 8305850, 271939, 2090849, 30119534, 616819, 9594, 209254, 28866804, 22139369, 5186758, 4201597] resolved=[0, 0, 0, 0, 0, 0, 0, 0, 0, 0, 0, 0] sync=[2548, 2548, 0, 0]
LINK_INVOCATION completed=true pass=CHECKTRUE stages=[8369331, 30877643, 331036, 24124187, 1745687, 6979558, 92316675, 1872947, 22004, 472516, 87842321, 64639056, 15164730, 12203144] resolved=[0, 0, 0, 0, 0, 0, 0, 0, 0, 0, 0, 0] sync=[6652, 6652, 0, 0]
BENCH_END natives-values 0
BENCH_COMPILE natives-values 1
LINK_INVOCATION completed=true pass=ACCEPT stages=[4748661, 29553902, 274042, 21215654, 9327588, 4164423, 83436101, 828018, 18819, 463923, 72125420, 56434626, 12804101, 10491058] resolved=[0, 0, 0, 0, 0, 0, 0, 0, 0, 0, 0, 0] sync=[5596, 5596, 0, 0]
BENCH_QUERY natives-values 1
LINK_INVOCATION completed=true pass=CHECKFALSE stages=[2123598, 10311672, 118438, 8021033, 195319, 1861748, 28769347, 850734, 9174, 179754, 27400390, 20919568, 5070813, 4097068] resolved=[0, 0, 0, 0, 0, 0, 0, 0, 0, 0, 0, 0] sync=[2548, 2548, 0, 0]
LINK_INVOCATION completed=true pass=CHECKTRUE stages=[6803707, 30765558, 330029, 25556121, 1777665, 5828323, 86673814, 1678851, 22718, 505584, 82395390, 64369665, 14818734, 11967779] resolved=[0, 0, 0, 0, 0, 0, 0, 0, 0, 0, 0, 0] sync=[6652, 6652, 0, 0]
BENCH_END natives-values 1
BENCH_COMPILE natives-values 2
LINK_INVOCATION completed=true pass=ACCEPT stages=[4706850, 26236328, 260737, 20548765, 11282679, 4125780, 80837963, 914650, 49514, 553630, 67292690, 52643589, 12469229, 10374513] resolved=[0, 0, 0, 0, 0, 0, 0, 0, 0, 0, 0, 0] sync=[5596, 5596, 0, 0]
BENCH_QUERY natives-values 2
LINK_INVOCATION completed=true pass=CHECKFALSE stages=[2163215, 13682802, 125525, 9301822, 305361, 1897124, 33505260, 627536, 233984, 212263, 31970111, 25568968, 5383788, 4571828] resolved=[0, 0, 0, 0, 0, 0, 0, 0, 0, 0, 0, 0] sync=[2548, 2548, 0, 0]
LINK_INVOCATION completed=true pass=CHECKTRUE stages=[6972922, 36613257, 351432, 24749589, 1865518, 6104478, 94586177, 1823149, 22826, 718235, 89807250, 69483515, 17564412, 14123992] resolved=[0, 0, 0, 0, 0, 0, 0, 0, 0, 0, 0, 0] sync=[6652, 6652, 0, 0]
BENCH_END natives-values 2
BENCH_COMPILE natives-values 3
LINK_INVOCATION completed=true pass=ACCEPT stages=[4168163, 25304709, 262966, 20362897, 10014629, 3657044, 76793544, 1042843, 20362, 328915, 64732790, 50684170, 11729993, 9774322] resolved=[0, 0, 0, 0, 0, 0, 0, 0, 0, 0, 0, 0] sync=[5596, 5596, 0, 0]
BENCH_QUERY natives-values 3
LINK_INVOCATION completed=true pass=CHECKFALSE stages=[1888431, 8799038, 107729, 7772061, 173217, 1646831, 25450842, 585081, 7671, 122107, 24451701, 18862289, 4767617, 4006433] resolved=[0, 0, 0, 0, 0, 0, 0, 0, 0, 0, 0, 0] sync=[2548, 2548, 0, 0]
LINK_INVOCATION completed=true pass=CHECKTRUE stages=[5379432, 30571361, 286529, 24791501, 1830810, 4665649, 83687270, 1581106, 24367, 421157, 79482202, 61806576, 14914634, 12294586] resolved=[0, 0, 0, 0, 0, 0, 0, 0, 0, 0, 0, 0] sync=[6652, 6652, 0, 0]
BENCH_END natives-values 3
BENCH_COMPILE natives-values 4
LINK_INVOCATION completed=true pass=ACCEPT stages=[4178442, 20922145, 268178, 21842092, 11131303, 3665691, 76236373, 698575, 63326, 381626, 63207441, 47799260, 13457765, 11007160] resolved=[0, 0, 0, 0, 0, 0, 0, 0, 0, 0, 0, 0] sync=[5596, 5596, 0, 0]
BENCH_QUERY natives-values 4
LINK_INVOCATION completed=true pass=CHECKFALSE stages=[1604631, 8339339, 124996, 7752792, 160775, 1353979, 24326687, 460765, 4136, 138214, 23448065, 18115755, 4583775, 3850168] resolved=[0, 0, 0, 0, 0, 0, 0, 0, 0, 0, 0, 0] sync=[2548, 2548, 0, 0]
LINK_INVOCATION completed=true pass=CHECKTRUE stages=[4529808, 29504785, 306918, 20175344, 1495585, 3810614, 75193661, 1217814, 55381, 551011, 71395461, 55359913, 13654117, 11283805] resolved=[0, 0, 0, 0, 0, 0, 0, 0, 0, 0, 0, 0] sync=[6652, 6652, 0, 0]
BENCH_END natives-values 4
BENCH_COMPILE natives-values 5
LINK_INVOCATION completed=true pass=ACCEPT stages=[3944618, 21293252, 256126, 22441942, 7100883, 3395815, 72822224, 572294, 11268, 434375, 63922740, 48583450, 13199420, 10983200] resolved=[0, 0, 0, 0, 0, 0, 0, 0, 0, 0, 0, 0] sync=[5596, 5596, 0, 0]
BENCH_QUERY natives-values 5
LINK_INVOCATION completed=true pass=CHECKFALSE stages=[4557283, 47826630, 263705, 19626382, 289459, 4138740, 94850826, 602048, 8123, 325046, 93419977, 72733138, 17204799, 15209534] resolved=[0, 0, 0, 0, 0, 0, 0, 0, 0, 0, 0, 0] sync=[2548, 2548, 0, 0]
LINK_INVOCATION completed=true pass=CHECKTRUE stages=[6906118, 52293749, 447007, 28658737, 1509594, 6076816, 116418983, 1784382, 14041, 543646, 112209640, 89074594, 18766083, 15064557] resolved=[0, 0, 0, 0, 0, 0, 0, 0, 0, 0, 0, 0] sync=[6652, 6652, 0, 0]
BENCH_END natives-values 5
BENCH_COMPILE natives-values 6
LINK_INVOCATION completed=true pass=ACCEPT stages=[3413455, 20124942, 278224, 17961505, 6332495, 2923583, 63660898, 519183, 12008, 375487, 55821958, 42392016, 11575386, 9579215] resolved=[0, 0, 0, 0, 0, 0, 0, 0, 0, 0, 0, 0] sync=[5596, 5596, 0, 0]
BENCH_QUERY natives-values 6
LINK_INVOCATION completed=true pass=CHECKFALSE stages=[1765849, 9307725, 117967, 9028128, 147674, 1490477, 29435783, 424250, 5758, 207492, 28519602, 20514530, 7212699, 5537918] resolved=[0, 0, 0, 0, 0, 0, 0, 0, 0, 0, 0, 0] sync=[2548, 2548, 0, 0]
LINK_INVOCATION completed=true pass=CHECKTRUE stages=[4791251, 24301015, 326300, 20518575, 1107712, 4001992, 69922191, 1096594, 12278, 418914, 66959830, 50777900, 14048466, 11463632] resolved=[0, 0, 0, 0, 0, 0, 0, 0, 0, 0, 0, 0] sync=[6652, 6652, 0, 0]
BENCH_END natives-values 6
BENCH_COMPILE singleton-values -3
LINK_INVOCATION completed=true pass=ACCEPT stages=[6336, 7901, 5568, 247801, 5507, 0, 499343, 58889, 1493, 26435, 304453, 291259, 0, 0] resolved=[0, 0, 0, 0, 0, 0, 0, 0, 0, 0, 0, 0] sync=[0, 0, 0, 0]
BENCH_QUERY singleton-values -3
LINK_INVOCATION completed=true pass=CHECKFALSE stages=[191, 310, 90, 3506, 241, 0, 58699, 35784, 842, 821, 5148, 4317, 0, 0] resolved=[0, 0, 0, 0, 0, 0, 0, 0, 0, 0, 0, 0] sync=[0, 0, 0, 0]
LINK_INVOCATION completed=true pass=CHECKTRUE stages=[4374860, 5677857, 29958, 3210174, 4081750, 3801748, 19554881, 319903, 3344, 118055, 14918808, 13400950, 81177, 60638] resolved=[0, 0, 0, 0, 0, 0, 0, 0, 0, 0, 0, 0] sync=[300, 300, 0, 0]
BENCH_END singleton-values -3
BENCH_COMPILE singleton-values -2
LINK_INVOCATION completed=true pass=ACCEPT stages=[17575, 7732, 5540, 228649, 5433, 0, 505112, 56495, 1291, 25782, 295705, 283382, 0, 0] resolved=[0, 0, 0, 0, 0, 0, 0, 0, 0, 0, 0, 0] sync=[0, 0, 0, 0]
BENCH_QUERY singleton-values -2
LINK_INVOCATION completed=true pass=CHECKFALSE stages=[461, 541, 81, 3365, 150, 0, 54142, 34702, 792, 771, 5068, 4688, 0, 0] resolved=[0, 0, 0, 0, 0, 0, 0, 0, 0, 0, 0, 0] sync=[0, 0, 0, 0]
LINK_INVOCATION completed=true pass=CHECKTRUE stages=[4320873, 4053825, 29492, 3072637, 3337194, 4013100, 17318258, 305521, 3445, 126379, 13431127, 11585138, 96920, 76650] resolved=[0, 0, 0, 0, 0, 0, 0, 0, 0, 0, 0, 0] sync=[300, 300, 0, 0]
BENCH_END singleton-values -2
BENCH_COMPILE singleton-values -1
LINK_INVOCATION completed=true pass=ACCEPT stages=[9994, 7212, 5532, 245916, 5672, 0, 514516, 58609, 1974, 26459, 305280, 292639, 0, 0] resolved=[0, 0, 0, 0, 0, 0, 0, 0, 0, 0, 0, 0] sync=[0, 0, 0, 0]
BENCH_QUERY singleton-values -1
LINK_INVOCATION completed=true pass=CHECKFALSE stages=[511, 330, 80, 5248, 170, 0, 58768, 36425, 861, 811, 6811, 6430, 0, 0] resolved=[0, 0, 0, 0, 0, 0, 0, 0, 0, 0, 0, 0] sync=[0, 0, 0, 0]
LINK_INVOCATION completed=true pass=CHECKTRUE stages=[4174380, 3718587, 29917, 3154701, 3819825, 3860477, 17241292, 330599, 2764, 232307, 12737293, 11186190, 79271, 57718] resolved=[0, 0, 0, 0, 0, 0, 0, 0, 0, 0, 0, 0] sync=[300, 300, 0, 0]
BENCH_END singleton-values -1
BENCH_COMPILE singleton-values 0
LINK_INVOCATION completed=true pass=ACCEPT stages=[10011, 7390, 9904, 254058, 5336, 0, 520646, 54072, 1473, 27987, 317768, 305569, 0, 0] resolved=[0, 0, 0, 0, 0, 0, 0, 0, 0, 0, 0, 0] sync=[0, 0, 0, 0]
BENCH_QUERY singleton-values 0
LINK_INVOCATION completed=true pass=CHECKFALSE stages=[390, 741, 90, 3825, 130, 0, 54192, 34752, 831, 740, 5638, 5288, 0, 0] resolved=[0, 0, 0, 0, 0, 0, 0, 0, 0, 0, 0, 0] sync=[0, 0, 0, 0]
LINK_INVOCATION completed=true pass=CHECKTRUE stages=[4530201, 3840753, 30228, 3130617, 3363762, 4201690, 17098046, 299321, 2913, 134546, 13178803, 11639384, 76627, 56718] resolved=[0, 0, 0, 0, 0, 0, 0, 0, 0, 0, 0, 0] sync=[300, 300, 0, 0]
BENCH_END singleton-values 0
BENCH_COMPILE singleton-values 1
LINK_INVOCATION completed=true pass=ACCEPT stages=[9876, 7713, 5949, 228508, 6120, 0, 507065, 63185, 1792, 24502, 288696, 275830, 0, 0] resolved=[0, 0, 0, 0, 0, 0, 0, 0, 0, 0, 0, 0] sync=[0, 0, 0, 0]
BENCH_QUERY singleton-values 1
LINK_INVOCATION completed=true pass=CHECKFALSE stages=[621, 481, 111, 5297, 261, 0, 93791, 68383, 1092, 981, 7200, 6710, 0, 0] resolved=[0, 0, 0, 0, 0, 0, 0, 0, 0, 0, 0, 0] sync=[0, 0, 0, 0]
LINK_INVOCATION completed=true pass=CHECKTRUE stages=[9595208, 4855268, 29869, 3712758, 5975053, 8825633, 27267903, 855360, 6239, 239061, 19957953, 18325727, 84587, 62220] resolved=[0, 0, 0, 0, 0, 0, 0, 0, 0, 0, 0, 0] sync=[300, 300, 0, 0]
BENCH_END singleton-values 1
BENCH_COMPILE singleton-values 2
LINK_INVOCATION completed=true pass=ACCEPT stages=[18115, 12318, 7285, 364122, 6878, 0, 787978, 87693, 2564, 74352, 445580, 426909, 0, 0] resolved=[0, 0, 0, 0, 0, 0, 0, 0, 0, 0, 0, 0] sync=[0, 0, 0, 0]
BENCH_QUERY singleton-values 2
LINK_INVOCATION completed=true pass=CHECKFALSE stages=[630, 321, 100, 3616, 230, 0, 66971, 40922, 871, 1083, 5258, 4897, 0, 0] resolved=[0, 0, 0, 0, 0, 0, 0, 0, 0, 0, 0, 0] sync=[0, 0, 0, 0]
LINK_INVOCATION completed=true pass=CHECKTRUE stages=[4475495, 6318699, 29285, 3460382, 4193712, 4152495, 21181584, 573114, 4866, 218931, 16048387, 14438233, 85534, 63944] resolved=[0, 0, 0, 0, 0, 0, 0, 0, 0, 0, 0, 0] sync=[300, 300, 0, 0]
BENCH_END singleton-values 2
BENCH_COMPILE singleton-values 3
LINK_INVOCATION completed=true pass=ACCEPT stages=[12937, 8112, 5749, 266825, 5632, 0, 585443, 60462, 1682, 25204, 330612, 317670, 0, 0] resolved=[0, 0, 0, 0, 0, 0, 0, 0, 0, 0, 0, 0] sync=[0, 0, 0, 0]
BENCH_QUERY singleton-values 3
LINK_INVOCATION completed=true pass=CHECKFALSE stages=[901, 632, 491, 6849, 241, 0, 193201, 44668, 2013, 1121, 9634, 9113, 0, 0] resolved=[0, 0, 0, 0, 0, 0, 0, 0, 0, 0, 0, 0] sync=[0, 0, 0, 0]
LINK_INVOCATION completed=true pass=CHECKTRUE stages=[4469931, 4440940, 29934, 3187812, 4055736, 4203861, 18686432, 439073, 3736, 140217, 13840645, 12301409, 78569, 58305] resolved=[0, 0, 0, 0, 0, 0, 0, 0, 0, 0, 0, 0] sync=[300, 300, 0, 0]
BENCH_END singleton-values 3
BENCH_COMPILE singleton-values 4
LINK_INVOCATION completed=true pass=ACCEPT stages=[12444, 8227, 5870, 234339, 5897, 0, 563931, 60231, 1503, 25887, 325149, 284688, 0, 0] resolved=[0, 0, 0, 0, 0, 0, 0, 0, 0, 0, 0, 0] sync=[0, 0, 0, 0]
BENCH_QUERY singleton-values 4
LINK_INVOCATION completed=true pass=CHECKFALSE stages=[531, 320, 90, 3946, 231, 0, 88173, 66270, 841, 721, 5518, 5168, 0, 0] resolved=[0, 0, 0, 0, 0, 0, 0, 0, 0, 0, 0, 0] sync=[0, 0, 0, 0]
LINK_INVOCATION completed=true pass=CHECKTRUE stages=[6852074, 5061246, 36193, 4113451, 4906526, 6351552, 24193376, 454566, 5848, 271674, 18371845, 16177312, 103905, 77653] resolved=[0, 0, 0, 0, 0, 0, 0, 0, 0, 0, 0, 0] sync=[300, 300, 0, 0]
BENCH_END singleton-values 4
BENCH_COMPILE singleton-values 5
LINK_INVOCATION completed=true pass=ACCEPT stages=[20436, 11231, 6990, 398663, 7390, 0, 785935, 81512, 2583, 45295, 480069, 462256, 0, 0] resolved=[0, 0, 0, 0, 0, 0, 0, 0, 0, 0, 0, 0] sync=[0, 0, 0, 0]
BENCH_QUERY singleton-values 5
LINK_INVOCATION completed=true pass=CHECKFALSE stages=[441, 330, 90, 5578, 252, 0, 78539, 48173, 1263, 1281, 7180, 6709, 0, 0] resolved=[0, 0, 0, 0, 0, 0, 0, 0, 0, 0, 0, 0] sync=[0, 0, 0, 0]
LINK_INVOCATION completed=true pass=CHECKTRUE stages=[5564042, 5222511, 35327, 4898626, 4798442, 5130120, 23819032, 576199, 5528, 197837, 18038198, 15833536, 115376, 88493] resolved=[0, 0, 0, 0, 0, 0, 0, 0, 0, 0, 0, 0] sync=[300, 300, 0, 0]
BENCH_END singleton-values 5
BENCH_COMPILE singleton-values 6
LINK_INVOCATION completed=true pass=ACCEPT stages=[9972, 7940, 5699, 235416, 5572, 0, 540174, 63917, 1873, 24792, 296282, 283023, 0, 0] resolved=[0, 0, 0, 0, 0, 0, 0, 0, 0, 0, 0, 0] sync=[0, 0, 0, 0]
BENCH_QUERY singleton-values 6
LINK_INVOCATION completed=true pass=CHECKFALSE stages=[491, 442, 100, 5417, 150, 0, 133431, 104848, 1273, 1061, 7280, 6700, 0, 0] resolved=[0, 0, 0, 0, 0, 0, 0, 0, 0, 0, 0, 0] sync=[0, 0, 0, 0]
LINK_INVOCATION completed=true pass=CHECKTRUE stages=[4257536, 4023449, 29373, 3017032, 3068337, 3992256, 16749460, 339602, 3045, 177787, 13039645, 11455470, 130559, 109802] resolved=[0, 0, 0, 0, 0, 0, 0, 0, 0, 0, 0, 0] sync=[300, 300, 0, 0]
BENCH_END singleton-values 6
