BENCH_COMPILE natives-values -3
LINK_INVOCATION completed=true pass=ACCEPT stages=[18415047, 93937145, 2382988, 65058755, 39098225, 14563830, 276907576]
BENCH_QUERY natives-values -3
LINK_INVOCATION completed=true pass=CHECKFALSE stages=[5565910, 39692448, 647461, 19765035, 608793, 4599956, 82093632]
LINK_INVOCATION completed=true pass=CHECKTRUE stages=[10218040, 71760579, 1383517, 64174093, 4461889, 8371175, 185859012]
BENCH_END natives-values -3
BENCH_COMPILE natives-values -2
LINK_INVOCATION completed=true pass=ACCEPT stages=[6184459, 33320388, 562225, 33893162, 16997736, 4962670, 128626929]
BENCH_QUERY natives-values -2
LINK_INVOCATION completed=true pass=CHECKFALSE stages=[2748160, 12837346, 249183, 13270361, 300952, 2260825, 41316031]
LINK_INVOCATION completed=true pass=CHECKTRUE stages=[8804954, 49939163, 804296, 30755505, 2797705, 7151727, 121811788]
BENCH_END natives-values -2
BENCH_COMPILE natives-values -1
LINK_INVOCATION completed=true pass=ACCEPT stages=[7341034, 29132748, 508270, 25981794, 11078840, 6190975, 99066686]
BENCH_QUERY natives-values -1
LINK_INVOCATION completed=true pass=CHECKFALSE stages=[3042567, 12740641, 272060, 10176231, 278783, 2604733, 34661723]
LINK_INVOCATION completed=true pass=CHECKTRUE stages=[9823687, 44846663, 649653, 32756912, 2379476, 7786558, 123836101]
BENCH_END natives-values -1
BENCH_COMPILE natives-values 0
LINK_INVOCATION completed=true pass=ACCEPT stages=[8555257, 27925111, 306443, 21740409, 9510918, 7625977, 85528314]
BENCH_QUERY natives-values 0
LINK_INVOCATION completed=true pass=CHECKFALSE stages=[2875689, 12323402, 275546, 8476867, 241987, 2448215, 32048299]
LINK_INVOCATION completed=true pass=CHECKTRUE stages=[8088625, 52728431, 366919, 25489325, 2020282, 6788284, 113410570]
BENCH_END natives-values 0
BENCH_COMPILE natives-values 1
LINK_INVOCATION completed=true pass=ACCEPT stages=[4805707, 29399325, 264613, 22741644, 11945219, 4201519, 87410246]
BENCH_QUERY natives-values 1
LINK_INVOCATION completed=true pass=CHECKFALSE stages=[2142040, 11812196, 116819, 8244556, 206602, 1834239, 29741356]
LINK_INVOCATION completed=true pass=CHECKTRUE stages=[7171220, 33486829, 305210, 21719698, 1934144, 6295604, 85195913]
BENCH_END natives-values 1
BENCH_COMPILE natives-values 2
LINK_INVOCATION completed=true pass=ACCEPT stages=[4629721, 24885280, 264746, 20506111, 10828020, 3915973, 77987030]
BENCH_QUERY natives-values 2
LINK_INVOCATION completed=true pass=CHECKFALSE stages=[1889607, 9805441, 108845, 10104540, 236109, 1624444, 28394458]
LINK_INVOCATION completed=true pass=CHECKTRUE stages=[6785155, 33949986, 337128, 25313921, 2113796, 5826486, 90396042]
BENCH_END natives-values 2
BENCH_COMPILE natives-values 3
LINK_INVOCATION completed=true pass=ACCEPT stages=[9852338, 95732358, 536266, 48069208, 20975880, 8801765, 215098121]
BENCH_QUERY natives-values 3
LINK_INVOCATION completed=true pass=CHECKFALSE stages=[1843474, 8835518, 118744, 8252344, 253879, 1563671, 26997935]
LINK_INVOCATION completed=true pass=CHECKTRUE stages=[5428383, 33184893, 313893, 22183874, 1919154, 4572077, 82059631]
BENCH_END natives-values 3
BENCH_COMPILE natives-values 4
LINK_INVOCATION completed=true pass=ACCEPT stages=[4304525, 25333178, 278837, 24589646, 9369217, 3602491, 81652137]
BENCH_QUERY natives-values 4
LINK_INVOCATION completed=true pass=CHECKFALSE stages=[2501623, 22946552, 174886, 13054321, 455663, 2161819, 48399176]
LINK_INVOCATION completed=true pass=CHECKTRUE stages=[6483349, 32991309, 369781, 27659612, 2318410, 5584801, 93313133]
BENCH_END natives-values 4
BENCH_COMPILE natives-values 5
LINK_INVOCATION completed=true pass=ACCEPT stages=[5518200, 28268983, 317043, 27870347, 11536757, 4779410, 97548480]
BENCH_QUERY natives-values 5
LINK_INVOCATION completed=true pass=CHECKFALSE stages=[2492388, 12892531, 152108, 12564381, 239300, 2146321, 37759417]
LINK_INVOCATION completed=true pass=CHECKTRUE stages=[4833905, 26466907, 275670, 20420630, 1806591, 4131541, 71843521]
BENCH_END natives-values 5
BENCH_COMPILE natives-values 6
LINK_INVOCATION completed=true pass=ACCEPT stages=[3912868, 18580892, 271539, 18639156, 6111081, 3265774, 62776381]
BENCH_QUERY natives-values 6
LINK_INVOCATION completed=true pass=CHECKFALSE stages=[1846886, 8662343, 118912, 7823363, 163288, 1576518, 25043574]
LINK_INVOCATION completed=true pass=CHECKTRUE stages=[6603288, 24210373, 304762, 20508395, 1396716, 5842513, 70414875]
BENCH_END natives-values 6
BENCH_COMPILE singleton-values -3
LINK_INVOCATION completed=true pass=ACCEPT stages=[6279, 8424, 5667, 270604, 5469, 0, 526393]
BENCH_QUERY singleton-values -3
LINK_INVOCATION completed=true pass=CHECKFALSE stages=[190, 811, 190, 4127, 150, 0, 64697]
LINK_INVOCATION completed=true pass=CHECKTRUE stages=[4824277, 4177373, 29112, 3652509, 5155891, 4178211, 20627674]
BENCH_END singleton-values -3
BENCH_COMPILE singleton-values -2
LINK_INVOCATION completed=true pass=ACCEPT stages=[20772, 9832, 5448, 227551, 5746, 0, 539923]
BENCH_QUERY singleton-values -2
LINK_INVOCATION completed=true pass=CHECKFALSE stages=[360, 331, 60, 3496, 160, 0, 53090]
LINK_INVOCATION completed=true pass=CHECKTRUE stages=[4307504, 4318975, 28959, 3593719, 3562720, 3957805, 18031165]
BENCH_END singleton-values -2
BENCH_COMPILE singleton-values -1
LINK_INVOCATION completed=true pass=ACCEPT stages=[11765, 7690, 5489, 192976, 5632, 0, 423958]
BENCH_QUERY singleton-values -1
LINK_INVOCATION completed=true pass=CHECKFALSE stages=[341, 300, 80, 3485, 131, 0, 51778]
LINK_INVOCATION completed=true pass=CHECKTRUE stages=[4536977, 3748535, 27058, 3202878, 3563738, 4223408, 17269899]
BENCH_END singleton-values -1
BENCH_COMPILE singleton-values 0
LINK_INVOCATION completed=true pass=ACCEPT stages=[13341, 7942, 5547, 231035, 5589, 0, 2427655]
BENCH_QUERY singleton-values 0
LINK_INVOCATION completed=true pass=CHECKFALSE stages=[621, 671, 80, 4105, 130, 0, 55694]
LINK_INVOCATION completed=true pass=CHECKTRUE stages=[4151482, 4148137, 28670, 3393973, 3458818, 3833499, 17340043]
BENCH_END singleton-values 0
BENCH_COMPILE singleton-values 1
LINK_INVOCATION completed=true pass=ACCEPT stages=[10636, 7552, 5409, 211755, 5089, 0, 470499]
BENCH_QUERY singleton-values 1
LINK_INVOCATION completed=true pass=CHECKFALSE stages=[331, 350, 70, 4648, 140, 0, 59549]
LINK_INVOCATION completed=true pass=CHECKTRUE stages=[4204635, 3756568, 28360, 3013467, 3057685, 3732466, 16182902]
BENCH_END singleton-values 1
BENCH_COMPILE singleton-values 2
LINK_INVOCATION completed=true pass=ACCEPT stages=[11230, 7871, 38651, 241617, 5492, 0, 639152]
BENCH_QUERY singleton-values 2
LINK_INVOCATION completed=true pass=CHECKFALSE stages=[450, 561, 80, 5098, 141, 0, 64837]
LINK_INVOCATION completed=true pass=CHECKTRUE stages=[4351842, 4226938, 28932, 3287066, 3261997, 3973454, 17534277]
BENCH_END singleton-values 2
BENCH_COMPILE singleton-values 3
LINK_INVOCATION completed=true pass=ACCEPT stages=[11197, 7459, 5835, 245972, 5170, 0, 526503]
BENCH_QUERY singleton-values 3
LINK_INVOCATION completed=true pass=CHECKFALSE stages=[330, 321, 80, 3666, 140, 0, 53450]
LINK_INVOCATION completed=true pass=CHECKTRUE stages=[4092278, 3855007, 27388, 4461543, 2893783, 3795440, 17546305]
BENCH_END singleton-values 3
BENCH_COMPILE singleton-values 4
LINK_INVOCATION completed=true pass=ACCEPT stages=[15171, 7431, 5639, 429648, 5447, 0, 679202]
BENCH_QUERY singleton-values 4
LINK_INVOCATION completed=true pass=CHECKFALSE stages=[90, 440, 60, 3615, 130, 0, 78869]
LINK_INVOCATION completed=true pass=CHECKTRUE stages=[4134041, 3810969, 29289, 3071248, 3012828, 3897333, 16277845]
BENCH_END singleton-values 4
BENCH_COMPILE singleton-values 5
LINK_INVOCATION completed=true pass=ACCEPT stages=[5632, 7491, 5426, 207441, 5065, 0, 447483]
BENCH_QUERY singleton-values 5
LINK_INVOCATION completed=true pass=CHECKFALSE stages=[110, 431, 80, 3726, 120, 0, 52158]
LINK_INVOCATION completed=true pass=CHECKTRUE stages=[4391584, 4119404, 29379, 3049603, 2915768, 4202441, 16738299]
BENCH_END singleton-values 5
BENCH_COMPILE singleton-values 6
LINK_INVOCATION completed=true pass=ACCEPT stages=[5648, 7313, 5798, 205466, 5728, 0, 445240]
BENCH_QUERY singleton-values 6
LINK_INVOCATION completed=true pass=CHECKFALSE stages=[120, 332, 60, 3925, 141, 0, 84768]
LINK_INVOCATION completed=true pass=CHECKTRUE stages=[4133911, 3883263, 28765, 3223687, 2822900, 3971790, 16390665]
BENCH_END singleton-values 6
