BENCH_COMPILE natives-values -3
LINK_INVOCATION completed=true stages=[20743087, 100219968, 1889829, 66464788, 38418829, 15013292, 278616836]
BENCH_QUERY natives-values -3
LINK_INVOCATION completed=true stages=[5198482, 44287933, 682223, 20217334, 765396, 4194988, 85460574]
LINK_INVOCATION completed=true stages=[10579582, 60534158, 1301489, 63724486, 5095401, 8732130, 171874343]
BENCH_END natives-values -3
BENCH_COMPILE natives-values -2
LINK_INVOCATION completed=true stages=[7069670, 35454144, 652134, 34201287, 17381072, 5854613, 133358432]
BENCH_QUERY natives-values -2
LINK_INVOCATION completed=true stages=[3180595, 14142683, 280245, 12471151, 363955, 2580104, 44165142]
LINK_INVOCATION completed=true stages=[8452064, 47328982, 829282, 31184018, 2444291, 6833038, 117331020]
BENCH_END natives-values -2
BENCH_COMPILE natives-values -1
LINK_INVOCATION completed=true stages=[8712147, 28671365, 542994, 25162425, 11164300, 7744475, 93399377]
BENCH_QUERY natives-values -1
LINK_INVOCATION completed=true stages=[2701085, 12168104, 278351, 9401319, 315946, 2260638, 32818684]
LINK_INVOCATION completed=true stages=[7346567, 35982636, 725070, 22644788, 2031176, 6068257, 90813073]
BENCH_END natives-values -1
BENCH_COMPILE natives-values 0
LINK_INVOCATION completed=true stages=[5403863, 30611900, 326450, 22286673, 9343885, 4469120, 86638457]
BENCH_QUERY natives-values 0
LINK_INVOCATION completed=true stages=[2525913, 11124139, 118733, 8222969, 257388, 2097309, 29808702]
LINK_INVOCATION completed=true stages=[7853165, 43602666, 337324, 23314642, 2006679, 6614073, 99883029]
BENCH_END natives-values 0
BENCH_COMPILE natives-values 1
LINK_INVOCATION completed=true stages=[5073358, 27708053, 254546, 20966792, 14874987, 4350619, 87370910]
BENCH_QUERY natives-values 1
LINK_INVOCATION completed=true stages=[2134118, 10107483, 117714, 7953156, 224804, 1882952, 27451062]
LINK_INVOCATION completed=true stages=[5911283, 33435767, 304281, 20658643, 1999424, 5011310, 82879218]
BENCH_END natives-values 1
BENCH_COMPILE natives-values 2
LINK_INVOCATION completed=true stages=[5023417, 28822214, 261689, 20246099, 9880519, 4423402, 80844925]
BENCH_QUERY natives-values 2
LINK_INVOCATION completed=true stages=[2078983, 10850610, 112149, 8126632, 246268, 1817296, 28343475]
LINK_INVOCATION completed=true stages=[6208852, 33356720, 305865, 22135846, 1925710, 5447706, 83862267]
BENCH_END natives-values 2
BENCH_COMPILE natives-values 3
LINK_INVOCATION completed=true stages=[7747563, 61312498, 402997, 43709167, 22074239, 6873309, 172158702]
BENCH_QUERY natives-values 3
LINK_INVOCATION completed=true stages=[1804856, 9014668, 122195, 8167639, 258134, 1544452, 25839916]
LINK_INVOCATION completed=true stages=[4914558, 29574650, 294276, 19818795, 1717388, 4159813, 73952927]
BENCH_END natives-values 3
BENCH_COMPILE natives-values 4
LINK_INVOCATION completed=true stages=[4088159, 19668040, 257830, 28135428, 8254508, 3483039, 76292089]
BENCH_QUERY natives-values 4
LINK_INVOCATION completed=true stages=[1764803, 8626110, 112419, 8086980, 191239, 1509917, 25141535]
LINK_INVOCATION completed=true stages=[5117590, 24904983, 290407, 20314541, 1748944, 4383787, 71241054]
BENCH_END natives-values 4
BENCH_COMPILE natives-values 5
LINK_INVOCATION completed=true stages=[3612950, 17973403, 235191, 17782139, 7776478, 3085419, 63921454]
BENCH_QUERY natives-values 5
LINK_INVOCATION completed=true stages=[1637397, 8224010, 111478, 7746984, 191161, 1392844, 24266737]
LINK_INVOCATION completed=true stages=[5148228, 27084567, 289929, 28424728, 2078185, 4335912, 83129114]
BENCH_END natives-values 5
BENCH_COMPILE natives-values 6
LINK_INVOCATION completed=true stages=[5081415, 26788421, 319203, 25634688, 6979524, 4429698, 84582232]
BENCH_QUERY natives-values 6
LINK_INVOCATION completed=true stages=[1820921, 10801148, 126235, 8227866, 137670, 1560552, 27435228]
LINK_INVOCATION completed=true stages=[4339588, 23348260, 286922, 19904456, 1251191, 3677081, 66639236]
BENCH_END natives-values 6
BENCH_COMPILE singleton-values -3
LINK_INVOCATION completed=true stages=[5780, 8002, 6601, 223773, 5659, 0, 452091]
BENCH_QUERY singleton-values -3
LINK_INVOCATION completed=true stages=[151, 391, 90, 4056, 140, 0, 56014]
LINK_INVOCATION completed=true stages=[4852745, 3757907, 31781, 3265353, 3630971, 4130292, 17696245]
BENCH_END singleton-values -3
BENCH_COMPILE singleton-values -2
LINK_INVOCATION completed=true stages=[19648, 7980, 6615, 238383, 5811, 0, 522406]
BENCH_QUERY singleton-values -2
LINK_INVOCATION completed=true stages=[311, 370, 100, 3596, 140, 0, 55904]
LINK_INVOCATION completed=true stages=[4256637, 3769543, 30417, 3279385, 3601149, 3942219, 17237044]
BENCH_END singleton-values -2
BENCH_COMPILE singleton-values -1
LINK_INVOCATION completed=true stages=[13090, 8283, 6555, 222668, 5453, 0, 480784]
BENCH_QUERY singleton-values -1
LINK_INVOCATION completed=true stages=[400, 391, 110, 3456, 150, 0, 55324]
LINK_INVOCATION completed=true stages=[4110263, 3653655, 50953, 3079945, 3773380, 3830852, 16939355]
BENCH_END singleton-values -1
BENCH_COMPILE singleton-values 0
LINK_INVOCATION completed=true stages=[12944, 7935, 6527, 225167, 5627, 0, 468395]
BENCH_QUERY singleton-values 0
LINK_INVOCATION completed=true stages=[351, 380, 90, 3726, 171, 0, 55434]
LINK_INVOCATION completed=true stages=[4310635, 3748547, 30710, 3107723, 3223371, 4045030, 16572752]
BENCH_END singleton-values 0
BENCH_COMPILE singleton-values 1
LINK_INVOCATION completed=true stages=[11644, 8156, 6559, 232779, 5588, 0, 510929]
BENCH_QUERY singleton-values 1
LINK_INVOCATION completed=true stages=[371, 481, 101, 4356, 140, 0, 63195]
LINK_INVOCATION completed=true stages=[4232059, 3874260, 36559, 3333120, 3264717, 3935915, 16936330]
BENCH_END singleton-values 1
BENCH_COMPILE singleton-values 2
LINK_INVOCATION completed=true stages=[11553, 7842, 6639, 203315, 6090, 0, 531119]
BENCH_QUERY singleton-values 2
LINK_INVOCATION completed=true stages=[370, 502, 110, 4126, 160, 0, 85579]
LINK_INVOCATION completed=true stages=[4133639, 4008661, 30518, 3382171, 3404784, 3845844, 17281671]
BENCH_END singleton-values 2
BENCH_COMPILE singleton-values 3
LINK_INVOCATION completed=true stages=[11475, 7558, 6547, 224424, 5450, 0, 508295]
BENCH_QUERY singleton-values 3
LINK_INVOCATION completed=true stages=[441, 531, 100, 4096, 171, 0, 55714]
LINK_INVOCATION completed=true stages=[4129903, 3873539, 31680, 3073764, 3190188, 3870305, 16426963]
BENCH_END singleton-values 3
BENCH_COMPILE singleton-values 4
LINK_INVOCATION completed=true stages=[12188, 7695, 6774, 221857, 5637, 0, 525061]
BENCH_QUERY singleton-values 4
LINK_INVOCATION completed=true stages=[460, 411, 100, 3586, 140, 0, 68413]
LINK_INVOCATION completed=true stages=[4972125, 3702282, 30578, 2882301, 2988461, 4679548, 16738372]
BENCH_END singleton-values 4
BENCH_COMPILE singleton-values 5
LINK_INVOCATION completed=true stages=[11273, 7914, 6730, 229753, 5998, 0, 524129]
BENCH_QUERY singleton-values 5
LINK_INVOCATION completed=true stages=[321, 390, 110, 3927, 150, 0, 57978]
LINK_INVOCATION completed=true stages=[4049743, 4074677, 31187, 3284201, 2812159, 3784575, 16475126]
BENCH_END singleton-values 5
BENCH_COMPILE singleton-values 6
LINK_INVOCATION completed=true stages=[20119, 27430, 6593, 268591, 5447, 0, 701346]
BENCH_QUERY singleton-values 6
LINK_INVOCATION completed=true stages=[150, 390, 101, 3716, 130, 0, 91217]
LINK_INVOCATION completed=true stages=[4175384, 7259563, 30045, 2908536, 2854272, 3934934, 19440320]
BENCH_END singleton-values 6
