START 0 reference-on-KangerLinkerDonorScopeSafetyRunner
DONE 0 reference-on-KangerLinkerDonorScopeSafetyRunner
START 1 reference-on-KangerLinkerRuleOrderingSafetyRunner
DONE 1 reference-on-KangerLinkerRuleOrderingSafetyRunner
START 2 reference-on-KangerLinkerCheckpointBalanceSafetyRunner
DONE 2 reference-on-KangerLinkerCheckpointBalanceSafetyRunner
START 3 reference-on-KangerCompletedHypothesisContractRunner
DONE 3 reference-on-KangerCompletedHypothesisContractRunner
START 4 reference-on-FrontierDependencyWitness
DONE 4 reference-on-FrontierDependencyWitness
START 5 reference-on-LatentSolveSyncTransactionRunner
DONE 5 reference-on-LatentSolveSyncTransactionRunner
START 6 reference-on-ExactCandidateReplayRunner
DONE 6 reference-on-ExactCandidateReplayRunner
START 7 reference-off-KangerLinkerDonorScopeSafetyRunner
DONE 7 reference-off-KangerLinkerDonorScopeSafetyRunner
START 8 reference-off-KangerLinkerRuleOrderingSafetyRunner
DONE 8 reference-off-KangerLinkerRuleOrderingSafetyRunner
START 9 reference-off-KangerLinkerCheckpointBalanceSafetyRunner
DONE 9 reference-off-KangerLinkerCheckpointBalanceSafetyRunner
START 10 reference-off-KangerCompletedHypothesisContractRunner
DONE 10 reference-off-KangerCompletedHypothesisContractRunner
START 11 reference-off-FrontierDependencyWitness
DONE 11 reference-off-FrontierDependencyWitness
START 12 reference-off-LatentSolveSyncTransactionRunner
DONE 12 reference-off-LatentSolveSyncTransactionRunner
START 13 reference-off-ExactCandidateReplayRunner
DONE 13 reference-off-ExactCandidateReplayRunner
START 14 reference-on-KangerRuleCandidateConcurrencyRunner
DONE 14 reference-on-KangerRuleCandidateConcurrencyRunner
START 15 reference-on-LatentSubstitutionCorpusRunner
DONE 15 reference-on-LatentSubstitutionCorpusRunner
START 16 reference-on-SonProfileRunner
DONE 16 reference-on-SonProfileRunner
START 17 split-on-KangerLinkerDonorScopeSafetyRunner
DONE 17 split-on-KangerLinkerDonorScopeSafetyRunner
START 18 split-on-KangerLinkerRuleOrderingSafetyRunner
DONE 18 split-on-KangerLinkerRuleOrderingSafetyRunner
START 19 split-on-KangerLinkerCheckpointBalanceSafetyRunner
DONE 19 split-on-KangerLinkerCheckpointBalanceSafetyRunner
START 20 split-on-KangerCompletedHypothesisContractRunner
DONE 20 split-on-KangerCompletedHypothesisContractRunner
START 21 split-on-FrontierDependencyWitness
DONE 21 split-on-FrontierDependencyWitness
START 22 split-on-LatentSolveSyncTransactionRunner
DONE 22 split-on-LatentSolveSyncTransactionRunner
START 23 split-on-ExactCandidateReplayRunner
DONE 23 split-on-ExactCandidateReplayRunner
START 24 split-off-KangerLinkerDonorScopeSafetyRunner
DONE 24 split-off-KangerLinkerDonorScopeSafetyRunner
START 25 split-off-KangerLinkerRuleOrderingSafetyRunner
DONE 25 split-off-KangerLinkerRuleOrderingSafetyRunner
START 26 split-off-KangerLinkerCheckpointBalanceSafetyRunner
DONE 26 split-off-KangerLinkerCheckpointBalanceSafetyRunner
START 27 split-off-KangerCompletedHypothesisContractRunner
DONE 27 split-off-KangerCompletedHypothesisContractRunner
START 28 split-off-FrontierDependencyWitness
DONE 28 split-off-FrontierDependencyWitness
START 29 split-off-LatentSolveSyncTransactionRunner
DONE 29 split-off-LatentSolveSyncTransactionRunner
START 30 split-off-ExactCandidateReplayRunner
DONE 30 split-off-ExactCandidateReplayRunner
START 31 split-on-KangerRuleCandidateConcurrencyRunner
DONE 31 split-on-KangerRuleCandidateConcurrencyRunner
START 32 split-on-LatentSubstitutionCorpusRunner
START 32 split-on-LatentSubstitutionCorpusRunner
DONE 32 split-on-LatentSubstitutionCorpusRunner
START 33 split-on-SonProfileRunner
DONE 33 split-on-SonProfileRunner
START 34 reference-trace-on-ScopeTraceSonRunner
DONE 34 reference-trace-on-ScopeTraceSonRunner
START 35 split-trace-on-ScopeTraceSonRunner
DONE 35 split-trace-on-ScopeTraceSonRunner
