OCCURRENCE_OBSERVATION pass=ACCEPT completed=true counts=[20, 20, 8, 8, 0]
OCCURRENCE_OBSERVATION pass=CHECKFALSE completed=true counts=[0, 0, 0, 0, 0]
OCCURRENCE_OBSERVATION pass=CHECKTRUE completed=true counts=[71, 71, 37, 37, 0]
OCCURRENCE_OBSERVATION pass=ACCEPT completed=true counts=[44, 44, 32, 32, 0]
OCCURRENCE_OBSERVATION pass=CHECKFALSE completed=true counts=[0, 0, 0, 0, 0]
OCCURRENCE_OBSERVATION pass=CHECKTRUE completed=true counts=[179, 179, 133, 133, 0]
OCCURRENCE_OBSERVATION pass=CHECKFALSE completed=true counts=[36, 36, 24, 24, 0]
OCCURRENCE_OBSERVATION pass=CHECKTRUE completed=true counts=[20, 20, 4, 4, 0]
OCCURRENCE_OBSERVATION pass=ACCEPT completed=true counts=[68, 68, 56, 56, 0]
OCCURRENCE_OBSERVATION pass=CHECKFALSE completed=true counts=[0, 0, 0, 0, 0]
OCCURRENCE_OBSERVATION pass=CHECKTRUE completed=true counts=[327, 327, 269, 269, 0]
OCCURRENCE_OBSERVATION pass=CHECKFALSE completed=true counts=[52, 52, 40, 40, 0]
OCCURRENCE_OBSERVATION pass=CHECKTRUE completed=true counts=[30, 30, 14, 14, 0]
OCCURRENCE_OBSERVATION pass=CHECKFALSE completed=true counts=[0, 0, 0, 0, 0]
OCCURRENCE_OBSERVATION pass=CHECKTRUE completed=true counts=[179, 179, 133, 133, 0]
OCCURRENCE_OBSERVATION pass=ACCEPT completed=true counts=[68, 68, 56, 56, 0]
OCCURRENCE_OBSERVATION pass=CHECKFALSE completed=true counts=[0, 0, 0, 0, 0]
OCCURRENCE_OBSERVATION pass=CHECKTRUE completed=true counts=[327, 327, 269, 269, 0]
OCCURRENCE_OBSERVATION pass=CHECKFALSE completed=true counts=[0, 0, 0, 0, 0]
OCCURRENCE_OBSERVATION pass=CHECKTRUE completed=true counts=[327, 327, 269, 269, 0]
OCCURRENCE_OBSERVATION pass=CHECKFALSE completed=true counts=[36, 36, 24, 24, 0]
OCCURRENCE_OBSERVATION pass=CHECKTRUE completed=true counts=[20, 20, 4, 4, 0]
OCCURRENCE_OBSERVATION pass=CHECKFALSE completed=true counts=[36, 36, 24, 24, 0]
OCCURRENCE_OBSERVATION pass=CHECKTRUE completed=true counts=[20, 20, 4, 4, 0]
OCCURRENCE_OBSERVATION pass=CHECKFALSE completed=true counts=[0, 0, 0, 0, 0]
OCCURRENCE_OBSERVATION pass=CHECKTRUE completed=true counts=[71, 71, 37, 37, 0]
OCCURRENCE_OBSERVATION pass=ACCEPT completed=true counts=[44, 44, 32, 32, 0]
OCCURRENCE_OBSERVATION pass=CHECKFALSE completed=true counts=[0, 0, 0, 0, 0]
OCCURRENCE_OBSERVATION pass=CHECKTRUE completed=true counts=[179, 179, 133, 133, 0]
OCCURRENCE_OBSERVATION pass=CHECKFALSE completed=true counts=[0, 0, 0, 0, 0]
OCCURRENCE_OBSERVATION pass=CHECKTRUE completed=true counts=[179, 179, 133, 133, 0]
OCCURRENCE_OBSERVATION pass=CHECKFALSE completed=true counts=[0, 0, 0, 0, 0]
OCCURRENCE_OBSERVATION pass=CHECKTRUE completed=true counts=[179, 179, 133, 133, 0]
OCCURRENCE_OBSERVATION pass=SILENCE completed=true counts=[12, 12, 4, 4, 0]
OCCURRENCE_OBSERVATION pass=SILENCE completed=true counts=[20, 20, 8, 8, 0]
OCCURRENCE_OBSERVATION pass=CHECKFALSE completed=true counts=[0, 0, 0, 0, 0]
OCCURRENCE_OBSERVATION pass=CHECKTRUE completed=true counts=[71, 71, 37, 37, 0]
OCCURRENCE_OBSERVATION pass=CHECKFALSE completed=true counts=[0, 0, 0, 0, 0]
OCCURRENCE_OBSERVATION pass=CHECKTRUE completed=true counts=[71, 71, 37, 37, 0]
