OCCURRENCE_OBSERVATION pass=ACCEPT completed=true counts=[40, 40, 10, 10, 0]
OCCURRENCE_OBSERVATION pass=ACCEPT completed=true counts=[40, 40, 10, 10, 0]
OCCURRENCE_OBSERVATION pass=ACCEPT completed=true counts=[40, 40, 10, 10, 0]
OCCURRENCE_OBSERVATION pass=CHECKFALSE completed=true counts=[62, 62, 34, 34, 0]
OCCURRENCE_OBSERVATION pass=CHECKTRUE completed=true counts=[0, 0, 0, 0, 0]
OCCURRENCE_OBSERVATION pass=CHECKFALSE completed=true counts=[62, 62, 34, 34, 0]
OCCURRENCE_OBSERVATION pass=CHECKTRUE completed=true counts=[0, 0, 0, 0, 0]
OCCURRENCE_OBSERVATION pass=SILENCE completed=true counts=[52, 52, 12, 12, 0]
OCCURRENCE_OBSERVATION pass=SILENCE completed=true counts=[36, 36, 10, 10, 0]
OCCURRENCE_OBSERVATION pass=SILENCE completed=true counts=[14, 14, 2, 2, 0]
OCCURRENCE_OBSERVATION pass=SILENCE completed=true counts=[6, 6, 0, 0, 0]
OCCURRENCE_OBSERVATION pass=ACCEPT completed=true counts=[40, 40, 10, 10, 0]
OCCURRENCE_OBSERVATION pass=CHECKFALSE completed=true counts=[32, 32, 16, 16, 0]
OCCURRENCE_OBSERVATION pass=CHECKTRUE completed=true counts=[14, 14, 2, 2, 0]
OCCURRENCE_OBSERVATION pass=CHECKFALSE completed=true counts=[32, 32, 16, 16, 0]
OCCURRENCE_OBSERVATION pass=CHECKTRUE completed=true counts=[14, 14, 2, 2, 0]
OCCURRENCE_OBSERVATION pass=SILENCE completed=true counts=[52, 52, 12, 12, 0]
OCCURRENCE_OBSERVATION pass=SILENCE completed=true counts=[36, 36, 10, 10, 0]
OCCURRENCE_OBSERVATION pass=SILENCE completed=true counts=[62, 62, 34, 34, 0]
OCCURRENCE_OBSERVATION pass=ACCEPT completed=true counts=[40, 40, 10, 10, 0]
OCCURRENCE_OBSERVATION pass=CHECKFALSE completed=true counts=[14, 14, 6, 6, 0]
OCCURRENCE_OBSERVATION pass=CHECKTRUE completed=true counts=[36, 36, 10, 10, 0]
OCCURRENCE_OBSERVATION pass=CHECKFALSE completed=true counts=[14, 14, 6, 6, 0]
OCCURRENCE_OBSERVATION pass=CHECKTRUE completed=true counts=[36, 36, 10, 10, 0]
OCCURRENCE_OBSERVATION pass=SILENCE completed=true counts=[52, 52, 12, 12, 0]
OCCURRENCE_OBSERVATION pass=SILENCE completed=true counts=[62, 62, 34, 34, 0]
OCCURRENCE_OBSERVATION pass=SILENCE completed=true counts=[32, 32, 16, 16, 0]
OCCURRENCE_OBSERVATION pass=ACCEPT completed=true counts=[40, 40, 10, 10, 0]
OCCURRENCE_OBSERVATION pass=CHECKFALSE completed=true counts=[0, 0, 0, 0, 0]
OCCURRENCE_OBSERVATION pass=CHECKTRUE completed=true counts=[52, 52, 12, 12, 0]
OCCURRENCE_OBSERVATION pass=CHECKFALSE completed=true counts=[0, 0, 0, 0, 0]
OCCURRENCE_OBSERVATION pass=CHECKTRUE completed=true counts=[52, 52, 12, 12, 0]
OCCURRENCE_OBSERVATION pass=SILENCE completed=true counts=[62, 62, 34, 34, 0]
OCCURRENCE_OBSERVATION pass=SILENCE completed=true counts=[32, 32, 16, 16, 0]
OCCURRENCE_OBSERVATION pass=SILENCE completed=true counts=[14, 14, 6, 6, 0]
OCCURRENCE_OBSERVATION pass=ACCEPT completed=true counts=[40, 40, 10, 10, 0]
OCCURRENCE_OBSERVATION pass=CHECKFALSE completed=true counts=[6, 6, 0, 0, 0]
OCCURRENCE_OBSERVATION pass=CHECKTRUE completed=true counts=[0, 0, 0, 0, 0]
OCCURRENCE_OBSERVATION pass=CHECKFALSE completed=true counts=[6, 6, 0, 0, 0]
OCCURRENCE_OBSERVATION pass=CHECKTRUE completed=true counts=[0, 0, 0, 0, 0]
OCCURRENCE_OBSERVATION pass=SILENCE completed=true counts=[62, 62, 34, 34, 0]
OCCURRENCE_OBSERVATION pass=ACCEPT completed=true counts=[40, 40, 10, 10, 0]
OCCURRENCE_OBSERVATION pass=CHECKFALSE completed=true counts=[14, 14, 6, 6, 0]
OCCURRENCE_OBSERVATION pass=CHECKTRUE completed=true counts=[47, 47, 23, 23, 0]
OCCURRENCE_OBSERVATION pass=ACCEPT completed=true counts=[40, 40, 10, 10, 0]
OCCURRENCE_OBSERVATION pass=CHECKFALSE completed=true counts=[0, 0, 0, 0, 0]
OCCURRENCE_OBSERVATION pass=CHECKTRUE completed=true counts=[204, 204, 114, 114, 0]
OCCURRENCE_OBSERVATION pass=ACCEPT completed=true counts=[40, 40, 10, 10, 0]
OCCURRENCE_OBSERVATION pass=CHECKFALSE completed=true counts=[0, 0, 0, 0, 0]
OCCURRENCE_OBSERVATION pass=CHECKTRUE completed=true counts=[84, 84, 46, 46, 0]
OCCURRENCE_OBSERVATION pass=ACCEPT completed=true counts=[40, 40, 10, 10, 0]
OCCURRENCE_OBSERVATION pass=CHECKFALSE completed=true counts=[0, 0, 0, 0, 0]
OCCURRENCE_OBSERVATION pass=CHECKTRUE completed=true counts=[38, 38, 18, 18, 0]
OCCURRENCE_OBSERVATION pass=ACCEPT completed=true counts=[40, 40, 10, 10, 0]
OCCURRENCE_OBSERVATION pass=CHECKFALSE completed=true counts=[0, 0, 0, 0, 0]
OCCURRENCE_OBSERVATION pass=CHECKTRUE completed=true counts=[66, 66, 34, 34, 0]
OCCURRENCE_OBSERVATION pass=ACCEPT completed=true counts=[40, 40, 10, 10, 0]
OCCURRENCE_OBSERVATION pass=CHECKFALSE completed=true counts=[44, 44, 24, 24, 0]
OCCURRENCE_OBSERVATION pass=CHECKTRUE completed=true counts=[32, 32, 12, 12, 0]
OCCURRENCE_OBSERVATION pass=ACCEPT completed=true counts=[40, 40, 10, 10, 0]
OCCURRENCE_OBSERVATION pass=CHECKFALSE completed=true counts=[0, 0, 0, 0, 0]
OCCURRENCE_OBSERVATION pass=CHECKTRUE completed=true counts=[235, 235, 120, 120, 0]
OCCURRENCE_OBSERVATION pass=ACCEPT completed=true counts=[0, 0, 0, 0, 0]
OCCURRENCE_OBSERVATION pass=CHECKFALSE completed=true counts=[0, 0, 0, 0, 0]
OCCURRENCE_OBSERVATION pass=CHECKTRUE completed=true counts=[18, 36, 6, 12, 0]
OCCURRENCE_OBSERVATION pass=ACCEPT completed=true counts=[0, 0, 0, 0, 0]
OCCURRENCE_OBSERVATION pass=CHECKFALSE completed=true counts=[0, 0, 0, 0, 0]
OCCURRENCE_OBSERVATION pass=CHECKTRUE completed=true counts=[12, 24, 4, 8, 0]
OCCURRENCE_OBSERVATION pass=CHECKFALSE completed=true counts=[0, 0, 0, 0, 0]
OCCURRENCE_OBSERVATION pass=CHECKTRUE completed=true counts=[12, 24, 4, 8, 0]
OCCURRENCE_OBSERVATION pass=SILENCE completed=true counts=[4, 8, 0, 0, 0]
OCCURRENCE_OBSERVATION pass=CHECKFALSE completed=true counts=[0, 0, 0, 0, 0]
OCCURRENCE_OBSERVATION pass=CHECKTRUE completed=true counts=[24, 48, 8, 16, 0]
OCCURRENCE_OBSERVATION pass=ACCEPT completed=true counts=[4, 8, 0, 0, 0]
OCCURRENCE_OBSERVATION pass=CHECKFALSE completed=true counts=[0, 0, 0, 0, 0]
OCCURRENCE_OBSERVATION pass=CHECKTRUE completed=true counts=[12, 24, 2, 4, 0]
OCCURRENCE_OBSERVATION pass=CHECKFALSE completed=true counts=[0, 0, 0, 0, 0]
OCCURRENCE_OBSERVATION pass=CHECKTRUE completed=true counts=[12, 24, 2, 4, 0]
OCCURRENCE_OBSERVATION pass=SILENCE completed=true counts=[10, 20, 0, 0, 0]
OCCURRENCE_OBSERVATION pass=CHECKFALSE completed=true counts=[0, 0, 0, 0, 0]
OCCURRENCE_OBSERVATION pass=CHECKTRUE completed=true counts=[30, 48, 4, 8, 0]
OCCURRENCE_OBSERVATION pass=SILENCE completed=true counts=[10, 20, 0, 0, 0]
OCCURRENCE_OBSERVATION pass=CHECKFALSE completed=true counts=[0, 0, 0, 0, 0]
OCCURRENCE_OBSERVATION pass=CHECKTRUE completed=true counts=[30, 48, 4, 8, 0]
OCCURRENCE_OBSERVATION pass=ACCEPT completed=true counts=[0, 0, 0, 0, 0]
OCCURRENCE_OBSERVATION pass=CHECKFALSE completed=true counts=[0, 0, 0, 0, 0]
OCCURRENCE_OBSERVATION pass=CHECKTRUE completed=true counts=[4, 4, 0, 0, 0]
OCCURRENCE_OBSERVATION pass=ACCEPT completed=true counts=[0, 0, 0, 0, 0]
OCCURRENCE_OBSERVATION pass=CHECKFALSE completed=true counts=[0, 0, 0, 0, 0]
OCCURRENCE_OBSERVATION pass=CHECKTRUE completed=true counts=[4, 4, 0, 0, 0]
OCCURRENCE_OBSERVATION pass=ACCEPT completed=true counts=[0, 0, 0, 0, 0]
OCCURRENCE_OBSERVATION pass=CHECKFALSE completed=true counts=[0, 0, 0, 0, 0]
OCCURRENCE_OBSERVATION pass=CHECKTRUE completed=true counts=[8, 8, 0, 0, 0]
OCCURRENCE_OBSERVATION pass=ACCEPT completed=true counts=[0, 0, 0, 0, 0]
OCCURRENCE_OBSERVATION pass=CHECKFALSE completed=true counts=[0, 0, 0, 0, 0]
OCCURRENCE_OBSERVATION pass=CHECKTRUE completed=true counts=[8, 8, 0, 0, 0]
OCCURRENCE_OBSERVATION pass=CHECKFALSE completed=true counts=[0, 0, 0, 0, 0]
OCCURRENCE_OBSERVATION pass=CHECKTRUE completed=true counts=[0, 0, 0, 0, 0]
OCCURRENCE_OBSERVATION pass=CHECKFALSE completed=true counts=[0, 0, 0, 0, 0]
OCCURRENCE_OBSERVATION pass=CHECKTRUE completed=true counts=[0, 0, 0, 0, 0]
OCCURRENCE_OBSERVATION pass=CHECKFALSE completed=true counts=[0, 0, 0, 0, 0]
OCCURRENCE_OBSERVATION pass=CHECKTRUE completed=true counts=[0, 0, 0, 0, 0]
OCCURRENCE_OBSERVATION pass=CHECKFALSE completed=true counts=[0, 0, 0, 0, 0]
OCCURRENCE_OBSERVATION pass=CHECKTRUE completed=true counts=[0, 0, 0, 0, 0]
OCCURRENCE_OBSERVATION pass=CHECKFALSE completed=true counts=[0, 0, 0, 0, 0]
OCCURRENCE_OBSERVATION pass=CHECKTRUE completed=true counts=[0, 0, 0, 0, 0]
OCCURRENCE_OBSERVATION pass=CHECKFALSE completed=true counts=[0, 0, 0, 0, 0]
OCCURRENCE_OBSERVATION pass=CHECKTRUE completed=true counts=[0, 0, 0, 0, 0]
OCCURRENCE_OBSERVATION pass=CHECKFALSE completed=true counts=[0, 0, 0, 0, 0]
OCCURRENCE_OBSERVATION pass=CHECKTRUE completed=true counts=[0, 0, 0, 0, 0]
OCCURRENCE_OBSERVATION pass=ACCEPT completed=true counts=[0, 0, 0, 0, 0]
OCCURRENCE_OBSERVATION pass=CHECKFALSE completed=true counts=[0, 0, 0, 0, 0]
OCCURRENCE_OBSERVATION pass=CHECKTRUE completed=true counts=[66, 66, 10, 10, 0]
OCCURRENCE_OBSERVATION pass=ACCEPT completed=true counts=[4, 4, 0, 0, 0]
OCCURRENCE_OBSERVATION pass=CHECKFALSE completed=true counts=[40, 40, 20, 20, 0]
OCCURRENCE_OBSERVATION pass=ACCEPT completed=true counts=[4, 4, 0, 0, 0]
OCCURRENCE_OBSERVATION pass=CHECKFALSE completed=true counts=[5, 5, 0, 0, 0]
OCCURRENCE_OBSERVATION pass=CHECKTRUE completed=true counts=[40, 40, 20, 20, 0]
OCCURRENCE_OBSERVATION pass=ACCEPT completed=true counts=[4, 4, 0, 0, 0]
OCCURRENCE_OBSERVATION pass=CHECKTRUE completed=true counts=[141, 141, 94, 94, 0]
OCCURRENCE_OBSERVATION pass=ACCEPT completed=true counts=[4, 4, 0, 0, 0]
OCCURRENCE_OBSERVATION pass=CHECKTRUE completed=true counts=[141, 141, 94, 94, 0]
OCCURRENCE_OBSERVATION pass=ACCEPT completed=true counts=[4, 4, 0, 0, 0]
OCCURRENCE_OBSERVATION pass=CHECKFALSE completed=true counts=[40, 40, 20, 20, 0]
OCCURRENCE_OBSERVATION pass=ACCEPT completed=true counts=[4, 4, 0, 0, 0]
OCCURRENCE_OBSERVATION pass=CHECKFALSE completed=true counts=[14, 14, 4, 4, 0]
OCCURRENCE_OBSERVATION pass=CHECKTRUE completed=true counts=[141, 141, 94, 94, 0]
OCCURRENCE_OBSERVATION pass=ACCEPT completed=true counts=[4, 4, 0, 0, 0]
OCCURRENCE_OBSERVATION pass=CHECKFALSE completed=true counts=[141, 141, 94, 94, 0]
OCCURRENCE_OBSERVATION pass=ACCEPT completed=true counts=[2, 2, 0, 0, 0]
OCCURRENCE_OBSERVATION pass=CHECKFALSE completed=true counts=[16, 16, 2, 2, 0]
OCCURRENCE_OBSERVATION pass=ACCEPT completed=true counts=[4, 4, 0, 0, 0]
OCCURRENCE_OBSERVATION pass=CHECKFALSE completed=true counts=[0, 0, 0, 0, 0]
OCCURRENCE_OBSERVATION pass=CHECKTRUE completed=true counts=[32, 32, 6, 6, 0]
OCCURRENCE_OBSERVATION pass=CHECKFALSE completed=true counts=[0, 0, 0, 0, 0]
OCCURRENCE_OBSERVATION pass=CHECKFALSE completed=true counts=[0, 0, 0, 0, 0]
OCCURRENCE_OBSERVATION pass=CHECKTRUE completed=true counts=[0, 0, 0, 0, 0]
OCCURRENCE_OBSERVATION pass=CHECKFALSE completed=true counts=[0, 0, 0, 0, 0]
OCCURRENCE_OBSERVATION pass=CHECKFALSE completed=true counts=[0, 0, 0, 0, 0]
OCCURRENCE_OBSERVATION pass=CHECKTRUE completed=true counts=[0, 0, 0, 0, 0]
OCCURRENCE_OBSERVATION pass=CHECKFALSE completed=true counts=[0, 0, 0, 0, 0]
OCCURRENCE_OBSERVATION pass=CHECKTRUE completed=true counts=[0, 0, 0, 0, 0]
OCCURRENCE_OBSERVATION pass=CHECKFALSE completed=true counts=[0, 0, 0, 0, 0]
OCCURRENCE_OBSERVATION pass=CHECKFALSE completed=true counts=[0, 0, 0, 0, 0]
OCCURRENCE_OBSERVATION pass=CHECKTRUE completed=true counts=[0, 0, 0, 0, 0]
OCCURRENCE_OBSERVATION pass=CHECKFALSE completed=true counts=[0, 0, 0, 0, 0]
OCCURRENCE_OBSERVATION pass=CHECKTRUE completed=true counts=[0, 0, 0, 0, 0]
OCCURRENCE_OBSERVATION pass=CHECKFALSE completed=true counts=[0, 0, 0, 0, 0]
OCCURRENCE_OBSERVATION pass=CHECKTRUE completed=true counts=[0, 0, 0, 0, 0]
OCCURRENCE_OBSERVATION pass=CHECKFALSE completed=true counts=[0, 0, 0, 0, 0]
OCCURRENCE_OBSERVATION pass=CHECKTRUE completed=true counts=[0, 0, 0, 0, 0]
OCCURRENCE_OBSERVATION pass=ACCEPT completed=true counts=[154, 154, 130, 130, 0]
OCCURRENCE_OBSERVATION pass=CHECKFALSE completed=true counts=[26, 26, 22, 22, 0]
OCCURRENCE_OBSERVATION pass=CHECKTRUE completed=true counts=[488, 488, 432, 432, 0]
OCCURRENCE_OBSERVATION pass=ACCEPT completed=true counts=[154, 154, 130, 130, 0]
OCCURRENCE_OBSERVATION pass=CHECKFALSE completed=true counts=[54, 54, 48, 48, 0]
OCCURRENCE_OBSERVATION pass=CHECKTRUE completed=true counts=[98, 98, 88, 88, 0]
OCCURRENCE_OBSERVATION pass=ACCEPT completed=true counts=[154, 154, 130, 130, 0]
OCCURRENCE_OBSERVATION pass=CHECKFALSE completed=true counts=[54, 54, 48, 48, 0]
OCCURRENCE_OBSERVATION pass=CHECKTRUE completed=true counts=[96, 96, 86, 86, 0]
OCCURRENCE_OBSERVATION pass=ACCEPT completed=true counts=[154, 154, 130, 130, 0]
OCCURRENCE_OBSERVATION pass=CHECKFALSE completed=true counts=[64, 64, 58, 58, 0]
OCCURRENCE_OBSERVATION pass=CHECKTRUE completed=true counts=[170, 236, 154, 214, 0]
OCCURRENCE_OBSERVATION pass=ACCEPT completed=true counts=[0, 0, 0, 0, 0]
OCCURRENCE_OBSERVATION pass=CHECKFALSE completed=true counts=[0, 0, 0, 0, 0]
OCCURRENCE_OBSERVATION pass=CHECKTRUE completed=true counts=[782, 782, 704, 704, 0]
OCCURRENCE_OBSERVATION pass=ACCEPT completed=true counts=[0, 0, 0, 0, 0]
OCCURRENCE_OBSERVATION pass=CHECKFALSE completed=true counts=[0, 0, 0, 0, 0]
OCCURRENCE_OBSERVATION pass=CHECKTRUE completed=true counts=[86, 86, 76, 76, 0]
OCCURRENCE_OBSERVATION pass=ACCEPT completed=true counts=[0, 0, 0, 0, 0]
OCCURRENCE_OBSERVATION pass=CHECKFALSE completed=true counts=[0, 0, 0, 0, 0]
OCCURRENCE_OBSERVATION pass=CHECKTRUE completed=true counts=[82, 82, 72, 72, 0]
OCCURRENCE_OBSERVATION pass=ACCEPT completed=true counts=[0, 0, 0, 0, 0]
OCCURRENCE_OBSERVATION pass=CHECKFALSE completed=true counts=[0, 0, 0, 0, 0]
OCCURRENCE_OBSERVATION pass=CHECKTRUE completed=true counts=[148, 236, 134, 214, 0]
OCCURRENCE_OBSERVATION pass=ACCEPT completed=true counts=[0, 0, 0, 0, 0]
OCCURRENCE_OBSERVATION pass=CHECKFALSE completed=true counts=[0, 0, 0, 0, 0]
OCCURRENCE_OBSERVATION pass=CHECKTRUE completed=true counts=[136, 224, 122, 202, 0]
OCCURRENCE_OBSERVATION pass=ACCEPT completed=true counts=[154, 154, 130, 130, 0]
OCCURRENCE_OBSERVATION pass=CHECKFALSE completed=true counts=[64, 64, 58, 58, 0]
OCCURRENCE_OBSERVATION pass=CHECKTRUE completed=true counts=[160, 226, 144, 204, 0]
OCCURRENCE_OBSERVATION pass=ACCEPT completed=true counts=[6, 6, 0, 0, 0]
OCCURRENCE_OBSERVATION pass=ACCEPT completed=true counts=[6, 6, 0, 0, 0]
OCCURRENCE_OBSERVATION pass=ACCEPT completed=true counts=[6, 6, 0, 0, 0]
OCCURRENCE_OBSERVATION pass=CHECKFALSE completed=true counts=[8, 8, 2, 2, 0]
OCCURRENCE_OBSERVATION pass=CHECKTRUE completed=true counts=[20, 20, 2, 2, 0]
OCCURRENCE_OBSERVATION pass=ACCEPT completed=true counts=[6, 6, 0, 0, 0]
OCCURRENCE_OBSERVATION pass=CHECKFALSE completed=true counts=[10, 10, 0, 0, 0]
OCCURRENCE_OBSERVATION pass=CHECKTRUE completed=true counts=[8, 8, 2, 2, 0]
OCCURRENCE_OBSERVATION pass=ACCEPT completed=true counts=[6, 6, 0, 0, 0]
OCCURRENCE_OBSERVATION pass=CHECKFALSE completed=true counts=[22, 22, 8, 8, 0]
OCCURRENCE_OBSERVATION pass=ACCEPT completed=true counts=[6, 6, 0, 0, 0]
OCCURRENCE_OBSERVATION pass=CHECKFALSE completed=true counts=[6, 6, 0, 0, 0]
OCCURRENCE_OBSERVATION pass=CHECKTRUE completed=true counts=[18, 18, 6, 6, 0]
OCCURRENCE_OBSERVATION pass=ACCEPT completed=true counts=[6, 6, 0, 0, 0]
OCCURRENCE_OBSERVATION pass=CHECKFALSE completed=true counts=[34, 34, 14, 14, 0]
OCCURRENCE_OBSERVATION pass=ACCEPT completed=true counts=[6, 6, 0, 0, 0]
OCCURRENCE_OBSERVATION pass=CHECKFALSE completed=true counts=[6, 6, 0, 0, 0]
OCCURRENCE_OBSERVATION pass=CHECKTRUE completed=true counts=[24, 24, 4, 4, 0]
OCCURRENCE_OBSERVATION pass=ACCEPT completed=true counts=[573, 673, 324, 368, 0]
OCCURRENCE_OBSERVATION pass=CHECKFALSE completed=true counts=[0, 0, 0, 0, 0]
OCCURRENCE_OBSERVATION pass=CHECKTRUE completed=true counts=[12, 12, 8, 8, 0]
OCCURRENCE_OBSERVATION pass=ACCEPT completed=true counts=[573, 673, 324, 368, 0]
OCCURRENCE_OBSERVATION pass=CHECKFALSE completed=true counts=[0, 0, 0, 0, 0]
OCCURRENCE_OBSERVATION pass=CHECKTRUE completed=true counts=[12, 12, 8, 8, 0]
OCCURRENCE_OBSERVATION pass=ACCEPT completed=true counts=[573, 673, 324, 368, 0]
OCCURRENCE_OBSERVATION pass=CHECKFALSE completed=true counts=[395, 463, 255, 297, 0]
OCCURRENCE_OBSERVATION pass=CHECKTRUE completed=true counts=[561, 633, 359, 399, 0]
OCCURRENCE_OBSERVATION pass=ACCEPT completed=true counts=[573, 673, 324, 368, 0]
OCCURRENCE_OBSERVATION pass=CHECKFALSE completed=true counts=[353, 399, 221, 247, 0]
OCCURRENCE_OBSERVATION pass=CHECKTRUE completed=true counts=[1221, 1355, 809, 881, 0]
OCCURRENCE_OBSERVATION pass=ACCEPT completed=true counts=[573, 673, 324, 368, 0]
OCCURRENCE_OBSERVATION pass=CHECKFALSE completed=true counts=[353, 399, 221, 247, 0]
OCCURRENCE_OBSERVATION pass=CHECKTRUE completed=true counts=[1289, 1421, 867, 937, 0]
OCCURRENCE_OBSERVATION pass=ACCEPT completed=true counts=[573, 673, 324, 368, 0]
OCCURRENCE_OBSERVATION pass=CHECKFALSE completed=true counts=[510, 610, 340, 404, 0]
OCCURRENCE_OBSERVATION pass=CHECKTRUE completed=true counts=[1724, 1902, 1224, 1320, 0]
OCCURRENCE_OBSERVATION pass=ACCEPT completed=true counts=[573, 673, 324, 368, 0]
OCCURRENCE_OBSERVATION pass=CHECKFALSE completed=true counts=[573, 649, 373, 413, 0]
OCCURRENCE_OBSERVATION pass=CHECKTRUE completed=true counts=[689, 775, 447, 495, 0]
OCCURRENCE_OBSERVATION pass=CHECKFALSE completed=true counts=[573, 649, 373, 413, 0]
OCCURRENCE_OBSERVATION pass=CHECKTRUE completed=true counts=[689, 775, 447, 495, 0]
OCCURRENCE_OBSERVATION pass=SILENCE completed=true counts=[641, 729, 423, 471, 0]
OCCURRENCE_OBSERVATION pass=SILENCE completed=true counts=[676, 794, 450, 522, 0]
OCCURRENCE_OBSERVATION pass=SILENCE completed=true counts=[676, 794, 446, 514, 0]
OCCURRENCE_OBSERVATION pass=SILENCE completed=true counts=[658, 780, 436, 512, 0]
OCCURRENCE_OBSERVATION pass=SILENCE completed=true counts=[607, 693, 397, 445, 0]
OCCURRENCE_OBSERVATION pass=SILENCE completed=true counts=[573, 649, 377, 421, 0]
OCCURRENCE_OBSERVATION pass=SILENCE completed=true counts=[635, 717, 421, 467, 0]
OCCURRENCE_OBSERVATION pass=SILENCE completed=true counts=[687, 771, 441, 483, 0]
OCCURRENCE_OBSERVATION pass=SILENCE completed=true counts=[684, 810, 458, 538, 0]
OCCURRENCE_OBSERVATION pass=SILENCE completed=true counts=[684, 810, 458, 538, 0]
OCCURRENCE_OBSERVATION pass=SILENCE completed=true counts=[654, 772, 428, 496, 0]
OCCURRENCE_OBSERVATION pass=SILENCE completed=true counts=[603, 685, 389, 429, 0]
OCCURRENCE_OBSERVATION pass=SILENCE completed=true counts=[490, 566, 332, 376, 0]
OCCURRENCE_OBSERVATION pass=SILENCE completed=true counts=[498, 582, 340, 392, 0]
OCCURRENCE_OBSERVATION pass=ACCEPT completed=true counts=[573, 673, 324, 368, 0]
OCCURRENCE_OBSERVATION pass=CHECKFALSE completed=true counts=[0, 0, 0, 0, 0]
OCCURRENCE_OBSERVATION pass=CHECKTRUE completed=true counts=[12, 12, 8, 8, 0]
OCCURRENCE_OBSERVATION pass=ACCEPT completed=true counts=[573, 673, 324, 368, 0]
OCCURRENCE_OBSERVATION pass=CHECKFALSE completed=true counts=[0, 0, 0, 0, 0]
OCCURRENCE_OBSERVATION pass=CHECKTRUE completed=true counts=[12, 12, 8, 8, 0]
OCCURRENCE_OBSERVATION pass=ACCEPT completed=true counts=[573, 673, 324, 368, 0]
OCCURRENCE_OBSERVATION pass=CHECKFALSE completed=true counts=[365, 411, 233, 259, 0]
OCCURRENCE_OBSERVATION pass=CHECKTRUE completed=true counts=[643, 725, 405, 451, 0]
OCCURRENCE_OBSERVATION pass=CHECKFALSE completed=true counts=[365, 411, 233, 259, 0]
OCCURRENCE_OBSERVATION pass=CHECKTRUE completed=true counts=[643, 725, 405, 451, 0]
OCCURRENCE_OBSERVATION pass=SILENCE completed=true counts=[635, 717, 421, 467, 0]
OCCURRENCE_OBSERVATION pass=CHECKFALSE completed=true counts=[416, 464, 282, 308, 0]
OCCURRENCE_OBSERVATION pass=CHECKTRUE completed=true counts=[1082, 1194, 746, 802, 0]
OCCURRENCE_OBSERVATION pass=SILENCE completed=true counts=[573, 649, 373, 413, 0]
OCCURRENCE_OBSERVATION pass=CHECKFALSE completed=true counts=[416, 464, 282, 308, 0]
OCCURRENCE_OBSERVATION pass=CHECKTRUE completed=true counts=[1082, 1194, 746, 802, 0]
OCCURRENCE_OBSERVATION pass=SILENCE completed=true counts=[687, 771, 441, 483, 0]
OCCURRENCE_OBSERVATION pass=CHECKFALSE completed=true counts=[416, 464, 282, 308, 0]
OCCURRENCE_OBSERVATION pass=CHECKTRUE completed=true counts=[1082, 1194, 746, 802, 0]
OCCURRENCE_OBSERVATION pass=SILENCE completed=true counts=[684, 810, 458, 538, 0]
OCCURRENCE_OBSERVATION pass=CHECKFALSE completed=true counts=[448, 516, 310, 356, 0]
OCCURRENCE_OBSERVATION pass=CHECKTRUE completed=true counts=[1116, 1276, 778, 882, 0]
OCCURRENCE_OBSERVATION pass=SILENCE completed=true counts=[684, 810, 458, 538, 0]
OCCURRENCE_OBSERVATION pass=CHECKFALSE completed=true counts=[448, 516, 310, 356, 0]
OCCURRENCE_OBSERVATION pass=CHECKTRUE completed=true counts=[1116, 1276, 778, 882, 0]
OCCURRENCE_OBSERVATION pass=SILENCE completed=true counts=[654, 772, 428, 496, 0]
OCCURRENCE_OBSERVATION pass=CHECKFALSE completed=true counts=[448, 516, 308, 352, 0]
OCCURRENCE_OBSERVATION pass=CHECKTRUE completed=true counts=[1118, 1278, 770, 866, 0]
OCCURRENCE_OBSERVATION pass=SILENCE completed=true counts=[603, 685, 389, 429, 0]
OCCURRENCE_OBSERVATION pass=CHECKFALSE completed=true counts=[416, 464, 282, 308, 0]
OCCURRENCE_OBSERVATION pass=CHECKTRUE completed=true counts=[1082, 1194, 746, 802, 0]
OCCURRENCE_OBSERVATION pass=SILENCE completed=true counts=[498, 582, 340, 392, 0]
OCCURRENCE_OBSERVATION pass=CHECKFALSE completed=true counts=[470, 536, 332, 376, 0]
OCCURRENCE_OBSERVATION pass=CHECKTRUE completed=true counts=[1196, 1348, 852, 948, 0]
OCCURRENCE_OBSERVATION pass=ACCEPT completed=true counts=[8, 16, 4, 8, 0]
OCCURRENCE_OBSERVATION pass=CHECKFALSE completed=true counts=[0, 0, 0, 0, 0]
OCCURRENCE_OBSERVATION pass=CHECKTRUE completed=true counts=[18, 26, 6, 10, 0]
OCCURRENCE_OBSERVATION pass=CHECKFALSE completed=true counts=[0, 0, 0, 0, 0]
OCCURRENCE_OBSERVATION pass=CHECKTRUE completed=true counts=[18, 26, 6, 10, 0]
OCCURRENCE_OBSERVATION pass=SILENCE completed=true counts=[14, 28, 8, 16, 0]
OCCURRENCE_OBSERVATION pass=CHECKFALSE completed=true counts=[0, 0, 0, 0, 0]
OCCURRENCE_OBSERVATION pass=CHECKTRUE completed=true counts=[40, 52, 12, 20, 0]
OCCURRENCE_OBSERVATION pass=ACCEPT completed=true counts=[8, 16, 4, 8, 0]
OCCURRENCE_OBSERVATION pass=CHECKFALSE completed=true counts=[0, 0, 0, 0, 0]
OCCURRENCE_OBSERVATION pass=CHECKTRUE completed=true counts=[16, 24, 4, 8, 0]
OCCURRENCE_OBSERVATION pass=CHECKFALSE completed=true counts=[0, 0, 0, 0, 0]
OCCURRENCE_OBSERVATION pass=CHECKTRUE completed=true counts=[16, 24, 4, 8, 0]
OCCURRENCE_OBSERVATION pass=SILENCE completed=true counts=[14, 28, 8, 16, 0]
OCCURRENCE_OBSERVATION pass=ACCEPT completed=true counts=[42, 50, 0, 0, 0]
OCCURRENCE_OBSERVATION pass=CHECKFALSE completed=true counts=[56, 70, 18, 24, 0]
OCCURRENCE_OBSERVATION pass=ACCEPT completed=true counts=[42, 50, 0, 0, 0]
OCCURRENCE_OBSERVATION pass=CHECKFALSE completed=true counts=[52, 62, 12, 12, 0]
OCCURRENCE_OBSERVATION pass=ACCEPT completed=true counts=[2009, 2391, 1514, 1776, 0]
OCCURRENCE_OBSERVATION pass=CHECKFALSE completed=true counts=[2996, 3470, 2434, 2796, 0]
OCCURRENCE_OBSERVATION pass=CHECKTRUE completed=true counts=[2225, 2553, 1787, 2031, 0]
OCCURRENCE_OBSERVATION pass=CHECKFALSE completed=true counts=[2996, 3470, 2434, 2796, 0]
OCCURRENCE_OBSERVATION pass=CHECKTRUE completed=true counts=[2225, 2553, 1787, 2031, 0]
OCCURRENCE_OBSERVATION pass=SILENCE completed=true counts=[1531, 1761, 1221, 1393, 0]
OCCURRENCE_OBSERVATION pass=CHECKFALSE completed=true counts=[3118, 3616, 2556, 2942, 0]
OCCURRENCE_OBSERVATION pass=CHECKTRUE completed=true counts=[1832, 2098, 1470, 1664, 0]
OCCURRENCE_OBSERVATION pass=SILENCE completed=true counts=[1703, 1957, 1373, 1563, 0]
OCCURRENCE_OBSERVATION pass=CHECKFALSE completed=true counts=[3114, 3604, 2552, 2930, 0]
OCCURRENCE_OBSERVATION pass=CHECKTRUE completed=true counts=[1808, 2070, 1474, 1672, 0]
OCCURRENCE_OBSERVATION pass=SILENCE completed=true counts=[1703, 1957, 1373, 1563, 0]
OCCURRENCE_OBSERVATION pass=CHECKFALSE completed=true counts=[3114, 3604, 2552, 2930, 0]
OCCURRENCE_OBSERVATION pass=CHECKTRUE completed=true counts=[1808, 2070, 1474, 1672, 0]
OCCURRENCE_OBSERVATION pass=SILENCE completed=true counts=[1529, 1759, 1223, 1399, 0]
OCCURRENCE_OBSERVATION pass=CHECKFALSE completed=true counts=[3126, 3616, 2564, 2942, 0]
OCCURRENCE_OBSERVATION pass=CHECKTRUE completed=true counts=[1808, 2070, 1474, 1672, 0]
OCCURRENCE_OBSERVATION pass=SILENCE completed=true counts=[1699, 1949, 1365, 1547, 0]
OCCURRENCE_OBSERVATION pass=CHECKFALSE completed=true counts=[3118, 3616, 2556, 2942, 0]
OCCURRENCE_OBSERVATION pass=CHECKTRUE completed=true counts=[1832, 2098, 1470, 1664, 0]
OCCURRENCE_OBSERVATION pass=SILENCE completed=true counts=[1699, 1949, 1365, 1547, 0]
OCCURRENCE_OBSERVATION pass=CHECKFALSE completed=true counts=[3118, 3616, 2556, 2942, 0]
OCCURRENCE_OBSERVATION pass=CHECKTRUE completed=true counts=[1832, 2098, 1470, 1664, 0]
OCCURRENCE_OBSERVATION pass=SILENCE completed=true counts=[1251, 1463, 983, 1145, 0]
OCCURRENCE_OBSERVATION pass=CHECKFALSE completed=true counts=[3012, 3486, 2442, 2804, 0]
OCCURRENCE_OBSERVATION pass=CHECKTRUE completed=true counts=[1732, 1982, 1394, 1580, 0]
OCCURRENCE_OBSERVATION pass=SILENCE completed=true counts=[1251, 1463, 983, 1145, 0]
OCCURRENCE_OBSERVATION pass=CHECKFALSE completed=true counts=[3012, 3486, 2442, 2804, 0]
OCCURRENCE_OBSERVATION pass=CHECKTRUE completed=true counts=[1732, 1982, 1394, 1580, 0]
OCCURRENCE_OBSERVATION pass=SILENCE completed=true counts=[20, 20, 14, 14, 0]
OCCURRENCE_OBSERVATION pass=CHECKFALSE completed=true counts=[3012, 3486, 2450, 2812, 0]
OCCURRENCE_OBSERVATION pass=CHECKTRUE completed=true counts=[2237, 2565, 1799, 2043, 0]
OCCURRENCE_OBSERVATION pass=SILENCE completed=true counts=[20, 20, 14, 14, 0]
OCCURRENCE_OBSERVATION pass=CHECKFALSE completed=true counts=[3012, 3486, 2450, 2812, 0]
OCCURRENCE_OBSERVATION pass=CHECKTRUE completed=true counts=[2237, 2565, 1799, 2043, 0]
OCCURRENCE_OBSERVATION pass=SILENCE completed=true counts=[1775, 2025, 1417, 1599, 0]
OCCURRENCE_OBSERVATION pass=CHECKFALSE completed=true counts=[3118, 3616, 2556, 2942, 0]
OCCURRENCE_OBSERVATION pass=CHECKTRUE completed=true counts=[1832, 2098, 1470, 1664, 0]
OCCURRENCE_OBSERVATION pass=SILENCE completed=true counts=[1769, 2015, 1417, 1601, 0]
OCCURRENCE_OBSERVATION pass=CHECKFALSE completed=true counts=[3126, 3616, 2564, 2942, 0]
OCCURRENCE_OBSERVATION pass=CHECKTRUE completed=true counts=[1808, 2070, 1474, 1672, 0]
OCCURRENCE_OBSERVATION pass=SILENCE completed=true counts=[1617, 1853, 1293, 1465, 0]
OCCURRENCE_OBSERVATION pass=CHECKFALSE completed=true counts=[3118, 3616, 2556, 2942, 0]
OCCURRENCE_OBSERVATION pass=CHECKTRUE completed=true counts=[1814, 2072, 1462, 1648, 0]
OCCURRENCE_OBSERVATION pass=SILENCE completed=true counts=[1617, 1853, 1293, 1465, 0]
OCCURRENCE_OBSERVATION pass=CHECKFALSE completed=true counts=[3118, 3616, 2556, 2942, 0]
OCCURRENCE_OBSERVATION pass=CHECKTRUE completed=true counts=[1814, 2072, 1462, 1648, 0]
OCCURRENCE_OBSERVATION pass=SILENCE completed=true counts=[1617, 1861, 1297, 1481, 0]
OCCURRENCE_OBSERVATION pass=CHECKFALSE completed=true counts=[3126, 3616, 2564, 2942, 0]
OCCURRENCE_OBSERVATION pass=CHECKTRUE completed=true counts=[1808, 2070, 1474, 1672, 0]
OCCURRENCE_OBSERVATION pass=SILENCE completed=true counts=[1617, 1861, 1297, 1481, 0]
OCCURRENCE_OBSERVATION pass=CHECKFALSE completed=true counts=[3126, 3616, 2564, 2942, 0]
OCCURRENCE_OBSERVATION pass=CHECKTRUE completed=true counts=[1808, 2070, 1474, 1672, 0]
OCCURRENCE_OBSERVATION pass=SILENCE completed=true counts=[1251, 1463, 983, 1145, 0]
OCCURRENCE_OBSERVATION pass=CHECKFALSE completed=true counts=[3012, 3486, 2442, 2804, 0]
OCCURRENCE_OBSERVATION pass=CHECKTRUE completed=true counts=[1732, 1982, 1394, 1580, 0]
OCCURRENCE_OBSERVATION pass=SILENCE completed=true counts=[1251, 1463, 983, 1145, 0]
OCCURRENCE_OBSERVATION pass=CHECKFALSE completed=true counts=[3012, 3486, 2442, 2804, 0]
OCCURRENCE_OBSERVATION pass=CHECKTRUE completed=true counts=[1732, 1982, 1394, 1580, 0]
OCCURRENCE_OBSERVATION pass=SILENCE completed=true counts=[3174, 3664, 2602, 2988, 0]
OCCURRENCE_OBSERVATION pass=CHECKFALSE completed=true counts=[3864, 4432, 3250, 3706, 0]
OCCURRENCE_OBSERVATION pass=CHECKTRUE completed=true counts=[1590, 1806, 1340, 1512, 0]
OCCURRENCE_OBSERVATION pass=SILENCE completed=true counts=[3066, 3540, 2500, 2870, 0]
OCCURRENCE_OBSERVATION pass=CHECKFALSE completed=true counts=[3740, 4292, 3126, 3566, 0]
OCCURRENCE_OBSERVATION pass=CHECKTRUE completed=true counts=[1530, 1738, 1280, 1444, 0]
OCCURRENCE_OBSERVATION pass=SILENCE completed=true counts=[3078, 3560, 2502, 2872, 0]
OCCURRENCE_OBSERVATION pass=SILENCE completed=true counts=[3182, 3664, 2602, 2972, 0]
OCCURRENCE_OBSERVATION pass=CHECKFALSE completed=true counts=[3866, 4446, 3252, 3720, 0]
OCCURRENCE_OBSERVATION pass=CHECKTRUE completed=true counts=[1606, 1822, 1334, 1500, 0]
OCCURRENCE_OBSERVATION pass=SILENCE completed=true counts=[3144, 3626, 2578, 2956, 0]
OCCURRENCE_OBSERVATION pass=CHECKFALSE completed=true counts=[3020, 3466, 2532, 2888, 0]
OCCURRENCE_OBSERVATION pass=CHECKTRUE completed=true counts=[1558, 1770, 1308, 1476, 0]
OCCURRENCE_OBSERVATION pass=SILENCE completed=true counts=[3144, 3618, 2570, 2932, 0]
OCCURRENCE_OBSERVATION pass=CHECKFALSE completed=true counts=[3024, 3474, 2536, 2896, 0]
OCCURRENCE_OBSERVATION pass=CHECKTRUE completed=true counts=[1554, 1762, 1304, 1468, 0]
OCCURRENCE_OBSERVATION pass=SILENCE completed=true counts=[2608, 3000, 2128, 2430, 0]
OCCURRENCE_OBSERVATION pass=CHECKFALSE completed=true counts=[3748, 4308, 3134, 3582, 0]
OCCURRENCE_OBSERVATION pass=CHECKTRUE completed=true counts=[1534, 1746, 1284, 1452, 0]
OCCURRENCE_OBSERVATION pass=SILENCE completed=true counts=[2606, 2992, 2126, 2422, 0]
OCCURRENCE_OBSERVATION pass=CHECKFALSE completed=true counts=[3750, 4302, 3136, 3576, 0]
OCCURRENCE_OBSERVATION pass=CHECKTRUE completed=true counts=[1534, 1742, 1284, 1448, 0]
OCCURRENCE_OBSERVATION pass=SILENCE completed=true counts=[2600, 2986, 2120, 2416, 0]
OCCURRENCE_OBSERVATION pass=CHECKFALSE completed=true counts=[3750, 4302, 3136, 3576, 0]
OCCURRENCE_OBSERVATION pass=CHECKTRUE completed=true counts=[1534, 1742, 1284, 1448, 0]
OCCURRENCE_OBSERVATION pass=SILENCE completed=true counts=[2602, 2994, 2122, 2424, 0]
OCCURRENCE_OBSERVATION pass=CHECKFALSE completed=true counts=[3748, 4308, 3134, 3582, 0]
OCCURRENCE_OBSERVATION pass=CHECKTRUE completed=true counts=[1534, 1746, 1284, 1452, 0]
OCCURRENCE_OBSERVATION pass=SILENCE completed=true counts=[2752, 3162, 2250, 2562, 0]
OCCURRENCE_OBSERVATION pass=CHECKFALSE completed=true counts=[3740, 4292, 3126, 3566, 0]
OCCURRENCE_OBSERVATION pass=CHECKTRUE completed=true counts=[1530, 1738, 1280, 1444, 0]
OCCURRENCE_OBSERVATION pass=SILENCE completed=true counts=[2746, 3148, 2244, 2548, 0]
OCCURRENCE_OBSERVATION pass=CHECKFALSE completed=true counts=[3742, 4286, 3128, 3560, 0]
OCCURRENCE_OBSERVATION pass=CHECKTRUE completed=true counts=[1530, 1734, 1280, 1440, 0]
OCCURRENCE_OBSERVATION pass=SILENCE completed=true counts=[3262, 3742, 2674, 3044, 0]
OCCURRENCE_OBSERVATION pass=CHECKFALSE completed=true counts=[3014, 3454, 2526, 2876, 0]
OCCURRENCE_OBSERVATION pass=CHECKTRUE completed=true counts=[1554, 1762, 1304, 1468, 0]
OCCURRENCE_OBSERVATION pass=SILENCE completed=true counts=[3410, 3914, 2800, 3186, 0]
OCCURRENCE_OBSERVATION pass=CHECKFALSE completed=true counts=[3014, 3454, 2526, 2876, 0]
OCCURRENCE_OBSERVATION pass=CHECKTRUE completed=true counts=[1554, 1762, 1304, 1468, 0]
OCCURRENCE_OBSERVATION pass=SILENCE completed=true counts=[2345, 2701, 1907, 2179, 0]
OCCURRENCE_OBSERVATION pass=CHECKFALSE completed=true counts=[3670, 4222, 3066, 3506, 0]
OCCURRENCE_OBSERVATION pass=CHECKTRUE completed=true counts=[1506, 1714, 1260, 1424, 0]
OCCURRENCE_OBSERVATION pass=SILENCE completed=true counts=[2343, 2693, 1905, 2171, 0]
OCCURRENCE_OBSERVATION pass=CHECKFALSE completed=true counts=[3672, 4216, 3068, 3500, 0]
OCCURRENCE_OBSERVATION pass=CHECKTRUE completed=true counts=[1506, 1710, 1260, 1420, 0]
OCCURRENCE_OBSERVATION pass=SILENCE completed=true counts=[1607, 1847, 1261, 1441, 0]
OCCURRENCE_OBSERVATION pass=CHECKFALSE completed=true counts=[3196, 3670, 2622, 2984, 0]
OCCURRENCE_OBSERVATION pass=CHECKTRUE completed=true counts=[1290, 1462, 1056, 1184, 0]
OCCURRENCE_OBSERVATION pass=SILENCE completed=true counts=[2225, 2553, 1787, 2031, 0]
OCCURRENCE_OBSERVATION pass=CHECKFALSE completed=true counts=[3256, 3730, 2654, 3016, 0]
OCCURRENCE_OBSERVATION pass=SILENCE completed=true counts=[2993, 3443, 2449, 2795, 0]
OCCURRENCE_OBSERVATION pass=CHECKFALSE completed=true counts=[2958, 3398, 2478, 2828, 0]
OCCURRENCE_OBSERVATION pass=CHECKTRUE completed=true counts=[1530, 1738, 1284, 1448, 0]
OCCURRENCE_OBSERVATION pass=SILENCE completed=true counts=[1613, 1853, 1265, 1445, 0]
OCCURRENCE_OBSERVATION pass=CHECKFALSE completed=true counts=[3196, 3670, 2622, 2984, 0]
OCCURRENCE_OBSERVATION pass=CHECKTRUE completed=true counts=[1290, 1462, 1056, 1184, 0]
OCCURRENCE_OBSERVATION pass=SILENCE completed=true counts=[3082, 3556, 2506, 2868, 0]
OCCURRENCE_OBSERVATION pass=SILENCE completed=true counts=[3228, 3702, 2640, 3002, 0]
OCCURRENCE_OBSERVATION pass=SILENCE completed=true counts=[9439, 10907, 8250, 9526, 0]
OCCURRENCE_OBSERVATION pass=SILENCE completed=true counts=[1203, 1387, 933, 1067, 0]
OCCURRENCE_OBSERVATION pass=CHECKFALSE completed=true counts=[3184, 3658, 2558, 2920, 0]
OCCURRENCE_OBSERVATION pass=SILENCE completed=true counts=[2524, 2916, 2050, 2346, 0]
OCCURRENCE_OBSERVATION pass=CHECKFALSE completed=true counts=[1938, 2224, 1596, 1818, 0]
OCCURRENCE_OBSERVATION pass=CHECKTRUE completed=true counts=[2140, 2450, 1754, 1992, 0]
OCCURRENCE_OBSERVATION pass=SILENCE completed=true counts=[2518, 2910, 2044, 2340, 0]
OCCURRENCE_OBSERVATION pass=CHECKFALSE completed=true counts=[1938, 2224, 1596, 1818, 0]
OCCURRENCE_OBSERVATION pass=CHECKTRUE completed=true counts=[2140, 2450, 1754, 1992, 0]
OCCURRENCE_OBSERVATION pass=SILENCE completed=true counts=[2988, 3454, 2426, 2780, 0]
OCCURRENCE_OBSERVATION pass=CHECKFALSE completed=true counts=[1934, 2216, 1592, 1810, 0]
OCCURRENCE_OBSERVATION pass=CHECKTRUE completed=true counts=[2125, 2429, 1748, 1980, 0]
OCCURRENCE_OBSERVATION pass=SILENCE completed=true counts=[2261, 2617, 1829, 2095, 0]
OCCURRENCE_OBSERVATION pass=CHECKFALSE completed=true counts=[1898, 2180, 1562, 1780, 0]
OCCURRENCE_OBSERVATION pass=CHECKTRUE completed=true counts=[2098, 2402, 1718, 1950, 0]
OCCURRENCE_OBSERVATION pass=SILENCE completed=true counts=[2670, 3080, 2172, 2476, 0]
OCCURRENCE_OBSERVATION pass=CHECKFALSE completed=true counts=[1934, 2216, 1592, 1810, 0]
OCCURRENCE_OBSERVATION pass=CHECKTRUE completed=true counts=[2134, 2438, 1748, 1980, 0]
OCCURRENCE_OBSERVATION pass=CHECKFALSE completed=true counts=[0, 0, 0, 0, 0]
OCCURRENCE_OBSERVATION pass=CHECKTRUE completed=true counts=[0, 0, 0, 0, 0]
OCCURRENCE_OBSERVATION pass=CHECKFALSE completed=true counts=[0, 0, 0, 0, 0]
OCCURRENCE_OBSERVATION pass=CHECKTRUE completed=true counts=[0, 0, 0, 0, 0]
OCCURRENCE_OBSERVATION pass=CHECKFALSE completed=true counts=[0, 0, 0, 0, 0]
OCCURRENCE_OBSERVATION pass=CHECKTRUE completed=true counts=[0, 0, 0, 0, 0]
OCCURRENCE_OBSERVATION pass=CHECKFALSE completed=true counts=[0, 0, 0, 0, 0]
OCCURRENCE_OBSERVATION pass=CHECKTRUE completed=true counts=[0, 0, 0, 0, 0]
OCCURRENCE_OBSERVATION pass=CHECKFALSE completed=true counts=[0, 0, 0, 0, 0]
OCCURRENCE_OBSERVATION pass=CHECKTRUE completed=true counts=[0, 0, 0, 0, 0]
OCCURRENCE_OBSERVATION pass=CHECKFALSE completed=true counts=[0, 0, 0, 0, 0]
OCCURRENCE_OBSERVATION pass=CHECKTRUE completed=true counts=[0, 0, 0, 0, 0]
OCCURRENCE_OBSERVATION pass=CHECKFALSE completed=true counts=[0, 0, 0, 0, 0]
OCCURRENCE_OBSERVATION pass=CHECKTRUE completed=true counts=[0, 0, 0, 0, 0]
OCCURRENCE_OBSERVATION pass=CHECKFALSE completed=true counts=[0, 0, 0, 0, 0]
OCCURRENCE_OBSERVATION pass=CHECKTRUE completed=true counts=[0, 0, 0, 0, 0]
OCCURRENCE_OBSERVATION pass=CHECKFALSE completed=true counts=[0, 0, 0, 0, 0]
OCCURRENCE_OBSERVATION pass=CHECKTRUE completed=true counts=[0, 0, 0, 0, 0]
OCCURRENCE_OBSERVATION pass=CHECKFALSE completed=true counts=[0, 0, 0, 0, 0]
OCCURRENCE_OBSERVATION pass=CHECKTRUE completed=true counts=[23, 23, 19, 19, 0]
OCCURRENCE_OBSERVATION pass=ACCEPT completed=true counts=[0, 0, 0, 0, 0]
OCCURRENCE_OBSERVATION pass=CHECKFALSE completed=true counts=[0, 0, 0, 0, 0]
OCCURRENCE_OBSERVATION pass=CHECKTRUE completed=true counts=[6, 6, 0, 0, 0]
OCCURRENCE_OBSERVATION pass=CHECKFALSE completed=true counts=[0, 0, 0, 0, 0]
OCCURRENCE_OBSERVATION pass=CHECKTRUE completed=true counts=[0, 0, 0, 0, 0]
OCCURRENCE_OBSERVATION pass=ACCEPT completed=true counts=[0, 0, 0, 0, 0]
OCCURRENCE_OBSERVATION pass=ACCEPT completed=true counts=[0, 0, 0, 0, 0]
OCCURRENCE_OBSERVATION pass=ACCEPT completed=true counts=[0, 0, 0, 0, 0]
OCCURRENCE_OBSERVATION pass=ACCEPT completed=true counts=[0, 0, 0, 0, 0]
OCCURRENCE_OBSERVATION pass=ACCEPT completed=true counts=[0, 0, 0, 0, 0]
OCCURRENCE_OBSERVATION pass=ACCEPT completed=true counts=[0, 0, 0, 0, 0]
OCCURRENCE_OBSERVATION pass=ACCEPT completed=true counts=[0, 0, 0, 0, 0]
OCCURRENCE_OBSERVATION pass=ACCEPT completed=true counts=[0, 0, 0, 0, 0]
OCCURRENCE_OBSERVATION pass=ACCEPT completed=true counts=[0, 0, 0, 0, 0]
OCCURRENCE_OBSERVATION pass=ACCEPT completed=true counts=[0, 0, 0, 0, 0]
OCCURRENCE_OBSERVATION pass=ACCEPT completed=true counts=[0, 0, 0, 0, 0]
OCCURRENCE_OBSERVATION pass=ACCEPT completed=true counts=[0, 0, 0, 0, 0]
OCCURRENCE_OBSERVATION pass=ACCEPT completed=true counts=[0, 0, 0, 0, 0]
OCCURRENCE_OBSERVATION pass=ACCEPT completed=true counts=[0, 0, 0, 0, 0]
OCCURRENCE_OBSERVATION pass=ACCEPT completed=true counts=[0, 0, 0, 0, 0]
OCCURRENCE_OBSERVATION pass=ACCEPT completed=true counts=[0, 0, 0, 0, 0]
OCCURRENCE_OBSERVATION pass=ACCEPT completed=true counts=[0, 0, 0, 0, 0]
OCCURRENCE_OBSERVATION pass=ACCEPT completed=true counts=[0, 0, 0, 0, 0]
OCCURRENCE_OBSERVATION pass=ACCEPT completed=true counts=[0, 0, 0, 0, 0]
OCCURRENCE_OBSERVATION pass=ACCEPT completed=true counts=[0, 0, 0, 0, 0]
OCCURRENCE_OBSERVATION pass=ACCEPT completed=true counts=[0, 0, 0, 0, 0]
OCCURRENCE_OBSERVATION pass=ACCEPT completed=true counts=[0, 0, 0, 0, 0]
OCCURRENCE_OBSERVATION pass=ACCEPT completed=true counts=[0, 0, 0, 0, 0]
OCCURRENCE_OBSERVATION pass=ACCEPT completed=true counts=[0, 0, 0, 0, 0]
OCCURRENCE_OBSERVATION pass=ACCEPT completed=true counts=[0, 0, 0, 0, 0]
OCCURRENCE_OBSERVATION pass=ACCEPT completed=true counts=[0, 0, 0, 0, 0]
OCCURRENCE_OBSERVATION pass=ACCEPT completed=true counts=[0, 0, 0, 0, 0]
OCCURRENCE_OBSERVATION pass=ACCEPT completed=true counts=[0, 0, 0, 0, 0]
OCCURRENCE_OBSERVATION pass=ACCEPT completed=true counts=[0, 0, 0, 0, 0]
OCCURRENCE_OBSERVATION pass=ACCEPT completed=true counts=[0, 0, 0, 0, 0]
OCCURRENCE_OBSERVATION pass=ACCEPT completed=true counts=[0, 0, 0, 0, 0]
OCCURRENCE_OBSERVATION pass=ACCEPT completed=true counts=[0, 0, 0, 0, 0]
OCCURRENCE_OBSERVATION pass=ACCEPT completed=true counts=[0, 0, 0, 0, 0]
OCCURRENCE_OBSERVATION pass=ACCEPT completed=true counts=[0, 0, 0, 0, 0]
OCCURRENCE_OBSERVATION pass=ACCEPT completed=true counts=[0, 0, 0, 0, 0]
OCCURRENCE_OBSERVATION pass=ACCEPT completed=true counts=[0, 0, 0, 0, 0]
OCCURRENCE_OBSERVATION pass=ACCEPT completed=true counts=[0, 0, 0, 0, 0]
OCCURRENCE_OBSERVATION pass=ACCEPT completed=true counts=[0, 0, 0, 0, 0]
OCCURRENCE_OBSERVATION pass=ACCEPT completed=true counts=[0, 0, 0, 0, 0]
OCCURRENCE_OBSERVATION pass=CHECKFALSE completed=true counts=[0, 0, 0, 0, 0]
OCCURRENCE_OBSERVATION pass=CHECKTRUE completed=true counts=[312, 312, 152, 152, 0]
OCCURRENCE_OBSERVATION pass=ACCEPT completed=true counts=[0, 0, 0, 0, 0]
OCCURRENCE_OBSERVATION pass=ACCEPT completed=true counts=[0, 0, 0, 0, 0]
OCCURRENCE_OBSERVATION pass=ACCEPT completed=true counts=[0, 0, 0, 0, 0]
OCCURRENCE_OBSERVATION pass=ACCEPT completed=true counts=[0, 0, 0, 0, 0]
OCCURRENCE_OBSERVATION pass=ACCEPT completed=true counts=[0, 0, 0, 0, 0]
OCCURRENCE_OBSERVATION pass=ACCEPT completed=true counts=[0, 0, 0, 0, 0]
OCCURRENCE_OBSERVATION pass=ACCEPT completed=true counts=[0, 0, 0, 0, 0]
OCCURRENCE_OBSERVATION pass=ACCEPT completed=true counts=[0, 0, 0, 0, 0]
OCCURRENCE_OBSERVATION pass=ACCEPT completed=true counts=[0, 0, 0, 0, 0]
OCCURRENCE_OBSERVATION pass=ACCEPT completed=true counts=[0, 0, 0, 0, 0]
OCCURRENCE_OBSERVATION pass=ACCEPT completed=true counts=[0, 0, 0, 0, 0]
OCCURRENCE_OBSERVATION pass=ACCEPT completed=true counts=[0, 0, 0, 0, 0]
OCCURRENCE_OBSERVATION pass=ACCEPT completed=true counts=[0, 0, 0, 0, 0]
OCCURRENCE_OBSERVATION pass=ACCEPT completed=true counts=[0, 0, 0, 0, 0]
OCCURRENCE_OBSERVATION pass=ACCEPT completed=true counts=[0, 0, 0, 0, 0]
OCCURRENCE_OBSERVATION pass=ACCEPT completed=true counts=[0, 0, 0, 0, 0]
OCCURRENCE_OBSERVATION pass=ACCEPT completed=true counts=[0, 0, 0, 0, 0]
OCCURRENCE_OBSERVATION pass=ACCEPT completed=true counts=[0, 0, 0, 0, 0]
OCCURRENCE_OBSERVATION pass=ACCEPT completed=true counts=[0, 0, 0, 0, 0]
OCCURRENCE_OBSERVATION pass=ACCEPT completed=true counts=[0, 0, 0, 0, 0]
OCCURRENCE_OBSERVATION pass=ACCEPT completed=true counts=[0, 0, 0, 0, 0]
OCCURRENCE_OBSERVATION pass=ACCEPT completed=true counts=[0, 0, 0, 0, 0]
OCCURRENCE_OBSERVATION pass=ACCEPT completed=true counts=[0, 0, 0, 0, 0]
OCCURRENCE_OBSERVATION pass=ACCEPT completed=true counts=[0, 0, 0, 0, 0]
OCCURRENCE_OBSERVATION pass=ACCEPT completed=true counts=[0, 0, 0, 0, 0]
OCCURRENCE_OBSERVATION pass=ACCEPT completed=true counts=[0, 0, 0, 0, 0]
OCCURRENCE_OBSERVATION pass=ACCEPT completed=true counts=[0, 0, 0, 0, 0]
OCCURRENCE_OBSERVATION pass=ACCEPT completed=true counts=[0, 0, 0, 0, 0]
OCCURRENCE_OBSERVATION pass=ACCEPT completed=true counts=[0, 0, 0, 0, 0]
OCCURRENCE_OBSERVATION pass=ACCEPT completed=true counts=[0, 0, 0, 0, 0]
OCCURRENCE_OBSERVATION pass=ACCEPT completed=true counts=[0, 0, 0, 0, 0]
OCCURRENCE_OBSERVATION pass=ACCEPT completed=true counts=[0, 0, 0, 0, 0]
OCCURRENCE_OBSERVATION pass=ACCEPT completed=true counts=[0, 0, 0, 0, 0]
OCCURRENCE_OBSERVATION pass=ACCEPT completed=true counts=[0, 0, 0, 0, 0]
OCCURRENCE_OBSERVATION pass=ACCEPT completed=true counts=[0, 0, 0, 0, 0]
OCCURRENCE_OBSERVATION pass=ACCEPT completed=true counts=[0, 0, 0, 0, 0]
OCCURRENCE_OBSERVATION pass=ACCEPT completed=true counts=[0, 0, 0, 0, 0]
OCCURRENCE_OBSERVATION pass=ACCEPT completed=true counts=[0, 0, 0, 0, 0]
OCCURRENCE_OBSERVATION pass=ACCEPT completed=true counts=[0, 0, 0, 0, 0]
OCCURRENCE_OBSERVATION pass=ACCEPT completed=true counts=[0, 0, 0, 0, 0]
OCCURRENCE_OBSERVATION pass=ACCEPT completed=true counts=[0, 0, 0, 0, 0]
OCCURRENCE_OBSERVATION pass=ACCEPT completed=true counts=[0, 0, 0, 0, 0]
OCCURRENCE_OBSERVATION pass=ACCEPT completed=true counts=[0, 0, 0, 0, 0]
OCCURRENCE_OBSERVATION pass=ACCEPT completed=true counts=[0, 0, 0, 0, 0]
OCCURRENCE_OBSERVATION pass=ACCEPT completed=true counts=[0, 0, 0, 0, 0]
OCCURRENCE_OBSERVATION pass=ACCEPT completed=true counts=[0, 0, 0, 0, 0]
OCCURRENCE_OBSERVATION pass=ACCEPT completed=true counts=[0, 0, 0, 0, 0]
OCCURRENCE_OBSERVATION pass=ACCEPT completed=true counts=[0, 0, 0, 0, 0]
OCCURRENCE_OBSERVATION pass=ACCEPT completed=true counts=[0, 0, 0, 0, 0]
OCCURRENCE_OBSERVATION pass=ACCEPT completed=true counts=[0, 0, 0, 0, 0]
OCCURRENCE_OBSERVATION pass=ACCEPT completed=true counts=[0, 0, 0, 0, 0]
OCCURRENCE_OBSERVATION pass=ACCEPT completed=true counts=[0, 0, 0, 0, 0]
OCCURRENCE_OBSERVATION pass=ACCEPT completed=true counts=[0, 0, 0, 0, 0]
OCCURRENCE_OBSERVATION pass=ACCEPT completed=true counts=[0, 0, 0, 0, 0]
OCCURRENCE_OBSERVATION pass=ACCEPT completed=true counts=[0, 0, 0, 0, 0]
OCCURRENCE_OBSERVATION pass=ACCEPT completed=true counts=[0, 0, 0, 0, 0]
OCCURRENCE_OBSERVATION pass=ACCEPT completed=true counts=[0, 0, 0, 0, 0]
OCCURRENCE_OBSERVATION pass=ACCEPT completed=true counts=[0, 0, 0, 0, 0]
OCCURRENCE_OBSERVATION pass=ACCEPT completed=true counts=[0, 0, 0, 0, 0]
OCCURRENCE_OBSERVATION pass=ACCEPT completed=true counts=[0, 0, 0, 0, 0]
OCCURRENCE_OBSERVATION pass=ACCEPT completed=true counts=[0, 0, 0, 0, 0]
OCCURRENCE_OBSERVATION pass=ACCEPT completed=true counts=[0, 0, 0, 0, 0]
OCCURRENCE_OBSERVATION pass=ACCEPT completed=true counts=[0, 0, 0, 0, 0]
OCCURRENCE_OBSERVATION pass=ACCEPT completed=true counts=[0, 0, 0, 0, 0]
OCCURRENCE_OBSERVATION pass=ACCEPT completed=true counts=[0, 0, 0, 0, 0]
OCCURRENCE_OBSERVATION pass=ACCEPT completed=true counts=[0, 0, 0, 0, 0]
OCCURRENCE_OBSERVATION pass=ACCEPT completed=true counts=[0, 0, 0, 0, 0]
OCCURRENCE_OBSERVATION pass=ACCEPT completed=true counts=[0, 0, 0, 0, 0]
OCCURRENCE_OBSERVATION pass=ACCEPT completed=true counts=[0, 0, 0, 0, 0]
OCCURRENCE_OBSERVATION pass=ACCEPT completed=true counts=[0, 0, 0, 0, 0]
OCCURRENCE_OBSERVATION pass=ACCEPT completed=true counts=[0, 0, 0, 0, 0]
OCCURRENCE_OBSERVATION pass=ACCEPT completed=true counts=[0, 0, 0, 0, 0]
OCCURRENCE_OBSERVATION pass=ACCEPT completed=true counts=[0, 0, 0, 0, 0]
OCCURRENCE_OBSERVATION pass=ACCEPT completed=true counts=[0, 0, 0, 0, 0]
OCCURRENCE_OBSERVATION pass=ACCEPT completed=true counts=[0, 0, 0, 0, 0]
OCCURRENCE_OBSERVATION pass=ACCEPT completed=true counts=[0, 0, 0, 0, 0]
OCCURRENCE_OBSERVATION pass=ACCEPT completed=true counts=[0, 0, 0, 0, 0]
OCCURRENCE_OBSERVATION pass=ACCEPT completed=true counts=[0, 0, 0, 0, 0]
OCCURRENCE_OBSERVATION pass=ACCEPT completed=true counts=[0, 0, 0, 0, 0]
OCCURRENCE_OBSERVATION pass=ACCEPT completed=true counts=[0, 0, 0, 0, 0]
OCCURRENCE_OBSERVATION pass=ACCEPT completed=true counts=[0, 0, 0, 0, 0]
OCCURRENCE_OBSERVATION pass=ACCEPT completed=true counts=[0, 0, 0, 0, 0]
OCCURRENCE_OBSERVATION pass=ACCEPT completed=true counts=[0, 0, 0, 0, 0]
OCCURRENCE_OBSERVATION pass=ACCEPT completed=true counts=[0, 0, 0, 0, 0]
OCCURRENCE_OBSERVATION pass=ACCEPT completed=true counts=[0, 0, 0, 0, 0]
OCCURRENCE_OBSERVATION pass=ACCEPT completed=true counts=[0, 0, 0, 0, 0]
OCCURRENCE_OBSERVATION pass=ACCEPT completed=true counts=[0, 0, 0, 0, 0]
OCCURRENCE_OBSERVATION pass=ACCEPT completed=true counts=[0, 0, 0, 0, 0]
OCCURRENCE_OBSERVATION pass=ACCEPT completed=true counts=[0, 0, 0, 0, 0]
OCCURRENCE_OBSERVATION pass=ACCEPT completed=true counts=[0, 0, 0, 0, 0]
OCCURRENCE_OBSERVATION pass=ACCEPT completed=true counts=[0, 0, 0, 0, 0]
OCCURRENCE_OBSERVATION pass=ACCEPT completed=true counts=[0, 0, 0, 0, 0]
OCCURRENCE_OBSERVATION pass=ACCEPT completed=true counts=[0, 0, 0, 0, 0]
OCCURRENCE_OBSERVATION pass=ACCEPT completed=true counts=[0, 0, 0, 0, 0]
OCCURRENCE_OBSERVATION pass=ACCEPT completed=true counts=[0, 0, 0, 0, 0]
OCCURRENCE_OBSERVATION pass=ACCEPT completed=true counts=[0, 0, 0, 0, 0]
OCCURRENCE_OBSERVATION pass=ACCEPT completed=true counts=[0, 0, 0, 0, 0]
OCCURRENCE_OBSERVATION pass=ACCEPT completed=true counts=[0, 0, 0, 0, 0]
OCCURRENCE_OBSERVATION pass=ACCEPT completed=true counts=[0, 0, 0, 0, 0]
OCCURRENCE_OBSERVATION pass=ACCEPT completed=true counts=[0, 0, 0, 0, 0]
OCCURRENCE_OBSERVATION pass=ACCEPT completed=true counts=[0, 0, 0, 0, 0]
OCCURRENCE_OBSERVATION pass=ACCEPT completed=true counts=[0, 0, 0, 0, 0]
OCCURRENCE_OBSERVATION pass=ACCEPT completed=true counts=[0, 0, 0, 0, 0]
OCCURRENCE_OBSERVATION pass=ACCEPT completed=true counts=[0, 0, 0, 0, 0]
OCCURRENCE_OBSERVATION pass=ACCEPT completed=true counts=[0, 0, 0, 0, 0]
OCCURRENCE_OBSERVATION pass=ACCEPT completed=true counts=[0, 0, 0, 0, 0]
OCCURRENCE_OBSERVATION pass=ACCEPT completed=true counts=[0, 0, 0, 0, 0]
OCCURRENCE_OBSERVATION pass=ACCEPT completed=true counts=[0, 0, 0, 0, 0]
OCCURRENCE_OBSERVATION pass=ACCEPT completed=true counts=[0, 0, 0, 0, 0]
OCCURRENCE_OBSERVATION pass=ACCEPT completed=true counts=[0, 0, 0, 0, 0]
OCCURRENCE_OBSERVATION pass=ACCEPT completed=true counts=[0, 0, 0, 0, 0]
OCCURRENCE_OBSERVATION pass=ACCEPT completed=true counts=[0, 0, 0, 0, 0]
OCCURRENCE_OBSERVATION pass=ACCEPT completed=true counts=[0, 0, 0, 0, 0]
OCCURRENCE_OBSERVATION pass=ACCEPT completed=true counts=[0, 0, 0, 0, 0]
OCCURRENCE_OBSERVATION pass=ACCEPT completed=true counts=[0, 0, 0, 0, 0]
OCCURRENCE_OBSERVATION pass=ACCEPT completed=true counts=[0, 0, 0, 0, 0]
OCCURRENCE_OBSERVATION pass=ACCEPT completed=true counts=[0, 0, 0, 0, 0]
OCCURRENCE_OBSERVATION pass=ACCEPT completed=true counts=[0, 0, 0, 0, 0]
OCCURRENCE_OBSERVATION pass=ACCEPT completed=true counts=[0, 0, 0, 0, 0]
OCCURRENCE_OBSERVATION pass=ACCEPT completed=true counts=[0, 0, 0, 0, 0]
OCCURRENCE_OBSERVATION pass=ACCEPT completed=true counts=[0, 0, 0, 0, 0]
OCCURRENCE_OBSERVATION pass=ACCEPT completed=true counts=[0, 0, 0, 0, 0]
OCCURRENCE_OBSERVATION pass=ACCEPT completed=true counts=[0, 0, 0, 0, 0]
OCCURRENCE_OBSERVATION pass=ACCEPT completed=true counts=[0, 0, 0, 0, 0]
OCCURRENCE_OBSERVATION pass=ACCEPT completed=true counts=[0, 0, 0, 0, 0]
OCCURRENCE_OBSERVATION pass=ACCEPT completed=true counts=[0, 0, 0, 0, 0]
OCCURRENCE_OBSERVATION pass=ACCEPT completed=true counts=[0, 0, 0, 0, 0]
OCCURRENCE_OBSERVATION pass=ACCEPT completed=true counts=[0, 0, 0, 0, 0]
OCCURRENCE_OBSERVATION pass=ACCEPT completed=true counts=[0, 0, 0, 0, 0]
OCCURRENCE_OBSERVATION pass=ACCEPT completed=true counts=[0, 0, 0, 0, 0]
OCCURRENCE_OBSERVATION pass=ACCEPT completed=true counts=[0, 0, 0, 0, 0]
OCCURRENCE_OBSERVATION pass=ACCEPT completed=true counts=[0, 0, 0, 0, 0]
OCCURRENCE_OBSERVATION pass=ACCEPT completed=true counts=[0, 0, 0, 0, 0]
OCCURRENCE_OBSERVATION pass=ACCEPT completed=true counts=[0, 0, 0, 0, 0]
OCCURRENCE_OBSERVATION pass=ACCEPT completed=true counts=[0, 0, 0, 0, 0]
OCCURRENCE_OBSERVATION pass=ACCEPT completed=true counts=[0, 0, 0, 0, 0]
OCCURRENCE_OBSERVATION pass=ACCEPT completed=true counts=[0, 0, 0, 0, 0]
OCCURRENCE_OBSERVATION pass=ACCEPT completed=true counts=[0, 0, 0, 0, 0]
OCCURRENCE_OBSERVATION pass=ACCEPT completed=true counts=[0, 0, 0, 0, 0]
OCCURRENCE_OBSERVATION pass=ACCEPT completed=true counts=[0, 0, 0, 0, 0]
OCCURRENCE_OBSERVATION pass=ACCEPT completed=true counts=[0, 0, 0, 0, 0]
OCCURRENCE_OBSERVATION pass=ACCEPT completed=true counts=[0, 0, 0, 0, 0]
OCCURRENCE_OBSERVATION pass=ACCEPT completed=true counts=[0, 0, 0, 0, 0]
OCCURRENCE_OBSERVATION pass=ACCEPT completed=true counts=[0, 0, 0, 0, 0]
OCCURRENCE_OBSERVATION pass=ACCEPT completed=true counts=[0, 0, 0, 0, 0]
OCCURRENCE_OBSERVATION pass=ACCEPT completed=true counts=[0, 0, 0, 0, 0]
OCCURRENCE_OBSERVATION pass=ACCEPT completed=true counts=[0, 0, 0, 0, 0]
OCCURRENCE_OBSERVATION pass=ACCEPT completed=true counts=[0, 0, 0, 0, 0]
OCCURRENCE_OBSERVATION pass=ACCEPT completed=true counts=[0, 0, 0, 0, 0]
OCCURRENCE_OBSERVATION pass=ACCEPT completed=true counts=[0, 0, 0, 0, 0]
OCCURRENCE_OBSERVATION pass=ACCEPT completed=true counts=[0, 0, 0, 0, 0]
OCCURRENCE_OBSERVATION pass=ACCEPT completed=true counts=[0, 0, 0, 0, 0]
OCCURRENCE_OBSERVATION pass=ACCEPT completed=true counts=[0, 0, 0, 0, 0]
OCCURRENCE_OBSERVATION pass=ACCEPT completed=true counts=[0, 0, 0, 0, 0]
OCCURRENCE_OBSERVATION pass=ACCEPT completed=true counts=[0, 0, 0, 0, 0]
OCCURRENCE_OBSERVATION pass=ACCEPT completed=true counts=[0, 0, 0, 0, 0]
OCCURRENCE_OBSERVATION pass=ACCEPT completed=true counts=[0, 0, 0, 0, 0]
OCCURRENCE_OBSERVATION pass=ACCEPT completed=true counts=[0, 0, 0, 0, 0]
OCCURRENCE_OBSERVATION pass=ACCEPT completed=true counts=[0, 0, 0, 0, 0]
OCCURRENCE_OBSERVATION pass=ACCEPT completed=true counts=[0, 0, 0, 0, 0]
OCCURRENCE_OBSERVATION pass=ACCEPT completed=true counts=[0, 0, 0, 0, 0]
OCCURRENCE_OBSERVATION pass=ACCEPT completed=true counts=[0, 0, 0, 0, 0]
OCCURRENCE_OBSERVATION pass=ACCEPT completed=true counts=[0, 0, 0, 0, 0]
OCCURRENCE_OBSERVATION pass=ACCEPT completed=true counts=[0, 0, 0, 0, 0]
OCCURRENCE_OBSERVATION pass=ACCEPT completed=true counts=[0, 0, 0, 0, 0]
OCCURRENCE_OBSERVATION pass=ACCEPT completed=true counts=[0, 0, 0, 0, 0]
OCCURRENCE_OBSERVATION pass=ACCEPT completed=true counts=[0, 0, 0, 0, 0]
OCCURRENCE_OBSERVATION pass=ACCEPT completed=true counts=[0, 0, 0, 0, 0]
OCCURRENCE_OBSERVATION pass=ACCEPT completed=true counts=[0, 0, 0, 0, 0]
OCCURRENCE_OBSERVATION pass=ACCEPT completed=true counts=[0, 0, 0, 0, 0]
OCCURRENCE_OBSERVATION pass=ACCEPT completed=true counts=[0, 0, 0, 0, 0]
OCCURRENCE_OBSERVATION pass=ACCEPT completed=true counts=[0, 0, 0, 0, 0]
OCCURRENCE_OBSERVATION pass=ACCEPT completed=true counts=[0, 0, 0, 0, 0]
OCCURRENCE_OBSERVATION pass=ACCEPT completed=true counts=[0, 0, 0, 0, 0]
OCCURRENCE_OBSERVATION pass=ACCEPT completed=true counts=[0, 0, 0, 0, 0]
OCCURRENCE_OBSERVATION pass=ACCEPT completed=true counts=[0, 0, 0, 0, 0]
OCCURRENCE_OBSERVATION pass=ACCEPT completed=true counts=[0, 0, 0, 0, 0]
OCCURRENCE_OBSERVATION pass=ACCEPT completed=true counts=[0, 0, 0, 0, 0]
OCCURRENCE_OBSERVATION pass=ACCEPT completed=true counts=[0, 0, 0, 0, 0]
OCCURRENCE_OBSERVATION pass=ACCEPT completed=true counts=[0, 0, 0, 0, 0]
OCCURRENCE_OBSERVATION pass=ACCEPT completed=true counts=[0, 0, 0, 0, 0]
OCCURRENCE_OBSERVATION pass=ACCEPT completed=true counts=[0, 0, 0, 0, 0]
OCCURRENCE_OBSERVATION pass=ACCEPT completed=true counts=[0, 0, 0, 0, 0]
OCCURRENCE_OBSERVATION pass=ACCEPT completed=true counts=[0, 0, 0, 0, 0]
OCCURRENCE_OBSERVATION pass=ACCEPT completed=true counts=[0, 0, 0, 0, 0]
OCCURRENCE_OBSERVATION pass=ACCEPT completed=true counts=[0, 0, 0, 0, 0]
OCCURRENCE_OBSERVATION pass=ACCEPT completed=true counts=[0, 0, 0, 0, 0]
OCCURRENCE_OBSERVATION pass=ACCEPT completed=true counts=[0, 0, 0, 0, 0]
OCCURRENCE_OBSERVATION pass=ACCEPT completed=true counts=[0, 0, 0, 0, 0]
OCCURRENCE_OBSERVATION pass=ACCEPT completed=true counts=[0, 0, 0, 0, 0]
OCCURRENCE_OBSERVATION pass=ACCEPT completed=true counts=[0, 0, 0, 0, 0]
OCCURRENCE_OBSERVATION pass=ACCEPT completed=true counts=[0, 0, 0, 0, 0]
OCCURRENCE_OBSERVATION pass=ACCEPT completed=true counts=[0, 0, 0, 0, 0]
OCCURRENCE_OBSERVATION pass=ACCEPT completed=true counts=[0, 0, 0, 0, 0]
OCCURRENCE_OBSERVATION pass=ACCEPT completed=true counts=[0, 0, 0, 0, 0]
OCCURRENCE_OBSERVATION pass=ACCEPT completed=true counts=[0, 0, 0, 0, 0]
OCCURRENCE_OBSERVATION pass=ACCEPT completed=true counts=[0, 0, 0, 0, 0]
OCCURRENCE_OBSERVATION pass=ACCEPT completed=true counts=[0, 0, 0, 0, 0]
OCCURRENCE_OBSERVATION pass=ACCEPT completed=true counts=[0, 0, 0, 0, 0]
OCCURRENCE_OBSERVATION pass=ACCEPT completed=true counts=[0, 0, 0, 0, 0]
OCCURRENCE_OBSERVATION pass=ACCEPT completed=true counts=[0, 0, 0, 0, 0]
OCCURRENCE_OBSERVATION pass=ACCEPT completed=true counts=[0, 0, 0, 0, 0]
OCCURRENCE_OBSERVATION pass=ACCEPT completed=true counts=[0, 0, 0, 0, 0]
OCCURRENCE_OBSERVATION pass=ACCEPT completed=true counts=[0, 0, 0, 0, 0]
OCCURRENCE_OBSERVATION pass=ACCEPT completed=true counts=[0, 0, 0, 0, 0]
OCCURRENCE_OBSERVATION pass=ACCEPT completed=true counts=[0, 0, 0, 0, 0]
OCCURRENCE_OBSERVATION pass=ACCEPT completed=true counts=[0, 0, 0, 0, 0]
OCCURRENCE_OBSERVATION pass=ACCEPT completed=true counts=[0, 0, 0, 0, 0]
OCCURRENCE_OBSERVATION pass=ACCEPT completed=true counts=[0, 0, 0, 0, 0]
OCCURRENCE_OBSERVATION pass=ACCEPT completed=true counts=[0, 0, 0, 0, 0]
OCCURRENCE_OBSERVATION pass=ACCEPT completed=true counts=[0, 0, 0, 0, 0]
OCCURRENCE_OBSERVATION pass=ACCEPT completed=true counts=[0, 0, 0, 0, 0]
OCCURRENCE_OBSERVATION pass=ACCEPT completed=true counts=[0, 0, 0, 0, 0]
OCCURRENCE_OBSERVATION pass=ACCEPT completed=true counts=[0, 0, 0, 0, 0]
OCCURRENCE_OBSERVATION pass=ACCEPT completed=true counts=[0, 0, 0, 0, 0]
OCCURRENCE_OBSERVATION pass=ACCEPT completed=true counts=[0, 0, 0, 0, 0]
OCCURRENCE_OBSERVATION pass=ACCEPT completed=true counts=[0, 0, 0, 0, 0]
OCCURRENCE_OBSERVATION pass=ACCEPT completed=true counts=[0, 0, 0, 0, 0]
OCCURRENCE_OBSERVATION pass=ACCEPT completed=true counts=[0, 0, 0, 0, 0]
OCCURRENCE_OBSERVATION pass=ACCEPT completed=true counts=[0, 0, 0, 0, 0]
OCCURRENCE_OBSERVATION pass=ACCEPT completed=true counts=[0, 0, 0, 0, 0]
OCCURRENCE_OBSERVATION pass=ACCEPT completed=true counts=[0, 0, 0, 0, 0]
OCCURRENCE_OBSERVATION pass=ACCEPT completed=true counts=[0, 0, 0, 0, 0]
OCCURRENCE_OBSERVATION pass=ACCEPT completed=true counts=[0, 0, 0, 0, 0]
OCCURRENCE_OBSERVATION pass=ACCEPT completed=true counts=[0, 0, 0, 0, 0]
OCCURRENCE_OBSERVATION pass=ACCEPT completed=true counts=[0, 0, 0, 0, 0]
OCCURRENCE_OBSERVATION pass=ACCEPT completed=true counts=[0, 0, 0, 0, 0]
OCCURRENCE_OBSERVATION pass=ACCEPT completed=true counts=[0, 0, 0, 0, 0]
OCCURRENCE_OBSERVATION pass=ACCEPT completed=true counts=[0, 0, 0, 0, 0]
OCCURRENCE_OBSERVATION pass=ACCEPT completed=true counts=[0, 0, 0, 0, 0]
OCCURRENCE_OBSERVATION pass=ACCEPT completed=true counts=[0, 0, 0, 0, 0]
OCCURRENCE_OBSERVATION pass=ACCEPT completed=true counts=[0, 0, 0, 0, 0]
OCCURRENCE_OBSERVATION pass=ACCEPT completed=true counts=[0, 0, 0, 0, 0]
OCCURRENCE_OBSERVATION pass=ACCEPT completed=true counts=[0, 0, 0, 0, 0]
OCCURRENCE_OBSERVATION pass=ACCEPT completed=true counts=[0, 0, 0, 0, 0]
OCCURRENCE_OBSERVATION pass=ACCEPT completed=true counts=[0, 0, 0, 0, 0]
OCCURRENCE_OBSERVATION pass=ACCEPT completed=true counts=[0, 0, 0, 0, 0]
OCCURRENCE_OBSERVATION pass=ACCEPT completed=true counts=[0, 0, 0, 0, 0]
OCCURRENCE_OBSERVATION pass=ACCEPT completed=true counts=[0, 0, 0, 0, 0]
OCCURRENCE_OBSERVATION pass=ACCEPT completed=true counts=[0, 0, 0, 0, 0]
OCCURRENCE_OBSERVATION pass=ACCEPT completed=true counts=[0, 0, 0, 0, 0]
OCCURRENCE_OBSERVATION pass=ACCEPT completed=true counts=[0, 0, 0, 0, 0]
OCCURRENCE_OBSERVATION pass=ACCEPT completed=true counts=[0, 0, 0, 0, 0]
OCCURRENCE_OBSERVATION pass=ACCEPT completed=true counts=[0, 0, 0, 0, 0]
OCCURRENCE_OBSERVATION pass=ACCEPT completed=true counts=[0, 0, 0, 0, 0]
OCCURRENCE_OBSERVATION pass=ACCEPT completed=true counts=[0, 0, 0, 0, 0]
OCCURRENCE_OBSERVATION pass=ACCEPT completed=true counts=[0, 0, 0, 0, 0]
OCCURRENCE_OBSERVATION pass=ACCEPT completed=true counts=[0, 0, 0, 0, 0]
OCCURRENCE_OBSERVATION pass=ACCEPT completed=true counts=[0, 0, 0, 0, 0]
OCCURRENCE_OBSERVATION pass=ACCEPT completed=true counts=[0, 0, 0, 0, 0]
OCCURRENCE_OBSERVATION pass=ACCEPT completed=true counts=[0, 0, 0, 0, 0]
OCCURRENCE_OBSERVATION pass=ACCEPT completed=true counts=[0, 0, 0, 0, 0]
OCCURRENCE_OBSERVATION pass=ACCEPT completed=true counts=[0, 0, 0, 0, 0]
OCCURRENCE_OBSERVATION pass=ACCEPT completed=true counts=[0, 0, 0, 0, 0]
OCCURRENCE_OBSERVATION pass=ACCEPT completed=true counts=[0, 0, 0, 0, 0]
OCCURRENCE_OBSERVATION pass=ACCEPT completed=true counts=[0, 0, 0, 0, 0]
OCCURRENCE_OBSERVATION pass=ACCEPT completed=true counts=[0, 0, 0, 0, 0]
OCCURRENCE_OBSERVATION pass=ACCEPT completed=true counts=[0, 0, 0, 0, 0]
OCCURRENCE_OBSERVATION pass=ACCEPT completed=true counts=[0, 0, 0, 0, 0]
OCCURRENCE_OBSERVATION pass=ACCEPT completed=true counts=[0, 0, 0, 0, 0]
OCCURRENCE_OBSERVATION pass=ACCEPT completed=true counts=[0, 0, 0, 0, 0]
OCCURRENCE_OBSERVATION pass=ACCEPT completed=true counts=[0, 0, 0, 0, 0]
OCCURRENCE_OBSERVATION pass=ACCEPT completed=true counts=[0, 0, 0, 0, 0]
OCCURRENCE_OBSERVATION pass=ACCEPT completed=true counts=[0, 0, 0, 0, 0]
OCCURRENCE_OBSERVATION pass=ACCEPT completed=true counts=[0, 0, 0, 0, 0]
OCCURRENCE_OBSERVATION pass=ACCEPT completed=true counts=[0, 0, 0, 0, 0]
OCCURRENCE_OBSERVATION pass=ACCEPT completed=true counts=[0, 0, 0, 0, 0]
OCCURRENCE_OBSERVATION pass=ACCEPT completed=true counts=[0, 0, 0, 0, 0]
OCCURRENCE_OBSERVATION pass=ACCEPT completed=true counts=[0, 0, 0, 0, 0]
OCCURRENCE_OBSERVATION pass=ACCEPT completed=true counts=[0, 0, 0, 0, 0]
OCCURRENCE_OBSERVATION pass=ACCEPT completed=true counts=[0, 0, 0, 0, 0]
OCCURRENCE_OBSERVATION pass=ACCEPT completed=true counts=[0, 0, 0, 0, 0]
OCCURRENCE_OBSERVATION pass=ACCEPT completed=true counts=[0, 0, 0, 0, 0]
OCCURRENCE_OBSERVATION pass=ACCEPT completed=true counts=[0, 0, 0, 0, 0]
OCCURRENCE_OBSERVATION pass=ACCEPT completed=true counts=[0, 0, 0, 0, 0]
OCCURRENCE_OBSERVATION pass=ACCEPT completed=true counts=[0, 0, 0, 0, 0]
OCCURRENCE_OBSERVATION pass=ACCEPT completed=true counts=[0, 0, 0, 0, 0]
OCCURRENCE_OBSERVATION pass=ACCEPT completed=true counts=[0, 0, 0, 0, 0]
OCCURRENCE_OBSERVATION pass=ACCEPT completed=true counts=[0, 0, 0, 0, 0]
OCCURRENCE_OBSERVATION pass=ACCEPT completed=true counts=[0, 0, 0, 0, 0]
OCCURRENCE_OBSERVATION pass=ACCEPT completed=true counts=[0, 0, 0, 0, 0]
OCCURRENCE_OBSERVATION pass=ACCEPT completed=true counts=[0, 0, 0, 0, 0]
OCCURRENCE_OBSERVATION pass=ACCEPT completed=true counts=[0, 0, 0, 0, 0]
OCCURRENCE_OBSERVATION pass=ACCEPT completed=true counts=[0, 0, 0, 0, 0]
OCCURRENCE_OBSERVATION pass=ACCEPT completed=true counts=[0, 0, 0, 0, 0]
OCCURRENCE_OBSERVATION pass=ACCEPT completed=true counts=[0, 0, 0, 0, 0]
OCCURRENCE_OBSERVATION pass=ACCEPT completed=true counts=[0, 0, 0, 0, 0]
OCCURRENCE_OBSERVATION pass=ACCEPT completed=true counts=[0, 0, 0, 0, 0]
OCCURRENCE_OBSERVATION pass=ACCEPT completed=true counts=[0, 0, 0, 0, 0]
OCCURRENCE_OBSERVATION pass=ACCEPT completed=true counts=[0, 0, 0, 0, 0]
OCCURRENCE_OBSERVATION pass=ACCEPT completed=true counts=[0, 0, 0, 0, 0]
OCCURRENCE_OBSERVATION pass=ACCEPT completed=true counts=[0, 0, 0, 0, 0]
OCCURRENCE_OBSERVATION pass=ACCEPT completed=true counts=[0, 0, 0, 0, 0]
OCCURRENCE_OBSERVATION pass=ACCEPT completed=true counts=[0, 0, 0, 0, 0]
OCCURRENCE_OBSERVATION pass=ACCEPT completed=true counts=[0, 0, 0, 0, 0]
OCCURRENCE_OBSERVATION pass=ACCEPT completed=true counts=[0, 0, 0, 0, 0]
OCCURRENCE_OBSERVATION pass=ACCEPT completed=true counts=[0, 0, 0, 0, 0]
OCCURRENCE_OBSERVATION pass=ACCEPT completed=true counts=[0, 0, 0, 0, 0]
OCCURRENCE_OBSERVATION pass=ACCEPT completed=true counts=[0, 0, 0, 0, 0]
OCCURRENCE_OBSERVATION pass=ACCEPT completed=true counts=[0, 0, 0, 0, 0]
OCCURRENCE_OBSERVATION pass=ACCEPT completed=true counts=[0, 0, 0, 0, 0]
OCCURRENCE_OBSERVATION pass=ACCEPT completed=true counts=[0, 0, 0, 0, 0]
OCCURRENCE_OBSERVATION pass=ACCEPT completed=true counts=[0, 0, 0, 0, 0]
OCCURRENCE_OBSERVATION pass=ACCEPT completed=true counts=[0, 0, 0, 0, 0]
OCCURRENCE_OBSERVATION pass=ACCEPT completed=true counts=[0, 0, 0, 0, 0]
OCCURRENCE_OBSERVATION pass=ACCEPT completed=true counts=[0, 0, 0, 0, 0]
OCCURRENCE_OBSERVATION pass=ACCEPT completed=true counts=[0, 0, 0, 0, 0]
OCCURRENCE_OBSERVATION pass=ACCEPT completed=true counts=[0, 0, 0, 0, 0]
OCCURRENCE_OBSERVATION pass=ACCEPT completed=true counts=[0, 0, 0, 0, 0]
OCCURRENCE_OBSERVATION pass=ACCEPT completed=true counts=[0, 0, 0, 0, 0]
OCCURRENCE_OBSERVATION pass=ACCEPT completed=true counts=[0, 0, 0, 0, 0]
OCCURRENCE_OBSERVATION pass=ACCEPT completed=true counts=[0, 0, 0, 0, 0]
OCCURRENCE_OBSERVATION pass=ACCEPT completed=true counts=[0, 0, 0, 0, 0]
OCCURRENCE_OBSERVATION pass=ACCEPT completed=true counts=[0, 0, 0, 0, 0]
OCCURRENCE_OBSERVATION pass=ACCEPT completed=true counts=[0, 0, 0, 0, 0]
OCCURRENCE_OBSERVATION pass=ACCEPT completed=true counts=[0, 0, 0, 0, 0]
OCCURRENCE_OBSERVATION pass=ACCEPT completed=true counts=[0, 0, 0, 0, 0]
OCCURRENCE_OBSERVATION pass=ACCEPT completed=true counts=[0, 0, 0, 0, 0]
OCCURRENCE_OBSERVATION pass=ACCEPT completed=true counts=[0, 0, 0, 0, 0]
OCCURRENCE_OBSERVATION pass=ACCEPT completed=true counts=[0, 0, 0, 0, 0]
OCCURRENCE_OBSERVATION pass=ACCEPT completed=true counts=[0, 0, 0, 0, 0]
OCCURRENCE_OBSERVATION pass=ACCEPT completed=true counts=[0, 0, 0, 0, 0]
OCCURRENCE_OBSERVATION pass=ACCEPT completed=true counts=[0, 0, 0, 0, 0]
OCCURRENCE_OBSERVATION pass=ACCEPT completed=true counts=[0, 0, 0, 0, 0]
OCCURRENCE_OBSERVATION pass=ACCEPT completed=true counts=[0, 0, 0, 0, 0]
OCCURRENCE_OBSERVATION pass=ACCEPT completed=true counts=[0, 0, 0, 0, 0]
OCCURRENCE_OBSERVATION pass=ACCEPT completed=true counts=[0, 0, 0, 0, 0]
OCCURRENCE_OBSERVATION pass=ACCEPT completed=true counts=[0, 0, 0, 0, 0]
OCCURRENCE_OBSERVATION pass=ACCEPT completed=true counts=[0, 0, 0, 0, 0]
OCCURRENCE_OBSERVATION pass=ACCEPT completed=true counts=[0, 0, 0, 0, 0]
OCCURRENCE_OBSERVATION pass=ACCEPT completed=true counts=[0, 0, 0, 0, 0]
OCCURRENCE_OBSERVATION pass=ACCEPT completed=true counts=[0, 0, 0, 0, 0]
OCCURRENCE_OBSERVATION pass=ACCEPT completed=true counts=[0, 0, 0, 0, 0]
OCCURRENCE_OBSERVATION pass=ACCEPT completed=true counts=[0, 0, 0, 0, 0]
OCCURRENCE_OBSERVATION pass=ACCEPT completed=true counts=[0, 0, 0, 0, 0]
OCCURRENCE_OBSERVATION pass=ACCEPT completed=true counts=[0, 0, 0, 0, 0]
OCCURRENCE_OBSERVATION pass=ACCEPT completed=true counts=[0, 0, 0, 0, 0]
OCCURRENCE_OBSERVATION pass=ACCEPT completed=true counts=[0, 0, 0, 0, 0]
OCCURRENCE_OBSERVATION pass=ACCEPT completed=true counts=[0, 0, 0, 0, 0]
OCCURRENCE_OBSERVATION pass=ACCEPT completed=true counts=[0, 0, 0, 0, 0]
OCCURRENCE_OBSERVATION pass=ACCEPT completed=true counts=[0, 0, 0, 0, 0]
OCCURRENCE_OBSERVATION pass=ACCEPT completed=true counts=[0, 0, 0, 0, 0]
OCCURRENCE_OBSERVATION pass=ACCEPT completed=true counts=[0, 0, 0, 0, 0]
OCCURRENCE_OBSERVATION pass=ACCEPT completed=true counts=[0, 0, 0, 0, 0]
OCCURRENCE_OBSERVATION pass=ACCEPT completed=true counts=[0, 0, 0, 0, 0]
OCCURRENCE_OBSERVATION pass=ACCEPT completed=true counts=[0, 0, 0, 0, 0]
OCCURRENCE_OBSERVATION pass=ACCEPT completed=true counts=[0, 0, 0, 0, 0]
OCCURRENCE_OBSERVATION pass=ACCEPT completed=true counts=[0, 0, 0, 0, 0]
OCCURRENCE_OBSERVATION pass=ACCEPT completed=true counts=[0, 0, 0, 0, 0]
OCCURRENCE_OBSERVATION pass=ACCEPT completed=true counts=[0, 0, 0, 0, 0]
OCCURRENCE_OBSERVATION pass=ACCEPT completed=true counts=[0, 0, 0, 0, 0]
OCCURRENCE_OBSERVATION pass=ACCEPT completed=true counts=[0, 0, 0, 0, 0]
OCCURRENCE_OBSERVATION pass=ACCEPT completed=true counts=[0, 0, 0, 0, 0]
OCCURRENCE_OBSERVATION pass=ACCEPT completed=true counts=[0, 0, 0, 0, 0]
OCCURRENCE_OBSERVATION pass=ACCEPT completed=true counts=[0, 0, 0, 0, 0]
OCCURRENCE_OBSERVATION pass=ACCEPT completed=true counts=[0, 0, 0, 0, 0]
OCCURRENCE_OBSERVATION pass=ACCEPT completed=true counts=[0, 0, 0, 0, 0]
OCCURRENCE_OBSERVATION pass=ACCEPT completed=true counts=[0, 0, 0, 0, 0]
OCCURRENCE_OBSERVATION pass=ACCEPT completed=true counts=[0, 0, 0, 0, 0]
OCCURRENCE_OBSERVATION pass=ACCEPT completed=true counts=[0, 0, 0, 0, 0]
OCCURRENCE_OBSERVATION pass=ACCEPT completed=true counts=[0, 0, 0, 0, 0]
OCCURRENCE_OBSERVATION pass=ACCEPT completed=true counts=[0, 0, 0, 0, 0]
OCCURRENCE_OBSERVATION pass=ACCEPT completed=true counts=[0, 0, 0, 0, 0]
OCCURRENCE_OBSERVATION pass=ACCEPT completed=true counts=[0, 0, 0, 0, 0]
OCCURRENCE_OBSERVATION pass=ACCEPT completed=true counts=[0, 0, 0, 0, 0]
OCCURRENCE_OBSERVATION pass=ACCEPT completed=true counts=[0, 0, 0, 0, 0]
OCCURRENCE_OBSERVATION pass=ACCEPT completed=true counts=[0, 0, 0, 0, 0]
OCCURRENCE_OBSERVATION pass=ACCEPT completed=true counts=[0, 0, 0, 0, 0]
OCCURRENCE_OBSERVATION pass=ACCEPT completed=true counts=[0, 0, 0, 0, 0]
OCCURRENCE_OBSERVATION pass=ACCEPT completed=true counts=[0, 0, 0, 0, 0]
OCCURRENCE_OBSERVATION pass=ACCEPT completed=true counts=[0, 0, 0, 0, 0]
OCCURRENCE_OBSERVATION pass=ACCEPT completed=true counts=[0, 0, 0, 0, 0]
OCCURRENCE_OBSERVATION pass=ACCEPT completed=true counts=[0, 0, 0, 0, 0]
OCCURRENCE_OBSERVATION pass=ACCEPT completed=true counts=[0, 0, 0, 0, 0]
OCCURRENCE_OBSERVATION pass=ACCEPT completed=true counts=[0, 0, 0, 0, 0]
OCCURRENCE_OBSERVATION pass=ACCEPT completed=true counts=[0, 0, 0, 0, 0]
OCCURRENCE_OBSERVATION pass=ACCEPT completed=true counts=[0, 0, 0, 0, 0]
OCCURRENCE_OBSERVATION pass=ACCEPT completed=true counts=[0, 0, 0, 0, 0]
OCCURRENCE_OBSERVATION pass=ACCEPT completed=true counts=[0, 0, 0, 0, 0]
OCCURRENCE_OBSERVATION pass=ACCEPT completed=true counts=[0, 0, 0, 0, 0]
OCCURRENCE_OBSERVATION pass=ACCEPT completed=true counts=[0, 0, 0, 0, 0]
OCCURRENCE_OBSERVATION pass=ACCEPT completed=true counts=[0, 0, 0, 0, 0]
OCCURRENCE_OBSERVATION pass=ACCEPT completed=true counts=[0, 0, 0, 0, 0]
OCCURRENCE_OBSERVATION pass=ACCEPT completed=true counts=[0, 0, 0, 0, 0]
OCCURRENCE_OBSERVATION pass=ACCEPT completed=true counts=[0, 0, 0, 0, 0]
OCCURRENCE_OBSERVATION pass=ACCEPT completed=true counts=[0, 0, 0, 0, 0]
OCCURRENCE_OBSERVATION pass=ACCEPT completed=true counts=[0, 0, 0, 0, 0]
OCCURRENCE_OBSERVATION pass=ACCEPT completed=true counts=[0, 0, 0, 0, 0]
OCCURRENCE_OBSERVATION pass=ACCEPT completed=true counts=[0, 0, 0, 0, 0]
OCCURRENCE_OBSERVATION pass=ACCEPT completed=true counts=[0, 0, 0, 0, 0]
OCCURRENCE_OBSERVATION pass=ACCEPT completed=true counts=[0, 0, 0, 0, 0]
OCCURRENCE_OBSERVATION pass=ACCEPT completed=true counts=[0, 0, 0, 0, 0]
OCCURRENCE_OBSERVATION pass=ACCEPT completed=true counts=[0, 0, 0, 0, 0]
OCCURRENCE_OBSERVATION pass=ACCEPT completed=true counts=[0, 0, 0, 0, 0]
OCCURRENCE_OBSERVATION pass=ACCEPT completed=true counts=[0, 0, 0, 0, 0]
OCCURRENCE_OBSERVATION pass=ACCEPT completed=true counts=[0, 0, 0, 0, 0]
OCCURRENCE_OBSERVATION pass=ACCEPT completed=true counts=[0, 0, 0, 0, 0]
OCCURRENCE_OBSERVATION pass=ACCEPT completed=true counts=[0, 0, 0, 0, 0]
OCCURRENCE_OBSERVATION pass=ACCEPT completed=true counts=[0, 0, 0, 0, 0]
OCCURRENCE_OBSERVATION pass=ACCEPT completed=true counts=[0, 0, 0, 0, 0]
OCCURRENCE_OBSERVATION pass=ACCEPT completed=true counts=[0, 0, 0, 0, 0]
OCCURRENCE_OBSERVATION pass=ACCEPT completed=true counts=[0, 0, 0, 0, 0]
OCCURRENCE_OBSERVATION pass=ACCEPT completed=true counts=[0, 0, 0, 0, 0]
OCCURRENCE_OBSERVATION pass=ACCEPT completed=true counts=[0, 0, 0, 0, 0]
OCCURRENCE_OBSERVATION pass=ACCEPT completed=true counts=[0, 0, 0, 0, 0]
OCCURRENCE_OBSERVATION pass=ACCEPT completed=true counts=[0, 0, 0, 0, 0]
OCCURRENCE_OBSERVATION pass=ACCEPT completed=true counts=[0, 0, 0, 0, 0]
OCCURRENCE_OBSERVATION pass=ACCEPT completed=true counts=[0, 0, 0, 0, 0]
OCCURRENCE_OBSERVATION pass=ACCEPT completed=true counts=[0, 0, 0, 0, 0]
OCCURRENCE_OBSERVATION pass=ACCEPT completed=true counts=[0, 0, 0, 0, 0]
OCCURRENCE_OBSERVATION pass=ACCEPT completed=true counts=[0, 0, 0, 0, 0]
OCCURRENCE_OBSERVATION pass=ACCEPT completed=true counts=[0, 0, 0, 0, 0]
OCCURRENCE_OBSERVATION pass=ACCEPT completed=true counts=[0, 0, 0, 0, 0]
OCCURRENCE_OBSERVATION pass=ACCEPT completed=true counts=[0, 0, 0, 0, 0]
OCCURRENCE_OBSERVATION pass=ACCEPT completed=true counts=[0, 0, 0, 0, 0]
OCCURRENCE_OBSERVATION pass=ACCEPT completed=true counts=[0, 0, 0, 0, 0]
OCCURRENCE_OBSERVATION pass=ACCEPT completed=true counts=[0, 0, 0, 0, 0]
OCCURRENCE_OBSERVATION pass=ACCEPT completed=true counts=[0, 0, 0, 0, 0]
OCCURRENCE_OBSERVATION pass=ACCEPT completed=true counts=[0, 0, 0, 0, 0]
OCCURRENCE_OBSERVATION pass=ACCEPT completed=true counts=[0, 0, 0, 0, 0]
OCCURRENCE_OBSERVATION pass=ACCEPT completed=true counts=[0, 0, 0, 0, 0]
OCCURRENCE_OBSERVATION pass=ACCEPT completed=true counts=[0, 0, 0, 0, 0]
OCCURRENCE_OBSERVATION pass=ACCEPT completed=true counts=[0, 0, 0, 0, 0]
OCCURRENCE_OBSERVATION pass=ACCEPT completed=true counts=[0, 0, 0, 0, 0]
OCCURRENCE_OBSERVATION pass=ACCEPT completed=true counts=[0, 0, 0, 0, 0]
OCCURRENCE_OBSERVATION pass=ACCEPT completed=true counts=[0, 0, 0, 0, 0]
OCCURRENCE_OBSERVATION pass=ACCEPT completed=true counts=[0, 0, 0, 0, 0]
OCCURRENCE_OBSERVATION pass=ACCEPT completed=true counts=[0, 0, 0, 0, 0]
OCCURRENCE_OBSERVATION pass=ACCEPT completed=true counts=[0, 0, 0, 0, 0]
OCCURRENCE_OBSERVATION pass=ACCEPT completed=true counts=[0, 0, 0, 0, 0]
OCCURRENCE_OBSERVATION pass=ACCEPT completed=true counts=[0, 0, 0, 0, 0]
OCCURRENCE_OBSERVATION pass=ACCEPT completed=true counts=[0, 0, 0, 0, 0]
OCCURRENCE_OBSERVATION pass=ACCEPT completed=true counts=[0, 0, 0, 0, 0]
OCCURRENCE_OBSERVATION pass=ACCEPT completed=true counts=[0, 0, 0, 0, 0]
OCCURRENCE_OBSERVATION pass=ACCEPT completed=true counts=[0, 0, 0, 0, 0]
OCCURRENCE_OBSERVATION pass=ACCEPT completed=true counts=[0, 0, 0, 0, 0]
OCCURRENCE_OBSERVATION pass=ACCEPT completed=true counts=[0, 0, 0, 0, 0]
OCCURRENCE_OBSERVATION pass=ACCEPT completed=true counts=[0, 0, 0, 0, 0]
OCCURRENCE_OBSERVATION pass=ACCEPT completed=true counts=[0, 0, 0, 0, 0]
OCCURRENCE_OBSERVATION pass=ACCEPT completed=true counts=[0, 0, 0, 0, 0]
OCCURRENCE_OBSERVATION pass=ACCEPT completed=true counts=[0, 0, 0, 0, 0]
OCCURRENCE_OBSERVATION pass=ACCEPT completed=true counts=[0, 0, 0, 0, 0]
OCCURRENCE_OBSERVATION pass=ACCEPT completed=true counts=[0, 0, 0, 0, 0]
OCCURRENCE_OBSERVATION pass=ACCEPT completed=true counts=[0, 0, 0, 0, 0]
OCCURRENCE_OBSERVATION pass=ACCEPT completed=true counts=[0, 0, 0, 0, 0]
OCCURRENCE_OBSERVATION pass=ACCEPT completed=true counts=[0, 0, 0, 0, 0]
OCCURRENCE_OBSERVATION pass=ACCEPT completed=true counts=[0, 0, 0, 0, 0]
OCCURRENCE_OBSERVATION pass=ACCEPT completed=true counts=[0, 0, 0, 0, 0]
OCCURRENCE_OBSERVATION pass=ACCEPT completed=true counts=[0, 0, 0, 0, 0]
OCCURRENCE_OBSERVATION pass=ACCEPT completed=true counts=[0, 0, 0, 0, 0]
OCCURRENCE_OBSERVATION pass=ACCEPT completed=true counts=[0, 0, 0, 0, 0]
OCCURRENCE_OBSERVATION pass=ACCEPT completed=true counts=[0, 0, 0, 0, 0]
OCCURRENCE_OBSERVATION pass=ACCEPT completed=true counts=[0, 0, 0, 0, 0]
OCCURRENCE_OBSERVATION pass=ACCEPT completed=true counts=[0, 0, 0, 0, 0]
OCCURRENCE_OBSERVATION pass=ACCEPT completed=true counts=[0, 0, 0, 0, 0]
OCCURRENCE_OBSERVATION pass=ACCEPT completed=true counts=[0, 0, 0, 0, 0]
OCCURRENCE_OBSERVATION pass=ACCEPT completed=true counts=[0, 0, 0, 0, 0]
OCCURRENCE_OBSERVATION pass=ACCEPT completed=true counts=[0, 0, 0, 0, 0]
OCCURRENCE_OBSERVATION pass=ACCEPT completed=true counts=[0, 0, 0, 0, 0]
OCCURRENCE_OBSERVATION pass=ACCEPT completed=true counts=[0, 0, 0, 0, 0]
OCCURRENCE_OBSERVATION pass=ACCEPT completed=true counts=[0, 0, 0, 0, 0]
OCCURRENCE_OBSERVATION pass=ACCEPT completed=true counts=[0, 0, 0, 0, 0]
OCCURRENCE_OBSERVATION pass=ACCEPT completed=true counts=[0, 0, 0, 0, 0]
OCCURRENCE_OBSERVATION pass=ACCEPT completed=true counts=[0, 0, 0, 0, 0]
OCCURRENCE_OBSERVATION pass=ACCEPT completed=true counts=[0, 0, 0, 0, 0]
OCCURRENCE_OBSERVATION pass=ACCEPT completed=true counts=[0, 0, 0, 0, 0]
OCCURRENCE_OBSERVATION pass=ACCEPT completed=true counts=[0, 0, 0, 0, 0]
OCCURRENCE_OBSERVATION pass=ACCEPT completed=true counts=[0, 0, 0, 0, 0]
OCCURRENCE_OBSERVATION pass=ACCEPT completed=true counts=[0, 0, 0, 0, 0]
OCCURRENCE_OBSERVATION pass=ACCEPT completed=true counts=[0, 0, 0, 0, 0]
OCCURRENCE_OBSERVATION pass=ACCEPT completed=true counts=[0, 0, 0, 0, 0]
OCCURRENCE_OBSERVATION pass=ACCEPT completed=true counts=[0, 0, 0, 0, 0]
OCCURRENCE_OBSERVATION pass=ACCEPT completed=true counts=[0, 0, 0, 0, 0]
OCCURRENCE_OBSERVATION pass=ACCEPT completed=true counts=[0, 0, 0, 0, 0]
OCCURRENCE_OBSERVATION pass=ACCEPT completed=true counts=[0, 0, 0, 0, 0]
OCCURRENCE_OBSERVATION pass=ACCEPT completed=true counts=[0, 0, 0, 0, 0]
OCCURRENCE_OBSERVATION pass=ACCEPT completed=true counts=[0, 0, 0, 0, 0]
OCCURRENCE_OBSERVATION pass=ACCEPT completed=true counts=[0, 0, 0, 0, 0]
OCCURRENCE_OBSERVATION pass=ACCEPT completed=true counts=[0, 0, 0, 0, 0]
OCCURRENCE_OBSERVATION pass=ACCEPT completed=true counts=[0, 0, 0, 0, 0]
OCCURRENCE_OBSERVATION pass=ACCEPT completed=true counts=[0, 0, 0, 0, 0]
OCCURRENCE_OBSERVATION pass=ACCEPT completed=true counts=[0, 0, 0, 0, 0]
OCCURRENCE_OBSERVATION pass=ACCEPT completed=true counts=[0, 0, 0, 0, 0]
OCCURRENCE_OBSERVATION pass=ACCEPT completed=true counts=[0, 0, 0, 0, 0]
OCCURRENCE_OBSERVATION pass=ACCEPT completed=true counts=[0, 0, 0, 0, 0]
OCCURRENCE_OBSERVATION pass=ACCEPT completed=true counts=[0, 0, 0, 0, 0]
OCCURRENCE_OBSERVATION pass=ACCEPT completed=true counts=[0, 0, 0, 0, 0]
OCCURRENCE_OBSERVATION pass=ACCEPT completed=true counts=[0, 0, 0, 0, 0]
OCCURRENCE_OBSERVATION pass=ACCEPT completed=true counts=[0, 0, 0, 0, 0]
OCCURRENCE_OBSERVATION pass=ACCEPT completed=true counts=[0, 0, 0, 0, 0]
OCCURRENCE_OBSERVATION pass=ACCEPT completed=true counts=[0, 0, 0, 0, 0]
OCCURRENCE_OBSERVATION pass=ACCEPT completed=true counts=[0, 0, 0, 0, 0]
OCCURRENCE_OBSERVATION pass=ACCEPT completed=true counts=[0, 0, 0, 0, 0]
OCCURRENCE_OBSERVATION pass=ACCEPT completed=true counts=[0, 0, 0, 0, 0]
OCCURRENCE_OBSERVATION pass=ACCEPT completed=true counts=[0, 0, 0, 0, 0]
OCCURRENCE_OBSERVATION pass=ACCEPT completed=true counts=[0, 0, 0, 0, 0]
OCCURRENCE_OBSERVATION pass=ACCEPT completed=true counts=[0, 0, 0, 0, 0]
OCCURRENCE_OBSERVATION pass=ACCEPT completed=true counts=[0, 0, 0, 0, 0]
OCCURRENCE_OBSERVATION pass=ACCEPT completed=true counts=[0, 0, 0, 0, 0]
OCCURRENCE_OBSERVATION pass=ACCEPT completed=true counts=[0, 0, 0, 0, 0]
OCCURRENCE_OBSERVATION pass=ACCEPT completed=true counts=[0, 0, 0, 0, 0]
OCCURRENCE_OBSERVATION pass=ACCEPT completed=true counts=[0, 0, 0, 0, 0]
OCCURRENCE_OBSERVATION pass=ACCEPT completed=true counts=[0, 0, 0, 0, 0]
OCCURRENCE_OBSERVATION pass=ACCEPT completed=true counts=[0, 0, 0, 0, 0]
OCCURRENCE_OBSERVATION pass=ACCEPT completed=true counts=[0, 0, 0, 0, 0]
OCCURRENCE_OBSERVATION pass=ACCEPT completed=true counts=[0, 0, 0, 0, 0]
OCCURRENCE_OBSERVATION pass=ACCEPT completed=true counts=[0, 0, 0, 0, 0]
OCCURRENCE_OBSERVATION pass=ACCEPT completed=true counts=[0, 0, 0, 0, 0]
OCCURRENCE_OBSERVATION pass=ACCEPT completed=true counts=[0, 0, 0, 0, 0]
OCCURRENCE_OBSERVATION pass=ACCEPT completed=true counts=[0, 0, 0, 0, 0]
OCCURRENCE_OBSERVATION pass=ACCEPT completed=true counts=[0, 0, 0, 0, 0]
OCCURRENCE_OBSERVATION pass=ACCEPT completed=true counts=[0, 0, 0, 0, 0]
OCCURRENCE_OBSERVATION pass=ACCEPT completed=true counts=[0, 0, 0, 0, 0]
OCCURRENCE_OBSERVATION pass=ACCEPT completed=true counts=[0, 0, 0, 0, 0]
OCCURRENCE_OBSERVATION pass=ACCEPT completed=true counts=[0, 0, 0, 0, 0]
OCCURRENCE_OBSERVATION pass=ACCEPT completed=true counts=[0, 0, 0, 0, 0]
OCCURRENCE_OBSERVATION pass=ACCEPT completed=true counts=[0, 0, 0, 0, 0]
OCCURRENCE_OBSERVATION pass=ACCEPT completed=true counts=[0, 0, 0, 0, 0]
OCCURRENCE_OBSERVATION pass=ACCEPT completed=true counts=[0, 0, 0, 0, 0]
OCCURRENCE_OBSERVATION pass=ACCEPT completed=true counts=[0, 0, 0, 0, 0]
OCCURRENCE_OBSERVATION pass=ACCEPT completed=true counts=[0, 0, 0, 0, 0]
OCCURRENCE_OBSERVATION pass=ACCEPT completed=true counts=[0, 0, 0, 0, 0]
OCCURRENCE_OBSERVATION pass=ACCEPT completed=true counts=[0, 0, 0, 0, 0]
OCCURRENCE_OBSERVATION pass=ACCEPT completed=true counts=[0, 0, 0, 0, 0]
OCCURRENCE_OBSERVATION pass=ACCEPT completed=true counts=[0, 0, 0, 0, 0]
OCCURRENCE_OBSERVATION pass=ACCEPT completed=true counts=[0, 0, 0, 0, 0]
OCCURRENCE_OBSERVATION pass=ACCEPT completed=true counts=[0, 0, 0, 0, 0]
OCCURRENCE_OBSERVATION pass=ACCEPT completed=true counts=[0, 0, 0, 0, 0]
OCCURRENCE_OBSERVATION pass=ACCEPT completed=true counts=[0, 0, 0, 0, 0]
OCCURRENCE_OBSERVATION pass=ACCEPT completed=true counts=[0, 0, 0, 0, 0]
OCCURRENCE_OBSERVATION pass=ACCEPT completed=true counts=[0, 0, 0, 0, 0]
OCCURRENCE_OBSERVATION pass=ACCEPT completed=true counts=[0, 0, 0, 0, 0]
OCCURRENCE_OBSERVATION pass=ACCEPT completed=true counts=[0, 0, 0, 0, 0]
OCCURRENCE_OBSERVATION pass=ACCEPT completed=true counts=[0, 0, 0, 0, 0]
OCCURRENCE_OBSERVATION pass=ACCEPT completed=true counts=[0, 0, 0, 0, 0]
OCCURRENCE_OBSERVATION pass=ACCEPT completed=true counts=[0, 0, 0, 0, 0]
OCCURRENCE_OBSERVATION pass=ACCEPT completed=true counts=[0, 0, 0, 0, 0]
OCCURRENCE_OBSERVATION pass=ACCEPT completed=true counts=[0, 0, 0, 0, 0]
OCCURRENCE_OBSERVATION pass=ACCEPT completed=true counts=[0, 0, 0, 0, 0]
OCCURRENCE_OBSERVATION pass=ACCEPT completed=true counts=[0, 0, 0, 0, 0]
OCCURRENCE_OBSERVATION pass=ACCEPT completed=true counts=[0, 0, 0, 0, 0]
OCCURRENCE_OBSERVATION pass=ACCEPT completed=true counts=[0, 0, 0, 0, 0]
OCCURRENCE_OBSERVATION pass=ACCEPT completed=true counts=[0, 0, 0, 0, 0]
OCCURRENCE_OBSERVATION pass=ACCEPT completed=true counts=[0, 0, 0, 0, 0]
OCCURRENCE_OBSERVATION pass=ACCEPT completed=true counts=[0, 0, 0, 0, 0]
OCCURRENCE_OBSERVATION pass=ACCEPT completed=true counts=[0, 0, 0, 0, 0]
OCCURRENCE_OBSERVATION pass=ACCEPT completed=true counts=[0, 0, 0, 0, 0]
OCCURRENCE_OBSERVATION pass=ACCEPT completed=true counts=[0, 0, 0, 0, 0]
OCCURRENCE_OBSERVATION pass=ACCEPT completed=true counts=[0, 0, 0, 0, 0]
OCCURRENCE_OBSERVATION pass=ACCEPT completed=true counts=[0, 0, 0, 0, 0]
OCCURRENCE_OBSERVATION pass=ACCEPT completed=true counts=[0, 0, 0, 0, 0]
OCCURRENCE_OBSERVATION pass=ACCEPT completed=true counts=[0, 0, 0, 0, 0]
OCCURRENCE_OBSERVATION pass=ACCEPT completed=true counts=[0, 0, 0, 0, 0]
OCCURRENCE_OBSERVATION pass=ACCEPT completed=true counts=[0, 0, 0, 0, 0]
OCCURRENCE_OBSERVATION pass=ACCEPT completed=true counts=[0, 0, 0, 0, 0]
OCCURRENCE_OBSERVATION pass=ACCEPT completed=true counts=[0, 0, 0, 0, 0]
OCCURRENCE_OBSERVATION pass=ACCEPT completed=true counts=[0, 0, 0, 0, 0]
OCCURRENCE_OBSERVATION pass=ACCEPT completed=true counts=[0, 0, 0, 0, 0]
OCCURRENCE_OBSERVATION pass=ACCEPT completed=true counts=[0, 0, 0, 0, 0]
OCCURRENCE_OBSERVATION pass=ACCEPT completed=true counts=[0, 0, 0, 0, 0]
OCCURRENCE_OBSERVATION pass=ACCEPT completed=true counts=[0, 0, 0, 0, 0]
OCCURRENCE_OBSERVATION pass=ACCEPT completed=true counts=[0, 0, 0, 0, 0]
OCCURRENCE_OBSERVATION pass=ACCEPT completed=true counts=[0, 0, 0, 0, 0]
OCCURRENCE_OBSERVATION pass=ACCEPT completed=true counts=[0, 0, 0, 0, 0]
OCCURRENCE_OBSERVATION pass=ACCEPT completed=true counts=[0, 0, 0, 0, 0]
OCCURRENCE_OBSERVATION pass=ACCEPT completed=true counts=[0, 0, 0, 0, 0]
OCCURRENCE_OBSERVATION pass=ACCEPT completed=true counts=[0, 0, 0, 0, 0]
OCCURRENCE_OBSERVATION pass=ACCEPT completed=true counts=[0, 0, 0, 0, 0]
OCCURRENCE_OBSERVATION pass=ACCEPT completed=true counts=[0, 0, 0, 0, 0]
OCCURRENCE_OBSERVATION pass=ACCEPT completed=true counts=[0, 0, 0, 0, 0]
OCCURRENCE_OBSERVATION pass=ACCEPT completed=true counts=[0, 0, 0, 0, 0]
OCCURRENCE_OBSERVATION pass=ACCEPT completed=true counts=[0, 0, 0, 0, 0]
OCCURRENCE_OBSERVATION pass=ACCEPT completed=true counts=[0, 0, 0, 0, 0]
OCCURRENCE_OBSERVATION pass=ACCEPT completed=true counts=[0, 0, 0, 0, 0]
OCCURRENCE_OBSERVATION pass=ACCEPT completed=true counts=[0, 0, 0, 0, 0]
OCCURRENCE_OBSERVATION pass=ACCEPT completed=true counts=[0, 0, 0, 0, 0]
OCCURRENCE_OBSERVATION pass=ACCEPT completed=true counts=[0, 0, 0, 0, 0]
OCCURRENCE_OBSERVATION pass=ACCEPT completed=true counts=[0, 0, 0, 0, 0]
OCCURRENCE_OBSERVATION pass=ACCEPT completed=true counts=[0, 0, 0, 0, 0]
OCCURRENCE_OBSERVATION pass=ACCEPT completed=true counts=[0, 0, 0, 0, 0]
OCCURRENCE_OBSERVATION pass=ACCEPT completed=true counts=[0, 0, 0, 0, 0]
OCCURRENCE_OBSERVATION pass=ACCEPT completed=true counts=[0, 0, 0, 0, 0]
OCCURRENCE_OBSERVATION pass=ACCEPT completed=true counts=[0, 0, 0, 0, 0]
OCCURRENCE_OBSERVATION pass=ACCEPT completed=true counts=[0, 0, 0, 0, 0]
OCCURRENCE_OBSERVATION pass=ACCEPT completed=true counts=[0, 0, 0, 0, 0]
OCCURRENCE_OBSERVATION pass=ACCEPT completed=true counts=[0, 0, 0, 0, 0]
OCCURRENCE_OBSERVATION pass=ACCEPT completed=true counts=[0, 0, 0, 0, 0]
OCCURRENCE_OBSERVATION pass=ACCEPT completed=true counts=[0, 0, 0, 0, 0]
OCCURRENCE_OBSERVATION pass=ACCEPT completed=true counts=[0, 0, 0, 0, 0]
OCCURRENCE_OBSERVATION pass=ACCEPT completed=true counts=[0, 0, 0, 0, 0]
OCCURRENCE_OBSERVATION pass=ACCEPT completed=true counts=[0, 0, 0, 0, 0]
OCCURRENCE_OBSERVATION pass=ACCEPT completed=true counts=[0, 0, 0, 0, 0]
OCCURRENCE_OBSERVATION pass=ACCEPT completed=true counts=[0, 0, 0, 0, 0]
OCCURRENCE_OBSERVATION pass=ACCEPT completed=true counts=[0, 0, 0, 0, 0]
OCCURRENCE_OBSERVATION pass=ACCEPT completed=true counts=[0, 0, 0, 0, 0]
OCCURRENCE_OBSERVATION pass=ACCEPT completed=true counts=[0, 0, 0, 0, 0]
OCCURRENCE_OBSERVATION pass=ACCEPT completed=true counts=[0, 0, 0, 0, 0]
OCCURRENCE_OBSERVATION pass=ACCEPT completed=true counts=[0, 0, 0, 0, 0]
OCCURRENCE_OBSERVATION pass=ACCEPT completed=true counts=[0, 0, 0, 0, 0]
OCCURRENCE_OBSERVATION pass=ACCEPT completed=true counts=[0, 0, 0, 0, 0]
OCCURRENCE_OBSERVATION pass=ACCEPT completed=true counts=[0, 0, 0, 0, 0]
OCCURRENCE_OBSERVATION pass=ACCEPT completed=true counts=[0, 0, 0, 0, 0]
OCCURRENCE_OBSERVATION pass=ACCEPT completed=true counts=[0, 0, 0, 0, 0]
OCCURRENCE_OBSERVATION pass=ACCEPT completed=true counts=[0, 0, 0, 0, 0]
OCCURRENCE_OBSERVATION pass=ACCEPT completed=true counts=[0, 0, 0, 0, 0]
OCCURRENCE_OBSERVATION pass=ACCEPT completed=true counts=[0, 0, 0, 0, 0]
OCCURRENCE_OBSERVATION pass=ACCEPT completed=true counts=[0, 0, 0, 0, 0]
OCCURRENCE_OBSERVATION pass=ACCEPT completed=true counts=[0, 0, 0, 0, 0]
OCCURRENCE_OBSERVATION pass=ACCEPT completed=true counts=[0, 0, 0, 0, 0]
OCCURRENCE_OBSERVATION pass=ACCEPT completed=true counts=[0, 0, 0, 0, 0]
OCCURRENCE_OBSERVATION pass=ACCEPT completed=true counts=[0, 0, 0, 0, 0]
OCCURRENCE_OBSERVATION pass=ACCEPT completed=true counts=[0, 0, 0, 0, 0]
OCCURRENCE_OBSERVATION pass=ACCEPT completed=true counts=[0, 0, 0, 0, 0]
OCCURRENCE_OBSERVATION pass=ACCEPT completed=true counts=[0, 0, 0, 0, 0]
OCCURRENCE_OBSERVATION pass=ACCEPT completed=true counts=[0, 0, 0, 0, 0]
OCCURRENCE_OBSERVATION pass=ACCEPT completed=true counts=[0, 0, 0, 0, 0]
OCCURRENCE_OBSERVATION pass=ACCEPT completed=true counts=[0, 0, 0, 0, 0]
OCCURRENCE_OBSERVATION pass=ACCEPT completed=true counts=[0, 0, 0, 0, 0]
OCCURRENCE_OBSERVATION pass=ACCEPT completed=true counts=[0, 0, 0, 0, 0]
OCCURRENCE_OBSERVATION pass=ACCEPT completed=true counts=[0, 0, 0, 0, 0]
OCCURRENCE_OBSERVATION pass=ACCEPT completed=true counts=[0, 0, 0, 0, 0]
OCCURRENCE_OBSERVATION pass=ACCEPT completed=true counts=[0, 0, 0, 0, 0]
OCCURRENCE_OBSERVATION pass=ACCEPT completed=true counts=[0, 0, 0, 0, 0]
OCCURRENCE_OBSERVATION pass=ACCEPT completed=true counts=[0, 0, 0, 0, 0]
OCCURRENCE_OBSERVATION pass=ACCEPT completed=true counts=[0, 0, 0, 0, 0]
OCCURRENCE_OBSERVATION pass=ACCEPT completed=true counts=[0, 0, 0, 0, 0]
OCCURRENCE_OBSERVATION pass=ACCEPT completed=true counts=[0, 0, 0, 0, 0]
OCCURRENCE_OBSERVATION pass=ACCEPT completed=true counts=[0, 0, 0, 0, 0]
OCCURRENCE_OBSERVATION pass=ACCEPT completed=true counts=[0, 0, 0, 0, 0]
OCCURRENCE_OBSERVATION pass=ACCEPT completed=true counts=[0, 0, 0, 0, 0]
OCCURRENCE_OBSERVATION pass=ACCEPT completed=true counts=[0, 0, 0, 0, 0]
OCCURRENCE_OBSERVATION pass=ACCEPT completed=true counts=[0, 0, 0, 0, 0]
OCCURRENCE_OBSERVATION pass=ACCEPT completed=true counts=[0, 0, 0, 0, 0]
OCCURRENCE_OBSERVATION pass=ACCEPT completed=true counts=[0, 0, 0, 0, 0]
OCCURRENCE_OBSERVATION pass=ACCEPT completed=true counts=[0, 0, 0, 0, 0]
OCCURRENCE_OBSERVATION pass=ACCEPT completed=true counts=[0, 0, 0, 0, 0]
OCCURRENCE_OBSERVATION pass=ACCEPT completed=true counts=[0, 0, 0, 0, 0]
OCCURRENCE_OBSERVATION pass=ACCEPT completed=true counts=[0, 0, 0, 0, 0]
OCCURRENCE_OBSERVATION pass=ACCEPT completed=true counts=[0, 0, 0, 0, 0]
OCCURRENCE_OBSERVATION pass=ACCEPT completed=true counts=[0, 0, 0, 0, 0]
OCCURRENCE_OBSERVATION pass=ACCEPT completed=true counts=[0, 0, 0, 0, 0]
OCCURRENCE_OBSERVATION pass=ACCEPT completed=true counts=[0, 0, 0, 0, 0]
OCCURRENCE_OBSERVATION pass=ACCEPT completed=true counts=[0, 0, 0, 0, 0]
OCCURRENCE_OBSERVATION pass=ACCEPT completed=true counts=[0, 0, 0, 0, 0]
OCCURRENCE_OBSERVATION pass=ACCEPT completed=true counts=[0, 0, 0, 0, 0]
OCCURRENCE_OBSERVATION pass=ACCEPT completed=true counts=[0, 0, 0, 0, 0]
OCCURRENCE_OBSERVATION pass=ACCEPT completed=true counts=[0, 0, 0, 0, 0]
OCCURRENCE_OBSERVATION pass=ACCEPT completed=true counts=[0, 0, 0, 0, 0]
OCCURRENCE_OBSERVATION pass=ACCEPT completed=true counts=[0, 0, 0, 0, 0]
OCCURRENCE_OBSERVATION pass=ACCEPT completed=true counts=[0, 0, 0, 0, 0]
OCCURRENCE_OBSERVATION pass=ACCEPT completed=true counts=[0, 0, 0, 0, 0]
OCCURRENCE_OBSERVATION pass=ACCEPT completed=true counts=[0, 0, 0, 0, 0]
OCCURRENCE_OBSERVATION pass=ACCEPT completed=true counts=[0, 0, 0, 0, 0]
OCCURRENCE_OBSERVATION pass=ACCEPT completed=true counts=[0, 0, 0, 0, 0]
OCCURRENCE_OBSERVATION pass=ACCEPT completed=true counts=[0, 0, 0, 0, 0]
OCCURRENCE_OBSERVATION pass=ACCEPT completed=true counts=[0, 0, 0, 0, 0]
OCCURRENCE_OBSERVATION pass=ACCEPT completed=true counts=[0, 0, 0, 0, 0]
OCCURRENCE_OBSERVATION pass=ACCEPT completed=true counts=[0, 0, 0, 0, 0]
OCCURRENCE_OBSERVATION pass=ACCEPT completed=true counts=[0, 0, 0, 0, 0]
OCCURRENCE_OBSERVATION pass=CHECKFALSE completed=true counts=[0, 0, 0, 0, 0]
OCCURRENCE_OBSERVATION pass=CHECKTRUE completed=true counts=[3944, 3944, 1968, 1968, 0]
OCCURRENCE_OBSERVATION pass=ACCEPT completed=true counts=[0, 0, 0, 0, 0]
OCCURRENCE_OBSERVATION pass=ACCEPT completed=true counts=[0, 0, 0, 0, 0]
OCCURRENCE_OBSERVATION pass=ACCEPT completed=true counts=[0, 0, 0, 0, 0]
OCCURRENCE_OBSERVATION pass=ACCEPT completed=true counts=[0, 0, 0, 0, 0]
OCCURRENCE_OBSERVATION pass=ACCEPT completed=true counts=[0, 0, 0, 0, 0]
OCCURRENCE_OBSERVATION pass=ACCEPT completed=true counts=[0, 0, 0, 0, 0]
OCCURRENCE_OBSERVATION pass=ACCEPT completed=true counts=[0, 0, 0, 0, 0]
OCCURRENCE_OBSERVATION pass=ACCEPT completed=true counts=[0, 0, 0, 0, 0]
OCCURRENCE_OBSERVATION pass=ACCEPT completed=true counts=[0, 0, 0, 0, 0]
OCCURRENCE_OBSERVATION pass=ACCEPT completed=true counts=[0, 0, 0, 0, 0]
OCCURRENCE_OBSERVATION pass=ACCEPT completed=true counts=[0, 0, 0, 0, 0]
OCCURRENCE_OBSERVATION pass=CHECKFALSE completed=true counts=[0, 0, 0, 0, 0]
OCCURRENCE_OBSERVATION pass=CHECKTRUE completed=true counts=[48, 48, 20, 20, 0]
OCCURRENCE_OBSERVATION pass=ACCEPT completed=true counts=[0, 0, 0, 0, 0]
OCCURRENCE_OBSERVATION pass=ACCEPT completed=true counts=[42, 50, 0, 0, 0]
OCCURRENCE_OBSERVATION pass=CHECKFALSE completed=true counts=[52, 62, 12, 12, 0]
OCCURRENCE_OBSERVATION pass=CHECKFALSE completed=true counts=[52, 62, 12, 12, 0]
OCCURRENCE_OBSERVATION pass=CHECKFALSE completed=true counts=[52, 62, 12, 12, 0]
OCCURRENCE_OBSERVATION pass=CHECKFALSE completed=true counts=[52, 62, 12, 12, 0]
OCCURRENCE_OBSERVATION pass=CHECKFALSE completed=true counts=[52, 62, 12, 12, 0]
OCCURRENCE_OBSERVATION pass=ACCEPT completed=true counts=[0, 0, 0, 0, 0]
OCCURRENCE_OBSERVATION pass=CHECKFALSE completed=true counts=[0, 0, 0, 0, 0]
OCCURRENCE_OBSERVATION pass=CHECKTRUE completed=true counts=[0, 0, 0, 0, 0]
OCCURRENCE_OBSERVATION pass=ACCEPT completed=true counts=[0, 0, 0, 0, 0]
OCCURRENCE_OBSERVATION pass=ACCEPT completed=true counts=[0, 0, 0, 0, 0]
OCCURRENCE_OBSERVATION pass=ACCEPT completed=true counts=[0, 0, 0, 0, 0]
OCCURRENCE_OBSERVATION pass=ACCEPT completed=true counts=[0, 0, 0, 0, 0]
OCCURRENCE_OBSERVATION pass=CHECK completed=true counts=[0, 0, 0, 0, 0]
OCCURRENCE_OBSERVATION pass=ACCEPT completed=true counts=[0, 0, 0, 0, 0]
OCCURRENCE_OBSERVATION pass=CHECK completed=true counts=[0, 0, 0, 0, 0]
OCCURRENCE_OBSERVATION pass=ACCEPT completed=true counts=[0, 0, 0, 0, 0]
OCCURRENCE_OBSERVATION pass=ACCEPT completed=true counts=[0, 0, 0, 0, 0]
OCCURRENCE_OBSERVATION pass=ACCEPT completed=true counts=[0, 0, 0, 0, 0]
OCCURRENCE_OBSERVATION pass=ACCEPT completed=true counts=[0, 0, 0, 0, 0]
OCCURRENCE_OBSERVATION pass=ACCEPT completed=true counts=[0, 0, 0, 0, 0]
OCCURRENCE_OBSERVATION pass=ACCEPT completed=true counts=[0, 0, 0, 0, 0]
OCCURRENCE_OBSERVATION pass=ACCEPT completed=true counts=[0, 0, 0, 0, 0]
OCCURRENCE_OBSERVATION pass=ACCEPT completed=true counts=[0, 0, 0, 0, 0]
OCCURRENCE_OBSERVATION pass=ACCEPT completed=true counts=[4, 4, 0, 0, 0]
OCCURRENCE_OBSERVATION pass=ACCEPT completed=true counts=[0, 0, 0, 0, 0]
OCCURRENCE_OBSERVATION pass=SILENCE completed=true counts=[0, 0, 0, 0, 0]
OCCURRENCE_OBSERVATION pass=SILENCE completed=true counts=[0, 0, 0, 0, 0]
OCCURRENCE_OBSERVATION pass=CHECK completed=true counts=[0, 0, 0, 0, 0]
OCCURRENCE_OBSERVATION pass=ACCEPT completed=true counts=[0, 0, 0, 0, 0]
OCCURRENCE_OBSERVATION pass=ACCEPT completed=true counts=[0, 0, 0, 0, 0]
OCCURRENCE_OBSERVATION pass=ACCEPT completed=true counts=[10, 10, 0, 0, 0]
OCCURRENCE_OBSERVATION pass=INSERT completed=true counts=[6, 6, 0, 0, 0]
OCCURRENCE_OBSERVATION pass=SILENCE completed=true counts=[0, 0, 0, 0, 0]
OCCURRENCE_OBSERVATION pass=SILENCE completed=true counts=[4, 4, 0, 0, 0]
OCCURRENCE_OBSERVATION pass=CHECK completed=true counts=[4, 4, 0, 0, 0]
OCCURRENCE_OBSERVATION pass=ACCEPT completed=true counts=[0, 0, 0, 0, 0]
OCCURRENCE_OBSERVATION pass=ACCEPT completed=true counts=[4, 4, 0, 0, 0]
OCCURRENCE_OBSERVATION pass=ACCEPT completed=true counts=[0, 0, 0, 0, 0]
OCCURRENCE_OBSERVATION pass=ACCEPT completed=true counts=[0, 0, 0, 0, 0]
OCCURRENCE_OBSERVATION pass=ACCEPT completed=true counts=[0, 0, 0, 0, 0]
OCCURRENCE_OBSERVATION pass=ACCEPT completed=true counts=[4, 4, 0, 0, 0]
OCCURRENCE_OBSERVATION pass=ACCEPT completed=true counts=[0, 0, 0, 0, 0]
OCCURRENCE_OBSERVATION pass=CHECK completed=true counts=[0, 0, 0, 0, 0]
OCCURRENCE_OBSERVATION pass=ACCEPT completed=true counts=[0, 0, 0, 0, 0]
OCCURRENCE_OBSERVATION pass=ACCEPT completed=true counts=[4, 4, 0, 0, 0]
OCCURRENCE_OBSERVATION pass=ACCEPT completed=true counts=[0, 0, 0, 0, 0]
OCCURRENCE_OBSERVATION pass=CHECK completed=true counts=[2, 2, 0, 0, 0]
OCCURRENCE_OBSERVATION pass=SILENCE completed=true counts=[0, 0, 0, 0, 0]
OCCURRENCE_OBSERVATION pass=SILENCE completed=true counts=[0, 0, 0, 0, 0]
OCCURRENCE_OBSERVATION pass=CHECK completed=true counts=[0, 0, 0, 0, 0]
OCCURRENCE_OBSERVATION pass=CHECKFALSE completed=true counts=[0, 0, 0, 0, 0]
OCCURRENCE_OBSERVATION pass=CHECKTRUE completed=true counts=[0, 0, 0, 0, 0]
OCCURRENCE_OBSERVATION pass=CHECKFALSE completed=true counts=[0, 0, 0, 0, 0]
OCCURRENCE_OBSERVATION pass=CHECKTRUE completed=true counts=[0, 0, 0, 0, 0]
OCCURRENCE_OBSERVATION pass=CHECKFALSE completed=true counts=[0, 0, 0, 0, 0]
OCCURRENCE_OBSERVATION pass=CHECKTRUE completed=true counts=[0, 0, 0, 0, 0]
OCCURRENCE_OBSERVATION pass=ACCEPT completed=true counts=[0, 0, 0, 0, 0]
OCCURRENCE_OBSERVATION pass=ACCEPT completed=true counts=[4, 4, 0, 0, 0]
OCCURRENCE_OBSERVATION pass=ACCEPT completed=true counts=[0, 0, 0, 0, 0]
OCCURRENCE_OBSERVATION pass=ACCEPT completed=true counts=[4, 4, 0, 0, 0]
OCCURRENCE_OBSERVATION pass=CHECK completed=true counts=[4, 4, 0, 0, 0]
OCCURRENCE_OBSERVATION pass=CHECKFALSE completed=true counts=[0, 0, 0, 0, 0]
OCCURRENCE_OBSERVATION pass=CHECKTRUE completed=true counts=[10, 10, 0, 0, 0]
OCCURRENCE_OBSERVATION pass=ACCEPT completed=true counts=[0, 0, 0, 0, 0]
OCCURRENCE_OBSERVATION pass=ACCEPT completed=true counts=[4, 4, 0, 0, 0]
OCCURRENCE_OBSERVATION pass=CHECK completed=true counts=[2, 2, 0, 0, 0]
OCCURRENCE_OBSERVATION pass=CHECKFALSE completed=true counts=[0, 0, 0, 0, 0]
OCCURRENCE_OBSERVATION pass=CHECKTRUE completed=true counts=[2, 2, 0, 0, 0]
OCCURRENCE_OBSERVATION pass=ACCEPT completed=true counts=[0, 0, 0, 0, 0]
OCCURRENCE_OBSERVATION pass=ACCEPT completed=true counts=[4, 4, 0, 0, 0]
OCCURRENCE_OBSERVATION pass=CHECK completed=true counts=[4, 4, 0, 0, 0]
OCCURRENCE_OBSERVATION pass=ACCEPT completed=true counts=[0, 0, 0, 0, 0]
OCCURRENCE_OBSERVATION pass=ACCEPT completed=true counts=[4, 4, 0, 0, 0]
OCCURRENCE_OBSERVATION pass=CHECKFALSE completed=true counts=[0, 0, 0, 0, 0]
OCCURRENCE_OBSERVATION pass=CHECKTRUE completed=true counts=[10, 10, 0, 0, 0]
OCCURRENCE_OBSERVATION pass=CHECK completed=true counts=[0, 0, 0, 0, 0]
OCCURRENCE_OBSERVATION pass=ACCEPT completed=true counts=[0, 0, 0, 0, 0]
OCCURRENCE_OBSERVATION pass=CHECK completed=true counts=[0, 0, 0, 0, 0]
OCCURRENCE_OBSERVATION pass=ACCEPT completed=true counts=[0, 0, 0, 0, 0]
