START 0 journal-on-TValueDirtyJournalSafetyRunner
DONE 0 journal-on-TValueDirtyJournalSafetyRunner
START 1 journal-off-TValueDirtyJournalSafetyRunner
DONE 1 journal-off-TValueDirtyJournalSafetyRunner
START 2 journal-verify-TValueDirtyJournalSafetyRunner
DONE 2 journal-verify-TValueDirtyJournalSafetyRunner
START 3 journal-on-TValueDirtyGapSafetyRunner
DONE 3 journal-on-TValueDirtyGapSafetyRunner
START 4 journal-off-TValueDirtyGapSafetyRunner
DONE 4 journal-off-TValueDirtyGapSafetyRunner
START 5 journal-verify-TValueDirtyGapSafetyRunner
DONE 5 journal-verify-TValueDirtyGapSafetyRunner
START 6 clean-on-ExactCandidateReplayRunner
DONE 6 clean-on-ExactCandidateReplayRunner
START 7 clean-on-LatentSolveSyncTransactionRunner
DONE 7 clean-on-LatentSolveSyncTransactionRunner
START 8 clean-on-DependencyLifecycleWitness
DONE 8 clean-on-DependencyLifecycleWitness
START 9 clean-on-FrontierDependencyWitness
DONE 9 clean-on-FrontierDependencyWitness
START 10 clean-on-KangerLinkerDonorScopeSafetyRunner
DONE 10 clean-on-KangerLinkerDonorScopeSafetyRunner
START 11 clean-off-ExactCandidateReplayRunner
DONE 11 clean-off-ExactCandidateReplayRunner
START 12 clean-off-LatentSolveSyncTransactionRunner
DONE 12 clean-off-LatentSolveSyncTransactionRunner
START 13 clean-off-DependencyLifecycleWitness
DONE 13 clean-off-DependencyLifecycleWitness
START 14 clean-off-FrontierDependencyWitness
DONE 14 clean-off-FrontierDependencyWitness
START 15 clean-off-KangerLinkerDonorScopeSafetyRunner
DONE 15 clean-off-KangerLinkerDonorScopeSafetyRunner
START 16 clean-on-SonProfileRunner
DONE 16 clean-on-SonProfileRunner
START 17 clean-on-LatentSubstitutionCorpusRunner
DONE 17 clean-on-LatentSubstitutionCorpusRunner
START 18 journal-on-ExactCandidateReplayRunner
DONE 18 journal-on-ExactCandidateReplayRunner
START 19 journal-on-LatentSolveSyncTransactionRunner
DONE 19 journal-on-LatentSolveSyncTransactionRunner
START 20 journal-on-DependencyLifecycleWitness
DONE 20 journal-on-DependencyLifecycleWitness
START 21 journal-on-FrontierDependencyWitness
DONE 21 journal-on-FrontierDependencyWitness
START 22 journal-on-KangerLinkerDonorScopeSafetyRunner
DONE 22 journal-on-KangerLinkerDonorScopeSafetyRunner
START 23 journal-off-ExactCandidateReplayRunner
DONE 23 journal-off-ExactCandidateReplayRunner
START 24 journal-off-LatentSolveSyncTransactionRunner
DONE 24 journal-off-LatentSolveSyncTransactionRunner
START 25 journal-off-DependencyLifecycleWitness
DONE 25 journal-off-DependencyLifecycleWitness
START 26 journal-off-FrontierDependencyWitness
DONE 26 journal-off-FrontierDependencyWitness
START 27 journal-off-KangerLinkerDonorScopeSafetyRunner
DONE 27 journal-off-KangerLinkerDonorScopeSafetyRunner
START 28 journal-on-SonProfileRunner
DONE 28 journal-on-SonProfileRunner
START 29 journal-on-LatentSubstitutionCorpusRunner
DONE 29 journal-on-LatentSubstitutionCorpusRunner
START 30 journal-on-repeat-SonProfileRunner
DONE 30 journal-on-repeat-SonProfileRunner
