{
  "profile-1": {
    "sample2": {
      "totals": {
        "rules": 156374,
        "cpu_ns": 4677444605,
        "rotations": 858101,
        "pairs": 1599204,
        "unifications": 367807,
        "tvalue_attempts": 20007,
        "tsolves": 29179,
        "used_delta": 30489,
        "excluded_delta": 36652,
        "calculated_delta": 3200,
        "causes_delta": 34409,
        "hypothesis_delta": 10716,
        "action_transitions": 1324,
        "without_tvalue_attempts_with_state_change": 24010,
        "no_counted_change": 126557
      },
      "by_pass": {
        "1": {
          "rules": 2998,
          "cpu_ns": 58998376,
          "rotations": 12694,
          "pairs": 2006,
          "unifications": 660,
          "tvalue_attempts": 388,
          "tsolves": 239,
          "used_delta": 2042,
          "excluded_delta": 240,
          "calculated_delta": 4,
          "causes_delta": 228,
          "hypothesis_delta": 1779,
          "action_transitions": 221,
          "without_tvalue_attempts_with_state_change": 352,
          "no_counted_change": 2486
        },
        "2": {
          "rules": 13656,
          "cpu_ns": 364687073,
          "rotations": 79827,
          "pairs": 131767,
          "unifications": 23882,
          "tvalue_attempts": 1031,
          "tsolves": 8081,
          "used_delta": 8836,
          "excluded_delta": 9774,
          "calculated_delta": 266,
          "causes_delta": 9609,
          "hypothesis_delta": 6826,
          "action_transitions": 323,
          "without_tvalue_attempts_with_state_change": 6923,
          "no_counted_change": 6359
        },
        "3": {
          "rules": 32576,
          "cpu_ns": 920768153,
          "rotations": 171736,
          "pairs": 355815,
          "unifications": 81471,
          "tvalue_attempts": 5464,
          "tsolves": 15852,
          "used_delta": 14114,
          "excluded_delta": 20553,
          "calculated_delta": 1729,
          "causes_delta": 18453,
          "hypothesis_delta": 2037,
          "action_transitions": 356,
          "without_tvalue_attempts_with_state_change": 11610,
          "no_counted_change": 19524
        },
        "4": {
          "rules": 37878,
          "cpu_ns": 1118530460,
          "rotations": 206677,
          "pairs": 390862,
          "unifications": 91710,
          "tvalue_attempts": 4672,
          "tsolves": 3863,
          "used_delta": 4007,
          "excluded_delta": 4247,
          "calculated_delta": 1060,
          "causes_delta": 4284,
          "hypothesis_delta": 58,
          "action_transitions": 206,
          "without_tvalue_attempts_with_state_change": 3320,
          "no_counted_change": 33153
        },
        "5": {
          "rules": 32268,
          "cpu_ns": 1007449566,
          "rotations": 178206,
          "pairs": 333820,
          "unifications": 78496,
          "tvalue_attempts": 3976,
          "tsolves": 759,
          "used_delta": 1130,
          "excluded_delta": 904,
          "calculated_delta": 130,
          "causes_delta": 901,
          "hypothesis_delta": 11,
          "action_transitions": 125,
          "without_tvalue_attempts_with_state_change": 971,
          "no_counted_change": 30100
        },
        "6": {
          "rules": 20554,
          "cpu_ns": 656689530,
          "rotations": 116913,
          "pairs": 214144,
          "unifications": 50506,
          "tvalue_attempts": 2377,
          "tsolves": 365,
          "used_delta": 315,
          "excluded_delta": 714,
          "calculated_delta": 10,
          "causes_delta": 714,
          "hypothesis_delta": 5,
          "action_transitions": 89,
          "without_tvalue_attempts_with_state_change": 615,
          "no_counted_change": 19221
        },
        "7": {
          "rules": 15008,
          "cpu_ns": 481717762,
          "rotations": 84370,
          "pairs": 155818,
          "unifications": 36644,
          "tvalue_attempts": 1677,
          "tsolves": 14,
          "used_delta": 37,
          "excluded_delta": 203,
          "calculated_delta": 1,
          "causes_delta": 203,
          "hypothesis_delta": 0,
          "action_transitions": 2,
          "without_tvalue_attempts_with_state_change": 202,
          "no_counted_change": 14321
        },
        "8": {
          "rules": 476,
          "cpu_ns": 22465605,
          "rotations": 2530,
          "pairs": 4980,
          "unifications": 1474,
          "tvalue_attempts": 140,
          "tsolves": 4,
          "used_delta": 2,
          "excluded_delta": 15,
          "calculated_delta": 0,
          "causes_delta": 15,
          "hypothesis_delta": 0,
          "action_transitions": 1,
          "without_tvalue_attempts_with_state_change": 12,
          "no_counted_change": 456
        },
        "9": {
          "rules": 480,
          "cpu_ns": 23257988,
          "rotations": 2574,
          "pairs": 4996,
          "unifications": 1482,
          "tvalue_attempts": 142,
          "tsolves": 2,
          "used_delta": 6,
          "excluded_delta": 2,
          "calculated_delta": 0,
          "causes_delta": 2,
          "hypothesis_delta": 0,
          "action_transitions": 1,
          "without_tvalue_attempts_with_state_change": 5,
          "no_counted_change": 465
        },
        "10": {
          "rules": 480,
          "cpu_ns": 22880092,
          "rotations": 2574,
          "pairs": 4996,
          "unifications": 1482,
          "tvalue_attempts": 140,
          "tsolves": 0,
          "used_delta": 0,
          "excluded_delta": 0,
          "calculated_delta": 0,
          "causes_delta": 0,
          "hypothesis_delta": 0,
          "action_transitions": 0,
          "without_tvalue_attempts_with_state_change": 0,
          "no_counted_change": 472
        }
      },
      "by_phase": {
        "CHECKFALSE": {
          "rules": 66784,
          "cpu_ns": 2187918721,
          "rotations": 384949,
          "pairs": 680743,
          "unifications": 158194,
          "tvalue_attempts": 8522,
          "tsolves": 10678,
          "used_delta": 10939,
          "excluded_delta": 13125,
          "calculated_delta": 1340,
          "causes_delta": 12325,
          "hypothesis_delta": 3177,
          "action_transitions": 568,
          "without_tvalue_attempts_with_state_change": 8906,
          "no_counted_change": 55192
        },
        "CHECKTRUE": {
          "rules": 37276,
          "cpu_ns": 991715072,
          "rotations": 204333,
          "pairs": 384821,
          "unifications": 83692,
          "tvalue_attempts": 3623,
          "tsolves": 8899,
          "used_delta": 8817,
          "excluded_delta": 11395,
          "calculated_delta": 865,
          "causes_delta": 10702,
          "hypothesis_delta": 4101,
          "action_transitions": 280,
          "without_tvalue_attempts_with_state_change": 7028,
          "no_counted_change": 29204
        },
        "SILENCE": {
          "rules": 52314,
          "cpu_ns": 1497810812,
          "rotations": 268819,
          "pairs": 533640,
          "unifications": 125921,
          "tvalue_attempts": 7862,
          "tsolves": 9602,
          "used_delta": 10733,
          "excluded_delta": 12132,
          "calculated_delta": 995,
          "causes_delta": 11382,
          "hypothesis_delta": 3438,
          "action_transitions": 476,
          "without_tvalue_attempts_with_state_change": 8076,
          "no_counted_change": 42161
        }
      },
      "by_order": {
        "ascending": {
          "rules": 78187,
          "cpu_ns": 2266185002,
          "rotations": 437445,
          "pairs": 800123,
          "unifications": 184093,
          "tvalue_attempts": 9354,
          "tsolves": 1019,
          "used_delta": 6052,
          "excluded_delta": 180,
          "calculated_delta": 844,
          "causes_delta": 183,
          "hypothesis_delta": 663,
          "action_transitions": 31,
          "without_tvalue_attempts_with_state_change": 3508,
          "no_counted_change": 72034
        },
        "descending": {
          "rules": 78187,
          "cpu_ns": 2411259603,
          "rotations": 420656,
          "pairs": 799081,
          "unifications": 183714,
          "tvalue_attempts": 10653,
          "tsolves": 28160,
          "used_delta": 24437,
          "excluded_delta": 36472,
          "calculated_delta": 2356,
          "causes_delta": 34226,
          "hypothesis_delta": 10053,
          "action_transitions": 1293,
          "without_tvalue_attempts_with_state_change": 20502,
          "no_counted_change": 54523
        }
      },
      "later_shares": {
        "cpu_ns": 0.9873866221874796,
        "rules": 0.9808280148873854,
        "rotations": 0.9852068695876126,
        "unifications": 0.9982055806441965
      },
      "without_tvalue_attempts_with_state_change_share": 0.15354214895059282,
      "no_counted_change_share": 0.8093225216468211
    }
  },
  "profile-2": {
    "sample2": {
      "totals": {
        "rules": 156374,
        "cpu_ns": 4472955361,
        "rotations": 858101,
        "pairs": 1599204,
        "unifications": 367807,
        "tvalue_attempts": 20007,
        "tsolves": 29179,
        "used_delta": 30489,
        "excluded_delta": 36652,
        "calculated_delta": 3200,
        "causes_delta": 34409,
        "hypothesis_delta": 10716,
        "action_transitions": 1324,
        "without_tvalue_attempts_with_state_change": 24010,
        "no_counted_change": 126557
      },
      "by_pass": {
        "1": {
          "rules": 2998,
          "cpu_ns": 56441748,
          "rotations": 12694,
          "pairs": 2006,
          "unifications": 660,
          "tvalue_attempts": 388,
          "tsolves": 239,
          "used_delta": 2042,
          "excluded_delta": 240,
          "calculated_delta": 4,
          "causes_delta": 228,
          "hypothesis_delta": 1779,
          "action_transitions": 221,
          "without_tvalue_attempts_with_state_change": 352,
          "no_counted_change": 2486
        },
        "2": {
          "rules": 13656,
          "cpu_ns": 356570367,
          "rotations": 79827,
          "pairs": 131767,
          "unifications": 23882,
          "tvalue_attempts": 1031,
          "tsolves": 8081,
          "used_delta": 8836,
          "excluded_delta": 9774,
          "calculated_delta": 266,
          "causes_delta": 9609,
          "hypothesis_delta": 6826,
          "action_transitions": 323,
          "without_tvalue_attempts_with_state_change": 6923,
          "no_counted_change": 6359
        },
        "3": {
          "rules": 32576,
          "cpu_ns": 886974283,
          "rotations": 171736,
          "pairs": 355815,
          "unifications": 81471,
          "tvalue_attempts": 5464,
          "tsolves": 15852,
          "used_delta": 14114,
          "excluded_delta": 20553,
          "calculated_delta": 1729,
          "causes_delta": 18453,
          "hypothesis_delta": 2037,
          "action_transitions": 356,
          "without_tvalue_attempts_with_state_change": 11610,
          "no_counted_change": 19524
        },
        "4": {
          "rules": 37878,
          "cpu_ns": 1076605061,
          "rotations": 206677,
          "pairs": 390862,
          "unifications": 91710,
          "tvalue_attempts": 4672,
          "tsolves": 3863,
          "used_delta": 4007,
          "excluded_delta": 4247,
          "calculated_delta": 1060,
          "causes_delta": 4284,
          "hypothesis_delta": 58,
          "action_transitions": 206,
          "without_tvalue_attempts_with_state_change": 3320,
          "no_counted_change": 33153
        },
        "5": {
          "rules": 32268,
          "cpu_ns": 943446993,
          "rotations": 178206,
          "pairs": 333820,
          "unifications": 78496,
          "tvalue_attempts": 3976,
          "tsolves": 759,
          "used_delta": 1130,
          "excluded_delta": 904,
          "calculated_delta": 130,
          "causes_delta": 901,
          "hypothesis_delta": 11,
          "action_transitions": 125,
          "without_tvalue_attempts_with_state_change": 971,
          "no_counted_change": 30100
        },
        "6": {
          "rules": 20554,
          "cpu_ns": 638175341,
          "rotations": 116913,
          "pairs": 214144,
          "unifications": 50506,
          "tvalue_attempts": 2377,
          "tsolves": 365,
          "used_delta": 315,
          "excluded_delta": 714,
          "calculated_delta": 10,
          "causes_delta": 714,
          "hypothesis_delta": 5,
          "action_transitions": 89,
          "without_tvalue_attempts_with_state_change": 615,
          "no_counted_change": 19221
        },
        "7": {
          "rules": 15008,
          "cpu_ns": 448629185,
          "rotations": 84370,
          "pairs": 155818,
          "unifications": 36644,
          "tvalue_attempts": 1677,
          "tsolves": 14,
          "used_delta": 37,
          "excluded_delta": 203,
          "calculated_delta": 1,
          "causes_delta": 203,
          "hypothesis_delta": 0,
          "action_transitions": 2,
          "without_tvalue_attempts_with_state_change": 202,
          "no_counted_change": 14321
        },
        "8": {
          "rules": 476,
          "cpu_ns": 22442950,
          "rotations": 2530,
          "pairs": 4980,
          "unifications": 1474,
          "tvalue_attempts": 140,
          "tsolves": 4,
          "used_delta": 2,
          "excluded_delta": 15,
          "calculated_delta": 0,
          "causes_delta": 15,
          "hypothesis_delta": 0,
          "action_transitions": 1,
          "without_tvalue_attempts_with_state_change": 12,
          "no_counted_change": 456
        },
        "9": {
          "rules": 480,
          "cpu_ns": 22146431,
          "rotations": 2574,
          "pairs": 4996,
          "unifications": 1482,
          "tvalue_attempts": 142,
          "tsolves": 2,
          "used_delta": 6,
          "excluded_delta": 2,
          "calculated_delta": 0,
          "causes_delta": 2,
          "hypothesis_delta": 0,
          "action_transitions": 1,
          "without_tvalue_attempts_with_state_change": 5,
          "no_counted_change": 465
        },
        "10": {
          "rules": 480,
          "cpu_ns": 21523002,
          "rotations": 2574,
          "pairs": 4996,
          "unifications": 1482,
          "tvalue_attempts": 140,
          "tsolves": 0,
          "used_delta": 0,
          "excluded_delta": 0,
          "calculated_delta": 0,
          "causes_delta": 0,
          "hypothesis_delta": 0,
          "action_transitions": 0,
          "without_tvalue_attempts_with_state_change": 0,
          "no_counted_change": 472
        }
      },
      "by_phase": {
        "CHECKFALSE": {
          "rules": 66784,
          "cpu_ns": 2090928616,
          "rotations": 384949,
          "pairs": 680743,
          "unifications": 158194,
          "tvalue_attempts": 8522,
          "tsolves": 10678,
          "used_delta": 10939,
          "excluded_delta": 13125,
          "calculated_delta": 1340,
          "causes_delta": 12325,
          "hypothesis_delta": 3177,
          "action_transitions": 568,
          "without_tvalue_attempts_with_state_change": 8906,
          "no_counted_change": 55192
        },
        "CHECKTRUE": {
          "rules": 37276,
          "cpu_ns": 932537383,
          "rotations": 204333,
          "pairs": 384821,
          "unifications": 83692,
          "tvalue_attempts": 3623,
          "tsolves": 8899,
          "used_delta": 8817,
          "excluded_delta": 11395,
          "calculated_delta": 865,
          "causes_delta": 10702,
          "hypothesis_delta": 4101,
          "action_transitions": 280,
          "without_tvalue_attempts_with_state_change": 7028,
          "no_counted_change": 29204
        },
        "SILENCE": {
          "rules": 52314,
          "cpu_ns": 1449489362,
          "rotations": 268819,
          "pairs": 533640,
          "unifications": 125921,
          "tvalue_attempts": 7862,
          "tsolves": 9602,
          "used_delta": 10733,
          "excluded_delta": 12132,
          "calculated_delta": 995,
          "causes_delta": 11382,
          "hypothesis_delta": 3438,
          "action_transitions": 476,
          "without_tvalue_attempts_with_state_change": 8076,
          "no_counted_change": 42161
        }
      },
      "by_order": {
        "ascending": {
          "rules": 78187,
          "cpu_ns": 2184662018,
          "rotations": 437445,
          "pairs": 800123,
          "unifications": 184093,
          "tvalue_attempts": 9354,
          "tsolves": 1019,
          "used_delta": 6052,
          "excluded_delta": 180,
          "calculated_delta": 844,
          "causes_delta": 183,
          "hypothesis_delta": 663,
          "action_transitions": 31,
          "without_tvalue_attempts_with_state_change": 3508,
          "no_counted_change": 72034
        },
        "descending": {
          "rules": 78187,
          "cpu_ns": 2288293343,
          "rotations": 420656,
          "pairs": 799081,
          "unifications": 183714,
          "tvalue_attempts": 10653,
          "tsolves": 28160,
          "used_delta": 24437,
          "excluded_delta": 36472,
          "calculated_delta": 2356,
          "causes_delta": 34226,
          "hypothesis_delta": 10053,
          "action_transitions": 1293,
          "without_tvalue_attempts_with_state_change": 20502,
          "no_counted_change": 54523
        }
      },
      "later_shares": {
        "cpu_ns": 0.9873815534820403,
        "rules": 0.9808280148873854,
        "rotations": 0.9852068695876126,
        "unifications": 0.9982055806441965
      },
      "without_tvalue_attempts_with_state_change_share": 0.15354214895059282,
      "no_counted_change_share": 0.8093225216468211
    }
  }
}
FRONTIER_ANALYSIS_OK snapshots=9 source_oracles=2 witnesses=62
