Testing: set_08_02
Timing: 2.694 sec
set_08_02	2.694 sec
Success: 1
  Fails: 0
SET08_SAMPLE_OK 0
Testing: set_08_02
Timing: 1.501 sec
set_08_02	1.501 sec
Success: 1
  Fails: 0
SET08_SAMPLE_OK 1
Testing: set_08_02
Timing: 1.499 sec
set_08_02	1.499 sec
Success: 1
  Fails: 0
SET08_SAMPLE_OK 2
Testing: set_08_02
Timing: 1.136 sec
set_08_02	1.136 sec
Success: 1
  Fails: 0
SET08_SAMPLE_OK 3
Testing: set_08_02
Timing: 0.958 sec
set_08_02	0.958 sec
Success: 1
  Fails: 0
SET08_SAMPLE_OK 4
Testing: set_08_02
Timing: 0.91 sec
set_08_02	0.91 sec
Success: 1
  Fails: 0
SET08_SAMPLE_OK 5
Testing: set_08_02
Timing: 1.04 sec
set_08_02	1.04 sec
Success: 1
  Fails: 0
SET08_SAMPLE_OK 6
Testing: set_08_02
Timing: 0.851 sec
set_08_02	0.851 sec
Success: 1
  Fails: 0
SET08_SAMPLE_OK 7
Testing: set_08_02
Timing: 0.856 sec
set_08_02	0.856 sec
Success: 1
  Fails: 0
SET08_SAMPLE_OK 8
Testing: set_08_02
Timing: 0.899 sec
set_08_02	0.899 sec
Success: 1
  Fails: 0
SET08_SAMPLE_OK 9
Testing: set_08_02
Timing: 0.865 sec
set_08_02	0.865 sec
Success: 1
  Fails: 0
SET08_SAMPLE_OK 10
Testing: set_08_02
Timing: 1.138 sec
set_08_02	1.138 sec
Success: 1
  Fails: 0
SET08_SAMPLE_OK 11
SET08_PROFILE_OK samples=12
