COMPILE_NS 482743852
SAMPLE 0 query_ns=299303591 optimize_ns=8351888522 optimize_cpu_ns=8161614722 optimize_allocated_bytes=5047213672 raw=18 optimized=6 solutions=0 values=0
RAW [!daughter(Tom,John);, !daughter(Tom,Mary);, !female(Tom);, !male(Tom);, !sibling(Sarah,Sarah);, !sibling(Tom,Tom);, !son(Tom,John);, !son(Tom,Mary);, ?daughter(Tom,John);, ?daughter(Tom,Mary);, ?divorced(John,Mary);, ?divorced(Mary,John);, ?female(Tom);, ?male(Tom);, ?son(Tom,John);, ?son(Tom,Mary);, ?spouse(John,Mary);, ?spouse(Mary,John);]
OPTIMIZED [!$x father(x,John);, !$x mother(x,John);, !$x parent(x,John);, !$y child(John,y);, ?$y child(John,y);, ?$y son(John,y);]
POST_OPTIMIZE_LAST_LINKER_STATS passes=6 rules=1292 rotations=6824 pairs=13281 unifications=3080
SAMPLE 1 query_ns=134259238 optimize_ns=6891081844 optimize_cpu_ns=6701066467 optimize_allocated_bytes=4917798504 raw=18 optimized=6 solutions=0 values=0
RAW [!daughter(Tom,John);, !daughter(Tom,Mary);, !female(Tom);, !male(Tom);, !sibling(Sarah,Sarah);, !sibling(Tom,Tom);, !son(Tom,John);, !son(Tom,Mary);, ?daughter(Tom,John);, ?daughter(Tom,Mary);, ?divorced(John,Mary);, ?divorced(Mary,John);, ?female(Tom);, ?male(Tom);, ?son(Tom,John);, ?son(Tom,Mary);, ?spouse(John,Mary);, ?spouse(Mary,John);]
OPTIMIZED [!$x father(x,John);, !$x mother(x,John);, !$x parent(x,John);, !$y child(John,y);, ?$y child(John,y);, ?$y son(John,y);]
POST_OPTIMIZE_LAST_LINKER_STATS passes=6 rules=1292 rotations=6824 pairs=13281 unifications=3080
SAMPLE 2 query_ns=103782677 optimize_ns=6015623663 optimize_cpu_ns=5875235007 optimize_allocated_bytes=4916894984 raw=18 optimized=6 solutions=0 values=0
RAW [!daughter(Tom,John);, !daughter(Tom,Mary);, !female(Tom);, !male(Tom);, !sibling(Sarah,Sarah);, !sibling(Tom,Tom);, !son(Tom,John);, !son(Tom,Mary);, ?daughter(Tom,John);, ?daughter(Tom,Mary);, ?divorced(John,Mary);, ?divorced(Mary,John);, ?female(Tom);, ?male(Tom);, ?son(Tom,John);, ?son(Tom,Mary);, ?spouse(John,Mary);, ?spouse(Mary,John);]
OPTIMIZED [!$x father(x,John);, !$x mother(x,John);, !$x parent(x,John);, !$y child(John,y);, ?$y child(John,y);, ?$y son(John,y);]
POST_OPTIMIZE_LAST_LINKER_STATS passes=6 rules=1292 rotations=6824 pairs=13281 unifications=3080
SAMPLE 3 query_ns=109371223 optimize_ns=5823136665 optimize_cpu_ns=5685745522 optimize_allocated_bytes=4916310256 raw=18 optimized=6 solutions=0 values=0
RAW [!daughter(Tom,John);, !daughter(Tom,Mary);, !female(Tom);, !male(Tom);, !sibling(Sarah,Sarah);, !sibling(Tom,Tom);, !son(Tom,John);, !son(Tom,Mary);, ?daughter(Tom,John);, ?daughter(Tom,Mary);, ?divorced(John,Mary);, ?divorced(Mary,John);, ?female(Tom);, ?male(Tom);, ?son(Tom,John);, ?son(Tom,Mary);, ?spouse(John,Mary);, ?spouse(Mary,John);]
OPTIMIZED [!$x father(x,John);, !$x mother(x,John);, !$x parent(x,John);, !$y child(John,y);, ?$y child(John,y);, ?$y son(John,y);]
POST_OPTIMIZE_LAST_LINKER_STATS passes=6 rules=1292 rotations=6824 pairs=13281 unifications=3080
SAMPLE 4 query_ns=97710640 optimize_ns=5813198440 optimize_cpu_ns=5670430405 optimize_allocated_bytes=4915926928 raw=18 optimized=6 solutions=0 values=0
RAW [!daughter(Tom,John);, !daughter(Tom,Mary);, !female(Tom);, !male(Tom);, !sibling(Sarah,Sarah);, !sibling(Tom,Tom);, !son(Tom,John);, !son(Tom,Mary);, ?daughter(Tom,John);, ?daughter(Tom,Mary);, ?divorced(John,Mary);, ?divorced(Mary,John);, ?female(Tom);, ?male(Tom);, ?son(Tom,John);, ?son(Tom,Mary);, ?spouse(John,Mary);, ?spouse(Mary,John);]
OPTIMIZED [!$x father(x,John);, !$x mother(x,John);, !$x parent(x,John);, !$y child(John,y);, ?$y child(John,y);, ?$y son(John,y);]
POST_OPTIMIZE_LAST_LINKER_STATS passes=6 rules=1292 rotations=6824 pairs=13281 unifications=3080
SAMPLE 5 query_ns=90263887 optimize_ns=5478154385 optimize_cpu_ns=5358424420 optimize_allocated_bytes=4915886448 raw=18 optimized=6 solutions=0 values=0
RAW [!daughter(Tom,John);, !daughter(Tom,Mary);, !female(Tom);, !male(Tom);, !sibling(Sarah,Sarah);, !sibling(Tom,Tom);, !son(Tom,John);, !son(Tom,Mary);, ?daughter(Tom,John);, ?daughter(Tom,Mary);, ?divorced(John,Mary);, ?divorced(Mary,John);, ?female(Tom);, ?male(Tom);, ?son(Tom,John);, ?son(Tom,Mary);, ?spouse(John,Mary);, ?spouse(Mary,John);]
OPTIMIZED [!$x father(x,John);, !$x mother(x,John);, !$x parent(x,John);, !$y child(John,y);, ?$y child(John,y);, ?$y son(John,y);]
POST_OPTIMIZE_LAST_LINKER_STATS passes=6 rules=1292 rotations=6824 pairs=13281 unifications=3080
