START 0 order-on-capture
DONE 0 order-on-capture
START 1 order-on-capture-clean-replay
DONE 1 order-on-capture-clean-replay
START 2 order-off-capture
DONE 2 order-off-capture
START 3 order-off-capture-clean-replay
DONE 3 order-off-capture-clean-replay
START 4 order-verify-capture
DONE 4 order-verify-capture
START 5 order-verify-capture-clean-replay
DONE 5 order-verify-capture-clean-replay
START 6 order-on-repeat-capture
DONE 6 order-on-repeat-capture
START 7 order-on-repeat-capture-clean-replay
DONE 7 order-on-repeat-capture-clean-replay
START 8 shadow-on-capture
DONE 8 shadow-on-capture
START 9 shadow-on-capture-clean-replay
DONE 9 shadow-on-capture-clean-replay
START 10 shadow-off-capture
DONE 10 shadow-off-capture
START 11 shadow-off-capture-clean-replay
DONE 11 shadow-off-capture-clean-replay
START 12 shadow-verify-capture
DONE 12 shadow-verify-capture
START 13 shadow-verify-capture-clean-replay
DONE 13 shadow-verify-capture-clean-replay
START 14 shadow-on-repeat-capture
DONE 14 shadow-on-repeat-capture
START 15 shadow-on-repeat-capture-clean-replay
DONE 15 shadow-on-repeat-capture-clean-replay
START 16 shadow-on-TValueDirtyJournalSafetyRunner
DONE 16 shadow-on-TValueDirtyJournalSafetyRunner
START 17 order-on-KangerMindCommitExceptionAtomicitySafetyRunner
DONE 17 order-on-KangerMindCommitExceptionAtomicitySafetyRunner
START 18 shadow-off-TValueDirtyJournalSafetyRunner
DONE 18 shadow-off-TValueDirtyJournalSafetyRunner
START 19 order-off-KangerMindCommitExceptionAtomicitySafetyRunner
DONE 19 order-off-KangerMindCommitExceptionAtomicitySafetyRunner
START 20 shadow-verify-TValueDirtyJournalSafetyRunner
DONE 20 shadow-verify-TValueDirtyJournalSafetyRunner
START 21 order-verify-KangerMindCommitExceptionAtomicitySafetyRunner
DONE 21 order-verify-KangerMindCommitExceptionAtomicitySafetyRunner
START 22 order-on-ExactCandidateReplayRunner
DONE 22 order-on-ExactCandidateReplayRunner
START 23 order-on-LatentSolveSyncTransactionRunner
DONE 23 order-on-LatentSolveSyncTransactionRunner
START 24 shadow-on-ExactCandidateReplayRunner
DONE 24 shadow-on-ExactCandidateReplayRunner
START 25 shadow-on-LatentSolveSyncTransactionRunner
DONE 25 shadow-on-LatentSolveSyncTransactionRunner
EXPECTED_NATIVE_ORDER_REJECTION_OK
