BENCH_COMPILE symmetric-edges-50 -1
LINK_INVOCATION completed=true pass=ACCEPT stages=[10403806, 104316549, 1085396, 46812169, 44730175, 8688238, 279669471, 1319131, 1092236, 1825533, 228072548, 163613810, 49458937, 14968556] resolved=[0, 0, 0, 0, 0, 0, 0, 0, 0, 0, 0, 0] sync=[26316, 26316, 0, 0] syncWork=[0, 0, 0, 0, 0, 0, 0, 0]
BENCH_QUERY symmetric-edges-50 -1
LINK_INVOCATION completed=true pass=CHECKFALSE stages=[1612, 5608, 2334, 58156, 1442, 0, 272483, 127139, 9574, 6460, 97545, 93408, 0, 0] resolved=[0, 0, 0, 0, 0, 0, 0, 0, 0, 0, 0, 0] sync=[0, 0, 0, 0] syncWork=[0, 0, 0, 0, 0, 0, 0, 0]
LINK_INVOCATION completed=true pass=CHECKTRUE stages=[55946473, 235931848, 2541545, 74206929, 25182615, 47885287, 515593908, 1680037, 1065858, 3822422, 482657845, 369941518, 79374961, 23772254] resolved=[0, 0, 0, 0, 0, 0, 0, 0, 0, 0, 0, 0] sync=[39780, 39780, 0, 0] syncWork=[0, 0, 0, 0, 0, 0, 0, 0]
BENCH_END symmetric-edges-50 -1
BENCH_COMPILE symmetric-edges-50 0
LINK_INVOCATION completed=true pass=ACCEPT stages=[3516602, 58628733, 440809, 23690836, 18372517, 2963903, 194786154, 389155, 644494, 2373630, 171783701, 86540913, 72452311, 14765142] resolved=[0, 0, 0, 0, 0, 0, 0, 0, 0, 0, 0, 0] sync=[26316, 26316, 0, 0] syncWork=[0, 0, 0, 0, 0, 0, 0, 0]
BENCH_QUERY symmetric-edges-50 0
LINK_INVOCATION completed=true pass=CHECKFALSE stages=[1192, 4046, 2133, 19349, 1162, 0, 212635, 135561, 10756, 6049, 31156, 27470, 0, 0] resolved=[0, 0, 0, 0, 0, 0, 0, 0, 0, 0, 0, 0] sync=[0, 0, 0, 0] syncWork=[0, 0, 0, 0, 0, 0, 0, 0]
LINK_INVOCATION completed=true pass=CHECKTRUE stages=[76392283, 259622671, 1925713, 51961658, 10641863, 69088506, 475926888, 1269819, 1056312, 2037459, 459900622, 391094849, 26906819, 11007143] resolved=[0, 0, 0, 0, 0, 0, 0, 0, 0, 0, 0, 0] sync=[39780, 39780, 0, 0] syncWork=[0, 0, 0, 0, 0, 0, 0, 0]
BENCH_END symmetric-edges-50 0
BENCH_COMPILE symmetric-edges-50 1
LINK_INVOCATION completed=true pass=ACCEPT stages=[1782237, 21575760, 266966, 14791772, 10742220, 1581050, 66834608, 812237, 405562, 714673, 53399156, 38642047, 10369426, 3817257] resolved=[0, 0, 0, 0, 0, 0, 0, 0, 0, 0, 0, 0] sync=[26316, 26316, 0, 0] syncWork=[0, 0, 0, 0, 0, 0, 0, 0]
BENCH_QUERY symmetric-edges-50 1
LINK_INVOCATION completed=true pass=CHECKFALSE stages=[422, 1852, 731, 7562, 582, 0, 108070, 64786, 6159, 2924, 13239, 10917, 0, 0] resolved=[0, 0, 0, 0, 0, 0, 0, 0, 0, 0, 0, 0] sync=[0, 0, 0, 0] syncWork=[0, 0, 0, 0, 0, 0, 0, 0]
LINK_INVOCATION completed=true pass=CHECKTRUE stages=[33532383, 123167532, 768106, 38343793, 12411954, 30397994, 253927035, 1141449, 788298, 1463471, 237351202, 196910493, 17999827, 7974910] resolved=[0, 0, 0, 0, 0, 0, 0, 0, 0, 0, 0, 0] sync=[39780, 39780, 0, 0] syncWork=[0, 0, 0, 0, 0, 0, 0, 0]
BENCH_END symmetric-edges-50 1
BENCH_COMPILE symmetric-edges-50 2
LINK_INVOCATION completed=true pass=ACCEPT stages=[2241247, 38229889, 208251, 16602982, 12910079, 1908319, 95786461, 554911, 714177, 1310657, 79076721, 57543752, 15717407, 5754506] resolved=[0, 0, 0, 0, 0, 0, 0, 0, 0, 0, 0, 0] sync=[26316, 26316, 0, 0] syncWork=[0, 0, 0, 0, 0, 0, 0, 0]
BENCH_QUERY symmetric-edges-50 2
LINK_INVOCATION completed=true pass=CHECKFALSE stages=[140, 3866, 430, 12960, 1043, 0, 3670430, 3583131, 15223, 6700, 31456, 17666, 0, 0] resolved=[0, 0, 0, 0, 0, 0, 0, 0, 0, 0, 0, 0] sync=[0, 0, 0, 0] syncWork=[0, 0, 0, 0, 0, 0, 0, 0]
LINK_INVOCATION completed=true pass=CHECKTRUE stages=[43384414, 148515200, 446747, 38212626, 16056403, 39448368, 301081036, 1218052, 947370, 2172841, 279609446, 231663697, 23684720, 10355055] resolved=[0, 0, 0, 0, 0, 0, 0, 0, 0, 0, 0, 0] sync=[39780, 39780, 0, 0] syncWork=[0, 0, 0, 0, 0, 0, 0, 0]
BENCH_END symmetric-edges-50 2
BENCH_COMPLETE symmetric-edges-50
BENCH_COMPILE symmetric-edges-100 -1
LINK_INVOCATION completed=true pass=ACCEPT stages=[3395898, 108985452, 167262, 53662723, 28781010, 3046784, 267732427, 799642, 981381, 1965737, 233538757, 166640742, 51791561, 18132669] resolved=[0, 0, 0, 0, 0, 0, 0, 0, 0, 0, 0, 0] sync=[102616, 102616, 0, 0] syncWork=[0, 0, 0, 0, 0, 0, 0, 0]
BENCH_QUERY symmetric-edges-100 -1
LINK_INVOCATION completed=true pass=CHECKFALSE stages=[401, 1352, 431, 10345, 1081, 0, 201398, 142501, 11338, 5658, 14733, 12809, 0, 0] resolved=[0, 0, 0, 0, 0, 0, 0, 0, 0, 0, 0, 0] sync=[0, 0, 0, 0] syncWork=[0, 0, 0, 0, 0, 0, 0, 0]
LINK_INVOCATION completed=true pass=CHECKTRUE stages=[115189175, 417028420, 1330960, 113621860, 17631443, 101713545, 827161098, 2099687, 1739305, 4343866, 798908763, 650482659, 79075971, 36116455] resolved=[0, 0, 0, 0, 0, 0, 0, 0, 0, 0, 0, 0] sync=[154530, 154530, 0, 0] syncWork=[0, 0, 0, 0, 0, 0, 0, 0]
BENCH_END symmetric-edges-100 -1
BENCH_COMPILE symmetric-edges-100 0
LINK_INVOCATION completed=true pass=ACCEPT stages=[2546970, 85955204, 154462, 45953143, 20084571, 2216698, 223578355, 664823, 922606, 1807971, 198295965, 135378102, 48693935, 16828191] resolved=[0, 0, 0, 0, 0, 0, 0, 0, 0, 0, 0, 0] sync=[102616, 102616, 0, 0] syncWork=[0, 0, 0, 0, 0, 0, 0, 0]
BENCH_QUERY symmetric-edges-100 0
LINK_INVOCATION completed=true pass=CHECKFALSE stages=[390, 1032, 300, 7500, 651, 0, 196741, 146537, 9784, 4427, 11257, 9484, 0, 0] resolved=[0, 0, 0, 0, 0, 0, 0, 0, 0, 0, 0, 0] sync=[0, 0, 0, 0] syncWork=[0, 0, 0, 0, 0, 0, 0, 0]
LINK_INVOCATION completed=true pass=CHECKTRUE stages=[114043839, 399595348, 1070735, 114405205, 21051552, 102232434, 818518646, 2137853, 1892891, 1745066, 790434918, 632577791, 75923611, 32199742] resolved=[0, 0, 0, 0, 0, 0, 0, 0, 0, 0, 0, 0] sync=[154530, 154530, 0, 0] syncWork=[0, 0, 0, 0, 0, 0, 0, 0]
BENCH_END symmetric-edges-100 0
BENCH_COMPILE symmetric-edges-100 1
LINK_INVOCATION completed=true pass=ACCEPT stages=[2435989, 95878469, 298400, 44608933, 24627852, 2126623, 237110806, 812252, 1147769, 718336, 208659409, 143645969, 50005053, 18639210] resolved=[0, 0, 0, 0, 0, 0, 0, 0, 0, 0, 0, 0] sync=[102616, 102616, 0, 0] syncWork=[0, 0, 0, 0, 0, 0, 0, 0]
BENCH_QUERY symmetric-edges-100 1
LINK_INVOCATION completed=true pass=CHECKFALSE stages=[210, 611, 180, 7161, 1943, 0, 227927, 156551, 7511, 1262, 8943, 8432, 0, 0] resolved=[0, 0, 0, 0, 0, 0, 0, 0, 0, 0, 0, 0] sync=[0, 0, 0, 0] syncWork=[0, 0, 0, 0, 0, 0, 0, 0]
LINK_INVOCATION completed=true pass=CHECKTRUE stages=[106272202, 345410225, 915622, 91753903, 11560801, 95017397, 701563290, 1565636, 1338340, 1257434, 684776985, 547574340, 66421875, 28557326] resolved=[0, 0, 0, 0, 0, 0, 0, 0, 0, 0, 0, 0] sync=[154530, 154530, 0, 0] syncWork=[0, 0, 0, 0, 0, 0, 0, 0]
BENCH_END symmetric-edges-100 1
BENCH_COMPILE symmetric-edges-100 2
LINK_INVOCATION completed=true pass=ACCEPT stages=[1944541, 75014945, 135152, 32960227, 12249958, 1689924, 177143173, 535272, 411038, 512642, 162647119, 110467462, 40733125, 14697354] resolved=[0, 0, 0, 0, 0, 0, 0, 0, 0, 0, 0, 0] sync=[102616, 102616, 0, 0] syncWork=[0, 0, 0, 0, 0, 0, 0, 0]
BENCH_QUERY symmetric-edges-100 2
LINK_INVOCATION completed=true pass=CHECKFALSE stages=[391, 861, 170, 5819, 251, 0, 146767, 108912, 3355, 2073, 8223, 7492, 0, 0] resolved=[0, 0, 0, 0, 0, 0, 0, 0, 0, 0, 0, 0] sync=[0, 0, 0, 0] syncWork=[0, 0, 0, 0, 0, 0, 0, 0]
LINK_INVOCATION completed=true pass=CHECKTRUE stages=[109149841, 356400318, 932947, 94224062, 16674086, 97216817, 741652172, 1744592, 564637, 1679207, 719726598, 563919080, 81315417, 39564548] resolved=[0, 0, 0, 0, 0, 0, 0, 0, 0, 0, 0, 0] sync=[154530, 154530, 0, 0] syncWork=[0, 0, 0, 0, 0, 0, 0, 0]
BENCH_END symmetric-edges-100 2
BENCH_COMPLETE symmetric-edges-100
