BENCH_COMPILE symmetric-edges-50 -1
LINK_INVOCATION completed=true pass=ACCEPT stages=[12491537, 91474670, 1362263, 43263790, 48427217, 10924341, 262975039, 1426522, 848295, 1756621, 208604156, 149364167, 45532728, 15370475] resolved=[0, 0, 0, 0, 0, 0, 0, 0, 0, 0, 0, 0] sync=[26316, 26316, 0, 0] syncWork=[0, 0, 0, 0, 0, 0, 0, 0]
BENCH_QUERY symmetric-edges-50 -1
LINK_INVOCATION completed=true pass=CHECKFALSE stages=[1423, 4195, 2574, 68983, 1292, 0, 292773, 163982, 10867, 6159, 82311, 78316, 0, 0] resolved=[0, 0, 0, 0, 0, 0, 0, 0, 0, 0, 0, 0] sync=[0, 0, 0, 0] syncWork=[0, 0, 0, 0, 0, 0, 0, 0]
LINK_INVOCATION completed=true pass=CHECKTRUE stages=[73767128, 271200184, 2999451, 76431133, 39772214, 61508898, 637863723, 1744282, 1071667, 2538992, 591505619, 425572631, 97418457, 30466754] resolved=[0, 0, 0, 0, 0, 0, 0, 0, 0, 0, 0, 0] sync=[39780, 39780, 0, 0] syncWork=[0, 0, 0, 0, 0, 0, 0, 0]
BENCH_END symmetric-edges-50 -1
BENCH_COMPILE symmetric-edges-50 0
LINK_INVOCATION completed=true pass=ACCEPT stages=[2371683, 27434485, 363227, 21572211, 14313408, 2027821, 122362315, 497365, 520501, 898198, 105189907, 51968840, 43181150, 22804637] resolved=[0, 0, 0, 0, 0, 0, 0, 0, 0, 0, 0, 0] sync=[26316, 26316, 0, 0] syncWork=[0, 0, 0, 0, 0, 0, 0, 0]
BENCH_QUERY symmetric-edges-50 0
LINK_INVOCATION completed=true pass=CHECKFALSE stages=[1042, 3204, 1432, 13841, 811, 0, 159466, 98055, 9013, 5098, 22954, 20201, 0, 0] resolved=[0, 0, 0, 0, 0, 0, 0, 0, 0, 0, 0, 0] sync=[0, 0, 0, 0] syncWork=[0, 0, 0, 0, 0, 0, 0, 0]
LINK_INVOCATION completed=true pass=CHECKTRUE stages=[50231141, 170126819, 1515418, 44106209, 13964965, 42672229, 340944653, 1325281, 996315, 2157703, 320817625, 267122948, 28561852, 9123052] resolved=[0, 0, 0, 0, 0, 0, 0, 0, 0, 0, 0, 0] sync=[39780, 39780, 0, 0] syncWork=[0, 0, 0, 0, 0, 0, 0, 0]
BENCH_END symmetric-edges-50 0
BENCH_COMPILE symmetric-edges-50 1
LINK_INVOCATION completed=true pass=ACCEPT stages=[2053498, 24980532, 200950, 18363079, 15749091, 1718644, 81379326, 431659, 593728, 963791, 62629236, 45828230, 12432719, 4618304] resolved=[0, 0, 0, 0, 0, 0, 0, 0, 0, 0, 0, 0] sync=[26316, 26316, 0, 0] syncWork=[0, 0, 0, 0, 0, 0, 0, 0]
BENCH_QUERY symmetric-edges-50 1
LINK_INVOCATION completed=true pass=CHECKFALSE stages=[1021, 2704, 632, 10054, 861, 0, 139686, 87910, 7992, 3916, 17657, 14872, 0, 0] resolved=[0, 0, 0, 0, 0, 0, 0, 0, 0, 0, 0, 0] sync=[0, 0, 0, 0] syncWork=[0, 0, 0, 0, 0, 0, 0, 0]
LINK_INVOCATION completed=true pass=CHECKTRUE stages=[35280505, 101850967, 592989, 31834118, 10649068, 32042094, 224739467, 941914, 1111665, 1820199, 209297338, 170582703, 22464118, 11439674] resolved=[0, 0, 0, 0, 0, 0, 0, 0, 0, 0, 0, 0] sync=[39780, 39780, 0, 0] syncWork=[0, 0, 0, 0, 0, 0, 0, 0]
BENCH_END symmetric-edges-50 1
BENCH_COMPILE symmetric-edges-50 2
LINK_INVOCATION completed=true pass=ACCEPT stages=[1149946, 19920288, 85895, 13061379, 10959981, 1029915, 63113992, 388483, 769070, 950284, 49076980, 34421586, 10908809, 4124837] resolved=[0, 0, 0, 0, 0, 0, 0, 0, 0, 0, 0, 0] sync=[26316, 26316, 0, 0] syncWork=[0, 0, 0, 0, 0, 0, 0, 0]
BENCH_QUERY symmetric-edges-50 2
LINK_INVOCATION completed=true pass=CHECKFALSE stages=[501, 2694, 80, 6250, 952, 0, 117163, 66238, 8232, 4476, 11236, 9775, 0, 0] resolved=[0, 0, 0, 0, 0, 0, 0, 0, 0, 0, 0, 0] sync=[0, 0, 0, 0] syncWork=[0, 0, 0, 0, 0, 0, 0, 0]
LINK_INVOCATION completed=true pass=CHECKTRUE stages=[28844839, 103690685, 273362, 27810106, 10352531, 25862149, 211890467, 977836, 1035121, 1915286, 196710044, 161595061, 19977309, 8133420] resolved=[0, 0, 0, 0, 0, 0, 0, 0, 0, 0, 0, 0] sync=[39780, 39780, 0, 0] syncWork=[0, 0, 0, 0, 0, 0, 0, 0]
BENCH_END symmetric-edges-50 2
BENCH_COMPLETE symmetric-edges-50
BENCH_COMPILE symmetric-edges-100 -1
LINK_INVOCATION completed=true pass=ACCEPT stages=[2849210, 79005539, 161348, 46524586, 31171023, 2554032, 230406657, 738293, 912760, 1933490, 194061289, 128959520, 49190537, 18191447] resolved=[0, 0, 0, 0, 0, 0, 0, 0, 0, 0, 0, 0] sync=[102616, 102616, 0, 0] syncWork=[0, 0, 0, 0, 0, 0, 0, 0]
BENCH_QUERY symmetric-edges-100 -1
LINK_INVOCATION completed=true pass=CHECKFALSE stages=[330, 3275, 90, 17506, 951, 0, 422115, 355747, 10786, 5909, 23655, 21642, 0, 0] resolved=[0, 0, 0, 0, 0, 0, 0, 0, 0, 0, 0, 0] sync=[0, 0, 0, 0] syncWork=[0, 0, 0, 0, 0, 0, 0, 0]
LINK_INVOCATION completed=true pass=CHECKTRUE stages=[109988168, 375052503, 877403, 100465067, 17635780, 98375090, 753057879, 2183068, 1559238, 3611078, 726183548, 589656272, 74605019, 31596650] resolved=[0, 0, 0, 0, 0, 0, 0, 0, 0, 0, 0, 0] sync=[154530, 154530, 0, 0] syncWork=[0, 0, 0, 0, 0, 0, 0, 0]
BENCH_END symmetric-edges-100 -1
BENCH_COMPILE symmetric-edges-100 0
LINK_INVOCATION completed=true pass=ACCEPT stages=[2236109, 60203159, 139690, 39948361, 16277610, 1934527, 184396585, 704992, 914774, 1695915, 163329121, 103058686, 43668620, 16728297] resolved=[0, 0, 0, 0, 0, 0, 0, 0, 0, 0, 0, 0] sync=[102616, 102616, 0, 0] syncWork=[0, 0, 0, 0, 0, 0, 0, 0]
BENCH_QUERY symmetric-edges-100 0
LINK_INVOCATION completed=true pass=CHECKFALSE stages=[261, 1041, 90, 6520, 640, 0, 151113, 105576, 8313, 3846, 9714, 8153, 0, 0] resolved=[0, 0, 0, 0, 0, 0, 0, 0, 0, 0, 0, 0] sync=[0, 0, 0, 0] syncWork=[0, 0, 0, 0, 0, 0, 0, 0]
LINK_INVOCATION completed=true pass=CHECKTRUE stages=[99220484, 291028878, 910268, 95350511, 12668199, 87271955, 634096558, 1661600, 1616672, 1548642, 615639327, 489706643, 70579689, 32268090] resolved=[0, 0, 0, 0, 0, 0, 0, 0, 0, 0, 0, 0] sync=[154530, 154530, 0, 0] syncWork=[0, 0, 0, 0, 0, 0, 0, 0]
BENCH_END symmetric-edges-100 0
BENCH_COMPILE symmetric-edges-100 1
LINK_INVOCATION completed=true pass=ACCEPT stages=[2654900, 78551989, 178910, 45496784, 24504381, 2332416, 230268823, 630553, 1222378, 882552, 201941775, 127318368, 57542444, 19891437] resolved=[0, 0, 0, 0, 0, 0, 0, 0, 0, 0, 0, 0] sync=[102616, 102616, 0, 0] syncWork=[0, 0, 0, 0, 0, 0, 0, 0]
BENCH_QUERY symmetric-edges-100 1
LINK_INVOCATION completed=true pass=CHECKFALSE stages=[120, 601, 210, 4717, 230, 0, 161569, 127810, 6419, 741, 6350, 5878, 0, 0] resolved=[0, 0, 0, 0, 0, 0, 0, 0, 0, 0, 0, 0] sync=[0, 0, 0, 0] syncWork=[0, 0, 0, 0, 0, 0, 0, 0]
LINK_INVOCATION completed=true pass=CHECKTRUE stages=[100860195, 284123034, 1168122, 89645612, 11784889, 90682686, 617111085, 1472018, 1176892, 1462817, 600300016, 479090851, 67484275, 30471784] resolved=[0, 0, 0, 0, 0, 0, 0, 0, 0, 0, 0, 0] sync=[154530, 154530, 0, 0] syncWork=[0, 0, 0, 0, 0, 0, 0, 0]
BENCH_END symmetric-edges-100 1
BENCH_COMPILE symmetric-edges-100 2
LINK_INVOCATION completed=true pass=ACCEPT stages=[1800790, 62827207, 130863, 30127242, 11686923, 1574562, 162734912, 519008, 395996, 593204, 148831223, 95297097, 42086808, 16046337] resolved=[0, 0, 0, 0, 0, 0, 0, 0, 0, 0, 0, 0] sync=[102616, 102616, 0, 0] syncWork=[0, 0, 0, 0, 0, 0, 0, 0]
BENCH_QUERY symmetric-edges-100 2
LINK_INVOCATION completed=true pass=CHECKFALSE stages=[121, 631, 80, 5096, 240, 0, 141840, 108621, 3265, 1022, 6541, 6170, 0, 0] resolved=[0, 0, 0, 0, 0, 0, 0, 0, 0, 0, 0, 0] sync=[0, 0, 0, 0] syncWork=[0, 0, 0, 0, 0, 0, 0, 0]
LINK_INVOCATION completed=true pass=CHECKTRUE stages=[103923929, 312227512, 910092, 88294802, 11382288, 93214846, 667079271, 1427412, 596591, 1648423, 650848360, 508578901, 78114236, 29862399] resolved=[0, 0, 0, 0, 0, 0, 0, 0, 0, 0, 0, 0] sync=[154530, 154530, 0, 0] syncWork=[0, 0, 0, 0, 0, 0, 0, 0]
BENCH_END symmetric-edges-100 2
BENCH_COMPLETE symmetric-edges-100
