COMPILE_NS 385169833
ALPHA_EVENT 0 argumentPositions 109187
ALPHA_EVENT 0 bijectionMismatch 1
ALPHA_EVENT 0 calls 11793
ALPHA_EVENT 0 cvarKindMismatch 32342
ALPHA_EVENT 0 eligible 11648
ALPHA_EVENT 0 flagsRejected 33955
ALPHA_EVENT 0 gateRejected 145
ALPHA_EVENT 0 hit 9828
ALPHA_EVENT 0 miss 1820
ALPHA_EVENT 0 shapeAccepted 94548
ALPHA_EVENT 0 shapeCalls 795590
ALPHA_EVENT 0 termMismatch 52377
ALPHA_EVENT 0 visits 829545
ALPHA_TEST 0 arityMismatch false=94548 true=0
ALPHA_TEST 0 candidateQuery false=795590 true=6341
ALPHA_TEST 0 notStored false=801931 true=27614
ALPHA_TEST 0 polarityMismatch false=641664 true=153926
ALPHA_TEST 0 predicateMismatch false=94548 true=547116
ALPHA_TEST 0 sourceContainsCVar false=122 true=11648
ALPHA_TEST 0 sourceQuery false=11770 true=23
ALPHA_HIST 0 gateRejected:0 145
ALPHA_HIST 0 hit:1 91
ALPHA_HIST 0 hit:10 77
ALPHA_HIST 0 hit:100 27
ALPHA_HIST 0 hit:101 51
ALPHA_HIST 0 hit:102 5
ALPHA_HIST 0 hit:103 7
ALPHA_HIST 0 hit:105 1
ALPHA_HIST 0 hit:106 1
ALPHA_HIST 0 hit:107 9
ALPHA_HIST 0 hit:108 11
ALPHA_HIST 0 hit:109 15
ALPHA_HIST 0 hit:11 51
ALPHA_HIST 0 hit:110 9
ALPHA_HIST 0 hit:111 38
ALPHA_HIST 0 hit:112 14
ALPHA_HIST 0 hit:113 20
ALPHA_HIST 0 hit:114 10
ALPHA_HIST 0 hit:118 3
ALPHA_HIST 0 hit:12 67
ALPHA_HIST 0 hit:13 68
ALPHA_HIST 0 hit:131 3
ALPHA_HIST 0 hit:132 3
ALPHA_HIST 0 hit:136 3
ALPHA_HIST 0 hit:137 3
ALPHA_HIST 0 hit:138 3
ALPHA_HIST 0 hit:139 3
ALPHA_HIST 0 hit:14 65
ALPHA_HIST 0 hit:141 3
ALPHA_HIST 0 hit:146 3
ALPHA_HIST 0 hit:147 6
ALPHA_HIST 0 hit:148 18
ALPHA_HIST 0 hit:149 21
ALPHA_HIST 0 hit:15 65
ALPHA_HIST 0 hit:157 3
ALPHA_HIST 0 hit:159 18
ALPHA_HIST 0 hit:16 45
ALPHA_HIST 0 hit:17 52
ALPHA_HIST 0 hit:18 57
ALPHA_HIST 0 hit:19 82
ALPHA_HIST 0 hit:2 19
ALPHA_HIST 0 hit:20 112
ALPHA_HIST 0 hit:21 94
ALPHA_HIST 0 hit:22 105
ALPHA_HIST 0 hit:23 47
ALPHA_HIST 0 hit:24 81
ALPHA_HIST 0 hit:25 114
ALPHA_HIST 0 hit:26 77
ALPHA_HIST 0 hit:27 45
ALPHA_HIST 0 hit:28 56
ALPHA_HIST 0 hit:29 46
ALPHA_HIST 0 hit:3 14
ALPHA_HIST 0 hit:30 68
ALPHA_HIST 0 hit:31 79
ALPHA_HIST 0 hit:32 68
ALPHA_HIST 0 hit:33 73
ALPHA_HIST 0 hit:34 61
ALPHA_HIST 0 hit:35 106
ALPHA_HIST 0 hit:36 97
ALPHA_HIST 0 hit:37 55
ALPHA_HIST 0 hit:38 65
ALPHA_HIST 0 hit:39 62
ALPHA_HIST 0 hit:4 13
ALPHA_HIST 0 hit:40 97
ALPHA_HIST 0 hit:41 134
ALPHA_HIST 0 hit:42 87
ALPHA_HIST 0 hit:43 105
ALPHA_HIST 0 hit:44 112
ALPHA_HIST 0 hit:45 125
ALPHA_HIST 0 hit:46 102
ALPHA_HIST 0 hit:47 102
ALPHA_HIST 0 hit:48 110
ALPHA_HIST 0 hit:49 128
ALPHA_HIST 0 hit:5 28
ALPHA_HIST 0 hit:50 150
ALPHA_HIST 0 hit:51 159
ALPHA_HIST 0 hit:52 68
ALPHA_HIST 0 hit:53 145
ALPHA_HIST 0 hit:54 176
ALPHA_HIST 0 hit:55 106
ALPHA_HIST 0 hit:56 70
ALPHA_HIST 0 hit:57 152
ALPHA_HIST 0 hit:58 175
ALPHA_HIST 0 hit:59 226
ALPHA_HIST 0 hit:6 22
ALPHA_HIST 0 hit:60 139
ALPHA_HIST 0 hit:61 175
ALPHA_HIST 0 hit:62 111
ALPHA_HIST 0 hit:63 100
ALPHA_HIST 0 hit:64 122
ALPHA_HIST 0 hit:65 195
ALPHA_HIST 0 hit:66 232
ALPHA_HIST 0 hit:67 152
ALPHA_HIST 0 hit:68 145
ALPHA_HIST 0 hit:69 219
ALPHA_HIST 0 hit:7 27
ALPHA_HIST 0 hit:70 83
ALPHA_HIST 0 hit:71 81
ALPHA_HIST 0 hit:72 141
ALPHA_HIST 0 hit:73 151
ALPHA_HIST 0 hit:74 137
ALPHA_HIST 0 hit:75 186
ALPHA_HIST 0 hit:76 214
ALPHA_HIST 0 hit:77 119
ALPHA_HIST 0 hit:78 122
ALPHA_HIST 0 hit:79 167
ALPHA_HIST 0 hit:8 75
ALPHA_HIST 0 hit:80 142
ALPHA_HIST 0 hit:81 112
ALPHA_HIST 0 hit:82 123
ALPHA_HIST 0 hit:83 157
ALPHA_HIST 0 hit:84 131
ALPHA_HIST 0 hit:85 141
ALPHA_HIST 0 hit:86 81
ALPHA_HIST 0 hit:87 63
ALPHA_HIST 0 hit:88 67
ALPHA_HIST 0 hit:89 40
ALPHA_HIST 0 hit:9 60
ALPHA_HIST 0 hit:90 67
ALPHA_HIST 0 hit:91 76
ALPHA_HIST 0 hit:92 58
ALPHA_HIST 0 hit:93 36
ALPHA_HIST 0 hit:94 63
ALPHA_HIST 0 hit:95 57
ALPHA_HIST 0 hit:96 17
ALPHA_HIST 0 hit:97 17
ALPHA_HIST 0 hit:98 15
ALPHA_HIST 0 hit:99 45
ALPHA_HIST 0 miss:129 25
ALPHA_HIST 0 miss:130 35
ALPHA_HIST 0 miss:131 43
ALPHA_HIST 0 miss:132 45
ALPHA_HIST 0 miss:133 40
ALPHA_HIST 0 miss:134 50
ALPHA_HIST 0 miss:135 42
ALPHA_HIST 0 miss:136 65
ALPHA_HIST 0 miss:137 61
ALPHA_HIST 0 miss:138 61
ALPHA_HIST 0 miss:139 57
ALPHA_HIST 0 miss:140 57
ALPHA_HIST 0 miss:141 60
ALPHA_HIST 0 miss:142 60
ALPHA_HIST 0 miss:143 58
ALPHA_HIST 0 miss:144 59
ALPHA_HIST 0 miss:145 47
ALPHA_HIST 0 miss:146 48
ALPHA_HIST 0 miss:147 48
ALPHA_HIST 0 miss:148 48
ALPHA_HIST 0 miss:149 48
ALPHA_HIST 0 miss:150 48
ALPHA_HIST 0 miss:151 48
ALPHA_HIST 0 miss:152 45
ALPHA_HIST 0 miss:153 42
ALPHA_HIST 0 miss:154 42
ALPHA_HIST 0 miss:155 41
ALPHA_HIST 0 miss:156 39
ALPHA_HIST 0 miss:157 39
ALPHA_HIST 0 miss:158 38
ALPHA_HIST 0 miss:159 35
ALPHA_HIST 0 miss:160 19
ALPHA_HIST 0 miss:161 14
ALPHA_HIST 0 miss:162 14
ALPHA_HIST 0 miss:163 18
ALPHA_HIST 0 miss:164 18
ALPHA_HIST 0 miss:165 18
ALPHA_HIST 0 miss:166 18
ALPHA_HIST 0 miss:167 14
ALPHA_HIST 0 miss:168 15
ALPHA_HIST 0 miss:169 15
ALPHA_HIST 0 miss:170 17
ALPHA_HIST 0 miss:171 17
ALPHA_HIST 0 miss:172 17
ALPHA_HIST 0 miss:173 16
ALPHA_HIST 0 miss:174 16
ALPHA_HIST 0 miss:175 16
ALPHA_HIST 0 miss:176 13
ALPHA_HIST 0 miss:177 12
ALPHA_HIST 0 miss:178 6
ALPHA_HIST 0 miss:179 2
ALPHA_HIST 0 miss:180 2
ALPHA_HIST 0 miss:181 2
ALPHA_HIST 0 miss:182 3
ALPHA_HIST 0 miss:183 3
ALPHA_HIST 0 miss:184 3
ALPHA_HIST 0 miss:185 1
ALPHA_HIST 0 miss:186 1
ALPHA_HIST 0 miss:187 1
ALPHA_HIST 0 miss:188 1
ALPHA_HIST 0 miss:189 1
ALPHA_HIST 0 miss:190 1
ALPHA_HIST 0 miss:191 1
ALPHA_HIST 0 miss:192 1
ALPHA_HIST 0 miss:193 1
ALPHA_HIST 0 miss:194 1
ALPHA_HIST 0 miss:195 1
ALPHA_HIST 0 miss:196 1
ALPHA_HIST 0 miss:197 1
ALPHA_HIST 0 miss:198 1
ALPHA_HIST 0 miss:199 1
ALPHA_HIST 0 miss:200 1
ALPHA_HIST 0 miss:201 1
ALPHA_HIST 0 miss:202 1
ALPHA_HIST 0 miss:204 1
ALPHA_HIST 0 miss:210 1
ALPHA_HIST 0 miss:215 1
ALPHA_HIST 0 miss:216 1
ALPHA_HIST 0 miss:217 1
ALPHA_HIST 0 miss:218 1
ALPHA_HIST 0 miss:219 1
ALPHA_HIST 0 miss:223 1
ALPHA_HIST 0 miss:224 1
ALPHA_HIST 0 miss:225 1
ALPHA_HIST 0 miss:226 1
ALPHA_HIST 0 miss:227 1
ALPHA_HIST 0 miss:228 1
ALPHA_HIST 0 miss:229 1
ALPHA_HIST 0 miss:230 1
ALPHA_HIST 0 miss:231 1
ALPHA_HIST 0 miss:235 1
ALPHA_HIST 0 miss:238 1
ALPHA_HIST 0 miss:241 1
ALPHA_HIST 0 miss:242 1
SAMPLE 0 query_ns=298429998 optimize_ns=6516923661 optimize_cpu_ns=6315397822 optimize_allocated_bytes=-1 raw=18 optimized=6 solutions=0 values=0
RAW [!daughter(Tom,John);, !daughter(Tom,Mary);, !female(Tom);, !male(Tom);, !sibling(Sarah,Sarah);, !sibling(Tom,Tom);, !son(Tom,John);, !son(Tom,Mary);, ?daughter(Tom,John);, ?daughter(Tom,Mary);, ?divorced(John,Mary);, ?divorced(Mary,John);, ?female(Tom);, ?male(Tom);, ?son(Tom,John);, ?son(Tom,Mary);, ?spouse(John,Mary);, ?spouse(Mary,John);]
OPTIMIZED [!$x father(x,John);, !$x mother(x,John);, !$x parent(x,John);, !$y child(John,y);, ?$y child(John,y);, ?$y son(John,y);]
POST_OPTIMIZE_LAST_LINKER_STATS passes=6 rules=1292 rotations=6824 pairs=13281 unifications=3080
ALPHA_EVENT 1 argumentPositions 109187
ALPHA_EVENT 1 bijectionMismatch 1
ALPHA_EVENT 1 calls 11793
ALPHA_EVENT 1 cvarKindMismatch 32342
ALPHA_EVENT 1 eligible 11648
ALPHA_EVENT 1 flagsRejected 33955
ALPHA_EVENT 1 gateRejected 145
ALPHA_EVENT 1 hit 9828
ALPHA_EVENT 1 miss 1820
ALPHA_EVENT 1 shapeAccepted 94548
ALPHA_EVENT 1 shapeCalls 795590
ALPHA_EVENT 1 termMismatch 52377
ALPHA_EVENT 1 visits 829545
ALPHA_TEST 1 arityMismatch false=94548 true=0
ALPHA_TEST 1 candidateQuery false=795590 true=6341
ALPHA_TEST 1 notStored false=801931 true=27614
ALPHA_TEST 1 polarityMismatch false=641664 true=153926
ALPHA_TEST 1 predicateMismatch false=94548 true=547116
ALPHA_TEST 1 sourceContainsCVar false=122 true=11648
ALPHA_TEST 1 sourceQuery false=11770 true=23
ALPHA_HIST 1 gateRejected:0 145
ALPHA_HIST 1 hit:1 91
ALPHA_HIST 1 hit:10 77
ALPHA_HIST 1 hit:100 27
ALPHA_HIST 1 hit:101 51
ALPHA_HIST 1 hit:102 5
ALPHA_HIST 1 hit:103 7
ALPHA_HIST 1 hit:105 1
ALPHA_HIST 1 hit:106 1
ALPHA_HIST 1 hit:107 9
ALPHA_HIST 1 hit:108 11
ALPHA_HIST 1 hit:109 15
ALPHA_HIST 1 hit:11 51
ALPHA_HIST 1 hit:110 9
ALPHA_HIST 1 hit:111 38
ALPHA_HIST 1 hit:112 14
ALPHA_HIST 1 hit:113 20
ALPHA_HIST 1 hit:114 10
ALPHA_HIST 1 hit:118 3
ALPHA_HIST 1 hit:12 67
ALPHA_HIST 1 hit:13 68
ALPHA_HIST 1 hit:131 3
ALPHA_HIST 1 hit:132 3
ALPHA_HIST 1 hit:136 3
ALPHA_HIST 1 hit:137 3
ALPHA_HIST 1 hit:138 3
ALPHA_HIST 1 hit:139 3
ALPHA_HIST 1 hit:14 65
ALPHA_HIST 1 hit:141 3
ALPHA_HIST 1 hit:146 3
ALPHA_HIST 1 hit:147 6
ALPHA_HIST 1 hit:148 18
ALPHA_HIST 1 hit:149 21
ALPHA_HIST 1 hit:15 65
ALPHA_HIST 1 hit:157 3
ALPHA_HIST 1 hit:159 18
ALPHA_HIST 1 hit:16 45
ALPHA_HIST 1 hit:17 52
ALPHA_HIST 1 hit:18 57
ALPHA_HIST 1 hit:19 82
ALPHA_HIST 1 hit:2 19
ALPHA_HIST 1 hit:20 112
ALPHA_HIST 1 hit:21 94
ALPHA_HIST 1 hit:22 105
ALPHA_HIST 1 hit:23 47
ALPHA_HIST 1 hit:24 81
ALPHA_HIST 1 hit:25 114
ALPHA_HIST 1 hit:26 77
ALPHA_HIST 1 hit:27 45
ALPHA_HIST 1 hit:28 56
ALPHA_HIST 1 hit:29 46
ALPHA_HIST 1 hit:3 14
ALPHA_HIST 1 hit:30 68
ALPHA_HIST 1 hit:31 79
ALPHA_HIST 1 hit:32 68
ALPHA_HIST 1 hit:33 73
ALPHA_HIST 1 hit:34 61
ALPHA_HIST 1 hit:35 106
ALPHA_HIST 1 hit:36 97
ALPHA_HIST 1 hit:37 55
ALPHA_HIST 1 hit:38 65
ALPHA_HIST 1 hit:39 62
ALPHA_HIST 1 hit:4 13
ALPHA_HIST 1 hit:40 97
ALPHA_HIST 1 hit:41 134
ALPHA_HIST 1 hit:42 87
ALPHA_HIST 1 hit:43 105
ALPHA_HIST 1 hit:44 112
ALPHA_HIST 1 hit:45 125
ALPHA_HIST 1 hit:46 102
ALPHA_HIST 1 hit:47 102
ALPHA_HIST 1 hit:48 110
ALPHA_HIST 1 hit:49 128
ALPHA_HIST 1 hit:5 28
ALPHA_HIST 1 hit:50 150
ALPHA_HIST 1 hit:51 159
ALPHA_HIST 1 hit:52 68
ALPHA_HIST 1 hit:53 145
ALPHA_HIST 1 hit:54 176
ALPHA_HIST 1 hit:55 106
ALPHA_HIST 1 hit:56 70
ALPHA_HIST 1 hit:57 152
ALPHA_HIST 1 hit:58 175
ALPHA_HIST 1 hit:59 226
ALPHA_HIST 1 hit:6 22
ALPHA_HIST 1 hit:60 139
ALPHA_HIST 1 hit:61 175
ALPHA_HIST 1 hit:62 111
ALPHA_HIST 1 hit:63 100
ALPHA_HIST 1 hit:64 122
ALPHA_HIST 1 hit:65 195
ALPHA_HIST 1 hit:66 232
ALPHA_HIST 1 hit:67 152
ALPHA_HIST 1 hit:68 145
ALPHA_HIST 1 hit:69 219
ALPHA_HIST 1 hit:7 27
ALPHA_HIST 1 hit:70 83
ALPHA_HIST 1 hit:71 81
ALPHA_HIST 1 hit:72 141
ALPHA_HIST 1 hit:73 151
ALPHA_HIST 1 hit:74 137
ALPHA_HIST 1 hit:75 186
ALPHA_HIST 1 hit:76 214
ALPHA_HIST 1 hit:77 119
ALPHA_HIST 1 hit:78 122
ALPHA_HIST 1 hit:79 167
ALPHA_HIST 1 hit:8 75
ALPHA_HIST 1 hit:80 142
ALPHA_HIST 1 hit:81 112
ALPHA_HIST 1 hit:82 123
ALPHA_HIST 1 hit:83 157
ALPHA_HIST 1 hit:84 131
ALPHA_HIST 1 hit:85 141
ALPHA_HIST 1 hit:86 81
ALPHA_HIST 1 hit:87 63
ALPHA_HIST 1 hit:88 67
ALPHA_HIST 1 hit:89 40
ALPHA_HIST 1 hit:9 60
ALPHA_HIST 1 hit:90 67
ALPHA_HIST 1 hit:91 76
ALPHA_HIST 1 hit:92 58
ALPHA_HIST 1 hit:93 36
ALPHA_HIST 1 hit:94 63
ALPHA_HIST 1 hit:95 57
ALPHA_HIST 1 hit:96 17
ALPHA_HIST 1 hit:97 17
ALPHA_HIST 1 hit:98 15
ALPHA_HIST 1 hit:99 45
ALPHA_HIST 1 miss:129 25
ALPHA_HIST 1 miss:130 35
ALPHA_HIST 1 miss:131 43
ALPHA_HIST 1 miss:132 45
ALPHA_HIST 1 miss:133 40
ALPHA_HIST 1 miss:134 50
ALPHA_HIST 1 miss:135 42
ALPHA_HIST 1 miss:136 65
ALPHA_HIST 1 miss:137 61
ALPHA_HIST 1 miss:138 61
ALPHA_HIST 1 miss:139 57
ALPHA_HIST 1 miss:140 57
ALPHA_HIST 1 miss:141 60
ALPHA_HIST 1 miss:142 60
ALPHA_HIST 1 miss:143 58
ALPHA_HIST 1 miss:144 59
ALPHA_HIST 1 miss:145 47
ALPHA_HIST 1 miss:146 48
ALPHA_HIST 1 miss:147 48
ALPHA_HIST 1 miss:148 48
ALPHA_HIST 1 miss:149 48
ALPHA_HIST 1 miss:150 48
ALPHA_HIST 1 miss:151 48
ALPHA_HIST 1 miss:152 45
ALPHA_HIST 1 miss:153 42
ALPHA_HIST 1 miss:154 42
ALPHA_HIST 1 miss:155 41
ALPHA_HIST 1 miss:156 39
ALPHA_HIST 1 miss:157 39
ALPHA_HIST 1 miss:158 38
ALPHA_HIST 1 miss:159 35
ALPHA_HIST 1 miss:160 19
ALPHA_HIST 1 miss:161 14
ALPHA_HIST 1 miss:162 14
ALPHA_HIST 1 miss:163 18
ALPHA_HIST 1 miss:164 18
ALPHA_HIST 1 miss:165 18
ALPHA_HIST 1 miss:166 18
ALPHA_HIST 1 miss:167 14
ALPHA_HIST 1 miss:168 15
ALPHA_HIST 1 miss:169 15
ALPHA_HIST 1 miss:170 17
ALPHA_HIST 1 miss:171 17
ALPHA_HIST 1 miss:172 17
ALPHA_HIST 1 miss:173 16
ALPHA_HIST 1 miss:174 16
ALPHA_HIST 1 miss:175 16
ALPHA_HIST 1 miss:176 13
ALPHA_HIST 1 miss:177 12
ALPHA_HIST 1 miss:178 6
ALPHA_HIST 1 miss:179 2
ALPHA_HIST 1 miss:180 2
ALPHA_HIST 1 miss:181 2
ALPHA_HIST 1 miss:182 3
ALPHA_HIST 1 miss:183 3
ALPHA_HIST 1 miss:184 3
ALPHA_HIST 1 miss:185 1
ALPHA_HIST 1 miss:186 1
ALPHA_HIST 1 miss:187 1
ALPHA_HIST 1 miss:188 1
ALPHA_HIST 1 miss:189 1
ALPHA_HIST 1 miss:190 1
ALPHA_HIST 1 miss:191 1
ALPHA_HIST 1 miss:192 1
ALPHA_HIST 1 miss:193 1
ALPHA_HIST 1 miss:194 1
ALPHA_HIST 1 miss:195 1
ALPHA_HIST 1 miss:196 1
ALPHA_HIST 1 miss:197 1
ALPHA_HIST 1 miss:198 1
ALPHA_HIST 1 miss:199 1
ALPHA_HIST 1 miss:200 1
ALPHA_HIST 1 miss:201 1
ALPHA_HIST 1 miss:202 1
ALPHA_HIST 1 miss:204 1
ALPHA_HIST 1 miss:210 1
ALPHA_HIST 1 miss:215 1
ALPHA_HIST 1 miss:216 1
ALPHA_HIST 1 miss:217 1
ALPHA_HIST 1 miss:218 1
ALPHA_HIST 1 miss:219 1
ALPHA_HIST 1 miss:223 1
ALPHA_HIST 1 miss:224 1
ALPHA_HIST 1 miss:225 1
ALPHA_HIST 1 miss:226 1
ALPHA_HIST 1 miss:227 1
ALPHA_HIST 1 miss:228 1
ALPHA_HIST 1 miss:229 1
ALPHA_HIST 1 miss:230 1
ALPHA_HIST 1 miss:231 1
ALPHA_HIST 1 miss:235 1
ALPHA_HIST 1 miss:238 1
ALPHA_HIST 1 miss:241 1
ALPHA_HIST 1 miss:242 1
SAMPLE 1 query_ns=195646910 optimize_ns=5108115003 optimize_cpu_ns=4984981849 optimize_allocated_bytes=-1 raw=18 optimized=6 solutions=0 values=0
RAW [!daughter(Tom,John);, !daughter(Tom,Mary);, !female(Tom);, !male(Tom);, !sibling(Sarah,Sarah);, !sibling(Tom,Tom);, !son(Tom,John);, !son(Tom,Mary);, ?daughter(Tom,John);, ?daughter(Tom,Mary);, ?divorced(John,Mary);, ?divorced(Mary,John);, ?female(Tom);, ?male(Tom);, ?son(Tom,John);, ?son(Tom,Mary);, ?spouse(John,Mary);, ?spouse(Mary,John);]
OPTIMIZED [!$x father(x,John);, !$x mother(x,John);, !$x parent(x,John);, !$y child(John,y);, ?$y child(John,y);, ?$y son(John,y);]
POST_OPTIMIZE_LAST_LINKER_STATS passes=6 rules=1292 rotations=6824 pairs=13281 unifications=3080
ALPHA_EVENT 2 argumentPositions 109187
ALPHA_EVENT 2 bijectionMismatch 1
ALPHA_EVENT 2 calls 11793
ALPHA_EVENT 2 cvarKindMismatch 32342
ALPHA_EVENT 2 eligible 11648
ALPHA_EVENT 2 flagsRejected 33955
ALPHA_EVENT 2 gateRejected 145
ALPHA_EVENT 2 hit 9828
ALPHA_EVENT 2 miss 1820
ALPHA_EVENT 2 shapeAccepted 94548
ALPHA_EVENT 2 shapeCalls 795590
ALPHA_EVENT 2 termMismatch 52377
ALPHA_EVENT 2 visits 829545
ALPHA_TEST 2 arityMismatch false=94548 true=0
ALPHA_TEST 2 candidateQuery false=795590 true=6341
ALPHA_TEST 2 notStored false=801931 true=27614
ALPHA_TEST 2 polarityMismatch false=641664 true=153926
ALPHA_TEST 2 predicateMismatch false=94548 true=547116
ALPHA_TEST 2 sourceContainsCVar false=122 true=11648
ALPHA_TEST 2 sourceQuery false=11770 true=23
ALPHA_HIST 2 gateRejected:0 145
ALPHA_HIST 2 hit:1 91
ALPHA_HIST 2 hit:10 77
ALPHA_HIST 2 hit:100 27
ALPHA_HIST 2 hit:101 51
ALPHA_HIST 2 hit:102 5
ALPHA_HIST 2 hit:103 7
ALPHA_HIST 2 hit:105 1
ALPHA_HIST 2 hit:106 1
ALPHA_HIST 2 hit:107 9
ALPHA_HIST 2 hit:108 11
ALPHA_HIST 2 hit:109 15
ALPHA_HIST 2 hit:11 51
ALPHA_HIST 2 hit:110 9
ALPHA_HIST 2 hit:111 38
ALPHA_HIST 2 hit:112 14
ALPHA_HIST 2 hit:113 20
ALPHA_HIST 2 hit:114 10
ALPHA_HIST 2 hit:118 3
ALPHA_HIST 2 hit:12 67
ALPHA_HIST 2 hit:13 68
ALPHA_HIST 2 hit:131 3
ALPHA_HIST 2 hit:132 3
ALPHA_HIST 2 hit:136 3
ALPHA_HIST 2 hit:137 3
ALPHA_HIST 2 hit:138 3
ALPHA_HIST 2 hit:139 3
ALPHA_HIST 2 hit:14 65
ALPHA_HIST 2 hit:141 3
ALPHA_HIST 2 hit:146 3
ALPHA_HIST 2 hit:147 6
ALPHA_HIST 2 hit:148 18
ALPHA_HIST 2 hit:149 21
ALPHA_HIST 2 hit:15 65
ALPHA_HIST 2 hit:157 3
ALPHA_HIST 2 hit:159 18
ALPHA_HIST 2 hit:16 45
ALPHA_HIST 2 hit:17 52
ALPHA_HIST 2 hit:18 57
ALPHA_HIST 2 hit:19 82
ALPHA_HIST 2 hit:2 19
ALPHA_HIST 2 hit:20 112
ALPHA_HIST 2 hit:21 94
ALPHA_HIST 2 hit:22 105
ALPHA_HIST 2 hit:23 47
ALPHA_HIST 2 hit:24 81
ALPHA_HIST 2 hit:25 114
ALPHA_HIST 2 hit:26 77
ALPHA_HIST 2 hit:27 45
ALPHA_HIST 2 hit:28 56
ALPHA_HIST 2 hit:29 46
ALPHA_HIST 2 hit:3 14
ALPHA_HIST 2 hit:30 68
ALPHA_HIST 2 hit:31 79
ALPHA_HIST 2 hit:32 68
ALPHA_HIST 2 hit:33 73
ALPHA_HIST 2 hit:34 61
ALPHA_HIST 2 hit:35 106
ALPHA_HIST 2 hit:36 97
ALPHA_HIST 2 hit:37 55
ALPHA_HIST 2 hit:38 65
ALPHA_HIST 2 hit:39 62
ALPHA_HIST 2 hit:4 13
ALPHA_HIST 2 hit:40 97
ALPHA_HIST 2 hit:41 134
ALPHA_HIST 2 hit:42 87
ALPHA_HIST 2 hit:43 105
ALPHA_HIST 2 hit:44 112
ALPHA_HIST 2 hit:45 125
ALPHA_HIST 2 hit:46 102
ALPHA_HIST 2 hit:47 102
ALPHA_HIST 2 hit:48 110
ALPHA_HIST 2 hit:49 128
ALPHA_HIST 2 hit:5 28
ALPHA_HIST 2 hit:50 150
ALPHA_HIST 2 hit:51 159
ALPHA_HIST 2 hit:52 68
ALPHA_HIST 2 hit:53 145
ALPHA_HIST 2 hit:54 176
ALPHA_HIST 2 hit:55 106
ALPHA_HIST 2 hit:56 70
ALPHA_HIST 2 hit:57 152
ALPHA_HIST 2 hit:58 175
ALPHA_HIST 2 hit:59 226
ALPHA_HIST 2 hit:6 22
ALPHA_HIST 2 hit:60 139
ALPHA_HIST 2 hit:61 175
ALPHA_HIST 2 hit:62 111
ALPHA_HIST 2 hit:63 100
ALPHA_HIST 2 hit:64 122
ALPHA_HIST 2 hit:65 195
ALPHA_HIST 2 hit:66 232
ALPHA_HIST 2 hit:67 152
ALPHA_HIST 2 hit:68 145
ALPHA_HIST 2 hit:69 219
ALPHA_HIST 2 hit:7 27
ALPHA_HIST 2 hit:70 83
ALPHA_HIST 2 hit:71 81
ALPHA_HIST 2 hit:72 141
ALPHA_HIST 2 hit:73 151
ALPHA_HIST 2 hit:74 137
ALPHA_HIST 2 hit:75 186
ALPHA_HIST 2 hit:76 214
ALPHA_HIST 2 hit:77 119
ALPHA_HIST 2 hit:78 122
ALPHA_HIST 2 hit:79 167
ALPHA_HIST 2 hit:8 75
ALPHA_HIST 2 hit:80 142
ALPHA_HIST 2 hit:81 112
ALPHA_HIST 2 hit:82 123
ALPHA_HIST 2 hit:83 157
ALPHA_HIST 2 hit:84 131
ALPHA_HIST 2 hit:85 141
ALPHA_HIST 2 hit:86 81
ALPHA_HIST 2 hit:87 63
ALPHA_HIST 2 hit:88 67
ALPHA_HIST 2 hit:89 40
ALPHA_HIST 2 hit:9 60
ALPHA_HIST 2 hit:90 67
ALPHA_HIST 2 hit:91 76
ALPHA_HIST 2 hit:92 58
ALPHA_HIST 2 hit:93 36
ALPHA_HIST 2 hit:94 63
ALPHA_HIST 2 hit:95 57
ALPHA_HIST 2 hit:96 17
ALPHA_HIST 2 hit:97 17
ALPHA_HIST 2 hit:98 15
ALPHA_HIST 2 hit:99 45
ALPHA_HIST 2 miss:129 25
ALPHA_HIST 2 miss:130 35
ALPHA_HIST 2 miss:131 43
ALPHA_HIST 2 miss:132 45
ALPHA_HIST 2 miss:133 40
ALPHA_HIST 2 miss:134 50
ALPHA_HIST 2 miss:135 42
ALPHA_HIST 2 miss:136 65
ALPHA_HIST 2 miss:137 61
ALPHA_HIST 2 miss:138 61
ALPHA_HIST 2 miss:139 57
ALPHA_HIST 2 miss:140 57
ALPHA_HIST 2 miss:141 60
ALPHA_HIST 2 miss:142 60
ALPHA_HIST 2 miss:143 58
ALPHA_HIST 2 miss:144 59
ALPHA_HIST 2 miss:145 47
ALPHA_HIST 2 miss:146 48
ALPHA_HIST 2 miss:147 48
ALPHA_HIST 2 miss:148 48
ALPHA_HIST 2 miss:149 48
ALPHA_HIST 2 miss:150 48
ALPHA_HIST 2 miss:151 48
ALPHA_HIST 2 miss:152 45
ALPHA_HIST 2 miss:153 42
ALPHA_HIST 2 miss:154 42
ALPHA_HIST 2 miss:155 41
ALPHA_HIST 2 miss:156 39
ALPHA_HIST 2 miss:157 39
ALPHA_HIST 2 miss:158 38
ALPHA_HIST 2 miss:159 35
ALPHA_HIST 2 miss:160 19
ALPHA_HIST 2 miss:161 14
ALPHA_HIST 2 miss:162 14
ALPHA_HIST 2 miss:163 18
ALPHA_HIST 2 miss:164 18
ALPHA_HIST 2 miss:165 18
ALPHA_HIST 2 miss:166 18
ALPHA_HIST 2 miss:167 14
ALPHA_HIST 2 miss:168 15
ALPHA_HIST 2 miss:169 15
ALPHA_HIST 2 miss:170 17
ALPHA_HIST 2 miss:171 17
ALPHA_HIST 2 miss:172 17
ALPHA_HIST 2 miss:173 16
ALPHA_HIST 2 miss:174 16
ALPHA_HIST 2 miss:175 16
ALPHA_HIST 2 miss:176 13
ALPHA_HIST 2 miss:177 12
ALPHA_HIST 2 miss:178 6
ALPHA_HIST 2 miss:179 2
ALPHA_HIST 2 miss:180 2
ALPHA_HIST 2 miss:181 2
ALPHA_HIST 2 miss:182 3
ALPHA_HIST 2 miss:183 3
ALPHA_HIST 2 miss:184 3
ALPHA_HIST 2 miss:185 1
ALPHA_HIST 2 miss:186 1
ALPHA_HIST 2 miss:187 1
ALPHA_HIST 2 miss:188 1
ALPHA_HIST 2 miss:189 1
ALPHA_HIST 2 miss:190 1
ALPHA_HIST 2 miss:191 1
ALPHA_HIST 2 miss:192 1
ALPHA_HIST 2 miss:193 1
ALPHA_HIST 2 miss:194 1
ALPHA_HIST 2 miss:195 1
ALPHA_HIST 2 miss:196 1
ALPHA_HIST 2 miss:197 1
ALPHA_HIST 2 miss:198 1
ALPHA_HIST 2 miss:199 1
ALPHA_HIST 2 miss:200 1
ALPHA_HIST 2 miss:201 1
ALPHA_HIST 2 miss:202 1
ALPHA_HIST 2 miss:204 1
ALPHA_HIST 2 miss:210 1
ALPHA_HIST 2 miss:215 1
ALPHA_HIST 2 miss:216 1
ALPHA_HIST 2 miss:217 1
ALPHA_HIST 2 miss:218 1
ALPHA_HIST 2 miss:219 1
ALPHA_HIST 2 miss:223 1
ALPHA_HIST 2 miss:224 1
ALPHA_HIST 2 miss:225 1
ALPHA_HIST 2 miss:226 1
ALPHA_HIST 2 miss:227 1
ALPHA_HIST 2 miss:228 1
ALPHA_HIST 2 miss:229 1
ALPHA_HIST 2 miss:230 1
ALPHA_HIST 2 miss:231 1
ALPHA_HIST 2 miss:235 1
ALPHA_HIST 2 miss:238 1
ALPHA_HIST 2 miss:241 1
ALPHA_HIST 2 miss:242 1
SAMPLE 2 query_ns=80351096 optimize_ns=4712688338 optimize_cpu_ns=4583808003 optimize_allocated_bytes=-1 raw=18 optimized=6 solutions=0 values=0
RAW [!daughter(Tom,John);, !daughter(Tom,Mary);, !female(Tom);, !male(Tom);, !sibling(Sarah,Sarah);, !sibling(Tom,Tom);, !son(Tom,John);, !son(Tom,Mary);, ?daughter(Tom,John);, ?daughter(Tom,Mary);, ?divorced(John,Mary);, ?divorced(Mary,John);, ?female(Tom);, ?male(Tom);, ?son(Tom,John);, ?son(Tom,Mary);, ?spouse(John,Mary);, ?spouse(Mary,John);]
OPTIMIZED [!$x father(x,John);, !$x mother(x,John);, !$x parent(x,John);, !$y child(John,y);, ?$y child(John,y);, ?$y son(John,y);]
POST_OPTIMIZE_LAST_LINKER_STATS passes=6 rules=1292 rotations=6824 pairs=13281 unifications=3080
ALPHA_EVENT 3 argumentPositions 109187
ALPHA_EVENT 3 bijectionMismatch 1
ALPHA_EVENT 3 calls 11793
ALPHA_EVENT 3 cvarKindMismatch 32342
ALPHA_EVENT 3 eligible 11648
ALPHA_EVENT 3 flagsRejected 33955
ALPHA_EVENT 3 gateRejected 145
ALPHA_EVENT 3 hit 9828
ALPHA_EVENT 3 miss 1820
ALPHA_EVENT 3 shapeAccepted 94548
ALPHA_EVENT 3 shapeCalls 795590
ALPHA_EVENT 3 termMismatch 52377
ALPHA_EVENT 3 visits 829545
ALPHA_TEST 3 arityMismatch false=94548 true=0
ALPHA_TEST 3 candidateQuery false=795590 true=6341
ALPHA_TEST 3 notStored false=801931 true=27614
ALPHA_TEST 3 polarityMismatch false=641664 true=153926
ALPHA_TEST 3 predicateMismatch false=94548 true=547116
ALPHA_TEST 3 sourceContainsCVar false=122 true=11648
ALPHA_TEST 3 sourceQuery false=11770 true=23
ALPHA_HIST 3 gateRejected:0 145
ALPHA_HIST 3 hit:1 91
ALPHA_HIST 3 hit:10 77
ALPHA_HIST 3 hit:100 27
ALPHA_HIST 3 hit:101 51
ALPHA_HIST 3 hit:102 5
ALPHA_HIST 3 hit:103 7
ALPHA_HIST 3 hit:105 1
ALPHA_HIST 3 hit:106 1
ALPHA_HIST 3 hit:107 9
ALPHA_HIST 3 hit:108 11
ALPHA_HIST 3 hit:109 15
ALPHA_HIST 3 hit:11 51
ALPHA_HIST 3 hit:110 9
ALPHA_HIST 3 hit:111 38
ALPHA_HIST 3 hit:112 14
ALPHA_HIST 3 hit:113 20
ALPHA_HIST 3 hit:114 10
ALPHA_HIST 3 hit:118 3
ALPHA_HIST 3 hit:12 67
ALPHA_HIST 3 hit:13 68
ALPHA_HIST 3 hit:131 3
ALPHA_HIST 3 hit:132 3
ALPHA_HIST 3 hit:136 3
ALPHA_HIST 3 hit:137 3
ALPHA_HIST 3 hit:138 3
ALPHA_HIST 3 hit:139 3
ALPHA_HIST 3 hit:14 65
ALPHA_HIST 3 hit:141 3
ALPHA_HIST 3 hit:146 3
ALPHA_HIST 3 hit:147 6
ALPHA_HIST 3 hit:148 18
ALPHA_HIST 3 hit:149 21
ALPHA_HIST 3 hit:15 65
ALPHA_HIST 3 hit:157 3
ALPHA_HIST 3 hit:159 18
ALPHA_HIST 3 hit:16 45
ALPHA_HIST 3 hit:17 52
ALPHA_HIST 3 hit:18 57
ALPHA_HIST 3 hit:19 82
ALPHA_HIST 3 hit:2 19
ALPHA_HIST 3 hit:20 112
ALPHA_HIST 3 hit:21 94
ALPHA_HIST 3 hit:22 105
ALPHA_HIST 3 hit:23 47
ALPHA_HIST 3 hit:24 81
ALPHA_HIST 3 hit:25 114
ALPHA_HIST 3 hit:26 77
ALPHA_HIST 3 hit:27 45
ALPHA_HIST 3 hit:28 56
ALPHA_HIST 3 hit:29 46
ALPHA_HIST 3 hit:3 14
ALPHA_HIST 3 hit:30 68
ALPHA_HIST 3 hit:31 79
ALPHA_HIST 3 hit:32 68
ALPHA_HIST 3 hit:33 73
ALPHA_HIST 3 hit:34 61
ALPHA_HIST 3 hit:35 106
ALPHA_HIST 3 hit:36 97
ALPHA_HIST 3 hit:37 55
ALPHA_HIST 3 hit:38 65
ALPHA_HIST 3 hit:39 62
ALPHA_HIST 3 hit:4 13
ALPHA_HIST 3 hit:40 97
ALPHA_HIST 3 hit:41 134
ALPHA_HIST 3 hit:42 87
ALPHA_HIST 3 hit:43 105
ALPHA_HIST 3 hit:44 112
ALPHA_HIST 3 hit:45 125
ALPHA_HIST 3 hit:46 102
ALPHA_HIST 3 hit:47 102
ALPHA_HIST 3 hit:48 110
ALPHA_HIST 3 hit:49 128
ALPHA_HIST 3 hit:5 28
ALPHA_HIST 3 hit:50 150
ALPHA_HIST 3 hit:51 159
ALPHA_HIST 3 hit:52 68
ALPHA_HIST 3 hit:53 145
ALPHA_HIST 3 hit:54 176
ALPHA_HIST 3 hit:55 106
ALPHA_HIST 3 hit:56 70
ALPHA_HIST 3 hit:57 152
ALPHA_HIST 3 hit:58 175
ALPHA_HIST 3 hit:59 226
ALPHA_HIST 3 hit:6 22
ALPHA_HIST 3 hit:60 139
ALPHA_HIST 3 hit:61 175
ALPHA_HIST 3 hit:62 111
ALPHA_HIST 3 hit:63 100
ALPHA_HIST 3 hit:64 122
ALPHA_HIST 3 hit:65 195
ALPHA_HIST 3 hit:66 232
ALPHA_HIST 3 hit:67 152
ALPHA_HIST 3 hit:68 145
ALPHA_HIST 3 hit:69 219
ALPHA_HIST 3 hit:7 27
ALPHA_HIST 3 hit:70 83
ALPHA_HIST 3 hit:71 81
ALPHA_HIST 3 hit:72 141
ALPHA_HIST 3 hit:73 151
ALPHA_HIST 3 hit:74 137
ALPHA_HIST 3 hit:75 186
ALPHA_HIST 3 hit:76 214
ALPHA_HIST 3 hit:77 119
ALPHA_HIST 3 hit:78 122
ALPHA_HIST 3 hit:79 167
ALPHA_HIST 3 hit:8 75
ALPHA_HIST 3 hit:80 142
ALPHA_HIST 3 hit:81 112
ALPHA_HIST 3 hit:82 123
ALPHA_HIST 3 hit:83 157
ALPHA_HIST 3 hit:84 131
ALPHA_HIST 3 hit:85 141
ALPHA_HIST 3 hit:86 81
ALPHA_HIST 3 hit:87 63
ALPHA_HIST 3 hit:88 67
ALPHA_HIST 3 hit:89 40
ALPHA_HIST 3 hit:9 60
ALPHA_HIST 3 hit:90 67
ALPHA_HIST 3 hit:91 76
ALPHA_HIST 3 hit:92 58
ALPHA_HIST 3 hit:93 36
ALPHA_HIST 3 hit:94 63
ALPHA_HIST 3 hit:95 57
ALPHA_HIST 3 hit:96 17
ALPHA_HIST 3 hit:97 17
ALPHA_HIST 3 hit:98 15
ALPHA_HIST 3 hit:99 45
ALPHA_HIST 3 miss:129 25
ALPHA_HIST 3 miss:130 35
ALPHA_HIST 3 miss:131 43
ALPHA_HIST 3 miss:132 45
ALPHA_HIST 3 miss:133 40
ALPHA_HIST 3 miss:134 50
ALPHA_HIST 3 miss:135 42
ALPHA_HIST 3 miss:136 65
ALPHA_HIST 3 miss:137 61
ALPHA_HIST 3 miss:138 61
ALPHA_HIST 3 miss:139 57
ALPHA_HIST 3 miss:140 57
ALPHA_HIST 3 miss:141 60
ALPHA_HIST 3 miss:142 60
ALPHA_HIST 3 miss:143 58
ALPHA_HIST 3 miss:144 59
ALPHA_HIST 3 miss:145 47
ALPHA_HIST 3 miss:146 48
ALPHA_HIST 3 miss:147 48
ALPHA_HIST 3 miss:148 48
ALPHA_HIST 3 miss:149 48
ALPHA_HIST 3 miss:150 48
ALPHA_HIST 3 miss:151 48
ALPHA_HIST 3 miss:152 45
ALPHA_HIST 3 miss:153 42
ALPHA_HIST 3 miss:154 42
ALPHA_HIST 3 miss:155 41
ALPHA_HIST 3 miss:156 39
ALPHA_HIST 3 miss:157 39
ALPHA_HIST 3 miss:158 38
ALPHA_HIST 3 miss:159 35
ALPHA_HIST 3 miss:160 19
ALPHA_HIST 3 miss:161 14
ALPHA_HIST 3 miss:162 14
ALPHA_HIST 3 miss:163 18
ALPHA_HIST 3 miss:164 18
ALPHA_HIST 3 miss:165 18
ALPHA_HIST 3 miss:166 18
ALPHA_HIST 3 miss:167 14
ALPHA_HIST 3 miss:168 15
ALPHA_HIST 3 miss:169 15
ALPHA_HIST 3 miss:170 17
ALPHA_HIST 3 miss:171 17
ALPHA_HIST 3 miss:172 17
ALPHA_HIST 3 miss:173 16
ALPHA_HIST 3 miss:174 16
ALPHA_HIST 3 miss:175 16
ALPHA_HIST 3 miss:176 13
ALPHA_HIST 3 miss:177 12
ALPHA_HIST 3 miss:178 6
ALPHA_HIST 3 miss:179 2
ALPHA_HIST 3 miss:180 2
ALPHA_HIST 3 miss:181 2
ALPHA_HIST 3 miss:182 3
ALPHA_HIST 3 miss:183 3
ALPHA_HIST 3 miss:184 3
ALPHA_HIST 3 miss:185 1
ALPHA_HIST 3 miss:186 1
ALPHA_HIST 3 miss:187 1
ALPHA_HIST 3 miss:188 1
ALPHA_HIST 3 miss:189 1
ALPHA_HIST 3 miss:190 1
ALPHA_HIST 3 miss:191 1
ALPHA_HIST 3 miss:192 1
ALPHA_HIST 3 miss:193 1
ALPHA_HIST 3 miss:194 1
ALPHA_HIST 3 miss:195 1
ALPHA_HIST 3 miss:196 1
ALPHA_HIST 3 miss:197 1
ALPHA_HIST 3 miss:198 1
ALPHA_HIST 3 miss:199 1
ALPHA_HIST 3 miss:200 1
ALPHA_HIST 3 miss:201 1
ALPHA_HIST 3 miss:202 1
ALPHA_HIST 3 miss:204 1
ALPHA_HIST 3 miss:210 1
ALPHA_HIST 3 miss:215 1
ALPHA_HIST 3 miss:216 1
ALPHA_HIST 3 miss:217 1
ALPHA_HIST 3 miss:218 1
ALPHA_HIST 3 miss:219 1
ALPHA_HIST 3 miss:223 1
ALPHA_HIST 3 miss:224 1
ALPHA_HIST 3 miss:225 1
ALPHA_HIST 3 miss:226 1
ALPHA_HIST 3 miss:227 1
ALPHA_HIST 3 miss:228 1
ALPHA_HIST 3 miss:229 1
ALPHA_HIST 3 miss:230 1
ALPHA_HIST 3 miss:231 1
ALPHA_HIST 3 miss:235 1
ALPHA_HIST 3 miss:238 1
ALPHA_HIST 3 miss:241 1
ALPHA_HIST 3 miss:242 1
SAMPLE 3 query_ns=81268712 optimize_ns=4979645658 optimize_cpu_ns=4875373859 optimize_allocated_bytes=-1 raw=18 optimized=6 solutions=0 values=0
RAW [!daughter(Tom,John);, !daughter(Tom,Mary);, !female(Tom);, !male(Tom);, !sibling(Sarah,Sarah);, !sibling(Tom,Tom);, !son(Tom,John);, !son(Tom,Mary);, ?daughter(Tom,John);, ?daughter(Tom,Mary);, ?divorced(John,Mary);, ?divorced(Mary,John);, ?female(Tom);, ?male(Tom);, ?son(Tom,John);, ?son(Tom,Mary);, ?spouse(John,Mary);, ?spouse(Mary,John);]
OPTIMIZED [!$x father(x,John);, !$x mother(x,John);, !$x parent(x,John);, !$y child(John,y);, ?$y child(John,y);, ?$y son(John,y);]
POST_OPTIMIZE_LAST_LINKER_STATS passes=6 rules=1292 rotations=6824 pairs=13281 unifications=3080
ALPHA_EVENT 4 argumentPositions 109187
ALPHA_EVENT 4 bijectionMismatch 1
ALPHA_EVENT 4 calls 11793
ALPHA_EVENT 4 cvarKindMismatch 32342
ALPHA_EVENT 4 eligible 11648
ALPHA_EVENT 4 flagsRejected 33955
ALPHA_EVENT 4 gateRejected 145
ALPHA_EVENT 4 hit 9828
ALPHA_EVENT 4 miss 1820
ALPHA_EVENT 4 shapeAccepted 94548
ALPHA_EVENT 4 shapeCalls 795590
ALPHA_EVENT 4 termMismatch 52377
ALPHA_EVENT 4 visits 829545
ALPHA_TEST 4 arityMismatch false=94548 true=0
ALPHA_TEST 4 candidateQuery false=795590 true=6341
ALPHA_TEST 4 notStored false=801931 true=27614
ALPHA_TEST 4 polarityMismatch false=641664 true=153926
ALPHA_TEST 4 predicateMismatch false=94548 true=547116
ALPHA_TEST 4 sourceContainsCVar false=122 true=11648
ALPHA_TEST 4 sourceQuery false=11770 true=23
ALPHA_HIST 4 gateRejected:0 145
ALPHA_HIST 4 hit:1 91
ALPHA_HIST 4 hit:10 77
ALPHA_HIST 4 hit:100 27
ALPHA_HIST 4 hit:101 51
ALPHA_HIST 4 hit:102 5
ALPHA_HIST 4 hit:103 7
ALPHA_HIST 4 hit:105 1
ALPHA_HIST 4 hit:106 1
ALPHA_HIST 4 hit:107 9
ALPHA_HIST 4 hit:108 11
ALPHA_HIST 4 hit:109 15
ALPHA_HIST 4 hit:11 51
ALPHA_HIST 4 hit:110 9
ALPHA_HIST 4 hit:111 38
ALPHA_HIST 4 hit:112 14
ALPHA_HIST 4 hit:113 20
ALPHA_HIST 4 hit:114 10
ALPHA_HIST 4 hit:118 3
ALPHA_HIST 4 hit:12 67
ALPHA_HIST 4 hit:13 68
ALPHA_HIST 4 hit:131 3
ALPHA_HIST 4 hit:132 3
ALPHA_HIST 4 hit:136 3
ALPHA_HIST 4 hit:137 3
ALPHA_HIST 4 hit:138 3
ALPHA_HIST 4 hit:139 3
ALPHA_HIST 4 hit:14 65
ALPHA_HIST 4 hit:141 3
ALPHA_HIST 4 hit:146 3
ALPHA_HIST 4 hit:147 6
ALPHA_HIST 4 hit:148 18
ALPHA_HIST 4 hit:149 21
ALPHA_HIST 4 hit:15 65
ALPHA_HIST 4 hit:157 3
ALPHA_HIST 4 hit:159 18
ALPHA_HIST 4 hit:16 45
ALPHA_HIST 4 hit:17 52
ALPHA_HIST 4 hit:18 57
ALPHA_HIST 4 hit:19 82
ALPHA_HIST 4 hit:2 19
ALPHA_HIST 4 hit:20 112
ALPHA_HIST 4 hit:21 94
ALPHA_HIST 4 hit:22 105
ALPHA_HIST 4 hit:23 47
ALPHA_HIST 4 hit:24 81
ALPHA_HIST 4 hit:25 114
ALPHA_HIST 4 hit:26 77
ALPHA_HIST 4 hit:27 45
ALPHA_HIST 4 hit:28 56
ALPHA_HIST 4 hit:29 46
ALPHA_HIST 4 hit:3 14
ALPHA_HIST 4 hit:30 68
ALPHA_HIST 4 hit:31 79
ALPHA_HIST 4 hit:32 68
ALPHA_HIST 4 hit:33 73
ALPHA_HIST 4 hit:34 61
ALPHA_HIST 4 hit:35 106
ALPHA_HIST 4 hit:36 97
ALPHA_HIST 4 hit:37 55
ALPHA_HIST 4 hit:38 65
ALPHA_HIST 4 hit:39 62
ALPHA_HIST 4 hit:4 13
ALPHA_HIST 4 hit:40 97
ALPHA_HIST 4 hit:41 134
ALPHA_HIST 4 hit:42 87
ALPHA_HIST 4 hit:43 105
ALPHA_HIST 4 hit:44 112
ALPHA_HIST 4 hit:45 125
ALPHA_HIST 4 hit:46 102
ALPHA_HIST 4 hit:47 102
ALPHA_HIST 4 hit:48 110
ALPHA_HIST 4 hit:49 128
ALPHA_HIST 4 hit:5 28
ALPHA_HIST 4 hit:50 150
ALPHA_HIST 4 hit:51 159
ALPHA_HIST 4 hit:52 68
ALPHA_HIST 4 hit:53 145
ALPHA_HIST 4 hit:54 176
ALPHA_HIST 4 hit:55 106
ALPHA_HIST 4 hit:56 70
ALPHA_HIST 4 hit:57 152
ALPHA_HIST 4 hit:58 175
ALPHA_HIST 4 hit:59 226
ALPHA_HIST 4 hit:6 22
ALPHA_HIST 4 hit:60 139
ALPHA_HIST 4 hit:61 175
ALPHA_HIST 4 hit:62 111
ALPHA_HIST 4 hit:63 100
ALPHA_HIST 4 hit:64 122
ALPHA_HIST 4 hit:65 195
ALPHA_HIST 4 hit:66 232
ALPHA_HIST 4 hit:67 152
ALPHA_HIST 4 hit:68 145
ALPHA_HIST 4 hit:69 219
ALPHA_HIST 4 hit:7 27
ALPHA_HIST 4 hit:70 83
ALPHA_HIST 4 hit:71 81
ALPHA_HIST 4 hit:72 141
ALPHA_HIST 4 hit:73 151
ALPHA_HIST 4 hit:74 137
ALPHA_HIST 4 hit:75 186
ALPHA_HIST 4 hit:76 214
ALPHA_HIST 4 hit:77 119
ALPHA_HIST 4 hit:78 122
ALPHA_HIST 4 hit:79 167
ALPHA_HIST 4 hit:8 75
ALPHA_HIST 4 hit:80 142
ALPHA_HIST 4 hit:81 112
ALPHA_HIST 4 hit:82 123
ALPHA_HIST 4 hit:83 157
ALPHA_HIST 4 hit:84 131
ALPHA_HIST 4 hit:85 141
ALPHA_HIST 4 hit:86 81
ALPHA_HIST 4 hit:87 63
ALPHA_HIST 4 hit:88 67
ALPHA_HIST 4 hit:89 40
ALPHA_HIST 4 hit:9 60
ALPHA_HIST 4 hit:90 67
ALPHA_HIST 4 hit:91 76
ALPHA_HIST 4 hit:92 58
ALPHA_HIST 4 hit:93 36
ALPHA_HIST 4 hit:94 63
ALPHA_HIST 4 hit:95 57
ALPHA_HIST 4 hit:96 17
ALPHA_HIST 4 hit:97 17
ALPHA_HIST 4 hit:98 15
ALPHA_HIST 4 hit:99 45
ALPHA_HIST 4 miss:129 25
ALPHA_HIST 4 miss:130 35
ALPHA_HIST 4 miss:131 43
ALPHA_HIST 4 miss:132 45
ALPHA_HIST 4 miss:133 40
ALPHA_HIST 4 miss:134 50
ALPHA_HIST 4 miss:135 42
ALPHA_HIST 4 miss:136 65
ALPHA_HIST 4 miss:137 61
ALPHA_HIST 4 miss:138 61
ALPHA_HIST 4 miss:139 57
ALPHA_HIST 4 miss:140 57
ALPHA_HIST 4 miss:141 60
ALPHA_HIST 4 miss:142 60
ALPHA_HIST 4 miss:143 58
ALPHA_HIST 4 miss:144 59
ALPHA_HIST 4 miss:145 47
ALPHA_HIST 4 miss:146 48
ALPHA_HIST 4 miss:147 48
ALPHA_HIST 4 miss:148 48
ALPHA_HIST 4 miss:149 48
ALPHA_HIST 4 miss:150 48
ALPHA_HIST 4 miss:151 48
ALPHA_HIST 4 miss:152 45
ALPHA_HIST 4 miss:153 42
ALPHA_HIST 4 miss:154 42
ALPHA_HIST 4 miss:155 41
ALPHA_HIST 4 miss:156 39
ALPHA_HIST 4 miss:157 39
ALPHA_HIST 4 miss:158 38
ALPHA_HIST 4 miss:159 35
ALPHA_HIST 4 miss:160 19
ALPHA_HIST 4 miss:161 14
ALPHA_HIST 4 miss:162 14
ALPHA_HIST 4 miss:163 18
ALPHA_HIST 4 miss:164 18
ALPHA_HIST 4 miss:165 18
ALPHA_HIST 4 miss:166 18
ALPHA_HIST 4 miss:167 14
ALPHA_HIST 4 miss:168 15
ALPHA_HIST 4 miss:169 15
ALPHA_HIST 4 miss:170 17
ALPHA_HIST 4 miss:171 17
ALPHA_HIST 4 miss:172 17
ALPHA_HIST 4 miss:173 16
ALPHA_HIST 4 miss:174 16
ALPHA_HIST 4 miss:175 16
ALPHA_HIST 4 miss:176 13
ALPHA_HIST 4 miss:177 12
ALPHA_HIST 4 miss:178 6
ALPHA_HIST 4 miss:179 2
ALPHA_HIST 4 miss:180 2
ALPHA_HIST 4 miss:181 2
ALPHA_HIST 4 miss:182 3
ALPHA_HIST 4 miss:183 3
ALPHA_HIST 4 miss:184 3
ALPHA_HIST 4 miss:185 1
ALPHA_HIST 4 miss:186 1
ALPHA_HIST 4 miss:187 1
ALPHA_HIST 4 miss:188 1
ALPHA_HIST 4 miss:189 1
ALPHA_HIST 4 miss:190 1
ALPHA_HIST 4 miss:191 1
ALPHA_HIST 4 miss:192 1
ALPHA_HIST 4 miss:193 1
ALPHA_HIST 4 miss:194 1
ALPHA_HIST 4 miss:195 1
ALPHA_HIST 4 miss:196 1
ALPHA_HIST 4 miss:197 1
ALPHA_HIST 4 miss:198 1
ALPHA_HIST 4 miss:199 1
ALPHA_HIST 4 miss:200 1
ALPHA_HIST 4 miss:201 1
ALPHA_HIST 4 miss:202 1
ALPHA_HIST 4 miss:204 1
ALPHA_HIST 4 miss:210 1
ALPHA_HIST 4 miss:215 1
ALPHA_HIST 4 miss:216 1
ALPHA_HIST 4 miss:217 1
ALPHA_HIST 4 miss:218 1
ALPHA_HIST 4 miss:219 1
ALPHA_HIST 4 miss:223 1
ALPHA_HIST 4 miss:224 1
ALPHA_HIST 4 miss:225 1
ALPHA_HIST 4 miss:226 1
ALPHA_HIST 4 miss:227 1
ALPHA_HIST 4 miss:228 1
ALPHA_HIST 4 miss:229 1
ALPHA_HIST 4 miss:230 1
ALPHA_HIST 4 miss:231 1
ALPHA_HIST 4 miss:235 1
ALPHA_HIST 4 miss:238 1
ALPHA_HIST 4 miss:241 1
ALPHA_HIST 4 miss:242 1
SAMPLE 4 query_ns=75236689 optimize_ns=4876142658 optimize_cpu_ns=4760328083 optimize_allocated_bytes=-1 raw=18 optimized=6 solutions=0 values=0
RAW [!daughter(Tom,John);, !daughter(Tom,Mary);, !female(Tom);, !male(Tom);, !sibling(Sarah,Sarah);, !sibling(Tom,Tom);, !son(Tom,John);, !son(Tom,Mary);, ?daughter(Tom,John);, ?daughter(Tom,Mary);, ?divorced(John,Mary);, ?divorced(Mary,John);, ?female(Tom);, ?male(Tom);, ?son(Tom,John);, ?son(Tom,Mary);, ?spouse(John,Mary);, ?spouse(Mary,John);]
OPTIMIZED [!$x father(x,John);, !$x mother(x,John);, !$x parent(x,John);, !$y child(John,y);, ?$y child(John,y);, ?$y son(John,y);]
POST_OPTIMIZE_LAST_LINKER_STATS passes=6 rules=1292 rotations=6824 pairs=13281 unifications=3080
ALPHA_EVENT 5 argumentPositions 109187
ALPHA_EVENT 5 bijectionMismatch 1
ALPHA_EVENT 5 calls 11793
ALPHA_EVENT 5 cvarKindMismatch 32342
ALPHA_EVENT 5 eligible 11648
ALPHA_EVENT 5 flagsRejected 33955
ALPHA_EVENT 5 gateRejected 145
ALPHA_EVENT 5 hit 9828
ALPHA_EVENT 5 miss 1820
ALPHA_EVENT 5 shapeAccepted 94548
ALPHA_EVENT 5 shapeCalls 795590
ALPHA_EVENT 5 termMismatch 52377
ALPHA_EVENT 5 visits 829545
ALPHA_TEST 5 arityMismatch false=94548 true=0
ALPHA_TEST 5 candidateQuery false=795590 true=6341
ALPHA_TEST 5 notStored false=801931 true=27614
ALPHA_TEST 5 polarityMismatch false=641664 true=153926
ALPHA_TEST 5 predicateMismatch false=94548 true=547116
ALPHA_TEST 5 sourceContainsCVar false=122 true=11648
ALPHA_TEST 5 sourceQuery false=11770 true=23
ALPHA_HIST 5 gateRejected:0 145
ALPHA_HIST 5 hit:1 91
ALPHA_HIST 5 hit:10 77
ALPHA_HIST 5 hit:100 27
ALPHA_HIST 5 hit:101 51
ALPHA_HIST 5 hit:102 5
ALPHA_HIST 5 hit:103 7
ALPHA_HIST 5 hit:105 1
ALPHA_HIST 5 hit:106 1
ALPHA_HIST 5 hit:107 9
ALPHA_HIST 5 hit:108 11
ALPHA_HIST 5 hit:109 15
ALPHA_HIST 5 hit:11 51
ALPHA_HIST 5 hit:110 9
ALPHA_HIST 5 hit:111 38
ALPHA_HIST 5 hit:112 14
ALPHA_HIST 5 hit:113 20
ALPHA_HIST 5 hit:114 10
ALPHA_HIST 5 hit:118 3
ALPHA_HIST 5 hit:12 67
ALPHA_HIST 5 hit:13 68
ALPHA_HIST 5 hit:131 3
ALPHA_HIST 5 hit:132 3
ALPHA_HIST 5 hit:136 3
ALPHA_HIST 5 hit:137 3
ALPHA_HIST 5 hit:138 3
ALPHA_HIST 5 hit:139 3
ALPHA_HIST 5 hit:14 65
ALPHA_HIST 5 hit:141 3
ALPHA_HIST 5 hit:146 3
ALPHA_HIST 5 hit:147 6
ALPHA_HIST 5 hit:148 18
ALPHA_HIST 5 hit:149 21
ALPHA_HIST 5 hit:15 65
ALPHA_HIST 5 hit:157 3
ALPHA_HIST 5 hit:159 18
ALPHA_HIST 5 hit:16 45
ALPHA_HIST 5 hit:17 52
ALPHA_HIST 5 hit:18 57
ALPHA_HIST 5 hit:19 82
ALPHA_HIST 5 hit:2 19
ALPHA_HIST 5 hit:20 112
ALPHA_HIST 5 hit:21 94
ALPHA_HIST 5 hit:22 105
ALPHA_HIST 5 hit:23 47
ALPHA_HIST 5 hit:24 81
ALPHA_HIST 5 hit:25 114
ALPHA_HIST 5 hit:26 77
ALPHA_HIST 5 hit:27 45
ALPHA_HIST 5 hit:28 56
ALPHA_HIST 5 hit:29 46
ALPHA_HIST 5 hit:3 14
ALPHA_HIST 5 hit:30 68
ALPHA_HIST 5 hit:31 79
ALPHA_HIST 5 hit:32 68
ALPHA_HIST 5 hit:33 73
ALPHA_HIST 5 hit:34 61
ALPHA_HIST 5 hit:35 106
ALPHA_HIST 5 hit:36 97
ALPHA_HIST 5 hit:37 55
ALPHA_HIST 5 hit:38 65
ALPHA_HIST 5 hit:39 62
ALPHA_HIST 5 hit:4 13
ALPHA_HIST 5 hit:40 97
ALPHA_HIST 5 hit:41 134
ALPHA_HIST 5 hit:42 87
ALPHA_HIST 5 hit:43 105
ALPHA_HIST 5 hit:44 112
ALPHA_HIST 5 hit:45 125
ALPHA_HIST 5 hit:46 102
ALPHA_HIST 5 hit:47 102
ALPHA_HIST 5 hit:48 110
ALPHA_HIST 5 hit:49 128
ALPHA_HIST 5 hit:5 28
ALPHA_HIST 5 hit:50 150
ALPHA_HIST 5 hit:51 159
ALPHA_HIST 5 hit:52 68
ALPHA_HIST 5 hit:53 145
ALPHA_HIST 5 hit:54 176
ALPHA_HIST 5 hit:55 106
ALPHA_HIST 5 hit:56 70
ALPHA_HIST 5 hit:57 152
ALPHA_HIST 5 hit:58 175
ALPHA_HIST 5 hit:59 226
ALPHA_HIST 5 hit:6 22
ALPHA_HIST 5 hit:60 139
ALPHA_HIST 5 hit:61 175
ALPHA_HIST 5 hit:62 111
ALPHA_HIST 5 hit:63 100
ALPHA_HIST 5 hit:64 122
ALPHA_HIST 5 hit:65 195
ALPHA_HIST 5 hit:66 232
ALPHA_HIST 5 hit:67 152
ALPHA_HIST 5 hit:68 145
ALPHA_HIST 5 hit:69 219
ALPHA_HIST 5 hit:7 27
ALPHA_HIST 5 hit:70 83
ALPHA_HIST 5 hit:71 81
ALPHA_HIST 5 hit:72 141
ALPHA_HIST 5 hit:73 151
ALPHA_HIST 5 hit:74 137
ALPHA_HIST 5 hit:75 186
ALPHA_HIST 5 hit:76 214
ALPHA_HIST 5 hit:77 119
ALPHA_HIST 5 hit:78 122
ALPHA_HIST 5 hit:79 167
ALPHA_HIST 5 hit:8 75
ALPHA_HIST 5 hit:80 142
ALPHA_HIST 5 hit:81 112
ALPHA_HIST 5 hit:82 123
ALPHA_HIST 5 hit:83 157
ALPHA_HIST 5 hit:84 131
ALPHA_HIST 5 hit:85 141
ALPHA_HIST 5 hit:86 81
ALPHA_HIST 5 hit:87 63
ALPHA_HIST 5 hit:88 67
ALPHA_HIST 5 hit:89 40
ALPHA_HIST 5 hit:9 60
ALPHA_HIST 5 hit:90 67
ALPHA_HIST 5 hit:91 76
ALPHA_HIST 5 hit:92 58
ALPHA_HIST 5 hit:93 36
ALPHA_HIST 5 hit:94 63
ALPHA_HIST 5 hit:95 57
ALPHA_HIST 5 hit:96 17
ALPHA_HIST 5 hit:97 17
ALPHA_HIST 5 hit:98 15
ALPHA_HIST 5 hit:99 45
ALPHA_HIST 5 miss:129 25
ALPHA_HIST 5 miss:130 35
ALPHA_HIST 5 miss:131 43
ALPHA_HIST 5 miss:132 45
ALPHA_HIST 5 miss:133 40
ALPHA_HIST 5 miss:134 50
ALPHA_HIST 5 miss:135 42
ALPHA_HIST 5 miss:136 65
ALPHA_HIST 5 miss:137 61
ALPHA_HIST 5 miss:138 61
ALPHA_HIST 5 miss:139 57
ALPHA_HIST 5 miss:140 57
ALPHA_HIST 5 miss:141 60
ALPHA_HIST 5 miss:142 60
ALPHA_HIST 5 miss:143 58
ALPHA_HIST 5 miss:144 59
ALPHA_HIST 5 miss:145 47
ALPHA_HIST 5 miss:146 48
ALPHA_HIST 5 miss:147 48
ALPHA_HIST 5 miss:148 48
ALPHA_HIST 5 miss:149 48
ALPHA_HIST 5 miss:150 48
ALPHA_HIST 5 miss:151 48
ALPHA_HIST 5 miss:152 45
ALPHA_HIST 5 miss:153 42
ALPHA_HIST 5 miss:154 42
ALPHA_HIST 5 miss:155 41
ALPHA_HIST 5 miss:156 39
ALPHA_HIST 5 miss:157 39
ALPHA_HIST 5 miss:158 38
ALPHA_HIST 5 miss:159 35
ALPHA_HIST 5 miss:160 19
ALPHA_HIST 5 miss:161 14
ALPHA_HIST 5 miss:162 14
ALPHA_HIST 5 miss:163 18
ALPHA_HIST 5 miss:164 18
ALPHA_HIST 5 miss:165 18
ALPHA_HIST 5 miss:166 18
ALPHA_HIST 5 miss:167 14
ALPHA_HIST 5 miss:168 15
ALPHA_HIST 5 miss:169 15
ALPHA_HIST 5 miss:170 17
ALPHA_HIST 5 miss:171 17
ALPHA_HIST 5 miss:172 17
ALPHA_HIST 5 miss:173 16
ALPHA_HIST 5 miss:174 16
ALPHA_HIST 5 miss:175 16
ALPHA_HIST 5 miss:176 13
ALPHA_HIST 5 miss:177 12
ALPHA_HIST 5 miss:178 6
ALPHA_HIST 5 miss:179 2
ALPHA_HIST 5 miss:180 2
ALPHA_HIST 5 miss:181 2
ALPHA_HIST 5 miss:182 3
ALPHA_HIST 5 miss:183 3
ALPHA_HIST 5 miss:184 3
ALPHA_HIST 5 miss:185 1
ALPHA_HIST 5 miss:186 1
ALPHA_HIST 5 miss:187 1
ALPHA_HIST 5 miss:188 1
ALPHA_HIST 5 miss:189 1
ALPHA_HIST 5 miss:190 1
ALPHA_HIST 5 miss:191 1
ALPHA_HIST 5 miss:192 1
ALPHA_HIST 5 miss:193 1
ALPHA_HIST 5 miss:194 1
ALPHA_HIST 5 miss:195 1
ALPHA_HIST 5 miss:196 1
ALPHA_HIST 5 miss:197 1
ALPHA_HIST 5 miss:198 1
ALPHA_HIST 5 miss:199 1
ALPHA_HIST 5 miss:200 1
ALPHA_HIST 5 miss:201 1
ALPHA_HIST 5 miss:202 1
ALPHA_HIST 5 miss:204 1
ALPHA_HIST 5 miss:210 1
ALPHA_HIST 5 miss:215 1
ALPHA_HIST 5 miss:216 1
ALPHA_HIST 5 miss:217 1
ALPHA_HIST 5 miss:218 1
ALPHA_HIST 5 miss:219 1
ALPHA_HIST 5 miss:223 1
ALPHA_HIST 5 miss:224 1
ALPHA_HIST 5 miss:225 1
ALPHA_HIST 5 miss:226 1
ALPHA_HIST 5 miss:227 1
ALPHA_HIST 5 miss:228 1
ALPHA_HIST 5 miss:229 1
ALPHA_HIST 5 miss:230 1
ALPHA_HIST 5 miss:231 1
ALPHA_HIST 5 miss:235 1
ALPHA_HIST 5 miss:238 1
ALPHA_HIST 5 miss:241 1
ALPHA_HIST 5 miss:242 1
SAMPLE 5 query_ns=81342817 optimize_ns=4806320484 optimize_cpu_ns=4681708252 optimize_allocated_bytes=-1 raw=18 optimized=6 solutions=0 values=0
RAW [!daughter(Tom,John);, !daughter(Tom,Mary);, !female(Tom);, !male(Tom);, !sibling(Sarah,Sarah);, !sibling(Tom,Tom);, !son(Tom,John);, !son(Tom,Mary);, ?daughter(Tom,John);, ?daughter(Tom,Mary);, ?divorced(John,Mary);, ?divorced(Mary,John);, ?female(Tom);, ?male(Tom);, ?son(Tom,John);, ?son(Tom,Mary);, ?spouse(John,Mary);, ?spouse(Mary,John);]
OPTIMIZED [!$x father(x,John);, !$x mother(x,John);, !$x parent(x,John);, !$y child(John,y);, ?$y child(John,y);, ?$y son(John,y);]
POST_OPTIMIZE_LAST_LINKER_STATS passes=6 rules=1292 rotations=6824 pairs=13281 unifications=3080
